=== overnight (AL dry-runs + 150k pretrain) start ma 25 mei 2026  0:10:08 CEST ===
[ma 25 mei 2026  0:10:08 CEST] Phase 1a: AL dry-run generic (lead-free)
generated 512/1000 valid=457 (812s)
generated 1000/1000 valid=892 (1610s)
SUMMARY_JSON {"purpose": "tiny active-learning dry run for plumbing/debugging, not discovery", "source_ckpt": "checkpoints/gen_50k.ckpt", "ckpt_epoch": 145, "ckpt_val_loss": 0.9994714438915253, "manifest": "data_raw/pretrain_50k.jsonl", "choices": {"validator": {"exclude_elements": [82], "require_oxygen": false, "min_vpa": 0.0, "max_vpa": 500.0, "min_distance": 0.8}, "score": "heuristic: volume/atom near target_vpa + min-distance margin + oxygen bonus + mild element-diversity term", "target_vpa": 21.0, "selection": "score sorted; one per formula; max 3 per element set", "real_oracle_missing": "Replace heuristic score with relaxation/stability/property oracle before trusting candidates."}, "generated": 1000, "valid": 892, "selected": 50, "valid_fraction": 0.892, "distinct_formulas_generated": 951, "distinct_formulas_valid": 847, "filter_counts": {"ok": 892, "excluded_element": 61, "atom_overlap": 47}, "vpa_valid": {"min": 6.1284, "p5": 11.9697, "median": 18.2971, "p95": 41.6296, "max": 65.9692}, "min_distance_valid": {"min": 0.8451, "p5": 1.2208, "median": 1.8146, "p95": 2.8012, "max": Infinity}, "top_selected": [{"score": 1.2207, "formula": "42-291-313-761-781", "element_set": "4-29-31-76-78", "vpa": 20.8587, "min_distance": 2.9323}, {"score": 1.1917, "formula": "83-411-571-651", "element_set": "8-41-57-65", "vpa": 22.3617, "min_distance": 2.4137}, {"score": 1.1596, "formula": "61-81-91-241-343-571-581", "element_set": "6-8-9-24-34-57-58", "vpa": 20.7042, "min_distance": 2.0215}, {"score": 1.155, "formula": "291-673-691-733", "element_set": "29-67-69-73", "vpa": 20.3418, "min_distance": 2.9606}, {"score": 1.1245, "formula": "663-681-784", "element_set": "66-68-78", "vpa": 21.5418, "min_distance": 3.0358}, {"score": 1.1045, "formula": "11-41-81-331", "element_set": "1-4-8-33", "vpa": 20.9332, "min_distance": 1.973}, {"score": 1.0844, "formula": "239-251-451-755", "element_set": "23-25-45-75", "vpa": 21.418, "min_distance": 2.7123}, {"score": 1.0492, "formula": "124-131-152-241-274-422-441-621-762", "element_set": "12-13-15-24-27-42-44-62-76", "vpa": 19.8199, "min_distance": 2.571}, {"score": 1.047, "formula": "121-151-232-291-331-442-451-581", "element_set": "12-15-23-29-33-44-45-58", "vpa": 22.2745, "min_distance": 2.5679}, {"score": 1.0396, "formula": "31-151-161-342-671", "element_set": "3-15-16-34-67", "vpa": 22.3903, "min_distance": 2.5611}], "finetuned_ckpt": null}
[ma 25 mei 2026  0:37:01 CEST] Phase 1b: AL dry-run oxide (lead-free, --require-oxygen)
generated 512/1000 valid=120 (981s)
generated 1000/1000 valid=247 (1930s)
SUMMARY_JSON {"purpose": "tiny active-learning dry run for plumbing/debugging, not discovery", "source_ckpt": "checkpoints/gen_50k.ckpt", "ckpt_epoch": 145, "ckpt_val_loss": 0.9994714438915253, "manifest": "data_raw/pretrain_50k.jsonl", "choices": {"validator": {"exclude_elements": [82], "require_oxygen": true, "min_vpa": 0.0, "max_vpa": 500.0, "min_distance": 0.8}, "score": "heuristic: volume/atom near target_vpa + min-distance margin + oxygen bonus + mild element-diversity term", "target_vpa": 21.0, "selection": "score sorted; one per formula; max 3 per element set", "real_oracle_missing": "Replace heuristic score with relaxation/stability/property oracle before trusting candidates."}, "generated": 1000, "valid": 247, "selected": 50, "valid_fraction": 0.247, "distinct_formulas_generated": 915, "distinct_formulas_valid": 245, "filter_counts": {"requires_oxygen": 677, "atom_overlap": 29, "ok": 247, "excluded_element": 47}, "vpa_valid": {"min": 8.1973, "p5": 11.1612, "median": 16.5626, "p95": 20.7959, "max": 32.5676}, "min_distance_valid": {"min": 0.9034, "p5": 1.1288, "median": 1.4406, "p95": 1.7651, "max": 2.6961}, "top_selected": [{"score": 1.1356, "formula": "82-454-673-691", "element_set": "8-45-67-69", "vpa": 16.97, "min_distance": 2.6961}, {"score": 1.0926, "formula": "11-41-75-81-231-242-382-781", "element_set": "1-4-7-8-23-24-38-78", "vpa": 19.5998, "min_distance": 1.9847}, {"score": 1.0274, "formula": "82-381-661", "element_set": "8-38-66", "vpa": 19.2833, "min_distance": 2.138}, {"score": 1.0215, "formula": "813-161-232-291-411", "element_set": "8-16-23-29-41", "vpa": 20.498, "min_distance": 1.637}, {"score": 0.9809, "formula": "810-111-381-422", "element_set": "8-11-38-42", "vpa": 20.2138, "min_distance": 1.7073}, {"score": 0.9687, "formula": "31-88-152-291-301", "element_set": "3-8-15-29-30", "vpa": 20.8427, "min_distance": 1.4287}, {"score": 0.9559, "formula": "813-161-231-264-731", "element_set": "8-16-23-26-73", "vpa": 20.0469, "min_distance": 1.5071}, {"score": 0.9499, "formula": "86-251-331-371-411", "element_set": "8-25-33-37-41", "vpa": 19.1769, "min_distance": 1.6221}, {"score": 0.9409, "formula": "88-151-171-421-571", "element_set": "8-15-17-42-57", "vpa": 20.1401, "min_distance": 1.4481}, {"score": 0.9406, "formula": "812-152-242-441-471", "element_set": "8-15-24-44-47", "vpa": 20.8759, "min_distance": 1.3395}], "finetuned_ckpt": null}
[ma 25 mei 2026  1:09:13 CEST] Phase 2: 150k pretrain (budget 7.5 h)
records=150000 train_batches=1484 val_batches=59 batch=96 device=cuda budget=7.5h
auto-batch -> 96
  e0 s0 g1 loss 1.9514 (c/l/t 0.766/0.987/0.010) 0.00h
  e0 s200 g201 loss 1.7286 (c/l/t 0.769/0.764/0.010) 0.01h
  e0 s400 g401 loss 1.6398 (c/l/t 0.759/0.685/0.010) 0.02h
  e0 s600 g601 loss 1.7160 (c/l/t 0.836/0.686/0.010) 0.04h
  e0 s800 g801 loss 1.4839 (c/l/t 0.817/0.474/0.010) 0.05h
  e0 s1000 g1001 loss 1.6586 (c/l/t 0.750/0.715/0.010) 0.06h
  e0 s1200 g1201 loss 1.4686 (c/l/t 0.716/0.562/0.010) 0.07h
  e0 s1400 g1401 loss 1.6117 (c/l/t 0.844/0.576/0.010) 0.09h
epoch    0 train 1.6144 val 1.5160 lr 1.00e-04 0.09h
  e1 s0 g1485 loss 1.5164 (c/l/t 0.747/0.575/0.010) 0.09h
  e1 s200 g1685 loss 1.5050 (c/l/t 0.707/0.604/0.010) 0.10h
  e1 s400 g1885 loss 1.3465 (c/l/t 0.703/0.452/0.010) 0.12h
  e1 s600 g2085 loss 1.3801 (c/l/t 0.677/0.515/0.009) 0.13h
  e1 s800 g2285 loss 1.5659 (c/l/t 0.708/0.671/0.009) 0.14h
  e1 s1000 g2485 loss 1.4730 (c/l/t 0.641/0.639/0.010) 0.15h
  e1 s1200 g2685 loss 1.4402 (c/l/t 0.663/0.592/0.009) 0.17h
  e1 s1400 g2885 loss 1.3832 (c/l/t 0.711/0.485/0.009) 0.18h
epoch    1 train 1.4929 val 1.4784 lr 1.00e-04 0.18h
  e2 s0 g2969 loss 1.5445 (c/l/t 0.710/0.650/0.009) 0.18h
  e2 s200 g3169 loss 1.5726 (c/l/t 0.713/0.683/0.009) 0.20h
  e2 s400 g3369 loss 1.2481 (c/l/t 0.646/0.427/0.009) 0.21h
  e2 s600 g3569 loss 1.3887 (c/l/t 0.731/0.470/0.009) 0.22h
  e2 s800 g3769 loss 1.3857 (c/l/t 0.636/0.571/0.009) 0.23h
  e2 s1000 g3969 loss 1.3393 (c/l/t 0.670/0.491/0.009) 0.25h
  e2 s1200 g4169 loss 1.4837 (c/l/t 0.699/0.607/0.009) 0.26h
  e2 s1400 g4369 loss 1.5438 (c/l/t 0.668/0.694/0.009) 0.27h
epoch    2 train 1.4376 val 1.4539 lr 1.00e-04 0.28h
  e3 s0 g4453 loss 1.4690 (c/l/t 0.747/0.553/0.008) 0.28h
  e3 s200 g4653 loss 1.5015 (c/l/t 0.623/0.704/0.009) 0.29h
  e3 s400 g4853 loss 1.3871 (c/l/t 0.680/0.536/0.009) 0.30h
  e3 s600 g5053 loss 1.3281 (c/l/t 0.630/0.519/0.009) 0.31h
  e3 s800 g5253 loss 1.4130 (c/l/t 0.674/0.564/0.009) 0.33h
  e3 s1000 g5453 loss 1.3569 (c/l/t 0.645/0.536/0.009) 0.34h
  e3 s1200 g5653 loss 1.2473 (c/l/t 0.661/0.406/0.009) 0.35h
  e3 s1400 g5853 loss 1.4589 (c/l/t 0.666/0.622/0.009) 0.36h
epoch    3 train 1.3975 val 1.3732 lr 1.00e-04 0.37h
  e4 s0 g5937 loss 1.4482 (c/l/t 0.745/0.536/0.008) 0.37h
  e4 s200 g6137 loss 1.2732 (c/l/t 0.644/0.450/0.009) 0.38h
  e4 s400 g6337 loss 1.2301 (c/l/t 0.689/0.375/0.008) 0.39h
  e4 s600 g6537 loss 1.4064 (c/l/t 0.674/0.576/0.008) 0.41h
  e4 s800 g6737 loss 1.3747 (c/l/t 0.666/0.544/0.008) 0.42h
  e4 s1000 g6937 loss 1.4009 (c/l/t 0.663/0.573/0.008) 0.43h
  e4 s1200 g7137 loss 1.3679 (c/l/t 0.611/0.600/0.008) 0.44h
  e4 s1400 g7337 loss 1.3395 (c/l/t 0.624/0.561/0.008) 0.45h
epoch    4 train 1.3617 val 1.3734 lr 1.00e-04 0.46h
  e5 s0 g7421 loss 1.3698 (c/l/t 0.641/0.558/0.009) 0.46h
  e5 s200 g7621 loss 1.4353 (c/l/t 0.670/0.602/0.008) 0.47h
  e5 s400 g7821 loss 1.3491 (c/l/t 0.690/0.506/0.008) 0.49h
  e5 s600 g8021 loss 1.3268 (c/l/t 0.625/0.547/0.008) 0.50h
  e5 s800 g8221 loss 1.1745 (c/l/t 0.663/0.362/0.007) 0.51h
  e5 s1000 g8421 loss 1.2847 (c/l/t 0.624/0.501/0.008) 0.52h
  e5 s1200 g8621 loss 1.2301 (c/l/t 0.624/0.446/0.008) 0.53h
  e5 s1400 g8821 loss 1.1433 (c/l/t 0.640/0.350/0.008) 0.55h
epoch    5 train 1.3291 val 1.3087 lr 1.00e-04 0.55h
  e6 s0 g8905 loss 1.2689 (c/l/t 0.611/0.493/0.008) 0.55h
  e6 s200 g9105 loss 1.2005 (c/l/t 0.617/0.430/0.008) 0.57h
  e6 s400 g9305 loss 1.1805 (c/l/t 0.615/0.410/0.008) 0.58h
  e6 s600 g9505 loss 1.2054 (c/l/t 0.685/0.380/0.007) 0.59h
  e6 s800 g9705 loss 1.1904 (c/l/t 0.631/0.412/0.007) 0.60h
  e6 s1000 g9905 loss 1.2535 (c/l/t 0.612/0.488/0.008) 0.61h
  e6 s1200 g10105 loss 1.5129 (c/l/t 0.606/0.746/0.008) 0.63h
  e6 s1400 g10305 loss 1.2447 (c/l/t 0.616/0.473/0.008) 0.64h
epoch    6 train 1.3083 val 1.2994 lr 1.00e-04 0.65h
  e7 s0 g10389 loss 1.3651 (c/l/t 0.662/0.543/0.008) 0.65h
  e7 s200 g10589 loss 1.2367 (c/l/t 0.663/0.420/0.008) 0.66h
  e7 s400 g10789 loss 1.2641 (c/l/t 0.639/0.478/0.007) 0.67h
  e7 s600 g10989 loss 1.3165 (c/l/t 0.657/0.505/0.008) 0.68h
  e7 s800 g11189 loss 1.2991 (c/l/t 0.579/0.564/0.008) 0.69h
  e7 s1000 g11389 loss 1.2186 (c/l/t 0.579/0.475/0.008) 0.71h
  e7 s1200 g11589 loss 1.3884 (c/l/t 0.680/0.559/0.007) 0.72h
  e7 s1400 g11789 loss 1.2477 (c/l/t 0.641/0.457/0.007) 0.73h
epoch    7 train 1.2933 val 1.2892 lr 1.00e-04 0.74h
  e8 s0 g11873 loss 1.3010 (c/l/t 0.620/0.542/0.007) 0.74h
  e8 s200 g12073 loss 1.3886 (c/l/t 0.728/0.504/0.008) 0.75h
  e8 s400 g12273 loss 1.3684 (c/l/t 0.582/0.632/0.008) 0.76h
  e8 s600 g12473 loss 1.2463 (c/l/t 0.616/0.478/0.008) 0.77h
  e8 s800 g12673 loss 1.3874 (c/l/t 0.711/0.516/0.008) 0.79h
  e8 s1000 g12873 loss 1.0925 (c/l/t 0.565/0.380/0.007) 0.80h
  e8 s1200 g13073 loss 1.3894 (c/l/t 0.666/0.590/0.007) 0.81h
  e8 s1400 g13273 loss 1.2330 (c/l/t 0.637/0.456/0.007) 0.82h
epoch    8 train 1.2753 val 1.2597 lr 1.00e-04 0.83h
  e9 s0 g13357 loss 1.1537 (c/l/t 0.614/0.408/0.007) 0.83h
  e9 s200 g13557 loss 1.3731 (c/l/t 0.608/0.610/0.008) 0.84h
  e9 s400 g13757 loss 1.2811 (c/l/t 0.671/0.456/0.008) 0.85h
  e9 s600 g13957 loss 1.2133 (c/l/t 0.571/0.503/0.007) 0.87h
  e9 s800 g14157 loss 1.4137 (c/l/t 0.598/0.654/0.008) 0.88h
  e9 s1000 g14357 loss 1.3066 (c/l/t 0.549/0.593/0.008) 0.89h
  e9 s1200 g14557 loss 1.2358 (c/l/t 0.618/0.474/0.007) 0.90h
  e9 s1400 g14757 loss 1.2236 (c/l/t 0.523/0.548/0.008) 0.91h
epoch    9 train 1.2637 val 1.2770 lr 1.00e-04 0.92h
  e10 s0 g14841 loss 1.2076 (c/l/t 0.617/0.432/0.008) 0.92h
  e10 s200 g15041 loss 1.1581 (c/l/t 0.570/0.437/0.008) 0.93h
  e10 s400 g15241 loss 1.1614 (c/l/t 0.593/0.423/0.007) 0.95h
  e10 s600 g15441 loss 1.1961 (c/l/t 0.645/0.406/0.007) 0.96h
  e10 s800 g15641 loss 1.3576 (c/l/t 0.622/0.585/0.008) 0.97h
  e10 s1000 g15841 loss 1.4232 (c/l/t 0.643/0.632/0.007) 0.98h
  e10 s1200 g16041 loss 1.4054 (c/l/t 0.591/0.657/0.008) 0.99h
  e10 s1400 g16241 loss 1.1635 (c/l/t 0.603/0.422/0.007) 1.01h
epoch   10 train 1.2430 val 1.2619 lr 1.00e-04 1.01h
  e11 s0 g16325 loss 1.2927 (c/l/t 0.613/0.537/0.007) 1.01h
  e11 s200 g16525 loss 1.3081 (c/l/t 0.567/0.586/0.008) 1.03h
  e11 s400 g16725 loss 1.1636 (c/l/t 0.557/0.452/0.008) 1.04h
  e11 s600 g16925 loss 1.3267 (c/l/t 0.549/0.620/0.008) 1.05h
  e11 s800 g17125 loss 1.2583 (c/l/t 0.632/0.470/0.008) 1.06h
  e11 s1000 g17325 loss 1.0068 (c/l/t 0.511/0.358/0.007) 1.07h
  e11 s1200 g17525 loss 1.2491 (c/l/t 0.624/0.474/0.008) 1.09h
  e11 s1400 g17725 loss 1.4627 (c/l/t 0.664/0.650/0.007) 1.10h
epoch   11 train 1.2342 val 1.2425 lr 1.00e-04 1.11h
  e12 s0 g17809 loss 1.2010 (c/l/t 0.611/0.441/0.007) 1.11h
  e12 s200 g18009 loss 1.2445 (c/l/t 0.589/0.505/0.008) 1.12h
  e12 s400 g18209 loss 1.1636 (c/l/t 0.657/0.370/0.007) 1.13h
  e12 s600 g18409 loss 1.2054 (c/l/t 0.560/0.508/0.007) 1.14h
  e12 s800 g18609 loss 1.0873 (c/l/t 0.632/0.317/0.007) 1.15h
  e12 s1000 g18809 loss 1.1848 (c/l/t 0.600/0.423/0.008) 1.17h
  e12 s1200 g19009 loss 1.1901 (c/l/t 0.576/0.476/0.007) 1.18h
  e12 s1400 g19209 loss 1.3402 (c/l/t 0.638/0.553/0.007) 1.19h
epoch   12 train 1.2209 val 1.2115 lr 1.00e-04 1.20h
  e13 s0 g19293 loss 1.0970 (c/l/t 0.508/0.441/0.007) 1.20h
  e13 s200 g19493 loss 1.1633 (c/l/t 0.611/0.413/0.007) 1.21h
  e13 s400 g19693 loss 1.1807 (c/l/t 0.549/0.498/0.007) 1.22h
  e13 s600 g19893 loss 1.2191 (c/l/t 0.596/0.488/0.007) 1.23h
  e13 s800 g20093 loss 1.0411 (c/l/t 0.548/0.359/0.007) 1.25h
  e13 s1000 g20293 loss 1.1755 (c/l/t 0.609/0.438/0.006) 1.26h
  e13 s1200 g20493 loss 1.2507 (c/l/t 0.599/0.505/0.007) 1.27h
  e13 s1400 g20693 loss 1.1409 (c/l/t 0.539/0.453/0.007) 1.28h
epoch   13 train 1.2097 val 1.2256 lr 1.00e-04 1.29h
  e14 s0 g20777 loss 1.1477 (c/l/t 0.524/0.470/0.008) 1.29h
  e14 s200 g20977 loss 1.2870 (c/l/t 0.563/0.590/0.007) 1.30h
  e14 s400 g21177 loss 1.1563 (c/l/t 0.615/0.401/0.007) 1.31h
  e14 s600 g21377 loss 1.2730 (c/l/t 0.597/0.523/0.008) 1.33h
  e14 s800 g21577 loss 1.0802 (c/l/t 0.534/0.397/0.007) 1.34h
  e14 s1000 g21777 loss 1.1917 (c/l/t 0.571/0.486/0.007) 1.35h
  e14 s1200 g21977 loss 1.2100 (c/l/t 0.560/0.510/0.007) 1.36h
  e14 s1400 g22177 loss 1.2095 (c/l/t 0.547/0.516/0.007) 1.38h
epoch   14 train 1.2034 val 1.1951 lr 1.00e-04 1.38h
  e15 s0 g22261 loss 1.3344 (c/l/t 0.592/0.597/0.007) 1.38h
  e15 s200 g22461 loss 1.0060 (c/l/t 0.579/0.297/0.007) 1.39h
  e15 s400 g22661 loss 1.1143 (c/l/t 0.542/0.438/0.007) 1.41h
  e15 s600 g22861 loss 1.1778 (c/l/t 0.572/0.470/0.007) 1.42h
  e15 s800 g23061 loss 1.2980 (c/l/t 0.602/0.555/0.007) 1.43h
  e15 s1000 g23261 loss 1.1497 (c/l/t 0.559/0.439/0.008) 1.44h
  e15 s1200 g23461 loss 1.1209 (c/l/t 0.529/0.467/0.006) 1.46h
  e15 s1400 g23661 loss 1.3649 (c/l/t 0.630/0.581/0.008) 1.47h
epoch   15 train 1.2002 val 1.1801 lr 1.00e-04 1.47h
  e16 s0 g23745 loss 1.1471 (c/l/t 0.544/0.470/0.007) 1.47h
  e16 s200 g23945 loss 1.0412 (c/l/t 0.555/0.356/0.007) 1.49h
  e16 s400 g24145 loss 1.2171 (c/l/t 0.591/0.481/0.007) 1.50h
  e16 s600 g24345 loss 1.2042 (c/l/t 0.577/0.483/0.007) 1.51h
  e16 s800 g24545 loss 1.1067 (c/l/t 0.525/0.455/0.006) 1.52h
  e16 s1000 g24745 loss 1.0960 (c/l/t 0.547/0.409/0.007) 1.54h
  e16 s1200 g24945 loss 1.0810 (c/l/t 0.545/0.384/0.008) 1.55h
  e16 s1400 g25145 loss 1.1595 (c/l/t 0.591/0.438/0.007) 1.56h
epoch   16 train 1.1908 val 1.2068 lr 1.00e-04 1.57h
  e17 s0 g25229 loss 0.9891 (c/l/t 0.530/0.324/0.007) 1.57h
  e17 s200 g25429 loss 1.1513 (c/l/t 0.536/0.480/0.007) 1.58h
  e17 s400 g25629 loss 1.0620 (c/l/t 0.491/0.421/0.008) 1.59h
  e17 s600 g25829 loss 1.1915 (c/l/t 0.559/0.495/0.007) 1.60h
  e17 s800 g26029 loss 1.2571 (c/l/t 0.555/0.558/0.007) 1.62h
  e17 s1000 g26229 loss 1.2965 (c/l/t 0.588/0.552/0.008) 1.63h
  e17 s1200 g26429 loss 1.1711 (c/l/t 0.569/0.468/0.007) 1.64h
  e17 s1400 g26629 loss 1.1722 (c/l/t 0.491/0.550/0.007) 1.65h
epoch   17 train 1.1784 val 1.1825 lr 1.00e-04 1.66h
  e18 s0 g26713 loss 1.1743 (c/l/t 0.529/0.504/0.007) 1.66h
  e18 s200 g26913 loss 1.1391 (c/l/t 0.571/0.421/0.007) 1.67h
  e18 s400 g27113 loss 1.1037 (c/l/t 0.533/0.434/0.007) 1.68h
  e18 s600 g27313 loss 1.1098 (c/l/t 0.542/0.435/0.007) 1.69h
  e18 s800 g27513 loss 1.2932 (c/l/t 0.608/0.542/0.007) 1.71h
  e18 s1000 g27713 loss 1.2994 (c/l/t 0.637/0.521/0.007) 1.72h
  e18 s1200 g27913 loss 1.0949 (c/l/t 0.559/0.407/0.006) 1.73h
  e18 s1400 g28113 loss 1.1957 (c/l/t 0.560/0.500/0.007) 1.74h
epoch   18 train 1.1713 val 1.1527 lr 1.00e-04 1.75h
  e19 s0 g28197 loss 1.3366 (c/l/t 0.576/0.612/0.007) 1.75h
  e19 s200 g28397 loss 1.2639 (c/l/t 0.585/0.546/0.007) 1.76h
  e19 s400 g28597 loss 1.1170 (c/l/t 0.521/0.458/0.007) 1.78h
  e19 s600 g28797 loss 1.0310 (c/l/t 0.564/0.325/0.007) 1.79h
  e19 s800 g28997 loss 1.2889 (c/l/t 0.558/0.594/0.007) 1.80h
  e19 s1000 g29197 loss 1.1761 (c/l/t 0.589/0.443/0.007) 1.81h
  e19 s1200 g29397 loss 1.0481 (c/l/t 0.538/0.373/0.007) 1.82h
  e19 s1400 g29597 loss 1.1904 (c/l/t 0.567/0.480/0.007) 1.84h
epoch   19 train 1.1668 val 1.1664 lr 1.00e-04 1.84h
  e20 s0 g29681 loss 1.1770 (c/l/t 0.518/0.510/0.007) 1.84h
  e20 s200 g29881 loss 1.0972 (c/l/t 0.565/0.398/0.007) 1.86h
  e20 s400 g30081 loss 0.9740 (c/l/t 0.467/0.376/0.007) 1.87h
  e20 s600 g30281 loss 1.0353 (c/l/t 0.552/0.342/0.007) 1.88h
  e20 s800 g30481 loss 0.9913 (c/l/t 0.487/0.372/0.007) 1.89h
  e20 s1000 g30681 loss 1.1952 (c/l/t 0.633/0.422/0.007) 1.90h
  e20 s1200 g30881 loss 1.3651 (c/l/t 0.590/0.643/0.007) 1.92h
  e20 s1400 g31081 loss 1.1768 (c/l/t 0.578/0.460/0.007) 1.93h
epoch   20 train 1.1594 val 1.1847 lr 1.00e-04 1.94h
  e21 s0 g31165 loss 1.1312 (c/l/t 0.597/0.392/0.007) 1.94h
  e21 s200 g31365 loss 1.1547 (c/l/t 0.571/0.450/0.007) 1.95h
  e21 s400 g31565 loss 1.3262 (c/l/t 0.552/0.629/0.007) 1.96h
  e21 s600 g31765 loss 1.2114 (c/l/t 0.624/0.440/0.007) 1.97h
  e21 s800 g31965 loss 1.1912 (c/l/t 0.552/0.503/0.007) 1.98h
  e21 s1000 g32165 loss 1.0950 (c/l/t 0.599/0.369/0.006) 2.00h
  e21 s1200 g32365 loss 1.0982 (c/l/t 0.581/0.387/0.006) 2.01h
  e21 s1400 g32565 loss 1.1524 (c/l/t 0.609/0.412/0.007) 2.02h
epoch   21 train 1.1551 val 1.1492 lr 1.00e-04 2.03h
  e22 s0 g32649 loss 1.1497 (c/l/t 0.548/0.456/0.007) 2.03h
  e22 s200 g32849 loss 1.0401 (c/l/t 0.557/0.352/0.007) 2.04h
  e22 s400 g33049 loss 1.1982 (c/l/t 0.560/0.500/0.007) 2.05h
  e22 s600 g33249 loss 1.0655 (c/l/t 0.549/0.382/0.007) 2.06h
  e22 s800 g33449 loss 1.0858 (c/l/t 0.544/0.412/0.006) 2.08h
  e22 s1000 g33649 loss 1.0593 (c/l/t 0.604/0.312/0.007) 2.09h
  e22 s1200 g33849 loss 1.1225 (c/l/t 0.554/0.427/0.007) 2.10h
  e22 s1400 g34049 loss 1.0869 (c/l/t 0.496/0.471/0.006) 2.11h
epoch   22 train 1.1545 val 1.1295 lr 1.00e-04 2.12h
  e23 s0 g34133 loss 0.9781 (c/l/t 0.483/0.372/0.006) 2.12h
  e23 s200 g34333 loss 1.1782 (c/l/t 0.539/0.509/0.007) 2.13h
  e23 s400 g34533 loss 1.1524 (c/l/t 0.573/0.452/0.006) 2.14h
  e23 s600 g34733 loss 1.2117 (c/l/t 0.583/0.476/0.008) 2.16h
  e23 s800 g34933 loss 1.2246 (c/l/t 0.548/0.527/0.007) 2.17h
  e23 s1000 g35133 loss 1.2209 (c/l/t 0.530/0.530/0.008) 2.18h
  e23 s1200 g35333 loss 1.3062 (c/l/t 0.573/0.585/0.007) 2.19h
  e23 s1400 g35533 loss 0.9636 (c/l/t 0.542/0.283/0.007) 2.21h
epoch   23 train 1.1421 val 1.1375 lr 1.00e-04 2.21h
  e24 s0 g35617 loss 0.9374 (c/l/t 0.522/0.286/0.006) 2.21h
  e24 s200 g35817 loss 1.1347 (c/l/t 0.511/0.478/0.007) 2.22h
  e24 s400 g36017 loss 1.1021 (c/l/t 0.476/0.491/0.007) 2.24h
  e24 s600 g36217 loss 1.1485 (c/l/t 0.538/0.480/0.007) 2.25h
  e24 s800 g36417 loss 1.2139 (c/l/t 0.575/0.503/0.007) 2.26h
  e24 s1000 g36617 loss 1.1673 (c/l/t 0.509/0.524/0.007) 2.27h
  e24 s1200 g36817 loss 1.0011 (c/l/t 0.530/0.342/0.006) 2.28h
  e24 s1400 g37017 loss 1.0322 (c/l/t 0.471/0.415/0.007) 2.30h
epoch   24 train 1.1352 val 1.1161 lr 1.00e-04 2.30h
  e25 s0 g37101 loss 1.1486 (c/l/t 0.546/0.459/0.007) 2.30h
  e25 s200 g37301 loss 1.1165 (c/l/t 0.541/0.445/0.007) 2.32h
  e25 s400 g37501 loss 1.1628 (c/l/t 0.577/0.455/0.007) 2.33h
  e25 s600 g37701 loss 1.1820 (c/l/t 0.568/0.464/0.008) 2.34h
  e25 s800 g37901 loss 1.1582 (c/l/t 0.548/0.477/0.007) 2.35h
  e25 s1000 g38101 loss 1.0072 (c/l/t 0.538/0.345/0.006) 2.36h
  e25 s1200 g38301 loss 1.1346 (c/l/t 0.520/0.485/0.006) 2.38h
  e25 s1400 g38501 loss 1.1896 (c/l/t 0.541/0.506/0.007) 2.39h
epoch   25 train 1.1284 val 1.1335 lr 1.00e-04 2.40h
  e26 s0 g38585 loss 1.1654 (c/l/t 0.593/0.442/0.007) 2.40h
  e26 s200 g38785 loss 1.1429 (c/l/t 0.501/0.504/0.007) 2.41h
  e26 s400 g38985 loss 1.1944 (c/l/t 0.508/0.540/0.007) 2.42h
  e26 s600 g39185 loss 1.2138 (c/l/t 0.567/0.493/0.008) 2.43h
  e26 s800 g39385 loss 1.2009 (c/l/t 0.504/0.551/0.007) 2.45h
  e26 s1000 g39585 loss 1.0278 (c/l/t 0.501/0.394/0.007) 2.46h
  e26 s1200 g39785 loss 0.9993 (c/l/t 0.517/0.348/0.007) 2.47h
  e26 s1400 g39985 loss 0.9559 (c/l/t 0.522/0.310/0.006) 2.48h
epoch   26 train 1.1294 val 1.1157 lr 1.00e-04 2.49h
  e27 s0 g40069 loss 1.1096 (c/l/t 0.506/0.471/0.007) 2.49h
  e27 s200 g40269 loss 0.9370 (c/l/t 0.492/0.323/0.006) 2.50h
  e27 s400 g40469 loss 1.0747 (c/l/t 0.511/0.433/0.007) 2.51h
  e27 s600 g40669 loss 1.1903 (c/l/t 0.561/0.503/0.006) 2.52h
  e27 s800 g40869 loss 1.1902 (c/l/t 0.526/0.527/0.007) 2.54h
  e27 s1000 g41069 loss 1.0605 (c/l/t 0.551/0.383/0.006) 2.55h
  e27 s1200 g41269 loss 1.2294 (c/l/t 0.560/0.522/0.007) 2.56h
  e27 s1400 g41469 loss 1.1417 (c/l/t 0.532/0.482/0.006) 2.57h
epoch   27 train 1.1252 val 1.1370 lr 1.00e-04 2.58h
  e28 s0 g41553 loss 0.9944 (c/l/t 0.547/0.319/0.006) 2.58h
  e28 s200 g41753 loss 1.1174 (c/l/t 0.597/0.391/0.006) 2.59h
  e28 s400 g41953 loss 0.9234 (c/l/t 0.493/0.312/0.006) 2.60h
  e28 s600 g42153 loss 1.0741 (c/l/t 0.495/0.441/0.007) 2.62h
  e28 s800 g42353 loss 1.0274 (c/l/t 0.537/0.356/0.007) 2.63h
  e28 s1000 g42553 loss 1.2322 (c/l/t 0.568/0.535/0.006) 2.64h
  e28 s1200 g42753 loss 1.1736 (c/l/t 0.629/0.417/0.006) 2.65h
  e28 s1400 g42953 loss 1.0333 (c/l/t 0.562/0.339/0.007) 2.67h
epoch   28 train 1.1237 val 1.1374 lr 1.00e-04 2.67h
  e29 s0 g43037 loss 0.9826 (c/l/t 0.480/0.362/0.007) 2.67h
  e29 s200 g43237 loss 1.1788 (c/l/t 0.546/0.489/0.007) 2.68h
  e29 s400 g43437 loss 1.0307 (c/l/t 0.480/0.421/0.006) 2.70h
  e29 s600 g43637 loss 1.1320 (c/l/t 0.544/0.452/0.007) 2.71h
  e29 s800 g43837 loss 1.1661 (c/l/t 0.532/0.502/0.007) 2.72h
  e29 s1000 g44037 loss 1.1703 (c/l/t 0.519/0.511/0.007) 2.73h
  e29 s1200 g44237 loss 0.9692 (c/l/t 0.507/0.323/0.007) 2.75h
  e29 s1400 g44437 loss 1.0410 (c/l/t 0.527/0.394/0.006) 2.76h
epoch   29 train 1.1140 val 1.1223 lr 1.00e-04 2.76h
  e30 s0 g44521 loss 1.0220 (c/l/t 0.514/0.373/0.007) 2.76h
  e30 s200 g44721 loss 1.1400 (c/l/t 0.571/0.423/0.007) 2.78h
  e30 s400 g44921 loss 0.8989 (c/l/t 0.474/0.303/0.006) 2.79h
  e30 s600 g45121 loss 1.0019 (c/l/t 0.495/0.375/0.007) 2.80h
  e30 s800 g45321 loss 1.0958 (c/l/t 0.539/0.415/0.007) 2.81h
  e30 s1000 g45521 loss 1.0388 (c/l/t 0.523/0.376/0.007) 2.83h
  e30 s1200 g45721 loss 1.2381 (c/l/t 0.531/0.572/0.007) 2.84h
  e30 s1400 g45921 loss 1.0731 (c/l/t 0.552/0.390/0.007) 2.85h
epoch   30 train 1.1151 val 1.0993 lr 1.00e-04 2.86h
  e31 s0 g46005 loss 1.0332 (c/l/t 0.535/0.362/0.007) 2.86h
  e31 s200 g46205 loss 1.0131 (c/l/t 0.542/0.334/0.007) 2.87h
  e31 s400 g46405 loss 1.1889 (c/l/t 0.480/0.581/0.006) 2.88h
  e31 s600 g46605 loss 1.2818 (c/l/t 0.563/0.584/0.007) 2.89h
  e31 s800 g46805 loss 1.1776 (c/l/t 0.525/0.516/0.007) 2.90h
  e31 s1000 g47005 loss 1.1068 (c/l/t 0.556/0.418/0.007) 2.91h
  e31 s1200 g47205 loss 0.9856 (c/l/t 0.491/0.358/0.007) 2.91h
  e31 s1400 g47405 loss 1.0160 (c/l/t 0.495/0.381/0.007) 2.92h
epoch   31 train 1.1166 val 1.0922 lr 1.00e-04 2.93h
  e32 s0 g47489 loss 1.1929 (c/l/t 0.555/0.526/0.006) 2.93h
  e32 s200 g47689 loss 0.9766 (c/l/t 0.547/0.312/0.006) 2.93h
  e32 s400 g47889 loss 1.0530 (c/l/t 0.571/0.348/0.007) 2.94h
  e32 s600 g48089 loss 1.2213 (c/l/t 0.568/0.510/0.007) 2.95h
  e32 s800 g48289 loss 0.9973 (c/l/t 0.540/0.323/0.007) 2.96h
  e32 s1000 g48489 loss 1.0857 (c/l/t 0.537/0.412/0.007) 2.96h
  e32 s1200 g48689 loss 1.0970 (c/l/t 0.551/0.420/0.006) 2.97h
  e32 s1400 g48889 loss 1.1249 (c/l/t 0.565/0.431/0.006) 2.98h
epoch   32 train 1.1068 val 1.1112 lr 1.00e-04 2.98h
  e33 s0 g48973 loss 1.0591 (c/l/t 0.532/0.411/0.006) 2.98h
  e33 s200 g49173 loss 1.2044 (c/l/t 0.486/0.580/0.007) 2.99h
  e33 s400 g49373 loss 1.3088 (c/l/t 0.475/0.701/0.007) 3.00h
  e33 s600 g49573 loss 1.2897 (c/l/t 0.567/0.580/0.007) 3.00h
  e33 s800 g49773 loss 1.3241 (c/l/t 0.577/0.605/0.007) 3.01h
  e33 s1000 g49973 loss 1.0182 (c/l/t 0.473/0.415/0.007) 3.02h
  e33 s1200 g50173 loss 1.0540 (c/l/t 0.526/0.404/0.006) 3.03h
  e33 s1400 g50373 loss 1.1914 (c/l/t 0.558/0.491/0.007) 3.03h
epoch   33 train 1.1056 val 1.0920 lr 1.00e-04 3.04h
  e34 s0 g50457 loss 1.3361 (c/l/t 0.530/0.663/0.007) 3.04h
  e34 s200 g50657 loss 1.0763 (c/l/t 0.539/0.406/0.007) 3.05h
  e34 s400 g50857 loss 1.0558 (c/l/t 0.453/0.480/0.006) 3.05h
  e34 s600 g51057 loss 1.1398 (c/l/t 0.538/0.455/0.007) 3.06h
  e34 s800 g51257 loss 1.0983 (c/l/t 0.550/0.399/0.008) 3.07h
  e34 s1000 g51457 loss 1.1298 (c/l/t 0.478/0.514/0.007) 3.07h
  e34 s1200 g51657 loss 1.0883 (c/l/t 0.530/0.420/0.007) 3.08h
  e34 s1400 g51857 loss 1.0491 (c/l/t 0.536/0.379/0.007) 3.09h
epoch   34 train 1.1047 val 1.1156 lr 1.00e-04 3.09h
  e35 s0 g51941 loss 1.1274 (c/l/t 0.497/0.495/0.007) 3.09h
  e35 s200 g52141 loss 1.0617 (c/l/t 0.596/0.345/0.006) 3.10h
  e35 s400 g52341 loss 1.0508 (c/l/t 0.514/0.403/0.007) 3.11h
  e35 s600 g52541 loss 1.2398 (c/l/t 0.545/0.557/0.007) 3.12h
  e35 s800 g52741 loss 1.0564 (c/l/t 0.521/0.404/0.007) 3.12h
  e35 s1000 g52941 loss 1.2795 (c/l/t 0.527/0.611/0.007) 3.13h
  e35 s1200 g53141 loss 0.9741 (c/l/t 0.451/0.392/0.007) 3.14h
  e35 s1400 g53341 loss 1.0666 (c/l/t 0.483/0.440/0.007) 3.15h
epoch   35 train 1.0991 val 1.0886 lr 1.00e-04 3.15h
  e36 s0 g53425 loss 1.0369 (c/l/t 0.541/0.374/0.006) 3.15h
  e36 s200 g53625 loss 0.9133 (c/l/t 0.462/0.338/0.006) 3.16h
  e36 s400 g53825 loss 1.0372 (c/l/t 0.527/0.396/0.006) 3.16h
  e36 s600 g54025 loss 1.1766 (c/l/t 0.591/0.441/0.007) 3.17h
  e36 s800 g54225 loss 1.1954 (c/l/t 0.540/0.512/0.007) 3.18h
  e36 s1000 g54425 loss 0.9907 (c/l/t 0.452/0.388/0.008) 3.19h
  e36 s1200 g54625 loss 1.2060 (c/l/t 0.514/0.553/0.007) 3.19h
  e36 s1400 g54825 loss 1.1607 (c/l/t 0.533/0.488/0.007) 3.20h
epoch   36 train 1.0963 val 1.0928 lr 1.00e-04 3.20h
  e37 s0 g54909 loss 1.0919 (c/l/t 0.545/0.418/0.006) 3.20h
  e37 s200 g55109 loss 1.0211 (c/l/t 0.554/0.354/0.006) 3.21h
  e37 s400 g55309 loss 0.9094 (c/l/t 0.499/0.289/0.006) 3.22h
  e37 s600 g55509 loss 1.0481 (c/l/t 0.533/0.388/0.006) 3.23h
  e37 s800 g55709 loss 1.1834 (c/l/t 0.553/0.497/0.007) 3.23h
  e37 s1000 g55909 loss 1.0416 (c/l/t 0.544/0.364/0.007) 3.24h
  e37 s1200 g56109 loss 1.2448 (c/l/t 0.579/0.528/0.007) 3.25h
  e37 s1400 g56309 loss 1.0065 (c/l/t 0.512/0.367/0.006) 3.26h
epoch   37 train 1.0919 val 1.0934 lr 1.00e-04 3.26h
  e38 s0 g56393 loss 1.2227 (c/l/t 0.538/0.536/0.007) 3.26h
  e38 s200 g56593 loss 1.0908 (c/l/t 0.514/0.445/0.007) 3.27h
  e38 s400 g56793 loss 1.0566 (c/l/t 0.528/0.397/0.007) 3.27h
  e38 s600 g56993 loss 1.3026 (c/l/t 0.513/0.666/0.006) 3.28h
  e38 s800 g57193 loss 1.2569 (c/l/t 0.601/0.512/0.007) 3.29h
  e38 s1000 g57393 loss 0.9775 (c/l/t 0.508/0.340/0.006) 3.30h
  e38 s1200 g57593 loss 1.1742 (c/l/t 0.485/0.543/0.007) 3.30h
  e38 s1400 g57793 loss 1.0767 (c/l/t 0.493/0.458/0.006) 3.31h
epoch   38 train 1.0889 val 1.0941 lr 1.00e-04 3.31h
  e39 s0 g57877 loss 1.2784 (c/l/t 0.557/0.584/0.007) 3.31h
  e39 s200 g58077 loss 0.9760 (c/l/t 0.529/0.310/0.007) 3.32h
  e39 s400 g58277 loss 1.0059 (c/l/t 0.499/0.375/0.007) 3.33h
  e39 s600 g58477 loss 1.0608 (c/l/t 0.558/0.390/0.006) 3.34h
  e39 s800 g58677 loss 1.1221 (c/l/t 0.510/0.481/0.007) 3.34h
  e39 s1000 g58877 loss 0.9981 (c/l/t 0.519/0.349/0.006) 3.35h
  e39 s1200 g59077 loss 1.2236 (c/l/t 0.502/0.595/0.006) 3.36h
  e39 s1400 g59277 loss 1.2154 (c/l/t 0.578/0.497/0.007) 3.37h
epoch   39 train 1.0910 val 1.0906 lr 1.00e-04 3.37h
  e40 s0 g59361 loss 1.0844 (c/l/t 0.480/0.472/0.007) 3.37h
  e40 s200 g59561 loss 1.1184 (c/l/t 0.543/0.448/0.006) 3.38h
  e40 s400 g59761 loss 1.0258 (c/l/t 0.504/0.388/0.007) 3.38h
  e40 s600 g59961 loss 1.0518 (c/l/t 0.547/0.386/0.006) 3.39h
  e40 s800 g60161 loss 1.1920 (c/l/t 0.490/0.563/0.007) 3.40h
  e40 s1000 g60361 loss 1.1057 (c/l/t 0.500/0.469/0.007) 3.41h
  e40 s1200 g60561 loss 1.1258 (c/l/t 0.541/0.461/0.006) 3.41h
  e40 s1400 g60761 loss 1.0392 (c/l/t 0.418/0.492/0.006) 3.42h
epoch   40 train 1.0842 val 1.0830 lr 1.00e-04 3.42h
  e41 s0 g60845 loss 1.1195 (c/l/t 0.552/0.430/0.007) 3.42h
  e41 s200 g61045 loss 0.9335 (c/l/t 0.524/0.281/0.006) 3.43h
  e41 s400 g61245 loss 1.0300 (c/l/t 0.491/0.413/0.006) 3.44h
  e41 s600 g61445 loss 0.9815 (c/l/t 0.518/0.334/0.007) 3.45h
  e41 s800 g61645 loss 1.0115 (c/l/t 0.569/0.312/0.007) 3.45h
  e41 s1000 g61845 loss 1.1360 (c/l/t 0.538/0.445/0.008) 3.46h
  e41 s1200 g62045 loss 1.0871 (c/l/t 0.578/0.382/0.006) 3.47h
  e41 s1400 g62245 loss 1.1203 (c/l/t 0.504/0.486/0.007) 3.48h
epoch   41 train 1.0820 val 1.0800 lr 1.00e-04 3.48h
  e42 s0 g62329 loss 0.8894 (c/l/t 0.468/0.288/0.007) 3.48h
  e42 s200 g62529 loss 1.2547 (c/l/t 0.542/0.582/0.007) 3.49h
  e42 s400 g62729 loss 1.0969 (c/l/t 0.511/0.455/0.007) 3.49h
  e42 s600 g62929 loss 1.1338 (c/l/t 0.487/0.512/0.007) 3.50h
  e42 s800 g63129 loss 0.9599 (c/l/t 0.479/0.359/0.006) 3.51h
  e42 s1000 g63329 loss 1.2475 (c/l/t 0.503/0.608/0.007) 3.52h
  e42 s1200 g63529 loss 1.1047 (c/l/t 0.553/0.429/0.006) 3.52h
  e42 s1400 g63729 loss 1.1531 (c/l/t 0.535/0.482/0.007) 3.53h
epoch   42 train 1.0804 val 1.0685 lr 1.00e-04 3.53h
  e43 s0 g63813 loss 0.9453 (c/l/t 0.505/0.302/0.007) 3.54h
  e43 s200 g64013 loss 1.0532 (c/l/t 0.537/0.387/0.006) 3.54h
  e43 s400 g64213 loss 1.0584 (c/l/t 0.473/0.446/0.007) 3.55h
  e43 s600 g64413 loss 1.2677 (c/l/t 0.551/0.576/0.007) 3.56h
  e43 s800 g64613 loss 1.1516 (c/l/t 0.506/0.521/0.006) 3.56h
  e43 s1000 g64813 loss 1.1353 (c/l/t 0.536/0.471/0.006) 3.57h
  e43 s1200 g65013 loss 1.2530 (c/l/t 0.551/0.570/0.007) 3.58h
  e43 s1400 g65213 loss 0.9667 (c/l/t 0.506/0.342/0.006) 3.59h
epoch   43 train 1.0790 val 1.0711 lr 1.00e-04 3.59h
  e44 s0 g65297 loss 1.1063 (c/l/t 0.474/0.493/0.007) 3.59h
  e44 s200 g65497 loss 1.0592 (c/l/t 0.471/0.447/0.007) 3.60h
  e44 s400 g65697 loss 0.9228 (c/l/t 0.497/0.297/0.006) 3.61h
  e44 s600 g65897 loss 1.1200 (c/l/t 0.595/0.407/0.006) 3.61h
  e44 s800 g66097 loss 0.9704 (c/l/t 0.509/0.355/0.005) 3.62h
  e44 s1000 g66297 loss 1.0964 (c/l/t 0.524/0.444/0.006) 3.63h
  e44 s1200 g66497 loss 1.2268 (c/l/t 0.540/0.554/0.007) 3.63h
  e44 s1400 g66697 loss 1.0068 (c/l/t 0.477/0.398/0.007) 3.64h
epoch   44 train 1.0786 val 1.0370 lr 1.00e-04 3.65h
  e45 s0 g66781 loss 1.1467 (c/l/t 0.534/0.480/0.007) 3.65h
  e45 s200 g66981 loss 0.9522 (c/l/t 0.538/0.294/0.006) 3.65h
  e45 s400 g67181 loss 1.1057 (c/l/t 0.511/0.457/0.007) 3.66h
  e45 s600 g67381 loss 0.9675 (c/l/t 0.521/0.331/0.006) 3.67h
  e45 s800 g67581 loss 0.8988 (c/l/t 0.431/0.345/0.006) 3.67h
  e45 s1000 g67781 loss 0.9669 (c/l/t 0.499/0.348/0.006) 3.68h
  e45 s1200 g67981 loss 1.2370 (c/l/t 0.490/0.606/0.007) 3.69h
  e45 s1400 g68181 loss 1.3128 (c/l/t 0.580/0.590/0.007) 3.70h
epoch   45 train 1.0754 val 1.0792 lr 1.00e-04 3.70h
  e46 s0 g68265 loss 0.9378 (c/l/t 0.519/0.285/0.007) 3.70h
  e46 s200 g68465 loss 1.0651 (c/l/t 0.519/0.418/0.006) 3.71h
  e46 s400 g68665 loss 1.1927 (c/l/t 0.525/0.537/0.007) 3.72h
  e46 s600 g68865 loss 1.1362 (c/l/t 0.498/0.505/0.007) 3.72h
  e46 s800 g69065 loss 1.0838 (c/l/t 0.505/0.440/0.007) 3.73h
  e46 s1000 g69265 loss 1.2157 (c/l/t 0.554/0.526/0.007) 3.74h
  e46 s1200 g69465 loss 0.9577 (c/l/t 0.452/0.380/0.006) 3.74h
  e46 s1400 g69665 loss 1.1096 (c/l/t 0.530/0.450/0.006) 3.75h
epoch   46 train 1.0719 val 1.0669 lr 1.00e-04 3.76h
  e47 s0 g69749 loss 1.0068 (c/l/t 0.467/0.390/0.007) 3.76h
  e47 s200 g69949 loss 0.9517 (c/l/t 0.466/0.369/0.006) 3.76h
  e47 s400 g70149 loss 0.8818 (c/l/t 0.461/0.297/0.006) 3.77h
  e47 s600 g70349 loss 1.0383 (c/l/t 0.457/0.452/0.006) 3.78h
  e47 s800 g70549 loss 0.9520 (c/l/t 0.510/0.320/0.006) 3.79h
  e47 s1000 g70749 loss 1.0160 (c/l/t 0.521/0.380/0.006) 3.79h
  e47 s1200 g70949 loss 0.8752 (c/l/t 0.497/0.262/0.006) 3.80h
  e47 s1400 g71149 loss 0.9748 (c/l/t 0.439/0.398/0.007) 3.81h
epoch   47 train 1.0653 val 1.0453 lr 1.00e-04 3.81h
  e48 s0 g71233 loss 1.1486 (c/l/t 0.513/0.503/0.007) 3.81h
  e48 s200 g71433 loss 1.0827 (c/l/t 0.472/0.484/0.006) 3.82h
  e48 s400 g71633 loss 1.1784 (c/l/t 0.536/0.513/0.006) 3.83h
  e48 s600 g71833 loss 1.1131 (c/l/t 0.529/0.449/0.007) 3.83h
  e48 s800 g72033 loss 1.1285 (c/l/t 0.505/0.488/0.007) 3.84h
  e48 s1000 g72233 loss 1.1291 (c/l/t 0.525/0.467/0.007) 3.85h
  e48 s1200 g72433 loss 1.2388 (c/l/t 0.561/0.539/0.007) 3.85h
  e48 s1400 g72633 loss 0.9451 (c/l/t 0.439/0.379/0.006) 3.86h
epoch   48 train 1.0677 val 1.0721 lr 1.00e-04 3.87h
  e49 s0 g72717 loss 1.1063 (c/l/t 0.434/0.552/0.006) 3.87h
  e49 s200 g72917 loss 1.1066 (c/l/t 0.494/0.479/0.007) 3.87h
  e49 s400 g73117 loss 1.3066 (c/l/t 0.524/0.649/0.007) 3.88h
  e49 s600 g73317 loss 1.4565 (c/l/t 0.547/0.775/0.007) 3.89h
  e49 s800 g73517 loss 1.0832 (c/l/t 0.440/0.516/0.006) 3.90h
  e49 s1000 g73717 loss 1.0397 (c/l/t 0.517/0.395/0.006) 3.90h
  e49 s1200 g73917 loss 1.1736 (c/l/t 0.518/0.515/0.007) 3.91h
  e49 s1400 g74117 loss 1.0085 (c/l/t 0.489/0.405/0.006) 3.92h
epoch   49 train 1.0679 val 1.0894 lr 1.00e-04 3.92h
  e50 s0 g74201 loss 1.1725 (c/l/t 0.543/0.497/0.007) 3.92h
  e50 s200 g74401 loss 0.9994 (c/l/t 0.484/0.393/0.006) 3.93h
  e50 s400 g74601 loss 1.1220 (c/l/t 0.502/0.488/0.007) 3.94h
  e50 s600 g74801 loss 1.0830 (c/l/t 0.495/0.458/0.007) 3.94h
  e50 s800 g75001 loss 1.1824 (c/l/t 0.478/0.553/0.008) 3.95h
  e50 s1000 g75201 loss 1.0074 (c/l/t 0.457/0.428/0.006) 3.96h
  e50 s1200 g75401 loss 0.9664 (c/l/t 0.498/0.337/0.007) 3.97h
  e50 s1400 g75601 loss 0.9792 (c/l/t 0.482/0.383/0.006) 3.97h
epoch   50 train 1.0626 val 1.0667 lr 1.00e-04 3.98h
  e51 s0 g75685 loss 1.1326 (c/l/t 0.597/0.406/0.006) 3.98h
  e51 s200 g75885 loss 1.1466 (c/l/t 0.499/0.509/0.007) 3.98h
  e51 s400 g76085 loss 1.0777 (c/l/t 0.529/0.422/0.006) 3.99h
  e51 s600 g76285 loss 1.2657 (c/l/t 0.488/0.630/0.007) 4.00h
  e51 s800 g76485 loss 1.1591 (c/l/t 0.561/0.452/0.007) 4.01h
  e51 s1000 g76685 loss 0.8954 (c/l/t 0.561/0.199/0.007) 4.01h
  e51 s1200 g76885 loss 1.0638 (c/l/t 0.524/0.408/0.007) 4.02h
  e51 s1400 g77085 loss 0.9115 (c/l/t 0.499/0.295/0.006) 4.03h
epoch   51 train 1.0567 val 1.0575 lr 1.00e-04 4.03h
  e52 s0 g77169 loss 0.9970 (c/l/t 0.484/0.382/0.007) 4.03h
  e52 s200 g77369 loss 1.1450 (c/l/t 0.550/0.462/0.007) 4.04h
  e52 s400 g77569 loss 0.9981 (c/l/t 0.478/0.391/0.006) 4.05h
  e52 s600 g77769 loss 0.9885 (c/l/t 0.500/0.340/0.007) 4.05h
  e52 s800 g77969 loss 1.1641 (c/l/t 0.467/0.570/0.006) 4.06h
  e52 s1000 g78169 loss 1.2569 (c/l/t 0.553/0.566/0.007) 4.07h
  e52 s1200 g78369 loss 1.1195 (c/l/t 0.462/0.534/0.006) 4.08h
  e52 s1400 g78569 loss 1.1007 (c/l/t 0.455/0.503/0.007) 4.08h
epoch   52 train 1.0625 val 1.0742 lr 1.00e-04 4.09h
  e53 s0 g78653 loss 0.9953 (c/l/t 0.470/0.410/0.006) 4.09h
  e53 s200 g78853 loss 1.1462 (c/l/t 0.558/0.458/0.007) 4.09h
  e53 s400 g79053 loss 0.9089 (c/l/t 0.489/0.308/0.006) 4.10h
  e53 s600 g79253 loss 1.0826 (c/l/t 0.558/0.383/0.007) 4.11h
  e53 s800 g79453 loss 1.1344 (c/l/t 0.481/0.514/0.007) 4.12h
  e53 s1000 g79653 loss 1.1368 (c/l/t 0.542/0.473/0.006) 4.12h
  e53 s1200 g79853 loss 1.0499 (c/l/t 0.525/0.396/0.006) 4.13h
  e53 s1400 g80053 loss 1.1102 (c/l/t 0.498/0.475/0.007) 4.14h
epoch   53 train 1.0589 val 1.0583 lr 1.00e-04 4.14h
  e54 s0 g80137 loss 0.9611 (c/l/t 0.428/0.418/0.006) 4.14h
  e54 s200 g80337 loss 1.1128 (c/l/t 0.475/0.509/0.006) 4.15h
  e54 s400 g80537 loss 1.1202 (c/l/t 0.517/0.469/0.007) 4.16h
  e54 s600 g80737 loss 1.1245 (c/l/t 0.498/0.503/0.006) 4.16h
  e54 s800 g80937 loss 1.1217 (c/l/t 0.510/0.473/0.007) 4.17h
  e54 s1000 g81137 loss 0.9167 (c/l/t 0.486/0.313/0.006) 4.18h
  e54 s1200 g81337 loss 1.1654 (c/l/t 0.544/0.479/0.007) 4.19h
  e54 s1400 g81537 loss 1.1421 (c/l/t 0.553/0.452/0.007) 4.19h
epoch   54 train 1.0618 val 1.0712 lr 1.00e-04 4.20h
  e55 s0 g81621 loss 0.9987 (c/l/t 0.486/0.392/0.006) 4.20h
  e55 s200 g81821 loss 0.9886 (c/l/t 0.473/0.385/0.007) 4.20h
  e55 s400 g82021 loss 1.2008 (c/l/t 0.506/0.566/0.006) 4.21h
  e55 s600 g82221 loss 1.1651 (c/l/t 0.472/0.569/0.006) 4.22h
  e55 s800 g82421 loss 1.0536 (c/l/t 0.479/0.445/0.006) 4.23h
  e55 s1000 g82621 loss 1.1058 (c/l/t 0.526/0.453/0.006) 4.23h
  e55 s1200 g82821 loss 1.0566 (c/l/t 0.453/0.482/0.006) 4.24h
  e55 s1400 g83021 loss 0.9533 (c/l/t 0.472/0.347/0.007) 4.25h
epoch   55 train 1.0548 val 1.0840 lr 1.00e-04 4.25h
  e56 s0 g83105 loss 1.0719 (c/l/t 0.482/0.466/0.006) 4.25h
  e56 s200 g83305 loss 1.2549 (c/l/t 0.464/0.660/0.007) 4.26h
  e56 s400 g83505 loss 1.0081 (c/l/t 0.509/0.377/0.006) 4.27h
  e56 s600 g83705 loss 0.9763 (c/l/t 0.452/0.404/0.006) 4.27h
  e56 s800 g83905 loss 1.1827 (c/l/t 0.516/0.536/0.007) 4.28h
  e56 s1000 g84105 loss 1.1099 (c/l/t 0.480/0.495/0.007) 4.29h
  e56 s1200 g84305 loss 1.2407 (c/l/t 0.522/0.586/0.007) 4.30h
  e56 s1400 g84505 loss 1.1089 (c/l/t 0.496/0.474/0.007) 4.30h
epoch   56 train 1.0536 val 1.0705 lr 1.00e-04 4.31h
  e57 s0 g84589 loss 1.0014 (c/l/t 0.540/0.342/0.006) 4.31h
  e57 s200 g84789 loss 1.0877 (c/l/t 0.529/0.427/0.007) 4.31h
  e57 s400 g84989 loss 1.1054 (c/l/t 0.526/0.439/0.007) 4.32h
  e57 s600 g85189 loss 1.1637 (c/l/t 0.541/0.490/0.007) 4.33h
  e57 s800 g85389 loss 1.1116 (c/l/t 0.510/0.465/0.007) 4.34h
  e57 s1000 g85589 loss 1.0487 (c/l/t 0.558/0.358/0.007) 4.34h
  e57 s1200 g85789 loss 1.0846 (c/l/t 0.434/0.520/0.007) 4.35h
  e57 s1400 g85989 loss 0.8851 (c/l/t 0.485/0.282/0.006) 4.36h
epoch   57 train 1.0507 val 1.0607 lr 1.00e-04 4.36h
  e58 s0 g86073 loss 1.0213 (c/l/t 0.514/0.375/0.007) 4.36h
  e58 s200 g86273 loss 1.0013 (c/l/t 0.459/0.420/0.006) 4.37h
  e58 s400 g86473 loss 1.1365 (c/l/t 0.503/0.503/0.007) 4.38h
  e58 s600 g86673 loss 0.8030 (c/l/t 0.431/0.242/0.006) 4.38h
  e58 s800 g86873 loss 0.8634 (c/l/t 0.429/0.300/0.007) 4.39h
  e58 s1000 g87073 loss 0.9751 (c/l/t 0.490/0.353/0.007) 4.40h
  e58 s1200 g87273 loss 1.0581 (c/l/t 0.508/0.408/0.007) 4.41h
  e58 s1400 g87473 loss 1.1387 (c/l/t 0.500/0.514/0.006) 4.41h
epoch   58 train 1.0465 val 1.0289 lr 1.00e-04 4.42h
  e59 s0 g87557 loss 0.9240 (c/l/t 0.471/0.334/0.006) 4.42h
  e59 s200 g87757 loss 1.0419 (c/l/t 0.480/0.439/0.006) 4.42h
  e59 s400 g87957 loss 0.9589 (c/l/t 0.488/0.350/0.006) 4.43h
  e59 s600 g88157 loss 1.1767 (c/l/t 0.503/0.539/0.007) 4.44h
  e59 s800 g88357 loss 0.9427 (c/l/t 0.516/0.299/0.006) 4.45h
  e59 s1000 g88557 loss 1.0333 (c/l/t 0.442/0.461/0.007) 4.45h
  e59 s1200 g88757 loss 1.0462 (c/l/t 0.489/0.427/0.006) 4.46h
  e59 s1400 g88957 loss 0.9397 (c/l/t 0.477/0.335/0.006) 4.47h
epoch   59 train 1.0518 val 1.0725 lr 1.00e-04 4.47h
  e60 s0 g89041 loss 1.2380 (c/l/t 0.483/0.624/0.007) 4.47h
  e60 s200 g89241 loss 0.9688 (c/l/t 0.446/0.391/0.007) 4.48h
  e60 s400 g89441 loss 1.0325 (c/l/t 0.506/0.405/0.006) 4.49h
  e60 s600 g89641 loss 1.1461 (c/l/t 0.504/0.497/0.007) 4.49h
  e60 s800 g89841 loss 1.1212 (c/l/t 0.478/0.493/0.007) 4.50h
  e60 s1000 g90041 loss 0.9871 (c/l/t 0.498/0.367/0.006) 4.51h
  e60 s1200 g90241 loss 0.9899 (c/l/t 0.485/0.390/0.006) 4.52h
  e60 s1400 g90441 loss 0.9348 (c/l/t 0.401/0.415/0.006) 4.52h
epoch   60 train 1.0467 val 1.0677 lr 1.00e-04 4.53h
  e61 s0 g90525 loss 1.0084 (c/l/t 0.492/0.395/0.006) 4.53h
  e61 s200 g90725 loss 1.0632 (c/l/t 0.545/0.390/0.006) 4.54h
  e61 s400 g90925 loss 1.0842 (c/l/t 0.518/0.441/0.006) 4.54h
  e61 s600 g91125 loss 1.0640 (c/l/t 0.476/0.451/0.007) 4.55h
  e61 s800 g91325 loss 0.9956 (c/l/t 0.474/0.393/0.006) 4.56h
  e61 s1000 g91525 loss 1.0288 (c/l/t 0.450/0.448/0.007) 4.56h
  e61 s1200 g91725 loss 1.1606 (c/l/t 0.461/0.575/0.006) 4.57h
  e61 s1400 g91925 loss 1.0416 (c/l/t 0.442/0.464/0.007) 4.58h
epoch   61 train 1.0469 val 1.0607 lr 1.00e-04 4.58h
  e62 s0 g92009 loss 1.0720 (c/l/t 0.531/0.412/0.006) 4.58h
  e62 s200 g92209 loss 1.0379 (c/l/t 0.474/0.433/0.007) 4.59h
  e62 s400 g92409 loss 0.9748 (c/l/t 0.462/0.373/0.007) 4.60h
  e62 s600 g92609 loss 0.9673 (c/l/t 0.495/0.352/0.006) 4.61h
  e62 s800 g92809 loss 1.0452 (c/l/t 0.446/0.471/0.006) 4.61h
  e62 s1000 g93009 loss 0.8124 (c/l/t 0.444/0.254/0.006) 4.62h
  e62 s1200 g93209 loss 1.0360 (c/l/t 0.450/0.452/0.007) 4.63h
  e62 s1400 g93409 loss 0.9338 (c/l/t 0.508/0.312/0.006) 4.63h
epoch   62 train 1.0457 val 1.0396 lr 1.00e-04 4.64h
  e63 s0 g93493 loss 1.0149 (c/l/t 0.497/0.406/0.006) 4.64h
  e63 s200 g93693 loss 1.0132 (c/l/t 0.473/0.428/0.006) 4.65h
  e63 s400 g93893 loss 1.0310 (c/l/t 0.512/0.381/0.007) 4.65h
  e63 s600 g94093 loss 1.0728 (c/l/t 0.452/0.495/0.006) 4.66h
  e63 s800 g94293 loss 0.9880 (c/l/t 0.420/0.435/0.007) 4.67h
  e63 s1000 g94493 loss 1.0119 (c/l/t 0.469/0.428/0.006) 4.67h
  e63 s1200 g94693 loss 1.0966 (c/l/t 0.456/0.516/0.006) 4.68h
  e63 s1400 g94893 loss 0.8774 (c/l/t 0.443/0.315/0.006) 4.69h
epoch   63 train 1.0440 val 1.0629 lr 1.00e-04 4.69h
  e64 s0 g94977 loss 1.0664 (c/l/t 0.531/0.421/0.006) 4.69h
  e64 s200 g95177 loss 1.2109 (c/l/t 0.459/0.618/0.007) 4.70h
  e64 s400 g95377 loss 1.0330 (c/l/t 0.493/0.412/0.006) 4.71h
  e64 s600 g95577 loss 1.1237 (c/l/t 0.459/0.520/0.007) 4.72h
  e64 s800 g95777 loss 1.0579 (c/l/t 0.521/0.415/0.006) 4.72h
  e64 s1000 g95977 loss 1.2470 (c/l/t 0.526/0.581/0.007) 4.73h
  e64 s1200 g96177 loss 1.1510 (c/l/t 0.421/0.593/0.007) 4.74h
  e64 s1400 g96377 loss 0.9749 (c/l/t 0.450/0.398/0.006) 4.74h
epoch   64 train 1.0415 val 1.0318 lr 1.00e-04 4.75h
  e65 s0 g96461 loss 0.9065 (c/l/t 0.464/0.322/0.006) 4.75h
  e65 s200 g96661 loss 1.1774 (c/l/t 0.494/0.541/0.007) 4.76h
  e65 s400 g96861 loss 1.0422 (c/l/t 0.503/0.406/0.007) 4.76h
  e65 s600 g97061 loss 1.0194 (c/l/t 0.522/0.364/0.007) 4.77h
  e65 s800 g97261 loss 1.0288 (c/l/t 0.510/0.409/0.005) 4.78h
  e65 s1000 g97461 loss 1.0942 (c/l/t 0.503/0.461/0.006) 4.79h
  e65 s1200 g97661 loss 1.0309 (c/l/t 0.523/0.385/0.006) 4.79h
  e65 s1400 g97861 loss 1.1145 (c/l/t 0.468/0.514/0.007) 4.80h
epoch   65 train 1.0410 val 1.0398 lr 1.00e-04 4.80h
  e66 s0 g97945 loss 0.9606 (c/l/t 0.465/0.373/0.006) 4.80h
  e66 s200 g98145 loss 1.0389 (c/l/t 0.523/0.387/0.006) 4.81h
  e66 s400 g98345 loss 1.2639 (c/l/t 0.471/0.651/0.007) 4.82h
  e66 s600 g98545 loss 0.9219 (c/l/t 0.493/0.306/0.006) 4.83h
  e66 s800 g98745 loss 0.9806 (c/l/t 0.446/0.419/0.006) 4.83h
  e66 s1000 g98945 loss 0.9777 (c/l/t 0.495/0.353/0.006) 4.84h
  e66 s1200 g99145 loss 1.0264 (c/l/t 0.523/0.377/0.006) 4.85h
  e66 s1400 g99345 loss 0.9123 (c/l/t 0.509/0.292/0.006) 4.86h
epoch   66 train 1.0387 val 1.0605 lr 1.00e-04 4.86h
  e67 s0 g99429 loss 1.1375 (c/l/t 0.508/0.488/0.007) 4.86h
  e67 s200 g99629 loss 1.1158 (c/l/t 0.548/0.429/0.007) 4.87h
  e67 s400 g99829 loss 1.0451 (c/l/t 0.442/0.475/0.006) 4.87h
  e67 s600 g100029 loss 1.1586 (c/l/t 0.469/0.561/0.006) 4.88h
  e67 s800 g100229 loss 0.8808 (c/l/t 0.430/0.321/0.007) 4.89h
  e67 s1000 g100429 loss 1.0490 (c/l/t 0.472/0.447/0.006) 4.90h
  e67 s1200 g100629 loss 1.1360 (c/l/t 0.506/0.503/0.006) 4.90h
  e67 s1400 g100829 loss 0.8255 (c/l/t 0.395/0.324/0.005) 4.91h
epoch   67 train 1.0406 val 1.0325 lr 1.00e-04 4.91h
  e68 s0 g100913 loss 1.1642 (c/l/t 0.527/0.498/0.007) 4.91h
  e68 s200 g101113 loss 1.0610 (c/l/t 0.534/0.408/0.006) 4.92h
  e68 s400 g101313 loss 1.2093 (c/l/t 0.495/0.575/0.007) 4.93h
  e68 s600 g101513 loss 1.0137 (c/l/t 0.507/0.375/0.007) 4.94h
  e68 s800 g101713 loss 1.0243 (c/l/t 0.500/0.390/0.007) 4.94h
  e68 s1000 g101913 loss 1.1444 (c/l/t 0.572/0.438/0.007) 4.95h
  e68 s1200 g102113 loss 1.0115 (c/l/t 0.526/0.359/0.006) 4.96h
  e68 s1400 g102313 loss 1.0307 (c/l/t 0.455/0.446/0.006) 4.97h
epoch   68 train 1.0373 val 1.0334 lr 1.00e-04 4.97h
  e69 s0 g102397 loss 1.0453 (c/l/t 0.552/0.374/0.006) 4.97h
  e69 s200 g102597 loss 1.0477 (c/l/t 0.483/0.439/0.006) 4.98h
  e69 s400 g102797 loss 1.1586 (c/l/t 0.536/0.489/0.007) 4.98h
  e69 s600 g102997 loss 0.7908 (c/l/t 0.436/0.237/0.006) 4.99h
  e69 s800 g103197 loss 1.0558 (c/l/t 0.545/0.385/0.006) 5.00h
  e69 s1000 g103397 loss 0.9910 (c/l/t 0.475/0.397/0.006) 5.01h
  e69 s1200 g103597 loss 0.9939 (c/l/t 0.474/0.400/0.006) 5.01h
  e69 s1400 g103797 loss 0.9400 (c/l/t 0.464/0.352/0.006) 5.02h
epoch   69 train 1.0351 val 1.0521 lr 1.00e-04 5.02h
  e70 s0 g103881 loss 0.9438 (c/l/t 0.547/0.268/0.006) 5.02h
  e70 s200 g104081 loss 1.0211 (c/l/t 0.518/0.386/0.006) 5.03h
  e70 s400 g104281 loss 1.0710 (c/l/t 0.466/0.463/0.007) 5.04h
  e70 s600 g104481 loss 1.1016 (c/l/t 0.462/0.516/0.006) 5.05h
  e70 s800 g104681 loss 0.9887 (c/l/t 0.474/0.395/0.006) 5.05h
  e70 s1000 g104881 loss 0.9973 (c/l/t 0.493/0.378/0.006) 5.06h
  e70 s1200 g105081 loss 0.9010 (c/l/t 0.390/0.379/0.007) 5.07h
  e70 s1400 g105281 loss 0.9602 (c/l/t 0.476/0.349/0.007) 5.08h
epoch   70 train 1.0339 val 1.0500 lr 1.00e-04 5.08h
  e71 s0 g105365 loss 1.2140 (c/l/t 0.489/0.607/0.006) 5.08h
  e71 s200 g105565 loss 0.9035 (c/l/t 0.472/0.318/0.006) 5.09h
  e71 s400 g105765 loss 0.8678 (c/l/t 0.432/0.328/0.005) 5.09h
  e71 s600 g105965 loss 1.0220 (c/l/t 0.509/0.392/0.006) 5.10h
  e71 s800 g106165 loss 1.0187 (c/l/t 0.516/0.372/0.007) 5.11h
  e71 s1000 g106365 loss 0.7851 (c/l/t 0.449/0.221/0.006) 5.12h
  e71 s1200 g106565 loss 1.0026 (c/l/t 0.462/0.418/0.006) 5.12h
  e71 s1400 g106765 loss 0.9278 (c/l/t 0.430/0.387/0.006) 5.13h
epoch   71 train 1.0323 val 1.0336 lr 1.00e-04 5.13h
  e72 s0 g106849 loss 1.1621 (c/l/t 0.484/0.553/0.006) 5.13h
  e72 s200 g107049 loss 1.1356 (c/l/t 0.553/0.450/0.007) 5.14h
  e72 s400 g107249 loss 1.1317 (c/l/t 0.520/0.485/0.006) 5.15h
  e72 s600 g107449 loss 0.9305 (c/l/t 0.556/0.262/0.006) 5.16h
  e72 s800 g107649 loss 1.0316 (c/l/t 0.472/0.431/0.006) 5.16h
  e72 s1000 g107849 loss 0.8371 (c/l/t 0.486/0.240/0.006) 5.17h
  e72 s1200 g108049 loss 1.0133 (c/l/t 0.475/0.417/0.006) 5.18h
  e72 s1400 g108249 loss 1.1264 (c/l/t 0.507/0.492/0.006) 5.19h
epoch   72 train 1.0338 val 1.0635 lr 1.00e-04 5.19h
  e73 s0 g108333 loss 0.7764 (c/l/t 0.447/0.231/0.005) 5.19h
  e73 s200 g108533 loss 1.0009 (c/l/t 0.495/0.376/0.006) 5.20h
  e73 s400 g108733 loss 1.0233 (c/l/t 0.524/0.366/0.007) 5.20h
  e73 s600 g108933 loss 0.8957 (c/l/t 0.524/0.251/0.006) 5.21h
  e73 s800 g109133 loss 1.2059 (c/l/t 0.478/0.601/0.006) 5.22h
  e73 s1000 g109333 loss 0.9615 (c/l/t 0.468/0.376/0.006) 5.23h
  e73 s1200 g109533 loss 1.2110 (c/l/t 0.560/0.519/0.007) 5.23h
  e73 s1400 g109733 loss 1.4033 (c/l/t 0.533/0.733/0.007) 5.24h
epoch   73 train 1.0298 val 1.0318 lr 1.00e-04 5.24h
  e74 s0 g109817 loss 1.1424 (c/l/t 0.480/0.545/0.006) 5.24h
  e74 s200 g110017 loss 0.8499 (c/l/t 0.454/0.271/0.006) 5.25h
  e74 s400 g110217 loss 1.0541 (c/l/t 0.529/0.402/0.006) 5.26h
  e74 s600 g110417 loss 0.9836 (c/l/t 0.476/0.384/0.006) 5.27h
  e74 s800 g110617 loss 1.0117 (c/l/t 0.451/0.439/0.006) 5.27h
  e74 s1000 g110817 loss 0.9079 (c/l/t 0.418/0.370/0.006) 5.28h
  e74 s1200 g111017 loss 1.0657 (c/l/t 0.517/0.419/0.006) 5.29h
  e74 s1400 g111217 loss 1.1603 (c/l/t 0.542/0.477/0.007) 5.30h
epoch   74 train 1.0297 val 1.0288 lr 1.00e-04 5.30h
  e75 s0 g111301 loss 1.1383 (c/l/t 0.524/0.487/0.006) 5.30h
  e75 s200 g111501 loss 0.9149 (c/l/t 0.440/0.348/0.006) 5.31h
  e75 s400 g111701 loss 1.0868 (c/l/t 0.490/0.462/0.007) 5.31h
  e75 s600 g111901 loss 1.0528 (c/l/t 0.481/0.451/0.006) 5.32h
  e75 s800 g112101 loss 1.0169 (c/l/t 0.462/0.448/0.005) 5.33h
  e75 s1000 g112301 loss 0.9559 (c/l/t 0.499/0.338/0.006) 5.34h
  e75 s1200 g112501 loss 1.0982 (c/l/t 0.465/0.494/0.007) 5.34h
  e75 s1400 g112701 loss 1.0705 (c/l/t 0.459/0.491/0.006) 5.35h
epoch   75 train 1.0235 val 1.0475 lr 1.00e-04 5.36h
  e76 s0 g112785 loss 1.0481 (c/l/t 0.460/0.465/0.006) 5.36h
  e76 s200 g112985 loss 0.9252 (c/l/t 0.465/0.342/0.006) 5.36h
  e76 s400 g113185 loss 1.1032 (c/l/t 0.439/0.539/0.006) 5.37h
  e76 s600 g113385 loss 0.9114 (c/l/t 0.471/0.314/0.006) 5.38h
  e76 s800 g113585 loss 1.1462 (c/l/t 0.539/0.475/0.007) 5.38h
  e76 s1000 g113785 loss 0.9151 (c/l/t 0.483/0.316/0.006) 5.39h
  e76 s1200 g113985 loss 1.0972 (c/l/t 0.496/0.482/0.006) 5.40h
  e76 s1400 g114185 loss 1.0640 (c/l/t 0.527/0.408/0.006) 5.41h
epoch   76 train 1.0279 val 1.0314 lr 1.00e-04 5.41h
  e77 s0 g114269 loss 1.2473 (c/l/t 0.526/0.575/0.007) 5.41h
  e77 s200 g114469 loss 1.1662 (c/l/t 0.445/0.589/0.007) 5.42h
  e77 s400 g114669 loss 1.0795 (c/l/t 0.545/0.389/0.007) 5.43h
  e77 s600 g114869 loss 1.0944 (c/l/t 0.470/0.492/0.007) 5.43h
  e77 s800 g115069 loss 1.0812 (c/l/t 0.556/0.395/0.007) 5.44h
  e77 s1000 g115269 loss 0.9865 (c/l/t 0.532/0.333/0.006) 5.45h
  e77 s1200 g115469 loss 1.0825 (c/l/t 0.458/0.496/0.006) 5.45h
  e77 s1400 g115669 loss 0.8349 (c/l/t 0.470/0.259/0.005) 5.46h
epoch   77 train 1.0246 val 1.0591 lr 1.00e-04 5.47h
  e78 s0 g115753 loss 1.1613 (c/l/t 0.550/0.476/0.007) 5.47h
  e78 s200 g115953 loss 0.9716 (c/l/t 0.443/0.408/0.006) 5.47h
  e78 s400 g116153 loss 1.0042 (c/l/t 0.457/0.428/0.006) 5.48h
  e78 s600 g116353 loss 0.8266 (c/l/t 0.472/0.247/0.005) 5.49h
  e78 s800 g116553 loss 1.0020 (c/l/t 0.515/0.370/0.006) 5.49h
  e78 s1000 g116753 loss 1.1065 (c/l/t 0.515/0.468/0.006) 5.50h
  e78 s1200 g116953 loss 1.0567 (c/l/t 0.472/0.471/0.006) 5.51h
  e78 s1400 g117153 loss 0.9543 (c/l/t 0.491/0.342/0.006) 5.52h
epoch   78 train 1.0241 val 1.0414 lr 1.00e-04 5.52h
  e79 s0 g117237 loss 0.9224 (c/l/t 0.454/0.335/0.007) 5.52h
  e79 s200 g117437 loss 1.0214 (c/l/t 0.424/0.454/0.007) 5.53h
  e79 s400 g117637 loss 1.0277 (c/l/t 0.446/0.460/0.006) 5.54h
  e79 s600 g117837 loss 0.9337 (c/l/t 0.449/0.357/0.006) 5.54h
  e79 s800 g118037 loss 1.0433 (c/l/t 0.463/0.451/0.006) 5.55h
  e79 s1000 g118237 loss 1.0200 (c/l/t 0.513/0.373/0.007) 5.56h
  e79 s1200 g118437 loss 0.9009 (c/l/t 0.398/0.370/0.007) 5.56h
  e79 s1400 g118637 loss 1.0926 (c/l/t 0.510/0.458/0.006) 5.57h
epoch   79 train 1.0248 val 1.0449 lr 1.00e-04 5.58h
  e80 s0 g118721 loss 0.9728 (c/l/t 0.451/0.398/0.006) 5.58h
  e80 s200 g118921 loss 0.9046 (c/l/t 0.444/0.335/0.006) 5.58h
  e80 s400 g119121 loss 0.9606 (c/l/t 0.473/0.360/0.006) 5.59h
  e80 s600 g119321 loss 0.9903 (c/l/t 0.463/0.402/0.006) 5.60h
  e80 s800 g119521 loss 1.0762 (c/l/t 0.509/0.428/0.007) 5.61h
  e80 s1000 g119721 loss 1.0266 (c/l/t 0.487/0.417/0.006) 5.61h
  e80 s1200 g119921 loss 1.2352 (c/l/t 0.622/0.472/0.007) 5.62h
  e80 s1400 g120121 loss 1.0067 (c/l/t 0.448/0.434/0.006) 5.63h
epoch   80 train 1.0248 val 1.0431 lr 1.00e-04 5.63h
  e81 s0 g120205 loss 0.8066 (c/l/t 0.452/0.254/0.005) 5.63h
  e81 s200 g120405 loss 0.9644 (c/l/t 0.402/0.432/0.007) 5.64h
  e81 s400 g120605 loss 1.1160 (c/l/t 0.525/0.470/0.006) 5.65h
  e81 s600 g120805 loss 1.1160 (c/l/t 0.516/0.470/0.007) 5.65h
  e81 s800 g121005 loss 1.1755 (c/l/t 0.526/0.514/0.007) 5.66h
  e81 s1000 g121205 loss 0.9341 (c/l/t 0.434/0.382/0.006) 5.67h
  e81 s1200 g121405 loss 1.0957 (c/l/t 0.459/0.501/0.007) 5.68h
  e81 s1400 g121605 loss 1.1213 (c/l/t 0.454/0.550/0.006) 5.68h
epoch   81 train 1.0220 val 1.0492 lr 1.00e-04 5.69h
  e82 s0 g121689 loss 1.0152 (c/l/t 0.473/0.405/0.007) 5.69h
  e82 s200 g121889 loss 0.9140 (c/l/t 0.472/0.321/0.006) 5.69h
  e82 s400 g122089 loss 0.9672 (c/l/t 0.475/0.361/0.007) 5.70h
  e82 s600 g122289 loss 0.9260 (c/l/t 0.435/0.380/0.006) 5.71h
  e82 s800 g122489 loss 0.9513 (c/l/t 0.438/0.386/0.006) 5.72h
  e82 s1000 g122689 loss 0.8929 (c/l/t 0.484/0.282/0.006) 5.72h
  e82 s1200 g122889 loss 0.9671 (c/l/t 0.522/0.325/0.006) 5.73h
  e82 s1400 g123089 loss 1.2096 (c/l/t 0.532/0.533/0.007) 5.74h
epoch   82 train 1.0222 val 1.0545 lr 1.00e-04 5.74h
  e83 s0 g123173 loss 1.0127 (c/l/t 0.469/0.423/0.006) 5.74h
  e83 s200 g123373 loss 1.0171 (c/l/t 0.485/0.406/0.006) 5.75h
  e83 s400 g123573 loss 1.0476 (c/l/t 0.427/0.502/0.006) 5.76h
  e83 s600 g123773 loss 1.0480 (c/l/t 0.399/0.516/0.007) 5.76h
  e83 s800 g123973 loss 1.0602 (c/l/t 0.482/0.438/0.007) 5.77h
  e83 s1000 g124173 loss 0.8816 (c/l/t 0.474/0.291/0.006) 5.78h
  e83 s1200 g124373 loss 1.0026 (c/l/t 0.512/0.363/0.006) 5.79h
  e83 s1400 g124573 loss 0.9365 (c/l/t 0.475/0.347/0.006) 5.79h
epoch   83 train 1.0216 val 1.0219 lr 1.00e-04 5.80h
  e84 s0 g124657 loss 0.9801 (c/l/t 0.517/0.343/0.006) 5.80h
  e84 s200 g124857 loss 1.0736 (c/l/t 0.450/0.490/0.007) 5.80h
  e84 s400 g125057 loss 1.1108 (c/l/t 0.483/0.496/0.007) 5.81h
  e84 s600 g125257 loss 0.9476 (c/l/t 0.446/0.382/0.006) 5.82h
  e84 s800 g125457 loss 1.0492 (c/l/t 0.471/0.457/0.006) 5.83h
  e84 s1000 g125657 loss 1.0690 (c/l/t 0.510/0.435/0.006) 5.83h
  e84 s1200 g125857 loss 0.8248 (c/l/t 0.441/0.264/0.006) 5.84h
  e84 s1400 g126057 loss 0.8579 (c/l/t 0.406/0.326/0.006) 5.85h
epoch   84 train 1.0170 val 1.0222 lr 1.00e-04 5.85h
  e85 s0 g126141 loss 1.0829 (c/l/t 0.536/0.414/0.007) 5.85h
  e85 s200 g126341 loss 1.1074 (c/l/t 0.446/0.525/0.007) 5.86h
  e85 s400 g126541 loss 1.1394 (c/l/t 0.538/0.467/0.007) 5.87h
  e85 s600 g126741 loss 1.1166 (c/l/t 0.463/0.524/0.006) 5.87h
  e85 s800 g126941 loss 0.9274 (c/l/t 0.547/0.245/0.007) 5.88h
  e85 s1000 g127141 loss 1.0112 (c/l/t 0.420/0.466/0.006) 5.89h
  e85 s1200 g127341 loss 0.9906 (c/l/t 0.489/0.370/0.007) 5.90h
  e85 s1400 g127541 loss 1.0383 (c/l/t 0.429/0.486/0.006) 5.90h
epoch   85 train 1.0134 val 1.0252 lr 1.00e-04 5.91h
  e86 s0 g127625 loss 1.0695 (c/l/t 0.483/0.456/0.007) 5.91h
  e86 s200 g127825 loss 1.0273 (c/l/t 0.458/0.447/0.006) 5.91h
  e86 s400 g128025 loss 1.1030 (c/l/t 0.558/0.396/0.007) 5.92h
  e86 s600 g128225 loss 0.9780 (c/l/t 0.515/0.328/0.007) 5.93h
  e86 s800 g128425 loss 0.9745 (c/l/t 0.434/0.413/0.006) 5.94h
  e86 s1000 g128625 loss 1.1646 (c/l/t 0.474/0.560/0.006) 5.94h
  e86 s1200 g128825 loss 0.9265 (c/l/t 0.508/0.297/0.006) 5.95h
  e86 s1400 g129025 loss 0.8815 (c/l/t 0.431/0.339/0.006) 5.96h
epoch   86 train 1.0157 val 1.0254 lr 1.00e-04 5.96h
  e87 s0 g129109 loss 1.0310 (c/l/t 0.445/0.473/0.006) 5.96h
  e87 s200 g129309 loss 1.0282 (c/l/t 0.503/0.395/0.007) 5.97h
  e87 s400 g129509 loss 1.1374 (c/l/t 0.470/0.525/0.007) 5.98h
  e87 s600 g129709 loss 0.9279 (c/l/t 0.463/0.338/0.006) 5.98h
  e87 s800 g129909 loss 1.1662 (c/l/t 0.557/0.477/0.007) 5.99h
  e87 s1000 g130109 loss 0.9323 (c/l/t 0.409/0.417/0.005) 6.00h
  e87 s1200 g130309 loss 0.9502 (c/l/t 0.480/0.364/0.005) 6.01h
  e87 s1400 g130509 loss 0.8690 (c/l/t 0.483/0.259/0.006) 6.01h
epoch   87 train 1.0112 val 1.0090 lr 1.00e-04 6.02h
  e88 s0 g130593 loss 0.9792 (c/l/t 0.488/0.362/0.006) 6.02h
  e88 s200 g130793 loss 0.9056 (c/l/t 0.490/0.302/0.006) 6.02h
  e88 s400 g130993 loss 0.9436 (c/l/t 0.502/0.311/0.007) 6.03h
  e88 s600 g131193 loss 0.9123 (c/l/t 0.480/0.309/0.006) 6.04h
  e88 s800 g131393 loss 1.0803 (c/l/t 0.512/0.440/0.006) 6.05h
  e88 s1000 g131593 loss 0.8653 (c/l/t 0.387/0.362/0.006) 6.05h
  e88 s1200 g131793 loss 1.0230 (c/l/t 0.515/0.374/0.007) 6.06h
  e88 s1400 g131993 loss 1.2712 (c/l/t 0.470/0.656/0.007) 6.07h
epoch   88 train 1.0135 val 1.0323 lr 1.00e-04 6.07h
  e89 s0 g132077 loss 0.8512 (c/l/t 0.423/0.305/0.006) 6.07h
  e89 s200 g132277 loss 0.9011 (c/l/t 0.478/0.301/0.006) 6.08h
  e89 s400 g132477 loss 1.1099 (c/l/t 0.487/0.494/0.006) 6.09h
  e89 s600 g132677 loss 0.9276 (c/l/t 0.424/0.378/0.006) 6.09h
  e89 s800 g132877 loss 1.0710 (c/l/t 0.517/0.431/0.006) 6.10h
  e89 s1000 g133077 loss 0.9924 (c/l/t 0.473/0.403/0.006) 6.11h
  e89 s1200 g133277 loss 0.9834 (c/l/t 0.496/0.377/0.006) 6.12h
  e89 s1400 g133477 loss 0.8905 (c/l/t 0.482/0.290/0.006) 6.12h
epoch   89 train 1.0139 val 1.0216 lr 1.00e-04 6.13h
  e90 s0 g133561 loss 0.9966 (c/l/t 0.488/0.378/0.007) 6.13h
  e90 s200 g133761 loss 1.0572 (c/l/t 0.491/0.446/0.006) 6.13h
  e90 s400 g133961 loss 0.9615 (c/l/t 0.463/0.372/0.006) 6.14h
  e90 s600 g134161 loss 1.0404 (c/l/t 0.518/0.403/0.006) 6.15h
  e90 s800 g134361 loss 1.1159 (c/l/t 0.500/0.500/0.006) 6.16h
  e90 s1000 g134561 loss 1.0507 (c/l/t 0.506/0.416/0.006) 6.16h
  e90 s1200 g134761 loss 1.1022 (c/l/t 0.466/0.506/0.006) 6.17h
  e90 s1400 g134961 loss 0.8010 (c/l/t 0.446/0.232/0.006) 6.18h
epoch   90 train 1.0143 val 1.0221 lr 1.00e-04 6.18h
  e91 s0 g135045 loss 1.1164 (c/l/t 0.497/0.496/0.006) 6.18h
  e91 s200 g135245 loss 0.9415 (c/l/t 0.475/0.344/0.006) 6.19h
  e91 s400 g135445 loss 0.9718 (c/l/t 0.470/0.376/0.006) 6.20h
  e91 s600 g135645 loss 0.8722 (c/l/t 0.452/0.299/0.006) 6.20h
  e91 s800 g135845 loss 0.9034 (c/l/t 0.441/0.341/0.006) 6.21h
  e91 s1000 g136045 loss 1.0046 (c/l/t 0.489/0.393/0.006) 6.22h
  e91 s1200 g136245 loss 0.9609 (c/l/t 0.475/0.354/0.007) 6.23h
  e91 s1400 g136445 loss 0.9711 (c/l/t 0.477/0.370/0.006) 6.23h
epoch   91 train 1.0086 val 1.0192 lr 1.00e-04 6.24h
  e92 s0 g136529 loss 0.9604 (c/l/t 0.504/0.325/0.007) 6.24h
  e92 s200 g136729 loss 0.9816 (c/l/t 0.438/0.411/0.007) 6.25h
  e92 s400 g136929 loss 1.1385 (c/l/t 0.484/0.516/0.007) 6.25h
  e92 s600 g137129 loss 0.8560 (c/l/t 0.403/0.335/0.006) 6.26h
  e92 s800 g137329 loss 1.0867 (c/l/t 0.480/0.482/0.006) 6.27h
  e92 s1000 g137529 loss 1.0482 (c/l/t 0.471/0.456/0.006) 6.27h
  e92 s1200 g137729 loss 1.2272 (c/l/t 0.518/0.565/0.007) 6.28h
  e92 s1400 g137929 loss 1.0587 (c/l/t 0.496/0.438/0.006) 6.29h
epoch   92 train 1.0139 val 1.0405 lr 1.00e-04 6.29h
  e93 s0 g138013 loss 0.9213 (c/l/t 0.439/0.366/0.006) 6.29h
  e93 s200 g138213 loss 1.0869 (c/l/t 0.482/0.499/0.005) 6.30h
  e93 s400 g138413 loss 0.9161 (c/l/t 0.472/0.329/0.006) 6.31h
  e93 s600 g138613 loss 1.0200 (c/l/t 0.434/0.462/0.006) 6.32h
  e93 s800 g138813 loss 1.1963 (c/l/t 0.476/0.584/0.007) 6.32h
  e93 s1000 g139013 loss 1.1372 (c/l/t 0.521/0.489/0.006) 6.33h
  e93 s1200 g139213 loss 1.1567 (c/l/t 0.492/0.535/0.006) 6.34h
  e93 s1400 g139413 loss 0.9952 (c/l/t 0.471/0.402/0.006) 6.34h
epoch   93 train 1.0095 val 1.0178 lr 1.00e-04 6.35h
  e94 s0 g139497 loss 1.1856 (c/l/t 0.524/0.528/0.007) 6.35h
  e94 s200 g139697 loss 1.0199 (c/l/t 0.426/0.477/0.006) 6.36h
  e94 s400 g139897 loss 0.8321 (c/l/t 0.498/0.211/0.006) 6.36h
  e94 s600 g140097 loss 1.0244 (c/l/t 0.491/0.410/0.006) 6.37h
  e94 s800 g140297 loss 0.8366 (c/l/t 0.486/0.241/0.005) 6.38h
  e94 s1000 g140497 loss 1.0917 (c/l/t 0.455/0.500/0.007) 6.39h
  e94 s1200 g140697 loss 0.9927 (c/l/t 0.430/0.434/0.006) 6.39h
  e94 s1400 g140897 loss 0.9304 (c/l/t 0.458/0.337/0.007) 6.40h
epoch   94 train 1.0103 val 1.0238 lr 1.00e-04 6.40h
  e95 s0 g140981 loss 0.9551 (c/l/t 0.528/0.309/0.006) 6.40h
  e95 s200 g141181 loss 1.0342 (c/l/t 0.453/0.466/0.006) 6.41h
  e95 s400 g141381 loss 1.0013 (c/l/t 0.442/0.437/0.006) 6.42h
  e95 s600 g141581 loss 0.9671 (c/l/t 0.463/0.370/0.007) 6.43h
  e95 s800 g141781 loss 1.0582 (c/l/t 0.500/0.427/0.007) 6.43h
  e95 s1000 g141981 loss 1.0104 (c/l/t 0.455/0.433/0.006) 6.44h
  e95 s1200 g142181 loss 1.0107 (c/l/t 0.498/0.393/0.006) 6.45h
  e95 s1400 g142381 loss 1.1703 (c/l/t 0.524/0.511/0.007) 6.46h
epoch   95 train 1.0078 val 1.0287 lr 1.00e-04 6.46h
  e96 s0 g142465 loss 1.0210 (c/l/t 0.485/0.406/0.006) 6.46h
  e96 s200 g142665 loss 1.2943 (c/l/t 0.475/0.685/0.007) 6.47h
  e96 s400 g142865 loss 0.9380 (c/l/t 0.444/0.373/0.006) 6.47h
  e96 s600 g143065 loss 0.9283 (c/l/t 0.472/0.348/0.005) 6.48h
  e96 s800 g143265 loss 1.0158 (c/l/t 0.486/0.403/0.006) 6.49h
  e96 s1000 g143465 loss 1.0432 (c/l/t 0.499/0.422/0.006) 6.50h
  e96 s1200 g143665 loss 0.9493 (c/l/t 0.425/0.392/0.007) 6.50h
  e96 s1400 g143865 loss 0.9450 (c/l/t 0.489/0.330/0.006) 6.51h
epoch   96 train 1.0072 val 0.9884 lr 1.00e-04 6.51h
  e97 s0 g143949 loss 1.0239 (c/l/t 0.455/0.442/0.006) 6.51h
  e97 s200 g144149 loss 1.0815 (c/l/t 0.522/0.429/0.007) 6.52h
  e97 s400 g144349 loss 0.9636 (c/l/t 0.486/0.363/0.006) 6.53h
  e97 s600 g144549 loss 0.8980 (c/l/t 0.436/0.350/0.006) 6.54h
  e97 s800 g144749 loss 1.0425 (c/l/t 0.504/0.420/0.006) 6.54h
  e97 s1000 g144949 loss 1.0055 (c/l/t 0.487/0.384/0.007) 6.55h
  e97 s1200 g145149 loss 0.8065 (c/l/t 0.447/0.244/0.006) 6.56h
  e97 s1400 g145349 loss 0.9794 (c/l/t 0.492/0.364/0.006) 6.57h
epoch   97 train 1.0058 val 1.0252 lr 1.00e-04 6.57h
  e98 s0 g145433 loss 0.9954 (c/l/t 0.432/0.445/0.006) 6.57h
  e98 s200 g145633 loss 1.0401 (c/l/t 0.515/0.408/0.006) 6.58h
  e98 s400 g145833 loss 1.0931 (c/l/t 0.503/0.474/0.006) 6.58h
  e98 s600 g146033 loss 0.9809 (c/l/t 0.487/0.379/0.006) 6.59h
  e98 s800 g146233 loss 1.0407 (c/l/t 0.470/0.451/0.006) 6.60h
  e98 s1000 g146433 loss 0.9735 (c/l/t 0.479/0.374/0.006) 6.61h
  e98 s1200 g146633 loss 0.9912 (c/l/t 0.425/0.445/0.006) 6.61h
  e98 s1400 g146833 loss 1.0622 (c/l/t 0.512/0.422/0.006) 6.62h
epoch   98 train 1.0027 val 1.0123 lr 1.00e-04 6.62h
  e99 s0 g146917 loss 0.9661 (c/l/t 0.432/0.411/0.006) 6.62h
  e99 s200 g147117 loss 1.0217 (c/l/t 0.474/0.416/0.007) 6.63h
  e99 s400 g147317 loss 1.0759 (c/l/t 0.457/0.500/0.006) 6.64h
  e99 s600 g147517 loss 0.8937 (c/l/t 0.429/0.363/0.005) 6.65h
  e99 s800 g147717 loss 1.0484 (c/l/t 0.515/0.403/0.007) 6.65h
  e99 s1000 g147917 loss 0.9194 (c/l/t 0.458/0.337/0.006) 6.66h
  e99 s1200 g148117 loss 0.8402 (c/l/t 0.393/0.331/0.006) 6.67h
  e99 s1400 g148317 loss 0.8871 (c/l/t 0.444/0.323/0.006) 6.68h
epoch   99 train 1.0023 val 1.0195 lr 1.00e-04 6.68h
  e100 s0 g148401 loss 0.9111 (c/l/t 0.442/0.344/0.006) 6.68h
  e100 s200 g148601 loss 0.9601 (c/l/t 0.465/0.370/0.006) 6.69h
  e100 s400 g148801 loss 0.8710 (c/l/t 0.452/0.308/0.006) 6.69h
  e100 s600 g149001 loss 1.1460 (c/l/t 0.520/0.494/0.007) 6.70h
  e100 s800 g149201 loss 0.9386 (c/l/t 0.435/0.382/0.006) 6.71h
  e100 s1000 g149401 loss 0.8769 (c/l/t 0.418/0.343/0.006) 6.72h
  e100 s1200 g149601 loss 1.0668 (c/l/t 0.517/0.422/0.006) 6.72h
  e100 s1400 g149801 loss 1.2105 (c/l/t 0.495/0.597/0.006) 6.73h
epoch  100 train 1.0035 val 0.9928 lr 1.00e-04 6.74h
  e101 s0 g149885 loss 1.0980 (c/l/t 0.464/0.514/0.006) 6.74h
  e101 s200 g150085 loss 1.0217 (c/l/t 0.457/0.428/0.007) 6.74h
  e101 s400 g150285 loss 0.8566 (c/l/t 0.441/0.301/0.006) 6.75h
  e101 s600 g150485 loss 0.8605 (c/l/t 0.438/0.309/0.006) 6.76h
  e101 s800 g150685 loss 1.0163 (c/l/t 0.527/0.362/0.006) 6.76h
  e101 s1000 g150885 loss 0.9130 (c/l/t 0.482/0.308/0.006) 6.77h
  e101 s1200 g151085 loss 1.0455 (c/l/t 0.448/0.475/0.006) 6.78h
  e101 s1400 g151285 loss 0.9497 (c/l/t 0.454/0.378/0.006) 6.79h
epoch  101 train 1.0011 val 1.0409 lr 1.00e-04 6.79h
  e102 s0 g151369 loss 1.1146 (c/l/t 0.570/0.432/0.006) 6.79h
  e102 s200 g151569 loss 0.9549 (c/l/t 0.434/0.402/0.006) 6.80h
  e102 s400 g151769 loss 0.8904 (c/l/t 0.425/0.338/0.006) 6.81h
  e102 s600 g151969 loss 1.0152 (c/l/t 0.461/0.426/0.006) 6.81h
  e102 s800 g152169 loss 1.1070 (c/l/t 0.454/0.527/0.006) 6.82h
  e102 s1000 g152369 loss 0.8521 (c/l/t 0.427/0.304/0.006) 6.83h
  e102 s1200 g152569 loss 1.0013 (c/l/t 0.491/0.381/0.006) 6.83h
  e102 s1400 g152769 loss 1.0397 (c/l/t 0.491/0.420/0.006) 6.84h
epoch  102 train 1.0029 val 1.0096 lr 1.00e-04 6.85h
  e103 s0 g152853 loss 1.0556 (c/l/t 0.466/0.448/0.007) 6.85h
  e103 s200 g153053 loss 0.8902 (c/l/t 0.433/0.338/0.006) 6.85h
  e103 s400 g153253 loss 0.8447 (c/l/t 0.443/0.288/0.006) 6.86h
  e103 s600 g153453 loss 0.9711 (c/l/t 0.511/0.330/0.006) 6.87h
  e103 s800 g153653 loss 1.1682 (c/l/t 0.521/0.518/0.006) 6.88h
  e103 s1000 g153853 loss 0.9580 (c/l/t 0.429/0.412/0.006) 6.88h
  e103 s1200 g154053 loss 0.9863 (c/l/t 0.444/0.418/0.006) 6.89h
  e103 s1400 g154253 loss 1.0531 (c/l/t 0.437/0.483/0.007) 6.90h
epoch  103 train 0.9999 val 1.0142 lr 1.00e-04 6.90h
  e104 s0 g154337 loss 0.9648 (c/l/t 0.438/0.397/0.006) 6.90h
  e104 s200 g154537 loss 0.7521 (c/l/t 0.429/0.213/0.006) 6.91h
  e104 s400 g154737 loss 0.8951 (c/l/t 0.455/0.320/0.006) 6.92h
  e104 s600 g154937 loss 1.0362 (c/l/t 0.465/0.446/0.006) 6.92h
  e104 s800 g155137 loss 1.0225 (c/l/t 0.389/0.514/0.006) 6.93h
  e104 s1000 g155337 loss 0.9019 (c/l/t 0.448/0.338/0.006) 6.94h
  e104 s1200 g155537 loss 0.9742 (c/l/t 0.485/0.372/0.006) 6.95h
  e104 s1400 g155737 loss 0.9276 (c/l/t 0.448/0.340/0.007) 6.95h
epoch  104 train 0.9978 val 1.0085 lr 1.00e-04 6.96h
  e105 s0 g155821 loss 0.9265 (c/l/t 0.394/0.407/0.006) 6.96h
  e105 s200 g156021 loss 1.0548 (c/l/t 0.475/0.446/0.007) 6.96h
  e105 s400 g156221 loss 1.2548 (c/l/t 0.450/0.666/0.007) 6.97h
  e105 s600 g156421 loss 1.0765 (c/l/t 0.459/0.484/0.007) 6.98h
  e105 s800 g156621 loss 1.0425 (c/l/t 0.449/0.462/0.007) 6.99h
  e105 s1000 g156821 loss 0.9180 (c/l/t 0.483/0.305/0.006) 6.99h
  e105 s1200 g157021 loss 0.9220 (c/l/t 0.438/0.355/0.006) 7.00h
  e105 s1400 g157221 loss 1.2080 (c/l/t 0.450/0.634/0.006) 7.01h
epoch  105 train 0.9988 val 1.0114 lr 1.00e-04 7.01h
  e106 s0 g157305 loss 0.9074 (c/l/t 0.435/0.360/0.006) 7.01h
  e106 s200 g157505 loss 1.1222 (c/l/t 0.508/0.468/0.007) 7.02h
  e106 s400 g157705 loss 1.0396 (c/l/t 0.437/0.474/0.006) 7.03h
  e106 s600 g157905 loss 0.9913 (c/l/t 0.487/0.384/0.006) 7.03h
  e106 s800 g158105 loss 0.9444 (c/l/t 0.441/0.382/0.006) 7.04h
  e106 s1000 g158305 loss 0.9859 (c/l/t 0.421/0.444/0.006) 7.05h
  e106 s1200 g158505 loss 0.9558 (c/l/t 0.503/0.341/0.006) 7.06h
  e106 s1400 g158705 loss 1.2087 (c/l/t 0.561/0.522/0.006) 7.06h
epoch  106 train 0.9993 val 1.0151 lr 1.00e-04 7.07h
  e107 s0 g158789 loss 0.9927 (c/l/t 0.536/0.332/0.006) 7.07h
  e107 s200 g158989 loss 0.8303 (c/l/t 0.439/0.269/0.006) 7.08h
  e107 s400 g159189 loss 1.0340 (c/l/t 0.474/0.442/0.006) 7.08h
  e107 s600 g159389 loss 1.2133 (c/l/t 0.482/0.591/0.007) 7.09h
  e107 s800 g159589 loss 1.0303 (c/l/t 0.444/0.471/0.006) 7.10h
  e107 s1000 g159789 loss 0.9826 (c/l/t 0.431/0.421/0.007) 7.10h
  e107 s1200 g159989 loss 0.9111 (c/l/t 0.465/0.323/0.006) 7.11h
  e107 s1400 g160189 loss 1.2219 (c/l/t 0.484/0.615/0.006) 7.12h
epoch  107 train 0.9956 val 0.9731 lr 1.00e-04 7.12h
  e108 s0 g160273 loss 1.1598 (c/l/t 0.484/0.539/0.007) 7.12h
  e108 s200 g160473 loss 0.8565 (c/l/t 0.457/0.275/0.006) 7.13h
  e108 s400 g160673 loss 1.0214 (c/l/t 0.485/0.408/0.006) 7.14h
  e108 s600 g160873 loss 1.1058 (c/l/t 0.478/0.496/0.007) 7.15h
  e108 s800 g161073 loss 1.0403 (c/l/t 0.474/0.439/0.006) 7.15h
  e108 s1000 g161273 loss 0.9706 (c/l/t 0.444/0.393/0.007) 7.16h
  e108 s1200 g161473 loss 1.2954 (c/l/t 0.434/0.724/0.007) 7.17h
  e108 s1400 g161673 loss 0.9821 (c/l/t 0.461/0.397/0.006) 7.17h
epoch  108 train 0.9970 val 1.0179 lr 1.00e-04 7.18h
  e109 s0 g161757 loss 1.0233 (c/l/t 0.442/0.450/0.007) 7.18h
  e109 s200 g161957 loss 1.2046 (c/l/t 0.503/0.558/0.007) 7.19h
  e109 s400 g162157 loss 1.0403 (c/l/t 0.447/0.463/0.007) 7.19h
  e109 s600 g162357 loss 0.8948 (c/l/t 0.447/0.319/0.006) 7.20h
  e109 s800 g162557 loss 0.9006 (c/l/t 0.387/0.395/0.006) 7.21h
  e109 s1000 g162757 loss 0.9519 (c/l/t 0.474/0.346/0.007) 7.22h
  e109 s1200 g162957 loss 1.0959 (c/l/t 0.455/0.512/0.006) 7.22h
  e109 s1400 g163157 loss 1.0276 (c/l/t 0.440/0.454/0.007) 7.23h
epoch  109 train 0.9937 val 1.0154 lr 1.00e-04 7.23h
  e110 s0 g163241 loss 1.0993 (c/l/t 0.451/0.518/0.007) 7.23h
  e110 s200 g163441 loss 0.9686 (c/l/t 0.442/0.411/0.006) 7.24h
  e110 s400 g163641 loss 1.0009 (c/l/t 0.496/0.379/0.006) 7.25h
  e110 s600 g163841 loss 1.2155 (c/l/t 0.518/0.580/0.006) 7.26h
  e110 s800 g164041 loss 1.0666 (c/l/t 0.393/0.543/0.007) 7.26h
  e110 s1000 g164241 loss 1.0468 (c/l/t 0.488/0.438/0.006) 7.27h
  e110 s1200 g164441 loss 0.8784 (c/l/t 0.402/0.357/0.006) 7.28h
  e110 s1400 g164641 loss 1.0918 (c/l/t 0.423/0.546/0.006) 7.29h
epoch  110 train 0.9960 val 0.9817 lr 1.00e-04 7.29h
  e111 s0 g164725 loss 1.0313 (c/l/t 0.470/0.451/0.006) 7.29h
  e111 s200 g164925 loss 0.8571 (c/l/t 0.396/0.341/0.006) 7.30h
  e111 s400 g165125 loss 1.0273 (c/l/t 0.461/0.430/0.007) 7.30h
  e111 s600 g165325 loss 0.8671 (c/l/t 0.448/0.296/0.006) 7.31h
  e111 s800 g165525 loss 1.0225 (c/l/t 0.456/0.433/0.007) 7.32h
  e111 s1000 g165725 loss 1.0997 (c/l/t 0.452/0.516/0.007) 7.33h
  e111 s1200 g165925 loss 1.1483 (c/l/t 0.497/0.516/0.007) 7.33h
  e111 s1400 g166125 loss 0.9206 (c/l/t 0.455/0.346/0.006) 7.34h
epoch  111 train 0.9944 val 1.0171 lr 1.00e-04 7.34h
  e112 s0 g166209 loss 1.0563 (c/l/t 0.526/0.417/0.006) 7.34h
  e112 s200 g166409 loss 0.9941 (c/l/t 0.435/0.431/0.006) 7.35h
  e112 s400 g166609 loss 0.8619 (c/l/t 0.429/0.309/0.006) 7.36h
  e112 s600 g166809 loss 0.8716 (c/l/t 0.442/0.305/0.006) 7.37h
  e112 s800 g167009 loss 1.0614 (c/l/t 0.438/0.500/0.006) 7.37h
  e112 s1000 g167209 loss 1.0295 (c/l/t 0.425/0.465/0.007) 7.38h
  e112 s1200 g167409 loss 1.0521 (c/l/t 0.468/0.462/0.006) 7.39h
  e112 s1400 g167609 loss 0.9248 (c/l/t 0.416/0.395/0.006) 7.40h
epoch  112 train 0.9912 val 1.0210 lr 1.00e-04 7.40h
  e113 s0 g167693 loss 0.9716 (c/l/t 0.410/0.440/0.006) 7.40h
  e113 s200 g167893 loss 1.0572 (c/l/t 0.513/0.425/0.006) 7.41h
  e113 s400 g168093 loss 1.1956 (c/l/t 0.526/0.527/0.007) 7.41h
  e113 s600 g168293 loss 0.9602 (c/l/t 0.439/0.389/0.007) 7.42h
  e113 s800 g168493 loss 1.0276 (c/l/t 0.521/0.381/0.006) 7.43h
  e113 s1000 g168693 loss 1.0148 (c/l/t 0.455/0.425/0.007) 7.44h
  e113 s1200 g168893 loss 0.8803 (c/l/t 0.481/0.286/0.006) 7.44h
  e113 s1400 g169093 loss 0.8740 (c/l/t 0.458/0.288/0.006) 7.45h
epoch  113 train 0.9956 val 1.0150 lr 1.00e-04 7.45h
  e114 s0 g169177 loss 1.0325 (c/l/t 0.455/0.459/0.006) 7.45h
  e114 s200 g169377 loss 0.9684 (c/l/t 0.491/0.360/0.006) 7.46h
  e114 s400 g169577 loss 0.8613 (c/l/t 0.459/0.277/0.006) 7.47h
  e114 s600 g169777 loss 1.0288 (c/l/t 0.445/0.457/0.006) 7.48h
  e114 s800 g169977 loss 0.9989 (c/l/t 0.475/0.408/0.006) 7.48h
  e114 s1000 g170177 loss 1.0138 (c/l/t 0.463/0.415/0.007) 7.49h
epoch  114 train 0.9985 val 1.0141 lr 1.00e-04 7.50h
wallclock budget reached at epoch 114
done. best val 0.9731 -> checkpoints/gen_150k.ckpt (latest -> checkpoints/gen_150k_latest.ckpt)
=== overnight done ma 25 mei 2026  8:39:18 CEST ===
summary -> /home/satya/projects/invdes/InvDesFlow-AL/logs/overnight_al_150k_summary.txt
