=== overnight start zo 17 mei 2026 20:44:46 CEST ===
[zo 17 mei 2026 20:44:46 CEST] conversions complete: alex=540162 gnome=150000
  scanned data_raw/alex_mp_20.jsonl: seen=540162 kept=527558 (7s)
  scanned data_raw/gnome.jsonl: seen=690162 kept=593148 (8s)
buckets=7032 spacegroups=180 kept=593148 -> selected=150000 -> data_raw/pretrain.jsonl (9s)
[zo 17 mei 2026 20:44:57 CEST] manifest: 150000 records
records=150000 train_batches=1484 val_batches=59 batch=96 device=cuda budget=7.0h
auto-batch -> 96
  e0 s0 g1 loss 37.6040 (c/l/t 0.859/1.314/1.772) 0.00h
  e0 s200 g201 loss 9.1377 (c/l/t 0.847/0.958/0.367) 0.02h
  e0 s400 g401 loss 5.7231 (c/l/t 0.743/0.995/0.199) 0.03h
  e0 s600 g601 loss 4.3897 (c/l/t 0.796/0.933/0.133) 0.05h
  e0 s800 g801 loss 4.3369 (c/l/t 0.730/0.953/0.133) 0.06h
  e0 s1000 g1001 loss 4.9926 (c/l/t 0.770/0.904/0.166) 0.08h
  e0 s1200 g1201 loss 3.4914 (c/l/t 0.686/0.942/0.093) 0.09h
  e0 s1400 g1401 loss 3.7740 (c/l/t 0.744/0.980/0.102) 0.11h
epoch    0 train 5.9506 val 3.7654 lr 1.00e-04 0.11h
  e1 s0 g1485 loss 3.6303 (c/l/t 0.698/0.866/0.103) 0.11h
  e1 s200 g1685 loss 2.9507 (c/l/t 0.691/0.946/0.066) 0.13h
  e1 s400 g1885 loss 3.1200 (c/l/t 0.679/0.893/0.077) 0.14h
  e1 s600 g2085 loss 3.4445 (c/l/t 0.620/0.916/0.095) 0.16h
  e1 s800 g2285 loss 3.2596 (c/l/t 0.716/0.822/0.086) 0.17h
  e1 s1000 g2485 loss 3.8991 (c/l/t 0.674/0.945/0.114) 0.19h
  e1 s1200 g2685 loss 3.1112 (c/l/t 0.680/0.928/0.075) 0.20h
  e1 s1400 g2885 loss 3.6322 (c/l/t 0.716/0.856/0.103) 0.22h
epoch    1 train 3.3978 val 3.1849 lr 1.00e-04 0.23h
  e2 s0 g2969 loss 2.9419 (c/l/t 0.697/0.860/0.069) 0.23h
  e2 s200 g3169 loss 3.4291 (c/l/t 0.670/0.872/0.094) 0.24h
  e2 s400 g3369 loss 3.1415 (c/l/t 0.586/1.004/0.078) 0.26h
  e2 s600 g3569 loss 3.1249 (c/l/t 0.689/0.879/0.078) 0.27h
  e2 s800 g3769 loss 3.6585 (c/l/t 0.698/0.899/0.103) 0.29h
  e2 s1000 g3969 loss 2.5172 (c/l/t 0.598/0.893/0.051) 0.30h
  e2 s1200 g4169 loss 2.6952 (c/l/t 0.583/0.942/0.059) 0.32h
  e2 s1400 g4369 loss 2.7172 (c/l/t 0.577/0.941/0.060) 0.33h
epoch    2 train 2.9519 val 2.6170 lr 1.00e-04 0.34h
  e3 s0 g4453 loss 2.5698 (c/l/t 0.689/0.861/0.051) 0.34h
  e3 s200 g4653 loss 2.5012 (c/l/t 0.689/0.909/0.045) 0.36h
  e3 s400 g4853 loss 2.7586 (c/l/t 0.685/0.904/0.058) 0.37h
  e3 s600 g5053 loss 2.1957 (c/l/t 0.600/0.928/0.033) 0.39h
  e3 s800 g5253 loss 2.5147 (c/l/t 0.699/0.943/0.044) 0.40h
  e3 s1000 g5453 loss 2.2192 (c/l/t 0.634/0.916/0.033) 0.42h
  e3 s1200 g5653 loss 2.3836 (c/l/t 0.694/0.846/0.042) 0.43h
  e3 s1400 g5853 loss 2.5737 (c/l/t 0.680/0.920/0.049) 0.45h
epoch    3 train 2.4524 val 2.3496 lr 1.00e-04 0.45h
  e4 s0 g5937 loss 2.1464 (c/l/t 0.619/0.921/0.030) 0.45h
  e4 s200 g6137 loss 2.3929 (c/l/t 0.640/0.853/0.045) 0.47h
  e4 s400 g6337 loss 2.3921 (c/l/t 0.677/0.999/0.036) 0.48h
  e4 s600 g6537 loss 2.2773 (c/l/t 0.644/0.930/0.035) 0.50h
  e4 s800 g6737 loss 1.9480 (c/l/t 0.597/0.866/0.024) 0.51h
  e4 s1000 g6937 loss 2.1025 (c/l/t 0.609/0.832/0.033) 0.53h
  e4 s1200 g7137 loss 2.1102 (c/l/t 0.557/1.017/0.027) 0.54h
  e4 s1400 g7337 loss 2.1578 (c/l/t 0.614/0.936/0.030) 0.56h
epoch    4 train 2.2372 val 2.1830 lr 1.00e-04 0.57h
  e5 s0 g7421 loss 2.1222 (c/l/t 0.659/0.948/0.026) 0.57h
  e5 s200 g7621 loss 2.0626 (c/l/t 0.679/0.826/0.028) 0.58h
  e5 s400 g7821 loss 2.3717 (c/l/t 0.645/0.921/0.040) 0.60h
  e5 s600 g8021 loss 2.3914 (c/l/t 0.618/1.012/0.038) 0.61h
  e5 s800 g8221 loss 2.4173 (c/l/t 0.654/0.995/0.038) 0.63h
  e5 s1000 g8421 loss 2.0010 (c/l/t 0.604/0.899/0.025) 0.64h
  e5 s1200 g8621 loss 1.9426 (c/l/t 0.616/0.889/0.022) 0.66h
  e5 s1400 g8821 loss 2.1613 (c/l/t 0.650/0.948/0.028) 0.67h
epoch    5 train 2.1239 val 2.0636 lr 1.00e-04 0.68h
  e6 s0 g8905 loss 2.0174 (c/l/t 0.638/0.935/0.022) 0.68h
  e6 s200 g9105 loss 1.9605 (c/l/t 0.617/0.845/0.025) 0.70h
  e6 s400 g9305 loss 2.2337 (c/l/t 0.607/0.970/0.033) 0.71h
  e6 s600 g9505 loss 2.0967 (c/l/t 0.653/0.872/0.029) 0.73h
  e6 s800 g9705 loss 2.0780 (c/l/t 0.660/0.918/0.025) 0.74h
  e6 s1000 g9905 loss 2.0251 (c/l/t 0.632/0.847/0.027) 0.76h
  e6 s1200 g10105 loss 1.9423 (c/l/t 0.602/0.954/0.019) 0.77h
  e6 s1400 g10305 loss 2.0316 (c/l/t 0.543/0.867/0.031) 0.79h
epoch    6 train 2.0307 val 1.9782 lr 1.00e-04 0.79h
  e7 s0 g10389 loss 2.0586 (c/l/t 0.601/0.813/0.032) 0.79h
  e7 s200 g10589 loss 2.0637 (c/l/t 0.608/0.878/0.029) 0.81h
  e7 s400 g10789 loss 1.9259 (c/l/t 0.608/0.899/0.021) 0.82h
  e7 s600 g10989 loss 1.9596 (c/l/t 0.578/0.842/0.027) 0.84h
  e7 s800 g11189 loss 1.8223 (c/l/t 0.527/0.868/0.021) 0.85h
  e7 s1000 g11389 loss 1.9078 (c/l/t 0.564/0.837/0.025) 0.87h
  e7 s1200 g11589 loss 1.8884 (c/l/t 0.634/0.801/0.023) 0.88h
  e7 s1400 g11789 loss 1.9726 (c/l/t 0.600/0.846/0.026) 0.90h
epoch    7 train 1.9749 val 1.9251 lr 1.00e-04 0.91h
  e8 s0 g11873 loss 1.9938 (c/l/t 0.579/0.862/0.028) 0.91h
  e8 s200 g12073 loss 1.9260 (c/l/t 0.584/0.913/0.021) 0.92h
  e8 s400 g12273 loss 1.9773 (c/l/t 0.611/0.823/0.027) 0.94h
  e8 s600 g12473 loss 1.7812 (c/l/t 0.546/0.845/0.019) 0.95h
  e8 s800 g12673 loss 1.8637 (c/l/t 0.565/0.838/0.023) 0.97h
  e8 s1000 g12873 loss 2.0221 (c/l/t 0.608/0.951/0.023) 0.98h
  e8 s1200 g13073 loss 1.8328 (c/l/t 0.617/0.814/0.020) 1.00h
  e8 s1400 g13273 loss 1.8733 (c/l/t 0.513/0.936/0.021) 1.01h
epoch    8 train 1.9199 val 1.8756 lr 1.00e-04 1.02h
  e9 s0 g13357 loss 2.0375 (c/l/t 0.630/0.860/0.027) 1.02h
  e9 s200 g13557 loss 2.0797 (c/l/t 0.599/0.977/0.025) 1.03h
  e9 s400 g13757 loss 2.0197 (c/l/t 0.585/0.842/0.030) 1.05h
  e9 s600 g13957 loss 1.7342 (c/l/t 0.565/0.833/0.017) 1.06h
  e9 s800 g14157 loss 1.7706 (c/l/t 0.575/0.837/0.018) 1.08h
  e9 s1000 g14357 loss 1.8900 (c/l/t 0.590/0.878/0.021) 1.10h
  e9 s1200 g14557 loss 1.8452 (c/l/t 0.609/0.840/0.020) 1.11h
  e9 s1400 g14757 loss 1.8623 (c/l/t 0.573/0.876/0.021) 1.13h
epoch    9 train 1.8855 val 1.8377 lr 1.00e-04 1.13h
  e10 s0 g14841 loss 1.6308 (c/l/t 0.525/0.821/0.014) 1.13h
  e10 s200 g15041 loss 1.7946 (c/l/t 0.519/0.907/0.018) 1.15h
  e10 s400 g15241 loss 1.9191 (c/l/t 0.605/0.913/0.020) 1.16h
  e10 s600 g15441 loss 1.7303 (c/l/t 0.546/0.821/0.018) 1.18h
  e10 s800 g15641 loss 1.9240 (c/l/t 0.609/0.916/0.020) 1.19h
  e10 s1000 g15841 loss 2.0231 (c/l/t 0.567/0.899/0.028) 1.21h
  e10 s1200 g16041 loss 1.7176 (c/l/t 0.576/0.852/0.015) 1.22h
  e10 s1400 g16241 loss 1.8106 (c/l/t 0.577/0.868/0.018) 1.24h
epoch   10 train 1.8510 val 1.8248 lr 1.00e-04 1.25h
  e11 s0 g16325 loss 1.7775 (c/l/t 0.611/0.837/0.016) 1.25h
  e11 s200 g16525 loss 1.7732 (c/l/t 0.546/0.787/0.022) 1.26h
  e11 s400 g16725 loss 1.6805 (c/l/t 0.531/0.875/0.014) 1.28h
  e11 s600 g16925 loss 1.8155 (c/l/t 0.583/0.860/0.019) 1.29h
  e11 s800 g17125 loss 1.8311 (c/l/t 0.624/0.840/0.018) 1.31h
  e11 s1000 g17325 loss 1.8443 (c/l/t 0.583/0.876/0.019) 1.32h
  e11 s1200 g17525 loss 1.8203 (c/l/t 0.555/0.884/0.019) 1.34h
  e11 s1400 g17725 loss 1.7375 (c/l/t 0.560/0.794/0.019) 1.35h
epoch   11 train 1.8125 val 1.8097 lr 1.00e-04 1.36h
  e12 s0 g17809 loss 1.6903 (c/l/t 0.542/0.811/0.017) 1.36h
  e12 s200 g18009 loss 1.7748 (c/l/t 0.587/0.809/0.019) 1.37h
  e12 s400 g18209 loss 1.7849 (c/l/t 0.626/0.793/0.018) 1.39h
  e12 s600 g18409 loss 1.6833 (c/l/t 0.502/0.847/0.017) 1.41h
  e12 s800 g18609 loss 1.7788 (c/l/t 0.570/0.911/0.015) 1.42h
  e12 s1000 g18809 loss 1.5305 (c/l/t 0.494/0.817/0.011) 1.44h
  e12 s1200 g19009 loss 1.8366 (c/l/t 0.579/0.899/0.018) 1.45h
  e12 s1400 g19209 loss 1.7314 (c/l/t 0.572/0.856/0.015) 1.47h
epoch   12 train 1.7906 val 1.8166 lr 1.00e-04 1.47h
  e13 s0 g19293 loss 1.7063 (c/l/t 0.557/0.862/0.014) 1.47h
  e13 s200 g19493 loss 1.7107 (c/l/t 0.595/0.835/0.014) 1.49h
  e13 s400 g19693 loss 1.8061 (c/l/t 0.623/0.822/0.018) 1.50h
  e13 s600 g19893 loss 1.5650 (c/l/t 0.519/0.768/0.014) 1.52h
  e13 s800 g20093 loss 1.7857 (c/l/t 0.570/0.850/0.018) 1.53h
  e13 s1000 g20293 loss 2.0020 (c/l/t 0.593/0.868/0.027) 1.55h
  e13 s1200 g20493 loss 1.7368 (c/l/t 0.563/0.854/0.016) 1.56h
  e13 s1400 g20693 loss 1.7008 (c/l/t 0.558/0.868/0.014) 1.58h
epoch   13 train 1.7671 val 1.7283 lr 1.00e-04 1.59h
  e14 s0 g20777 loss 1.8817 (c/l/t 0.595/0.928/0.018) 1.59h
  e14 s200 g20977 loss 1.6194 (c/l/t 0.539/0.844/0.012) 1.60h
  e14 s400 g21177 loss 1.7802 (c/l/t 0.585/0.854/0.017) 1.62h
  e14 s600 g21377 loss 1.8424 (c/l/t 0.607/0.831/0.020) 1.63h
  e14 s800 g21577 loss 1.7145 (c/l/t 0.590/0.839/0.014) 1.65h
  e14 s1000 g21777 loss 1.9017 (c/l/t 0.564/0.919/0.021) 1.66h
  e14 s1200 g21977 loss 1.7445 (c/l/t 0.522/0.846/0.019) 1.68h
  e14 s1400 g22177 loss 1.7557 (c/l/t 0.587/0.832/0.017) 1.69h
epoch   14 train 1.7538 val 1.7593 lr 1.00e-04 1.70h
  e15 s0 g22261 loss 1.6632 (c/l/t 0.482/0.885/0.015) 1.70h
  e15 s200 g22461 loss 1.7658 (c/l/t 0.560/0.909/0.015) 1.71h
  e15 s400 g22661 loss 1.7590 (c/l/t 0.550/0.861/0.017) 1.73h
  e15 s600 g22861 loss 1.7343 (c/l/t 0.563/0.847/0.016) 1.75h
  e15 s800 g23061 loss 1.9666 (c/l/t 0.635/0.843/0.024) 1.76h
  e15 s1000 g23261 loss 1.6565 (c/l/t 0.547/0.807/0.015) 1.78h
  e15 s1200 g23461 loss 1.6269 (c/l/t 0.474/0.880/0.014) 1.79h
  e15 s1400 g23661 loss 1.6397 (c/l/t 0.525/0.820/0.015) 1.81h
epoch   15 train 1.7303 val 1.7517 lr 1.00e-04 1.81h
  e16 s0 g23745 loss 1.7126 (c/l/t 0.520/0.900/0.015) 1.81h
  e16 s200 g23945 loss 1.6545 (c/l/t 0.521/0.859/0.014) 1.83h
  e16 s400 g24145 loss 1.7051 (c/l/t 0.540/0.801/0.018) 1.84h
  e16 s600 g24345 loss 1.7627 (c/l/t 0.524/0.879/0.018) 1.86h
  e16 s800 g24545 loss 1.6540 (c/l/t 0.571/0.806/0.014) 1.87h
  e16 s1000 g24745 loss 1.7469 (c/l/t 0.612/0.881/0.013) 1.89h
  e16 s1200 g24945 loss 1.6643 (c/l/t 0.499/0.878/0.014) 1.90h
  e16 s1400 g25145 loss 1.8142 (c/l/t 0.528/0.880/0.020) 1.92h
epoch   16 train 1.7151 val 1.7100 lr 1.00e-04 1.93h
  e17 s0 g25229 loss 1.6370 (c/l/t 0.532/0.839/0.013) 1.93h
  e17 s200 g25429 loss 1.9304 (c/l/t 0.538/0.828/0.028) 1.94h
  e17 s400 g25629 loss 1.8043 (c/l/t 0.543/0.799/0.023) 1.96h
  e17 s600 g25829 loss 1.8866 (c/l/t 0.573/0.909/0.020) 1.97h
  e17 s800 g26029 loss 1.5570 (c/l/t 0.522/0.785/0.013) 1.99h
  e17 s1000 g26229 loss 1.5013 (c/l/t 0.495/0.753/0.013) 2.00h
  e17 s1200 g26429 loss 1.9388 (c/l/t 0.548/0.870/0.026) 2.02h
  e17 s1400 g26629 loss 1.9219 (c/l/t 0.579/0.921/0.021) 2.03h
epoch   17 train 1.6992 val 1.6941 lr 1.00e-04 2.04h
  e18 s0 g26713 loss 1.5948 (c/l/t 0.548/0.793/0.013) 2.04h
  e18 s200 g26913 loss 1.6438 (c/l/t 0.550/0.800/0.015) 2.06h
  e18 s400 g27113 loss 1.7547 (c/l/t 0.511/0.896/0.017) 2.07h
  e18 s600 g27313 loss 1.5874 (c/l/t 0.535/0.804/0.012) 2.09h
  e18 s800 g27513 loss 1.6149 (c/l/t 0.523/0.798/0.015) 2.10h
  e18 s1000 g27713 loss 1.7155 (c/l/t 0.528/0.826/0.018) 2.12h
  e18 s1200 g27913 loss 1.7853 (c/l/t 0.582/0.834/0.018) 2.13h
  e18 s1400 g28113 loss 1.6246 (c/l/t 0.491/0.852/0.014) 2.15h
epoch   18 train 1.6847 val 1.6495 lr 1.00e-04 2.15h
  e19 s0 g28197 loss 1.6484 (c/l/t 0.510/0.914/0.011) 2.15h
  e19 s200 g28397 loss 1.7159 (c/l/t 0.503/0.826/0.019) 2.17h
  e19 s400 g28597 loss 1.5812 (c/l/t 0.501/0.808/0.014) 2.18h
  e19 s600 g28797 loss 1.7401 (c/l/t 0.570/0.867/0.015) 2.20h
  e19 s800 g28997 loss 1.5614 (c/l/t 0.516/0.829/0.011) 2.21h
  e19 s1000 g29197 loss 1.6630 (c/l/t 0.535/0.799/0.016) 2.23h
  e19 s1200 g29397 loss 1.6467 (c/l/t 0.533/0.816/0.015) 2.24h
  e19 s1400 g29597 loss 1.8397 (c/l/t 0.558/0.807/0.024) 2.26h
epoch   19 train 1.6741 val 1.6557 lr 1.00e-04 2.27h
  e20 s0 g29681 loss 1.6413 (c/l/t 0.558/0.809/0.014) 2.27h
  e20 s200 g29881 loss 1.6912 (c/l/t 0.490/0.952/0.012) 2.28h
  e20 s400 g30081 loss 1.6981 (c/l/t 0.555/0.856/0.014) 2.30h
  e20 s600 g30281 loss 1.6766 (c/l/t 0.559/0.853/0.013) 2.31h
  e20 s800 g30481 loss 1.6389 (c/l/t 0.552/0.854/0.012) 2.33h
  e20 s1000 g30681 loss 1.6623 (c/l/t 0.540/0.828/0.015) 2.34h
  e20 s1200 g30881 loss 1.6891 (c/l/t 0.591/0.819/0.014) 2.36h
  e20 s1400 g31081 loss 1.6079 (c/l/t 0.477/0.791/0.017) 2.37h
epoch   20 train 1.6636 val 1.6228 lr 1.00e-04 2.38h
  e21 s0 g31165 loss 1.6252 (c/l/t 0.549/0.804/0.014) 2.38h
  e21 s200 g31365 loss 1.8984 (c/l/t 0.601/0.911/0.019) 2.40h
  e21 s400 g31565 loss 1.6647 (c/l/t 0.560/0.781/0.016) 2.41h
  e21 s600 g31765 loss 1.7543 (c/l/t 0.577/0.805/0.019) 2.43h
  e21 s800 g31965 loss 1.7016 (c/l/t 0.573/0.831/0.015) 2.44h
  e21 s1000 g32165 loss 1.6459 (c/l/t 0.538/0.833/0.014) 2.46h
  e21 s1200 g32365 loss 1.7004 (c/l/t 0.551/0.822/0.016) 2.47h
  e21 s1400 g32565 loss 1.7678 (c/l/t 0.590/0.851/0.016) 2.49h
epoch   21 train 1.6439 val 1.6319 lr 1.00e-04 2.49h
  e22 s0 g32649 loss 1.5346 (c/l/t 0.492/0.777/0.013) 2.49h
  e22 s200 g32849 loss 1.6857 (c/l/t 0.568/0.711/0.020) 2.51h
  e22 s400 g33049 loss 1.5793 (c/l/t 0.506/0.800/0.014) 2.52h
  e22 s600 g33249 loss 1.6026 (c/l/t 0.521/0.825/0.013) 2.54h
  e22 s800 g33449 loss 1.6359 (c/l/t 0.557/0.842/0.012) 2.55h
  e22 s1000 g33649 loss 1.6011 (c/l/t 0.526/0.811/0.013) 2.57h
  e22 s1200 g33849 loss 1.5474 (c/l/t 0.528/0.767/0.013) 2.58h
  e22 s1400 g34049 loss 1.5847 (c/l/t 0.490/0.849/0.012) 2.60h
epoch   22 train 1.6428 val 1.6375 lr 1.00e-04 2.61h
  e23 s0 g34133 loss 1.6346 (c/l/t 0.524/0.817/0.015) 2.61h
  e23 s200 g34333 loss 1.7487 (c/l/t 0.558/0.852/0.017) 2.62h
  e23 s400 g34533 loss 1.6442 (c/l/t 0.517/0.832/0.015) 2.64h
  e23 s600 g34733 loss 1.7092 (c/l/t 0.530/0.877/0.015) 2.65h
  e23 s800 g34933 loss 1.8394 (c/l/t 0.570/0.861/0.020) 2.67h
  e23 s1000 g35133 loss 1.6537 (c/l/t 0.517/0.865/0.014) 2.68h
  e23 s1200 g35333 loss 1.7700 (c/l/t 0.547/0.876/0.017) 2.70h
  e23 s1400 g35533 loss 1.4218 (c/l/t 0.434/0.794/0.010) 2.71h
epoch   23 train 1.6293 val 1.6055 lr 1.00e-04 2.72h
  e24 s0 g35617 loss 1.5807 (c/l/t 0.521/0.801/0.013) 2.72h
  e24 s200 g35817 loss 1.6569 (c/l/t 0.565/0.821/0.014) 2.74h
  e24 s400 g36017 loss 1.6511 (c/l/t 0.521/0.828/0.015) 2.75h
  e24 s600 g36217 loss 1.6233 (c/l/t 0.507/0.836/0.014) 2.77h
  e24 s800 g36417 loss 1.6618 (c/l/t 0.556/0.843/0.013) 2.78h
  e24 s1000 g36617 loss 1.5308 (c/l/t 0.546/0.776/0.010) 2.80h
  e24 s1200 g36817 loss 1.6431 (c/l/t 0.545/0.784/0.016) 2.81h
  e24 s1400 g37017 loss 1.5068 (c/l/t 0.460/0.783/0.013) 2.83h
epoch   24 train 1.6177 val 1.6363 lr 1.00e-04 2.83h
  e25 s0 g37101 loss 1.4877 (c/l/t 0.530/0.724/0.012) 2.83h
  e25 s200 g37301 loss 1.6917 (c/l/t 0.479/0.982/0.012) 2.85h
  e25 s400 g37501 loss 1.4935 (c/l/t 0.488/0.803/0.010) 2.86h
  e25 s600 g37701 loss 1.5959 (c/l/t 0.512/0.829/0.013) 2.88h
  e25 s800 g37901 loss 1.7748 (c/l/t 0.523/0.888/0.018) 2.89h
  e25 s1000 g38101 loss 1.5962 (c/l/t 0.559/0.784/0.013) 2.91h
  e25 s1200 g38301 loss 1.7198 (c/l/t 0.584/0.812/0.016) 2.93h
  e25 s1400 g38501 loss 1.5926 (c/l/t 0.529/0.816/0.012) 2.94h
epoch   25 train 1.6059 val 1.5986 lr 1.00e-04 2.95h
  e26 s0 g38585 loss 1.6597 (c/l/t 0.617/0.811/0.012) 2.95h
  e26 s200 g38785 loss 1.5334 (c/l/t 0.463/0.831/0.012) 2.96h
  e26 s400 g38985 loss 1.5797 (c/l/t 0.517/0.832/0.012) 2.98h
  e26 s600 g39185 loss 1.6218 (c/l/t 0.522/0.779/0.016) 2.99h
  e26 s800 g39385 loss 1.6431 (c/l/t 0.564/0.785/0.015) 3.01h
  e26 s1000 g39585 loss 1.5354 (c/l/t 0.487/0.809/0.012) 3.02h
  e26 s1200 g39785 loss 1.5218 (c/l/t 0.502/0.789/0.012) 3.04h
  e26 s1400 g39985 loss 1.5379 (c/l/t 0.550/0.795/0.010) 3.05h
epoch   26 train 1.5975 val 1.5945 lr 1.00e-04 3.06h
  e27 s0 g40069 loss 1.4533 (c/l/t 0.516/0.712/0.011) 3.06h
  e27 s200 g40269 loss 1.5466 (c/l/t 0.485/0.792/0.013) 3.08h
  e27 s400 g40469 loss 1.6771 (c/l/t 0.559/0.805/0.016) 3.09h
  e27 s600 g40669 loss 1.6782 (c/l/t 0.541/0.754/0.019) 3.11h
  e27 s800 g40869 loss 1.5369 (c/l/t 0.498/0.808/0.012) 3.12h
  e27 s1000 g41069 loss 1.5841 (c/l/t 0.523/0.812/0.012) 3.14h
  e27 s1200 g41269 loss 1.7015 (c/l/t 0.549/0.845/0.015) 3.15h
  e27 s1400 g41469 loss 1.8113 (c/l/t 0.516/0.837/0.023) 3.17h
epoch   27 train 1.5909 val 1.6062 lr 1.00e-04 3.18h
  e28 s0 g41553 loss 1.5960 (c/l/t 0.473/0.838/0.014) 3.18h
  e28 s200 g41753 loss 1.8160 (c/l/t 0.582/0.861/0.019) 3.19h
  e28 s400 g41953 loss 1.6279 (c/l/t 0.471/0.781/0.019) 3.21h
  e28 s600 g42153 loss 1.5421 (c/l/t 0.493/0.831/0.011) 3.22h
  e28 s800 g42353 loss 1.7334 (c/l/t 0.513/0.795/0.021) 3.24h
  e28 s1000 g42553 loss 1.5799 (c/l/t 0.514/0.773/0.015) 3.25h
  e28 s1200 g42753 loss 1.5956 (c/l/t 0.516/0.811/0.013) 3.27h
  e28 s1400 g42953 loss 1.5462 (c/l/t 0.512/0.771/0.013) 3.28h
epoch   28 train 1.5813 val 1.5711 lr 1.00e-04 3.29h
  e29 s0 g43037 loss 1.5365 (c/l/t 0.497/0.838/0.010) 3.29h
  e29 s200 g43237 loss 1.7913 (c/l/t 0.540/0.880/0.019) 3.30h
  e29 s400 g43437 loss 1.5748 (c/l/t 0.516/0.827/0.012) 3.32h
  e29 s600 g43637 loss 1.5148 (c/l/t 0.546/0.739/0.011) 3.33h
  e29 s800 g43837 loss 1.5337 (c/l/t 0.540/0.757/0.012) 3.35h
  e29 s1000 g44037 loss 1.5649 (c/l/t 0.499/0.791/0.014) 3.36h
  e29 s1200 g44237 loss 1.6953 (c/l/t 0.505/0.786/0.020) 3.38h
  e29 s1400 g44437 loss 1.4941 (c/l/t 0.496/0.771/0.011) 3.39h
epoch   29 train 1.5724 val 1.5826 lr 1.00e-04 3.40h
  e30 s0 g44521 loss 1.5469 (c/l/t 0.503/0.770/0.014) 3.40h
  e30 s200 g44721 loss 1.6096 (c/l/t 0.550/0.804/0.013) 3.42h
  e30 s400 g44921 loss 1.5164 (c/l/t 0.514/0.740/0.013) 3.43h
  e30 s600 g45121 loss 1.5011 (c/l/t 0.496/0.773/0.012) 3.45h
  e30 s800 g45321 loss 1.4845 (c/l/t 0.471/0.765/0.012) 3.46h
  e30 s1000 g45521 loss 1.4231 (c/l/t 0.469/0.708/0.012) 3.48h
  e30 s1200 g45721 loss 1.5440 (c/l/t 0.492/0.807/0.012) 3.49h
  e30 s1400 g45921 loss 1.5022 (c/l/t 0.488/0.776/0.012) 3.51h
epoch   30 train 1.5686 val 1.5532 lr 1.00e-04 3.52h
  e31 s0 g46005 loss 1.4840 (c/l/t 0.521/0.738/0.011) 3.52h
  e31 s200 g46205 loss 1.5774 (c/l/t 0.503/0.801/0.014) 3.53h
  e31 s400 g46405 loss 1.4599 (c/l/t 0.522/0.701/0.012) 3.55h
  e31 s600 g46605 loss 1.5444 (c/l/t 0.508/0.801/0.012) 3.56h
  e31 s800 g46805 loss 1.5303 (c/l/t 0.501/0.790/0.012) 3.58h
  e31 s1000 g47005 loss 1.5245 (c/l/t 0.488/0.769/0.013) 3.59h
  e31 s1200 g47205 loss 1.5871 (c/l/t 0.544/0.773/0.014) 3.61h
  e31 s1400 g47405 loss 1.5981 (c/l/t 0.496/0.854/0.012) 3.62h
epoch   31 train 1.5607 val 1.5619 lr 1.00e-04 3.63h
  e32 s0 g47489 loss 1.6193 (c/l/t 0.540/0.787/0.015) 3.63h
  e32 s200 g47689 loss 1.5752 (c/l/t 0.575/0.777/0.011) 3.64h
  e32 s400 g47889 loss 1.4891 (c/l/t 0.541/0.709/0.012) 3.66h
  e32 s600 g48089 loss 1.5555 (c/l/t 0.513/0.819/0.011) 3.67h
  e32 s800 g48289 loss 1.6132 (c/l/t 0.542/0.801/0.013) 3.69h
  e32 s1000 g48489 loss 1.5604 (c/l/t 0.519/0.769/0.014) 3.70h
  e32 s1200 g48689 loss 1.5483 (c/l/t 0.484/0.830/0.012) 3.72h
  e32 s1400 g48889 loss 1.5511 (c/l/t 0.505/0.836/0.010) 3.73h
epoch   32 train 1.5509 val 1.5222 lr 1.00e-04 3.74h
  e33 s0 g48973 loss 1.4890 (c/l/t 0.480/0.780/0.011) 3.74h
  e33 s200 g49173 loss 1.3734 (c/l/t 0.439/0.757/0.009) 3.76h
  e33 s400 g49373 loss 1.7412 (c/l/t 0.500/0.810/0.022) 3.77h
  e33 s600 g49573 loss 1.6127 (c/l/t 0.503/0.802/0.015) 3.79h
  e33 s800 g49773 loss 1.6704 (c/l/t 0.520/0.941/0.010) 3.80h
  e33 s1000 g49973 loss 1.4112 (c/l/t 0.454/0.733/0.011) 3.82h
  e33 s1200 g50173 loss 1.6682 (c/l/t 0.465/0.868/0.017) 3.83h
  e33 s1400 g50373 loss 1.9419 (c/l/t 0.522/0.807/0.031) 3.85h
epoch   33 train 1.5440 val 1.5627 lr 1.00e-04 3.86h
  e34 s0 g50457 loss 1.4882 (c/l/t 0.473/0.804/0.011) 3.86h
  e34 s200 g50657 loss 1.5496 (c/l/t 0.477/0.827/0.012) 3.87h
  e34 s400 g50857 loss 1.5288 (c/l/t 0.478/0.785/0.013) 3.89h
  e34 s600 g51057 loss 1.4849 (c/l/t 0.482/0.724/0.014) 3.90h
  e34 s800 g51257 loss 1.5693 (c/l/t 0.492/0.805/0.014) 3.92h
  e34 s1000 g51457 loss 1.6197 (c/l/t 0.494/0.805/0.016) 3.93h
  e34 s1200 g51657 loss 1.5465 (c/l/t 0.516/0.773/0.013) 3.95h
  e34 s1400 g51857 loss 1.5204 (c/l/t 0.479/0.797/0.012) 3.96h
epoch   34 train 1.5380 val 1.5115 lr 1.00e-04 3.97h
  e35 s0 g51941 loss 1.4666 (c/l/t 0.484/0.762/0.011) 3.97h
  e35 s200 g52141 loss 1.5461 (c/l/t 0.526/0.738/0.014) 3.98h
  e35 s400 g52341 loss 1.4136 (c/l/t 0.466/0.725/0.011) 4.00h
  e35 s600 g52541 loss 1.5561 (c/l/t 0.526/0.845/0.009) 4.01h
  e35 s800 g52741 loss 1.4270 (c/l/t 0.440/0.764/0.011) 4.03h
  e35 s1000 g52941 loss 1.4745 (c/l/t 0.519/0.738/0.011) 4.04h
  e35 s1200 g53141 loss 1.5927 (c/l/t 0.533/0.788/0.014) 4.06h
  e35 s1400 g53341 loss 1.5302 (c/l/t 0.591/0.672/0.013) 4.07h
epoch   35 train 1.5350 val 1.5232 lr 1.00e-04 4.08h
  e36 s0 g53425 loss 1.4747 (c/l/t 0.508/0.783/0.009) 4.08h
  e36 s200 g53625 loss 1.4986 (c/l/t 0.480/0.802/0.011) 4.10h
  e36 s400 g53825 loss 1.5371 (c/l/t 0.502/0.805/0.012) 4.11h
  e36 s600 g54025 loss 1.4230 (c/l/t 0.473/0.757/0.010) 4.13h
  e36 s800 g54225 loss 1.4992 (c/l/t 0.482/0.719/0.015) 4.14h
  e36 s1000 g54425 loss 1.4383 (c/l/t 0.465/0.775/0.010) 4.16h
  e36 s1200 g54625 loss 1.6299 (c/l/t 0.553/0.849/0.011) 4.17h
  e36 s1400 g54825 loss 1.5997 (c/l/t 0.503/0.830/0.013) 4.19h
epoch   36 train 1.5309 val 1.5358 lr 1.00e-04 4.20h
  e37 s0 g54909 loss 1.6769 (c/l/t 0.530/0.780/0.018) 4.20h
  e37 s200 g55109 loss 1.5119 (c/l/t 0.499/0.706/0.015) 4.21h
  e37 s400 g55309 loss 1.6429 (c/l/t 0.526/0.817/0.015) 4.23h
  e37 s600 g55509 loss 1.6370 (c/l/t 0.491/0.835/0.016) 4.24h
  e37 s800 g55709 loss 1.6120 (c/l/t 0.513/0.784/0.016) 4.26h
  e37 s1000 g55909 loss 1.6616 (c/l/t 0.457/0.881/0.016) 4.27h
  e37 s1200 g56109 loss 1.4560 (c/l/t 0.476/0.723/0.013) 4.29h
  e37 s1400 g56309 loss 1.6049 (c/l/t 0.532/0.858/0.011) 4.30h
epoch   37 train 1.5226 val 1.5227 lr 1.00e-04 4.31h
  e38 s0 g56393 loss 1.5224 (c/l/t 0.516/0.741/0.013) 4.31h
  e38 s200 g56593 loss 1.4988 (c/l/t 0.521/0.729/0.012) 4.32h
  e38 s400 g56793 loss 1.6220 (c/l/t 0.504/0.795/0.016) 4.34h
  e38 s600 g56993 loss 1.4386 (c/l/t 0.497/0.751/0.010) 4.35h
  e38 s800 g57193 loss 1.6434 (c/l/t 0.517/0.830/0.015) 4.37h
  e38 s1000 g57393 loss 1.4746 (c/l/t 0.522/0.722/0.012) 4.38h
  e38 s1200 g57593 loss 1.3890 (c/l/t 0.466/0.720/0.010) 4.40h
  e38 s1400 g57793 loss 1.3966 (c/l/t 0.521/0.705/0.009) 4.41h
epoch   38 train 1.5167 val 1.5124 lr 1.00e-04 4.42h
  e39 s0 g57877 loss 1.5177 (c/l/t 0.517/0.784/0.011) 4.42h
  e39 s200 g58077 loss 1.4647 (c/l/t 0.424/0.804/0.012) 4.44h
  e39 s400 g58277 loss 1.4810 (c/l/t 0.482/0.766/0.012) 4.45h
  e39 s600 g58477 loss 1.5493 (c/l/t 0.522/0.730/0.015) 4.47h
  e39 s800 g58677 loss 1.6978 (c/l/t 0.526/0.887/0.014) 4.48h
  e39 s1000 g58877 loss 1.4675 (c/l/t 0.452/0.790/0.011) 4.50h
  e39 s1200 g59077 loss 1.5633 (c/l/t 0.542/0.825/0.010) 4.51h
  e39 s1400 g59277 loss 1.5541 (c/l/t 0.580/0.750/0.011) 4.53h
epoch   39 train 1.5070 val 1.5245 lr 1.00e-04 4.54h
  e40 s0 g59361 loss 1.4648 (c/l/t 0.465/0.762/0.012) 4.54h
  e40 s200 g59561 loss 1.4552 (c/l/t 0.471/0.771/0.011) 4.55h
  e40 s400 g59761 loss 1.5686 (c/l/t 0.498/0.820/0.013) 4.57h
  e40 s600 g59961 loss 1.4854 (c/l/t 0.504/0.766/0.011) 4.58h
  e40 s800 g60161 loss 1.3349 (c/l/t 0.493/0.657/0.009) 4.60h
  e40 s1000 g60361 loss 1.6197 (c/l/t 0.504/0.796/0.016) 4.61h
  e40 s1200 g60561 loss 1.5544 (c/l/t 0.551/0.756/0.012) 4.63h
  e40 s1400 g60761 loss 1.5034 (c/l/t 0.546/0.741/0.011) 4.64h
epoch   40 train 1.5052 val 1.4861 lr 1.00e-04 4.65h
  e41 s0 g60845 loss 1.5333 (c/l/t 0.536/0.727/0.014) 4.65h
  e41 s200 g61045 loss 1.4275 (c/l/t 0.475/0.753/0.010) 4.66h
  e41 s400 g61245 loss 1.4776 (c/l/t 0.473/0.833/0.009) 4.68h
  e41 s600 g61445 loss 1.5674 (c/l/t 0.518/0.831/0.011) 4.69h
  e41 s800 g61645 loss 1.4643 (c/l/t 0.492/0.769/0.010) 4.71h
  e41 s1000 g61845 loss 1.4225 (c/l/t 0.478/0.759/0.009) 4.72h
  e41 s1200 g62045 loss 1.4840 (c/l/t 0.536/0.757/0.010) 4.74h
  e41 s1400 g62245 loss 1.4623 (c/l/t 0.495/0.785/0.009) 4.75h
epoch   41 train 1.4967 val 1.5090 lr 1.00e-04 4.76h
  e42 s0 g62329 loss 1.4454 (c/l/t 0.502/0.751/0.010) 4.76h
  e42 s200 g62529 loss 1.5947 (c/l/t 0.523/0.836/0.012) 4.78h
  e42 s400 g62729 loss 1.4594 (c/l/t 0.494/0.758/0.010) 4.79h
  e42 s600 g62929 loss 1.4791 (c/l/t 0.485/0.762/0.012) 4.81h
  e42 s800 g63129 loss 1.4460 (c/l/t 0.541/0.711/0.010) 4.82h
  e42 s1000 g63329 loss 1.6523 (c/l/t 0.462/0.830/0.018) 4.84h
  e42 s1200 g63529 loss 1.5246 (c/l/t 0.562/0.749/0.011) 4.85h
  e42 s1400 g63729 loss 1.4457 (c/l/t 0.538/0.706/0.010) 4.87h
epoch   42 train 1.4919 val 1.5246 lr 1.00e-04 4.88h
  e43 s0 g63813 loss 1.4571 (c/l/t 0.455/0.724/0.014) 4.88h
  e43 s200 g64013 loss 1.5475 (c/l/t 0.510/0.791/0.012) 4.89h
  e43 s400 g64213 loss 1.5049 (c/l/t 0.501/0.800/0.010) 4.91h
  e43 s600 g64413 loss 1.5307 (c/l/t 0.469/0.811/0.013) 4.92h
  e43 s800 g64613 loss 1.4067 (c/l/t 0.497/0.697/0.011) 4.94h
  e43 s1000 g64813 loss 1.4008 (c/l/t 0.454/0.751/0.010) 4.95h
  e43 s1200 g65013 loss 1.5276 (c/l/t 0.454/0.774/0.015) 4.97h
  e43 s1400 g65213 loss 1.6379 (c/l/t 0.496/0.854/0.014) 4.98h
epoch   43 train 1.4882 val 1.4808 lr 1.00e-04 4.99h
  e44 s0 g65297 loss 1.4691 (c/l/t 0.394/0.874/0.010) 4.99h
  e44 s200 g65497 loss 1.4752 (c/l/t 0.494/0.778/0.010) 5.01h
  e44 s400 g65697 loss 1.5535 (c/l/t 0.484/0.849/0.011) 5.02h
  e44 s600 g65897 loss 1.3974 (c/l/t 0.460/0.746/0.010) 5.04h
  e44 s800 g66097 loss 1.5621 (c/l/t 0.485/0.849/0.011) 5.05h
  e44 s1000 g66297 loss 1.4084 (c/l/t 0.508/0.664/0.012) 5.07h
  e44 s1200 g66497 loss 1.4658 (c/l/t 0.492/0.763/0.011) 5.08h
  e44 s1400 g66697 loss 1.5217 (c/l/t 0.470/0.824/0.011) 5.10h
epoch   44 train 1.4832 val 1.4990 lr 1.00e-04 5.10h
  e45 s0 g66781 loss 1.4000 (c/l/t 0.469/0.716/0.011) 5.10h
  e45 s200 g66981 loss 1.5801 (c/l/t 0.469/0.872/0.012) 5.12h
  e45 s400 g67181 loss 1.5897 (c/l/t 0.514/0.827/0.012) 5.13h
  e45 s600 g67381 loss 1.4610 (c/l/t 0.494/0.726/0.012) 5.15h
  e45 s800 g67581 loss 1.3665 (c/l/t 0.472/0.727/0.008) 5.16h
  e45 s1000 g67781 loss 1.4355 (c/l/t 0.479/0.765/0.010) 5.18h
  e45 s1200 g67981 loss 1.3507 (c/l/t 0.459/0.691/0.010) 5.19h
  e45 s1400 g68181 loss 1.5102 (c/l/t 0.463/0.833/0.011) 5.21h
epoch   45 train 1.4789 val 1.4879 lr 1.00e-04 5.22h
  e46 s0 g68265 loss 1.4908 (c/l/t 0.510/0.786/0.010) 5.22h
  e46 s200 g68465 loss 1.5106 (c/l/t 0.511/0.759/0.012) 5.23h
  e46 s400 g68665 loss 1.4854 (c/l/t 0.480/0.711/0.015) 5.25h
  e46 s600 g68865 loss 1.4854 (c/l/t 0.471/0.712/0.015) 5.26h
  e46 s800 g69065 loss 1.4300 (c/l/t 0.466/0.747/0.011) 5.28h
  e46 s1000 g69265 loss 1.6161 (c/l/t 0.494/0.943/0.009) 5.29h
  e46 s1200 g69465 loss 1.4956 (c/l/t 0.450/0.791/0.013) 5.31h
  e46 s1400 g69665 loss 1.4514 (c/l/t 0.481/0.714/0.013) 5.32h
epoch   46 train 1.4742 val 1.4434 lr 1.00e-04 5.33h
  e47 s0 g69749 loss 1.5006 (c/l/t 0.500/0.775/0.011) 5.33h
  e47 s200 g69949 loss 1.5287 (c/l/t 0.508/0.749/0.014) 5.35h
  e47 s400 g70149 loss 1.4248 (c/l/t 0.432/0.784/0.010) 5.36h
  e47 s600 g70349 loss 1.4562 (c/l/t 0.420/0.818/0.011) 5.38h
  e47 s800 g70549 loss 1.4565 (c/l/t 0.482/0.794/0.009) 5.39h
  e47 s1000 g70749 loss 1.4184 (c/l/t 0.492/0.668/0.013) 5.41h
  e47 s1200 g70949 loss 1.4716 (c/l/t 0.467/0.796/0.010) 5.42h
  e47 s1400 g71149 loss 1.4078 (c/l/t 0.461/0.747/0.010) 5.44h
epoch   47 train 1.4705 val 1.4736 lr 1.00e-04 5.44h
  e48 s0 g71233 loss 1.3631 (c/l/t 0.462/0.713/0.009) 5.44h
  e48 s200 g71433 loss 1.4449 (c/l/t 0.505/0.759/0.009) 5.46h
  e48 s400 g71633 loss 1.4472 (c/l/t 0.436/0.783/0.011) 5.47h
  e48 s600 g71833 loss 1.6106 (c/l/t 0.490/0.871/0.012) 5.49h
  e48 s800 g72033 loss 1.3605 (c/l/t 0.460/0.687/0.011) 5.50h
  e48 s1000 g72233 loss 1.3411 (c/l/t 0.479/0.684/0.009) 5.52h
  e48 s1200 g72433 loss 1.5631 (c/l/t 0.537/0.757/0.013) 5.53h
  e48 s1400 g72633 loss 1.4735 (c/l/t 0.496/0.750/0.011) 5.55h
epoch   48 train 1.4662 val 1.4871 lr 1.00e-04 5.56h
  e49 s0 g72717 loss 1.4186 (c/l/t 0.461/0.774/0.009) 5.56h
  e49 s200 g72917 loss 1.4506 (c/l/t 0.516/0.707/0.011) 5.57h
  e49 s400 g73117 loss 1.4847 (c/l/t 0.469/0.800/0.011) 5.59h
  e49 s600 g73317 loss 1.4512 (c/l/t 0.501/0.712/0.012) 5.60h
  e49 s800 g73517 loss 1.5291 (c/l/t 0.472/0.850/0.010) 5.62h
  e49 s1000 g73717 loss 1.4241 (c/l/t 0.481/0.751/0.010) 5.63h
  e49 s1200 g73917 loss 1.4364 (c/l/t 0.537/0.700/0.010) 5.65h
  e49 s1400 g74117 loss 1.4808 (c/l/t 0.495/0.764/0.011) 5.66h
epoch   49 train 1.4579 val 1.4533 lr 1.00e-04 5.67h
  e50 s0 g74201 loss 1.3564 (c/l/t 0.440/0.711/0.010) 5.67h
  e50 s200 g74401 loss 1.4561 (c/l/t 0.471/0.726/0.013) 5.69h
  e50 s400 g74601 loss 1.5473 (c/l/t 0.521/0.823/0.010) 5.70h
  e50 s600 g74801 loss 1.3909 (c/l/t 0.452/0.708/0.012) 5.72h
  e50 s800 g75001 loss 1.4073 (c/l/t 0.482/0.702/0.011) 5.73h
  e50 s1000 g75201 loss 1.5053 (c/l/t 0.481/0.784/0.012) 5.75h
  e50 s1200 g75401 loss 1.4709 (c/l/t 0.466/0.823/0.009) 5.76h
  e50 s1400 g75601 loss 1.4722 (c/l/t 0.481/0.763/0.011) 5.78h
epoch   50 train 1.4590 val 1.4558 lr 1.00e-04 5.78h
  e51 s0 g75685 loss 1.5897 (c/l/t 0.518/0.856/0.011) 5.78h
  e51 s200 g75885 loss 1.5018 (c/l/t 0.514/0.713/0.014) 5.80h
  e51 s400 g76085 loss 1.6610 (c/l/t 0.454/0.884/0.016) 5.81h
  e51 s600 g76285 loss 1.4972 (c/l/t 0.530/0.785/0.009) 5.83h
  e51 s800 g76485 loss 1.3956 (c/l/t 0.499/0.701/0.010) 5.84h
  e51 s1000 g76685 loss 1.3309 (c/l/t 0.441/0.719/0.009) 5.86h
  e51 s1200 g76885 loss 1.4264 (c/l/t 0.486/0.738/0.010) 5.87h
  e51 s1400 g77085 loss 1.3241 (c/l/t 0.500/0.652/0.009) 5.89h
epoch   51 train 1.4519 val 1.4626 lr 1.00e-04 5.90h
  e52 s0 g77169 loss 1.4360 (c/l/t 0.509/0.731/0.010) 5.90h
  e52 s200 g77369 loss 1.4336 (c/l/t 0.480/0.752/0.010) 5.91h
  e52 s400 g77569 loss 1.3621 (c/l/t 0.438/0.750/0.009) 5.93h
  e52 s600 g77769 loss 1.4646 (c/l/t 0.494/0.803/0.008) 5.94h
  e52 s800 g77969 loss 1.5071 (c/l/t 0.495/0.780/0.012) 5.96h
  e52 s1000 g78169 loss 1.5439 (c/l/t 0.549/0.800/0.010) 5.97h
  e52 s1200 g78369 loss 1.5298 (c/l/t 0.459/0.821/0.013) 5.99h
  e52 s1400 g78569 loss 1.4117 (c/l/t 0.493/0.724/0.010) 6.00h
epoch   52 train 1.4475 val 1.4333 lr 1.00e-04 6.01h
  e53 s0 g78653 loss 1.8341 (c/l/t 0.553/0.815/0.023) 6.01h
  e53 s200 g78853 loss 1.4098 (c/l/t 0.527/0.725/0.008) 6.03h
  e53 s400 g79053 loss 1.4166 (c/l/t 0.468/0.745/0.010) 6.04h
  e53 s600 g79253 loss 1.4213 (c/l/t 0.461/0.773/0.009) 6.06h
  e53 s800 g79453 loss 1.4559 (c/l/t 0.463/0.782/0.011) 6.07h
  e53 s1000 g79653 loss 1.4251 (c/l/t 0.493/0.689/0.012) 6.09h
  e53 s1200 g79853 loss 1.5196 (c/l/t 0.489/0.797/0.012) 6.10h
  e53 s1400 g80053 loss 1.3484 (c/l/t 0.477/0.692/0.009) 6.12h
epoch   53 train 1.4473 val 1.4482 lr 1.00e-04 6.12h
  e54 s0 g80137 loss 1.4015 (c/l/t 0.503/0.657/0.012) 6.12h
  e54 s200 g80337 loss 1.4056 (c/l/t 0.523/0.702/0.009) 6.14h
  e54 s400 g80537 loss 1.3854 (c/l/t 0.492/0.722/0.009) 6.15h
  e54 s600 g80737 loss 1.4952 (c/l/t 0.474/0.802/0.011) 6.17h
  e54 s800 g80937 loss 1.4457 (c/l/t 0.483/0.790/0.009) 6.18h
  e54 s1000 g81137 loss 1.5071 (c/l/t 0.489/0.804/0.011) 6.20h
  e54 s1200 g81337 loss 1.5761 (c/l/t 0.494/0.806/0.014) 6.21h
  e54 s1400 g81537 loss 1.5237 (c/l/t 0.512/0.802/0.010) 6.23h
epoch   54 train 1.4447 val 1.4273 lr 1.00e-04 6.24h
  e55 s0 g81621 loss 1.5655 (c/l/t 0.502/0.795/0.013) 6.24h
  e55 s200 g81821 loss 1.4964 (c/l/t 0.500/0.797/0.010) 6.25h
  e55 s400 g82021 loss 1.4223 (c/l/t 0.512/0.722/0.009) 6.27h
  e55 s600 g82221 loss 1.4121 (c/l/t 0.471/0.736/0.010) 6.28h
  e55 s800 g82421 loss 1.4211 (c/l/t 0.481/0.723/0.011) 6.30h
  e55 s1000 g82621 loss 1.4163 (c/l/t 0.435/0.797/0.009) 6.31h
  e55 s1200 g82821 loss 1.4035 (c/l/t 0.469/0.730/0.010) 6.33h
  e55 s1400 g83021 loss 1.5681 (c/l/t 0.463/0.817/0.014) 6.34h
epoch   55 train 89793727.8860 val 1.4600 lr 1.00e-04 6.35h
  e56 s0 g83105 loss 1.4591 (c/l/t 0.511/0.716/0.012) 6.35h
  e56 s200 g83305 loss 1.3417 (c/l/t 0.486/0.643/0.011) 6.37h
  e56 s400 g83505 loss 1.4691 (c/l/t 0.488/0.788/0.010) 6.38h
  e56 s600 g83705 loss 1.4401 (c/l/t 0.525/0.652/0.013) 6.40h
  e56 s800 g83905 loss 1.3526 (c/l/t 0.474/0.672/0.010) 6.41h
  e56 s1000 g84105 loss 1.4565 (c/l/t 0.421/0.818/0.011) 6.43h
  e56 s1200 g84305 loss 1.3935 (c/l/t 0.456/0.762/0.009) 6.44h
  e56 s1400 g84505 loss 1.4117 (c/l/t 0.457/0.674/0.014) 6.46h
epoch   56 train 1.4324 val 1.4176 lr 1.00e-04 6.46h
  e57 s0 g84589 loss 1.4191 (c/l/t 0.473/0.779/0.008) 6.46h
  e57 s200 g84789 loss 1.3411 (c/l/t 0.458/0.715/0.008) 6.48h
  e57 s400 g84989 loss 1.4533 (c/l/t 0.486/0.804/0.008) 6.50h
  e57 s600 g85189 loss 1.4674 (c/l/t 0.482/0.767/0.011) 6.51h
  e57 s800 g85389 loss 1.4735 (c/l/t 0.498/0.826/0.008) 6.53h
  e57 s1000 g85589 loss 1.4158 (c/l/t 0.516/0.683/0.011) 6.54h
  e57 s1200 g85789 loss 1.4136 (c/l/t 0.496/0.712/0.010) 6.56h
  e57 s1400 g85989 loss 1.2877 (c/l/t 0.442/0.671/0.009) 6.57h
epoch   57 train 1.4302 val 1.4356 lr 1.00e-04 6.58h
  e58 s0 g86073 loss 1.3638 (c/l/t 0.446/0.760/0.008) 6.58h
  e58 s200 g86273 loss 1.3277 (c/l/t 0.448/0.689/0.010) 6.59h
  e58 s400 g86473 loss 1.4587 (c/l/t 0.516/0.751/0.010) 6.61h
  e58 s600 g86673 loss 1.4711 (c/l/t 0.486/0.715/0.014) 6.62h
  e58 s800 g86873 loss 1.2986 (c/l/t 0.441/0.671/0.009) 6.64h
  e58 s1000 g87073 loss 1.4403 (c/l/t 0.474/0.754/0.011) 6.65h
  e58 s1200 g87273 loss 1.4424 (c/l/t 0.470/0.746/0.011) 6.67h
  e58 s1400 g87473 loss 1.4032 (c/l/t 0.430/0.807/0.008) 6.68h
epoch   58 train 1.4298 val 1.4259 lr 1.00e-04 6.69h
  e59 s0 g87557 loss 1.4560 (c/l/t 0.472/0.746/0.012) 6.69h
  e59 s200 g87757 loss 1.5030 (c/l/t 0.475/0.843/0.009) 6.71h
  e59 s400 g87957 loss 1.3854 (c/l/t 0.472/0.746/0.008) 6.72h
  e59 s600 g88157 loss 1.4141 (c/l/t 0.468/0.767/0.009) 6.74h
  e59 s800 g88357 loss 1.5545 (c/l/t 0.439/0.794/0.016) 6.75h
  e59 s1000 g88557 loss 1.4339 (c/l/t 0.498/0.736/0.010) 6.77h
  e59 s1200 g88757 loss 1.4260 (c/l/t 0.476/0.783/0.008) 6.78h
  e59 s1400 g88957 loss 1.4171 (c/l/t 0.485/0.713/0.011) 6.80h
epoch   59 train 1.4273 val 1.4407 lr 1.00e-04 6.81h
  e60 s0 g89041 loss 1.4526 (c/l/t 0.471/0.781/0.010) 6.81h
  e60 s200 g89241 loss 1.4686 (c/l/t 0.488/0.780/0.010) 6.82h
  e60 s400 g89441 loss 1.3814 (c/l/t 0.455/0.716/0.010) 6.84h
  e60 s600 g89641 loss 1.4705 (c/l/t 0.474/0.792/0.010) 6.85h
  e60 s800 g89841 loss 1.2889 (c/l/t 0.434/0.681/0.009) 6.87h
  e60 s1000 g90041 loss 1.5304 (c/l/t 0.441/0.763/0.016) 6.88h
  e60 s1200 g90241 loss 1.2902 (c/l/t 0.470/0.645/0.009) 6.90h
  e60 s1400 g90441 loss 1.5552 (c/l/t 0.487/0.865/0.010) 6.91h
epoch   60 train 1.4229 val 1.4379 lr 1.00e-04 6.92h
  e61 s0 g90525 loss 1.2939 (c/l/t 0.461/0.643/0.010) 6.92h
  e61 s200 g90725 loss 1.4117 (c/l/t 0.468/0.738/0.010) 6.93h
  e61 s400 g90925 loss 1.2959 (c/l/t 0.421/0.690/0.009) 6.95h
  e61 s600 g91125 loss 1.4658 (c/l/t 0.481/0.775/0.010) 6.96h
  e61 s800 g91325 loss 1.4554 (c/l/t 0.486/0.730/0.012) 6.98h
  e61 s1000 g91525 loss 1.3489 (c/l/t 0.450/0.725/0.009) 6.99h
epoch   61 train 1.4192 val 1.4530 lr 1.00e-04 7.00h
wallclock budget reached at epoch 61
done. best val 1.4176 -> /home/satya/projects/invdes/InvDesFlow-AL/generator.ckpt (latest -> /home/satya/projects/invdes/InvDesFlow-AL/generator_latest.ckpt)
[ma 18 mei 2026  3:45:04 CEST] training finished
loaded /home/satya/projects/invdes/InvDesFlow-AL/generator.ckpt (epoch 56, val 1.417648737713442)
  generated 1024/16000 (1341s)
  generated 2048/16000 (2687s)
  generated 3072/16000 (4063s)
  generated 4096/16000 (5392s)
  generated 5120/16000 (6713s)
  generated 6144/16000 (8052s)
  generated 7168/16000 (9388s)
  generated 8192/16000 (10843s)
  generated 9216/16000 (12194s)
  generated 10240/16000 (13544s)
  generated 11264/16000 (14884s)
  generated 12288/16000 (16244s)
  generated 13312/16000 (17600s)
  generated 14336/16000 (18975s)
  generated 15360/16000 (20314s)
  generated 16000/16000 (21188s)

       N     ours    paper    delta
    1000    0.065    0.992   -0.927
    2000    0.046    0.989   -0.943
    4000    0.030    0.984   -0.954
    8000    0.018    0.973   -0.955
   16000    0.013    0.959   -0.946

wrote unique_rate.json
=== overnight done ma 18 mei 2026  9:38:15 CEST ===
