=== A: oxide + noble-metal ban Stage-0 + score-movement start di 26 mei 2026  0:33:33 CEST ===
[di 26 mei 2026  0:33:33 CEST] Round-0 (oxide + eaonly): --require-oxygen --exclude-elements 82 79 78 77 76 46 45 44 47 80
generated 512/2000 valid=24 (460s)
generated 1024/2000 valid=54 (925s)
generated 1536/2000 valid=80 (1395s)
generated 2000/2000 valid=100 (1829s)
[chgnet] building manifest novelty set from data_raw/pretrain.jsonl ...
[chgnet]   150000 unique (formula, spacegroup) keys
CHGNet v0.3.0 initialized with 412,525 parameters
CHGNet will run on cuda:0
[chgnet] relaxing 100 candidates (cap 200, novel_pre first) ...
[chgnet]   25/100  ok=25 failed=0 conv_ml=2 conv_strict=0  (71s)
[chgnet]   50/100  ok=50 failed=0 conv_ml=6 conv_strict=0  (139s)
[chgnet]   75/100  ok=75 failed=0 conv_ml=7 conv_strict=0  (213s)
[chgnet]   100/100  ok=100 failed=0 conv_ml=9 conv_strict=0  (286s)
SUMMARY_JSON {"purpose": "tiny active-learning dry run for plumbing/debugging, not discovery", "source_ckpt": "checkpoints/gen_150k.ckpt", "ckpt_epoch": 107, "ckpt_val_loss": 0.9731085138805842, "manifest": "data_raw/pretrain.jsonl", "oracle": "chgnet", "choices": {"validator": {"exclude_elements": [82, 79, 78, 77, 76, 46, 45, 44, 47, 80], "require_oxygen": true, "min_vpa": 0.0, "max_vpa": 500.0, "min_distance": 0.8}, "score": "Stage-0 CHGNet: S = delta_e * I_relax_ml * I_novelty_pre", "target_vpa": 21.0, "selection": "score sorted on (delta_e * gates); one per formula; max 3 per element set; converged_ml + novel_post required", "real_oracle_missing": "Stage 0: stability proxy only (CHGNet \u0394E). Not a piezoelectric or formation-energy oracle yet \u2014 Stages 1\u20133 in PROGRESS Entry 14."}, "generated": 2000, "valid": 100, "selected": 9, "valid_fraction": 0.05, "distinct_formulas_generated": 1795, "distinct_formulas_valid": 100, "filter_counts": {"requires_oxygen": 775, "excluded_element": 1067, "atom_overlap": 58, "ok": 100}, "vpa_valid": {"min": 13.6963, "p5": 14.8419, "median": 19.1018, "p95": 37.6514, "max": 47.6141}, "min_distance_valid": {"min": 0.8124, "p5": 0.8634, "median": 1.3313, "p95": 2.1391, "max": 2.654}, "oracle_summary": {"backend": "chgnet", "cache_path": "al_runs/chgnet_stage0_round0_oxide_eaonly/relax_cache.json", "manifest_novelty_keys": 150000, "candidates_pre_cap": 100, "relaxed": 100, "ok": 100, "failed": 0, "converged_ml": 9, "converged_strict": 0, "ok_fraction": 1.0, "converged_ml_fraction_of_ok": 0.09, "converged_strict_fraction_of_ok": 0.0, "eligible_after_post_novelty": 9, "selected": 9, "ml_thresh_ev_per_A": 0.05, "strict_thresh_ev_per_A": 0.0001, "stage": 0}, "top_selected": [{"score": 1.4302, "formula": "83-241-251-341", "element_set": "8-24-25-34", "vpa": 16.1812, "min_distance": 1.4573, "delta_e": 1.4302, "max_force": 0.0234, "converged_ml": true, "converged_strict": false, "spacegroup_post": 1, "novel_post": true}, {"score": 1.3484, "formula": "88-161-232-261", "element_set": "8-16-23-26", "vpa": 14.2656, "min_distance": 1.5027, "delta_e": 1.3484, "max_force": 0.0422, "converged_ml": true, "converged_strict": false, "spacegroup_post": 1, "novel_post": true}, {"score": 1.0192, "formula": "82-171-491-632", "element_set": "8-17-49-63", "vpa": 18.1874, "min_distance": 2.3722, "delta_e": 1.0192, "max_force": 0.0257, "converged_ml": true, "converged_strict": false, "spacegroup_post": 1, "novel_post": true}, {"score": 0.9219, "formula": "87-251-261-321-381", "element_set": "8-25-26-32-38", "vpa": 16.8245, "min_distance": 1.6695, "delta_e": 0.9219, "max_force": 0.0409, "converged_ml": true, "converged_strict": false, "spacegroup_post": 8, "novel_post": true}, {"score": 0.3909, "formula": "88-141-341", "element_set": "8-14-34", "vpa": 17.7088, "min_distance": 1.6756, "delta_e": 0.3909, "max_force": 0.0358, "converged_ml": true, "converged_strict": false, "spacegroup_post": 35, "novel_post": true}, {"score": 0.3513, "formula": "87-111-232-321-381", "element_set": "8-11-23-32-38", "vpa": 16.102, "min_distance": 1.6671, "delta_e": 0.3513, "max_force": 0.0403, "converged_ml": true, "converged_strict": false, "spacegroup_post": 1, "novel_post": true}, {"score": 0.2717, "formula": "88-151-331-382", "element_set": "8-15-33-38", "vpa": 14.7227, "min_distance": 1.5339, "delta_e": 0.2717, "max_force": 0.029, "converged_ml": true, "converged_strict": false, "spacegroup_post": 111, "novel_post": true}, {"score": 0.049, "formula": "11-82-141-231-632", "element_set": "1-8-14-23-63", "vpa": 15.6674, "min_distance": 1.7992, "delta_e": 0.049, "max_force": 0.0438, "converged_ml": true, "converged_strict": false, "spacegroup_post": 1, "novel_post": true}, {"score": 0.0076, "formula": "81-241-581", "element_set": "8-24-58", "vpa": 17.1166, "min_distance": 2.2617, "delta_e": 0.0076, "max_force": 0.0243, "converged_ml": true, "converged_strict": false, "spacegroup_post": 123, "novel_post": true}], "finetuned_ckpt": null}
[di 26 mei 2026  1:08:54 CEST] Score-movement (oxide + eaonly): --require-oxygen --exclude-elements 82 79 78 77 76 46 45 44 47 80
matched 9/9 selected to relaxed; 9 distinct formulas; unmatched=0
PRE: {'n_relaxed': 100, 'n_ok': 100, 'fraction_converged_ml': 0.09, 'delta_e_median': 1.7368, 'delta_e_n': 100}
fine-tuning 500 steps on 9 relaxed crystals (lr=0.0001) ...
  step 0/500  loss=0.9455 (0s)
  step 100/500  loss=0.6002 (2s)
  step 200/500  loss=0.8145 (3s)
  step 300/500  loss=0.5804 (5s)
  step 400/500  loss=0.4478 (6s)
  step 499/500  loss=0.7044 (8s)
saved al_runs/chgnet_stage0_round0_oxide_eaonly_movement/finetuned.ckpt
safety eval: debug_eval_quick on finetuned ckpt ...
safety: {'unique_rate': 0.627, 'vpa_min': 6.18, 'vpa_p5': 11.95, 'vpa_median': 15.41, 'vpa_p95': 27.19, 'vpa_max': 45.8, 'sane_fraction': 1.0, 'nan': 0, 'first_sat_t': None, 'worst_sat': 0.0, 'worst_max_A': 5.56, 'top_z': 8, 'top_frac': 0.513}
loading manifest novelty set from data_raw/pretrain.jsonl ...
  150000 keys
generating 500 from finetuned ckpt ...
  post-gen 256/500 valid=216 (233s)
  post-gen 500/500 valid=418 (470s)
relaxing 200 post-finetune candidates (novel_pre first) ...
CHGNet v0.3.0 initialized with 412,525 parameters
CHGNet will run on cuda:0
  post-relax 25/200  ok=25 failed=0 conv_ml=14  (67s)
  post-relax 50/200  ok=50 failed=0 conv_ml=29  (133s)
  post-relax 75/200  ok=75 failed=0 conv_ml=37  (207s)
  post-relax 100/200  ok=100 failed=0 conv_ml=49  (277s)
  post-relax 125/200  ok=125 failed=0 conv_ml=61  (345s)
  post-relax 150/200  ok=150 failed=0 conv_ml=78  (409s)
  post-relax 175/200  ok=175 failed=0 conv_ml=89  (477s)
  post-relax 200/200  ok=200 failed=0 conv_ml=103  (548s)
POST: {'n_relaxed': 200, 'n_ok': 200, 'n_failed': 0, 'fraction_converged_ml': 0.515, 'delta_e_median': 0.5864, 'delta_e_n': 200}

Element enrichment (post-finetune valid; top 10 by post fraction):
     Z  count  post_frac   baseline   enrich
     8   3165     0.5892     0.0681     8.65
    23   1384     0.2576     0.0055    46.61
    38    165     0.0307     0.0087     3.53
    32    123     0.0229     0.0081     2.83
    15    107     0.0199     0.0084     2.38
    26    100     0.0186     0.0094     1.98
    11     71     0.0132     0.0103     1.28
    63     43     0.0080     0.0023     3.54
    24     41     0.0076     0.0032     2.38
    65     32     0.0060     0.0203     0.30

PRE  median(delta_e) = 1.7368  fraction_conv_ml = 0.09
POST median(delta_e) = 0.5864  fraction_conv_ml = 0.515
drop_dE = 1.1504 (thresh >= 0.05)   conv_change = 0.425 (tol >= -0.1)   memo_rate = 0.031 (max 0.5)
gates: safety=True delta=True conv=True memo=True
VERDICT: PASS
RESULT_JSON {"source_ckpt": "checkpoints/gen_150k.ckpt", "round0_dir": "al_runs/chgnet_stage0_round0_oxide_eaonly", "finetuned_ckpt": "al_runs/chgnet_stage0_round0_oxide_eaonly_movement/finetuned.ckpt", "finetune_steps": 500, "finetune_lr": 0.0001, "n_finetune_crystals": 9, "finetune_seen_formulas": 9, "pre": {"n_relaxed": 100, "n_ok": 100, "fraction_converged_ml": 0.09, "delta_e_median": 1.7368, "delta_e_n": 100}, "post": {"n_relaxed": 200, "n_ok": 200, "n_failed": 0, "fraction_converged_ml": 0.515, "delta_e_median": 0.5864, "delta_e_n": 200}, "post_gen_summary": {"generated": 500, "valid": 418, "valid_fraction": 0.836, "filter_counts": {"ok": 418, "requires_oxygen": 54, "excluded_element": 24, "atom_overlap": 4}, "distinct_formulas_generated": 310}, "memorization": {"n_post_valid": 418, "n_in_finetune_seen": 13, "rate": 0.0311}, "safety_eval": {"unique_rate": 0.627, "vpa_min": 6.18, "vpa_p5": 11.95, "vpa_median": 15.41, "vpa_p95": 27.19, "vpa_max": 45.8, "sane_fraction": 1.0, "nan": 0, "first_sat_t": null, "worst_sat": 0.0, "worst_max_A": 5.56, "top_z": 8, "top_frac": 0.513}, "thresholds": {"delta_thresh": 0.05, "conv_tol": 0.1, "max_memo": 0.5}, "gates": {"safety_pass": true, "delta_pass": true, "conv_pass": true, "memo_pass": true, "delta_drop_eV_per_atom": 1.1504, "conv_change": 0.425}, "element_distribution": {"selected_round0": {"total_atoms": 82, "distinct_elements": 18, "top": [{"z": 8, "count": 47, "fraction": 0.5732}, {"z": 23, "count": 5, "fraction": 0.061}, {"z": 63, "count": 4, "fraction": 0.0488}, {"z": 38, "count": 4, "fraction": 0.0488}, {"z": 24, "count": 3, "fraction": 0.0366}, {"z": 25, "count": 2, "fraction": 0.0244}, {"z": 34, "count": 2, "fraction": 0.0244}, {"z": 26, "count": 2, "fraction": 0.0244}, {"z": 32, "count": 2, "fraction": 0.0244}, {"z": 14, "count": 2, "fraction": 0.0244}, {"z": 58, "count": 2, "fraction": 0.0244}, {"z": 16, "count": 1, "fraction": 0.0122}, {"z": 49, "count": 1, "fraction": 0.0122}, {"z": 17, "count": 1, "fraction": 0.0122}, {"z": 11, "count": 1, "fraction": 0.0122}], "fractions_all": {"25": 0.02439, "8": 0.57317, "34": 0.02439, "24": 0.03659, "26": 0.02439, "16": 0.0122, "23": 0.06098, "63": 0.04878, "49": 0.0122, "17": 0.0122, "38": 0.04878, "32": 0.02439, "14": 0.02439, "11": 0.0122, "15": 0.0122, "33": 0.0122, "1": 0.0122, "58": 0.02439}}, "post_finetune_valid": {"total_atoms": 5372, "distinct_elements": 23, "top": [{"z": 8, "count": 3165, "fraction": 0.5892}, {"z": 23, "count": 1384, "fraction": 0.2576}, {"z": 38, "count": 165, "fraction": 0.0307}, {"z": 32, "count": 123, "fraction": 0.0229}, {"z": 15, "count": 107, "fraction": 0.0199}, {"z": 26, "count": 100, "fraction": 0.0186}, {"z": 11, "count": 71, "fraction": 0.0132}, {"z": 63, "count": 43, "fraction": 0.008}, {"z": 24, "count": 41, "fraction": 0.0076}, {"z": 65, "count": 32, "fraction": 0.006}, {"z": 25, "count": 31, "fraction": 0.0058}, {"z": 34, "count": 26, "fraction": 0.0048}, {"z": 49, "count": 22, "fraction": 0.0041}, {"z": 14, "count": 18, "fraction": 0.0034}, {"z": 58, "count": 10, "fraction": 0.0019}], "fractions_all": {"38": 0.03071, "8": 0.58917, "23": 0.25763, "11": 0.01322, "32": 0.0229, "14": 0.00335, "24": 0.00763, "15": 0.01992, "26": 0.01862, "63": 0.008, "58": 0.00186, "25": 0.00577, "49": 0.0041, "33": 0.00112, "17": 0.00168, "34": 0.00484, "51": 0.00019, "65": 0.00596, "31": 0.00019, "16": 0.00168, "1": 0.00037, "67": 0.00093, "35": 0.00019}}, "selected_round0_enrichment_top": [{"z": 8, "count": 47, "fraction": 0.5732, "baseline_fraction": 0.06812, "enrichment": 8.42}, {"z": 23, "count": 5, "fraction": 0.061, "baseline_fraction": 0.00553, "enrichment": 11.04}, {"z": 63, "count": 4, "fraction": 0.0488, "baseline_fraction": 0.00226, "enrichment": 21.61}, {"z": 38, "count": 4, "fraction": 0.0488, "baseline_fraction": 0.0087, "enrichment": 5.61}, {"z": 24, "count": 3, "fraction": 0.0366, "baseline_fraction": 0.00319, "enrichment": 11.47}, {"z": 25, "count": 2, "fraction": 0.0244, "baseline_fraction": 0.00693, "enrichment": 3.52}, {"z": 34, "count": 2, "fraction": 0.0244, "baseline_fraction": 0.01824, "enrichment": 1.34}, {"z": 26, "count": 2, "fraction": 0.0244, "baseline_fraction": 0.00939, "enrichment": 2.6}, {"z": 32, "count": 2, "fraction": 0.0244, "baseline_fraction": 0.00809, "enrichment": 3.02}, {"z": 14, "count": 2, "fraction": 0.0244, "baseline_fraction": 0.01862, "enrichment": 1.31}, {"z": 58, "count": 2, "fraction": 0.0244, "baseline_fraction": 0.0072, "enrichment": 3.39}, {"z": 16, "count": 1, "fraction": 0.0122, "baseline_fraction": 0.0212, "enrichment": 0.58}, {"z": 49, "count": 1, "fraction": 0.0122, "baseline_fraction": 0.01742, "enrichment": 0.7}, {"z": 17, "count": 1, "fraction": 0.0122, "baseline_fraction": 0.01734, "enrichment": 0.7}, {"z": 11, "count": 1, "fraction": 0.0122, "baseline_fraction": 0.01035, "enrichment": 1.18}], "post_finetune_valid_enrichment_top": [{"z": 8, "count": 3165, "fraction": 0.5892, "baseline_fraction": 0.06812, "enrichment": 8.65}, {"z": 23, "count": 1384, "fraction": 0.2576, "baseline_fraction": 0.00553, "enrichment": 46.61}, {"z": 38, "count": 165, "fraction": 0.0307, "baseline_fraction": 0.0087, "enrichment": 3.53}, {"z": 32, "count": 123, "fraction": 0.0229, "baseline_fraction": 0.00809, "enrichment": 2.83}, {"z": 15, "count": 107, "fraction": 0.0199, "baseline_fraction": 0.00837, "enrichment": 2.38}, {"z": 26, "count": 100, "fraction": 0.0186, "baseline_fraction": 0.00939, "enrichment": 1.98}, {"z": 11, "count": 71, "fraction": 0.0132, "baseline_fraction": 0.01035, "enrichment": 1.28}, {"z": 63, "count": 43, "fraction": 0.008, "baseline_fraction": 0.00226, "enrichment": 3.54}, {"z": 24, "count": 41, "fraction": 0.0076, "baseline_fraction": 0.00319, "enrichment": 2.38}, {"z": 65, "count": 32, "fraction": 0.006, "baseline_fraction": 0.02025, "enrichment": 0.3}, {"z": 25, "count": 31, "fraction": 0.0058, "baseline_fraction": 0.00693, "enrichment": 0.84}, {"z": 34, "count": 26, "fraction": 0.0048, "baseline_fraction": 0.01824, "enrichment": 0.26}, {"z": 49, "count": 22, "fraction": 0.0041, "baseline_fraction": 0.01742, "enrichment": 0.24}, {"z": 14, "count": 18, "fraction": 0.0034, "baseline_fraction": 0.01862, "enrichment": 0.18}, {"z": 58, "count": 10, "fraction": 0.0019, "baseline_fraction": 0.0072, "enrichment": 0.26}], "max_element_fraction_post": 0.5892, "max_enrichment_post": 46.61}, "verdict": "PASS"}
=== A done di 26 mei 2026  1:31:16 CEST ===
