=== Plan A + C': oxide+eaonly+inv-enrichment start di 26 mei 2026 20:40:46 CEST ===
[di 26 mei 2026 20:40:46 CEST] Round-0 (oxide+eaonly+C'): --scarcity-mode inv-enrichment, prior=compare.json
generated 512/2000 valid=20 (459s)
generated 1024/2000 valid=41 (924s)
generated 1536/2000 valid=77 (1393s)
generated 2000/2000 valid=96 (1828s)
[chgnet] building manifest novelty set from data_raw/pretrain.jsonl ...
[chgnet]   150000 unique (formula, spacegroup) keys
CHGNet v0.3.0 initialized with 412,525 parameters
CHGNet will run on cuda:0
[chgnet] scarcity-mode=inv-enrichment  prior=/home/satya/projects/invdes/InvDesFlow-AL/al_runs/chgnet_stage0_round0_oxide_eaonly_movement/compare.json  covered_Z=15  most-penalized: [(23, 0.021), (8, 0.116), (63, 0.282), (38, 0.283), (32, 0.353), (15, 0.42), (24, 0.42), (26, 0.505), (11, 0.781), (65, 1.0)]
[chgnet] relaxing 96 candidates (cap 200, novel_pre first) ...
[chgnet]   25/96  ok=25 failed=0 conv_ml=2 conv_strict=0  (72s)
[chgnet]   50/96  ok=50 failed=0 conv_ml=7 conv_strict=0  (145s)
[chgnet]   75/96  ok=75 failed=0 conv_ml=11 conv_strict=0  (214s)
[chgnet]   96/96  ok=96 failed=0 conv_ml=12 conv_strict=0  (276s)
SUMMARY_JSON {"purpose": "tiny active-learning dry run for plumbing/debugging, not discovery", "source_ckpt": "checkpoints/gen_150k.ckpt", "ckpt_epoch": 107, "ckpt_val_loss": 0.9731085138805842, "manifest": "data_raw/pretrain.jsonl", "oracle": "chgnet", "choices": {"validator": {"exclude_elements": [82, 79, 78, 77, 76, 46, 45, 44, 47, 80], "require_oxygen": true, "min_vpa": 0.0, "max_vpa": 500.0, "min_distance": 0.8}, "score": "Stage-0 CHGNet: S = delta_e * I_relax_ml * I_novelty_pre", "target_vpa": 21.0, "selection": "score sorted on (delta_e * gates); one per formula; max 3 per element set; converged_ml + novel_post required", "real_oracle_missing": "Stage 0: stability proxy only (CHGNet \u0394E). Not a piezoelectric or formation-energy oracle yet \u2014 Stages 1\u20133 in PROGRESS Entry 14."}, "generated": 2000, "valid": 96, "selected": 12, "valid_fraction": 0.048, "distinct_formulas_generated": 1778, "distinct_formulas_valid": 96, "filter_counts": {"excluded_element": 1041, "requires_oxygen": 819, "ok": 96, "atom_overlap": 44}, "vpa_valid": {"min": 13.1511, "p5": 15.2725, "median": 20.5434, "p95": 35.2815, "max": 53.2568}, "min_distance_valid": {"min": 0.8085, "p5": 0.8662, "median": 1.315, "p95": 1.9157, "max": 2.3609}, "oracle_summary": {"backend": "chgnet", "cache_path": "al_runs/chgnet_stage0_round0_oxide_eaonly_Cprime/relax_cache.json", "manifest_novelty_keys": 150000, "candidates_pre_cap": 96, "relaxed": 96, "ok": 96, "failed": 0, "converged_ml": 12, "converged_strict": 0, "ok_fraction": 1.0, "converged_ml_fraction_of_ok": 0.125, "converged_strict_fraction_of_ok": 0.0, "eligible_after_post_novelty": 12, "selected": 12, "ml_thresh_ev_per_A": 0.05, "strict_thresh_ev_per_A": 0.0001, "stage": 0, "scarcity_mode": "inv-enrichment", "enrichment_prior": "/home/satya/projects/invdes/InvDesFlow-AL/al_runs/chgnet_stage0_round0_oxide_eaonly_movement/compare.json", "scarcity_n_weights": 15, "scarcity_min_weight": 0.01}, "top_selected": [{"score": 3.754, "formula": "82-161-191-241-522-741", "element_set": "8-16-19-24-52-74", "vpa": 17.8878, "min_distance": 1.4075, "delta_e": 5.3141, "max_force": 0.033, "converged_ml": true, "converged_strict": false, "spacegroup_post": 1, "novel_post": true}, {"score": 1.3037, "formula": "87-231-261-281-291-531", "element_set": "8-23-26-28-29-53", "vpa": 19.1824, "min_distance": 1.1216, "delta_e": 3.6081, "max_force": 0.0419, "converged_ml": true, "converged_strict": false, "spacegroup_post": 1, "novel_post": true}, {"score": 1.025, "formula": "81-99-141-152-191-231-551", "element_set": "8-9-14-15-19-23-55", "vpa": 18.2482, "min_distance": 1.3599, "delta_e": 1.2637, "max_force": 0.0462, "converged_ml": true, "converged_strict": false, "spacegroup_post": 1, "novel_post": true}, {"score": 0.576, "formula": "11-82-111-631", "element_set": "1-8-11-63", "vpa": 15.9981, "min_distance": 1.5908, "delta_e": 1.255, "max_force": 0.0458, "converged_ml": true, "converged_strict": false, "spacegroup_post": 1, "novel_post": true}, {"score": 0.5441, "formula": "31-83-261-301-352-521-531", "element_set": "3-8-26-30-35-52-53", "vpa": 29.293, "min_distance": 1.8012, "delta_e": 0.7941, "max_force": 0.0479, "converged_ml": true, "converged_strict": false, "spacegroup_post": 1, "novel_post": true}, {"score": 0.3476, "formula": "12-81-162-191", "element_set": "1-8-16-19", "vpa": 20.6841, "min_distance": 1.2549, "delta_e": 0.4077, "max_force": 0.0297, "converged_ml": true, "converged_strict": false, "spacegroup_post": 1, "novel_post": true}, {"score": 0.2963, "formula": "88-151-341-631", "element_set": "8-15-34-63", "vpa": 18.5352, "min_distance": 1.2751, "delta_e": 1.2404, "max_force": 0.0492, "converged_ml": true, "converged_strict": false, "spacegroup_post": 1, "novel_post": true}, {"score": 0.2922, "formula": "88-322-411", "element_set": "8-32-41", "vpa": 16.1974, "min_distance": 1.2784, "delta_e": 1.2216, "max_force": 0.0392, "converged_ml": true, "converged_strict": false, "spacegroup_post": 1, "novel_post": true}, {"score": 0.2249, "formula": "88-231-242-751", "element_set": "8-23-24-75", "vpa": 15.807, "min_distance": 1.5419, "delta_e": 0.9686, "max_force": 0.0466, "converged_ml": true, "converged_strict": false, "spacegroup_post": 1, "novel_post": true}, {"score": 0.0962, "formula": "51-88-151-551-621", "element_set": "5-8-15-55-62", "vpa": 19.5303, "min_distance": 1.5711, "delta_e": 0.2657, "max_force": 0.0375, "converged_ml": true, "converged_strict": false, "spacegroup_post": 16, "novel_post": true}], "finetuned_ckpt": null}
[di 26 mei 2026 21:15:57 CEST] Score-movement on the C' round-0
matched 12/12 selected to relaxed; 12 distinct formulas; unmatched=0
PRE: {'n_relaxed': 96, 'n_ok': 96, 'fraction_converged_ml': 0.125, 'delta_e_median': 1.8536, 'delta_e_n': 96}
fine-tuning 500 steps on 12 relaxed crystals (lr=0.0001) ...
  step 0/500  loss=1.2038 (0s)
  step 100/500  loss=0.6155 (2s)
  step 200/500  loss=1.1017 (4s)
  step 300/500  loss=0.6771 (5s)
  step 400/500  loss=0.5677 (7s)
  step 499/500  loss=0.7385 (9s)
saved al_runs/chgnet_stage0_round0_oxide_eaonly_Cprime_movement/finetuned.ckpt
safety eval: debug_eval_quick on finetuned ckpt ...
safety: {'unique_rate': 0.6895, 'vpa_min': 11.22, 'vpa_p5': 13.56, 'vpa_median': 19.43, 'vpa_p95': 29.84, 'vpa_max': 39.04, 'sane_fraction': 1.0, 'nan': 0, 'first_sat_t': None, 'worst_sat': 0.0, 'worst_max_A': 5.71, 'top_z': 8, 'top_frac': 0.366}
loading manifest novelty set from data_raw/pretrain.jsonl ...
  150000 keys
generating 500 from finetuned ckpt ...
  post-gen 256/500 valid=170 (233s)
  post-gen 500/500 valid=331 (470s)
relaxing 200 post-finetune candidates (novel_pre first) ...
CHGNet v0.3.0 initialized with 412,525 parameters
CHGNet will run on cuda:0
  post-relax 25/200  ok=25 failed=0 conv_ml=8  (67s)
  post-relax 50/200  ok=50 failed=0 conv_ml=15  (135s)
  post-relax 75/200  ok=75 failed=0 conv_ml=23  (202s)
  post-relax 100/200  ok=100 failed=0 conv_ml=33  (271s)
  post-relax 125/200  ok=125 failed=0 conv_ml=38  (338s)
  post-relax 150/200  ok=150 failed=0 conv_ml=50  (401s)
  post-relax 175/200  ok=175 failed=0 conv_ml=62  (465s)
  post-relax 200/200  ok=200 failed=0 conv_ml=71  (530s)
POST: {'n_relaxed': 200, 'n_ok': 200, 'n_failed': 0, 'fraction_converged_ml': 0.355, 'delta_e_median': 0.8905, 'delta_e_n': 200}

Element enrichment (post-finetune valid; top 10 by post fraction):
     Z  count  post_frac   baseline   enrich
     8   1717     0.4928     0.0681     7.23
    23    505     0.1449     0.0055    26.22
     9    361     0.1036     0.0262     3.95
    24    242     0.0695     0.0032    21.78
    14    130     0.0373     0.0186     2.00
    53     92     0.0264     0.0171     1.54
    16     87     0.0250     0.0212     1.18
    15     69     0.0198     0.0084     2.37
    75     39     0.0112     0.0036     3.11
    28     25     0.0072     0.0172     0.42

PRE  median(delta_e) = 1.8536  fraction_conv_ml = 0.125
POST median(delta_e) = 0.8905  fraction_conv_ml = 0.355
drop_dE = 0.9631 (thresh >= 0.05)   conv_change = 0.23 (tol >= -0.1)   memo_rate = 0.015 (max 0.5)
gates: safety=True delta=True conv=True memo=True
VERDICT: PASS
RESULT_JSON {"source_ckpt": "checkpoints/gen_150k.ckpt", "round0_dir": "al_runs/chgnet_stage0_round0_oxide_eaonly_Cprime", "finetuned_ckpt": "al_runs/chgnet_stage0_round0_oxide_eaonly_Cprime_movement/finetuned.ckpt", "finetune_steps": 500, "finetune_lr": 0.0001, "n_finetune_crystals": 12, "finetune_seen_formulas": 12, "pre": {"n_relaxed": 96, "n_ok": 96, "fraction_converged_ml": 0.125, "delta_e_median": 1.8536, "delta_e_n": 96}, "post": {"n_relaxed": 200, "n_ok": 200, "n_failed": 0, "fraction_converged_ml": 0.355, "delta_e_median": 0.8905, "delta_e_n": 200}, "post_gen_summary": {"generated": 500, "valid": 331, "valid_fraction": 0.662, "filter_counts": {"ok": 331, "requires_oxygen": 164, "excluded_element": 4, "atom_overlap": 1}, "distinct_formulas_generated": 328}, "memorization": {"n_post_valid": 331, "n_in_finetune_seen": 5, "rate": 0.0151}, "safety_eval": {"unique_rate": 0.6895, "vpa_min": 11.22, "vpa_p5": 13.56, "vpa_median": 19.43, "vpa_p95": 29.84, "vpa_max": 39.04, "sane_fraction": 1.0, "nan": 0, "first_sat_t": null, "worst_sat": 0.0, "worst_max_A": 5.71, "top_z": 8, "top_frac": 0.366}, "thresholds": {"delta_thresh": 0.05, "conv_tol": 0.1, "max_memo": 0.5}, "gates": {"safety_pass": true, "delta_pass": true, "conv_pass": true, "memo_pass": true, "delta_drop_eV_per_atom": 0.9631, "conv_change": 0.23}, "element_distribution": {"selected_round0": {"total_atoms": 124, "distinct_elements": 28, "top": [{"z": 8, "count": 63, "fraction": 0.5081}, {"z": 9, "count": 9, "fraction": 0.0726}, {"z": 26, "count": 5, "fraction": 0.0403}, {"z": 16, "count": 4, "fraction": 0.0323}, {"z": 15, "count": 4, "fraction": 0.0323}, {"z": 52, "count": 3, "fraction": 0.0242}, {"z": 19, "count": 3, "fraction": 0.0242}, {"z": 24, "count": 3, "fraction": 0.0242}, {"z": 23, "count": 3, "fraction": 0.0242}, {"z": 1, "count": 3, "fraction": 0.0242}, {"z": 53, "count": 2, "fraction": 0.0161}, {"z": 55, "count": 2, "fraction": 0.0161}, {"z": 63, "count": 2, "fraction": 0.0161}, {"z": 35, "count": 2, "fraction": 0.0161}, {"z": 32, "count": 2, "fraction": 0.0161}], "fractions_all": {"52": 0.02419, "8": 0.50806, "19": 0.02419, "24": 0.02419, "74": 0.00806, "16": 0.03226, "26": 0.04032, "28": 0.00806, "29": 0.00806, "23": 0.02419, "53": 0.01613, "9": 0.07258, "15": 0.03226, "14": 0.00806, "55": 0.01613, "11": 0.00806, "1": 0.02419, "63": 0.01613, "35": 0.01613, "3": 0.00806, "30": 0.00806, "34": 0.00806, "41": 0.00806, "32": 0.01613, "75": 0.00806, "62": 0.00806, "5": 0.01613, "38": 0.00806}}, "post_finetune_valid": {"total_atoms": 3484, "distinct_elements": 29, "top": [{"z": 8, "count": 1717, "fraction": 0.4928}, {"z": 23, "count": 505, "fraction": 0.1449}, {"z": 9, "count": 361, "fraction": 0.1036}, {"z": 24, "count": 242, "fraction": 0.0695}, {"z": 14, "count": 130, "fraction": 0.0373}, {"z": 53, "count": 92, "fraction": 0.0264}, {"z": 16, "count": 87, "fraction": 0.025}, {"z": 15, "count": 69, "fraction": 0.0198}, {"z": 75, "count": 39, "fraction": 0.0112}, {"z": 28, "count": 25, "fraction": 0.0072}, {"z": 55, "count": 23, "fraction": 0.0066}, {"z": 1, "count": 21, "fraction": 0.006}, {"z": 41, "count": 19, "fraction": 0.0055}, {"z": 52, "count": 19, "fraction": 0.0055}, {"z": 35, "count": 19, "fraction": 0.0055}], "fractions_all": {"23": 0.14495, "8": 0.49282, "30": 0.00344, "32": 0.00316, "41": 0.00545, "24": 0.06946, "15": 0.0198, "9": 0.10362, "55": 0.0066, "14": 0.03731, "53": 0.02641, "52": 0.00545, "1": 0.00603, "16": 0.02497, "74": 0.00144, "75": 0.01119, "26": 0.00316, "19": 0.00258, "28": 0.00718, "29": 0.00344, "3": 0.00201, "67": 0.00172, "11": 0.00431, "5": 0.00344, "35": 0.00545, "63": 0.00344, "58": 0.00029, "65": 0.00029, "69": 0.00057}}, "selected_round0_enrichment_top": [{"z": 8, "count": 63, "fraction": 0.5081, "baseline_fraction": 0.06812, "enrichment": 7.46}, {"z": 9, "count": 9, "fraction": 0.0726, "baseline_fraction": 0.02623, "enrichment": 2.77}, {"z": 26, "count": 5, "fraction": 0.0403, "baseline_fraction": 0.00939, "enrichment": 4.29}, {"z": 16, "count": 4, "fraction": 0.0323, "baseline_fraction": 0.0212, "enrichment": 1.52}, {"z": 15, "count": 4, "fraction": 0.0323, "baseline_fraction": 0.00837, "enrichment": 3.86}, {"z": 52, "count": 3, "fraction": 0.0242, "baseline_fraction": 0.01194, "enrichment": 2.03}, {"z": 19, "count": 3, "fraction": 0.0242, "baseline_fraction": 0.00946, "enrichment": 2.56}, {"z": 24, "count": 3, "fraction": 0.0242, "baseline_fraction": 0.00319, "enrichment": 7.59}, {"z": 23, "count": 3, "fraction": 0.0242, "baseline_fraction": 0.00553, "enrichment": 4.38}, {"z": 1, "count": 3, "fraction": 0.0242, "baseline_fraction": 0.01324, "enrichment": 1.83}, {"z": 53, "count": 2, "fraction": 0.0161, "baseline_fraction": 0.01713, "enrichment": 0.94}, {"z": 55, "count": 2, "fraction": 0.0161, "baseline_fraction": 0.00878, "enrichment": 1.83}, {"z": 63, "count": 2, "fraction": 0.0161, "baseline_fraction": 0.00226, "enrichment": 7.13}, {"z": 35, "count": 2, "fraction": 0.0161, "baseline_fraction": 0.01865, "enrichment": 0.86}, {"z": 32, "count": 2, "fraction": 0.0161, "baseline_fraction": 0.00809, "enrichment": 1.99}], "post_finetune_valid_enrichment_top": [{"z": 8, "count": 1717, "fraction": 0.4928, "baseline_fraction": 0.06812, "enrichment": 7.23}, {"z": 23, "count": 505, "fraction": 0.1449, "baseline_fraction": 0.00553, "enrichment": 26.22}, {"z": 9, "count": 361, "fraction": 0.1036, "baseline_fraction": 0.02623, "enrichment": 3.95}, {"z": 24, "count": 242, "fraction": 0.0695, "baseline_fraction": 0.00319, "enrichment": 21.78}, {"z": 14, "count": 130, "fraction": 0.0373, "baseline_fraction": 0.01862, "enrichment": 2.0}, {"z": 53, "count": 92, "fraction": 0.0264, "baseline_fraction": 0.01713, "enrichment": 1.54}, {"z": 16, "count": 87, "fraction": 0.025, "baseline_fraction": 0.0212, "enrichment": 1.18}, {"z": 15, "count": 69, "fraction": 0.0198, "baseline_fraction": 0.00837, "enrichment": 2.37}, {"z": 75, "count": 39, "fraction": 0.0112, "baseline_fraction": 0.0036, "enrichment": 3.11}, {"z": 28, "count": 25, "fraction": 0.0072, "baseline_fraction": 0.0172, "enrichment": 0.42}, {"z": 55, "count": 23, "fraction": 0.0066, "baseline_fraction": 0.00878, "enrichment": 0.75}, {"z": 1, "count": 21, "fraction": 0.006, "baseline_fraction": 0.01324, "enrichment": 0.45}, {"z": 41, "count": 19, "fraction": 0.0055, "baseline_fraction": 0.00576, "enrichment": 0.96}, {"z": 52, "count": 19, "fraction": 0.0055, "baseline_fraction": 0.01194, "enrichment": 0.46}, {"z": 35, "count": 19, "fraction": 0.0055, "baseline_fraction": 0.01865, "enrichment": 0.29}], "max_element_fraction_post": 0.4928, "max_enrichment_post": 26.22}, "verdict": "PASS"}
=== Plan A + C' done di 26 mei 2026 21:38:03 CEST ===
