=== resume 10k start za 23 mei 2026 14:19:04 CEST ===
[za 23 mei 2026 14:19:04 CEST] --- Cycle 1/3: resume train 1.0h  gen_10k.ckpt -> gen_10k_r1.ckpt
records=10000 train_batches=98 val_batches=4 batch=96 device=cuda budget=1.0h
auto-batch -> 96
resumed from /home/satya/projects/invdes/InvDesFlow-AL/gen_10k.ckpt: epoch=611 gstep=59878 prior_val=1.1767
  e611 s0 g59879 loss 1.2797 (c/l/t 0.699/0.359/0.011) 0.00h
epoch  611 train 1.3254 val 1.2412 lr 1.00e-04 0.00h
  e612 s0 g59977 loss 1.2715 (c/l/t 0.578/0.448/0.012) 0.00h
epoch  612 train 1.2936 val 1.3593 lr 1.00e-04 0.01h
  e613 s0 g60075 loss 1.2450 (c/l/t 0.594/0.427/0.011) 0.01h
epoch  613 train 1.2785 val 1.3966 lr 1.00e-04 0.01h
  e614 s0 g60173 loss 1.3493 (c/l/t 0.662/0.453/0.012) 0.01h
epoch  614 train 1.2832 val 1.3120 lr 1.00e-04 0.02h
  e615 s0 g60271 loss 1.3433 (c/l/t 0.604/0.520/0.011) 0.02h
epoch  615 train 1.2905 val 1.2688 lr 1.00e-04 0.02h
  e616 s0 g60369 loss 1.6120 (c/l/t 0.664/0.767/0.009) 0.02h
epoch  616 train 1.2924 val 1.3054 lr 1.00e-04 0.03h
  e617 s0 g60467 loss 1.1389 (c/l/t 0.546/0.387/0.010) 0.03h
epoch  617 train 1.2958 val 1.1863 lr 1.00e-04 0.03h
  e618 s0 g60565 loss 1.1357 (c/l/t 0.599/0.337/0.010) 0.03h
epoch  618 train 1.2819 val 1.3088 lr 1.00e-04 0.04h
  e619 s0 g60663 loss 1.2010 (c/l/t 0.623/0.358/0.011) 0.04h
epoch  619 train 1.3075 val 1.2794 lr 1.00e-04 0.04h
  e620 s0 g60761 loss 1.1883 (c/l/t 0.639/0.367/0.009) 0.04h
epoch  620 train 1.2909 val 1.2860 lr 1.00e-04 0.05h
  e621 s0 g60859 loss 1.3118 (c/l/t 0.662/0.437/0.011) 0.05h
epoch  621 train 1.2811 val 1.1913 lr 1.00e-04 0.05h
  e622 s0 g60957 loss 1.1409 (c/l/t 0.646/0.298/0.010) 0.05h
epoch  622 train 1.2786 val 1.3630 lr 1.00e-04 0.06h
  e623 s0 g61055 loss 1.1780 (c/l/t 0.635/0.337/0.010) 0.06h
epoch  623 train 1.2813 val 1.2846 lr 1.00e-04 0.06h
  e624 s0 g61153 loss 1.3298 (c/l/t 0.623/0.541/0.008) 0.06h
epoch  624 train 1.2820 val 1.3086 lr 1.00e-04 0.07h
  e625 s0 g61251 loss 1.2334 (c/l/t 0.636/0.383/0.011) 0.07h
epoch  625 train 1.3015 val 1.3094 lr 1.00e-04 0.07h
  e626 s0 g61349 loss 1.3688 (c/l/t 0.612/0.544/0.011) 0.07h
epoch  626 train 1.2831 val 1.2908 lr 1.00e-04 0.08h
  e627 s0 g61447 loss 1.3071 (c/l/t 0.607/0.506/0.010) 0.08h
epoch  627 train 1.2930 val 1.3426 lr 1.00e-04 0.08h
  e628 s0 g61545 loss 1.3209 (c/l/t 0.598/0.553/0.008) 0.08h
epoch  628 train 1.3005 val 1.2068 lr 1.00e-04 0.09h
  e629 s0 g61643 loss 1.2550 (c/l/t 0.549/0.468/0.012) 0.09h
epoch  629 train 1.2715 val 1.3098 lr 1.00e-04 0.09h
  e630 s0 g61741 loss 1.1454 (c/l/t 0.624/0.329/0.010) 0.09h
epoch  630 train 1.3043 val 1.3512 lr 1.00e-04 0.10h
  e631 s0 g61839 loss 1.2765 (c/l/t 0.625/0.448/0.010) 0.10h
epoch  631 train 1.3069 val 1.2631 lr 1.00e-04 0.10h
  e632 s0 g61937 loss 1.2111 (c/l/t 0.619/0.364/0.011) 0.10h
epoch  632 train 1.2917 val 1.3083 lr 1.00e-04 0.11h
  e633 s0 g62035 loss 1.2393 (c/l/t 0.581/0.421/0.012) 0.11h
epoch  633 train 1.2837 val 1.4200 lr 1.00e-04 0.11h
  e634 s0 g62133 loss 1.2669 (c/l/t 0.602/0.505/0.008) 0.11h
epoch  634 train 1.2919 val 1.2651 lr 1.00e-04 0.12h
  e635 s0 g62231 loss 1.2750 (c/l/t 0.602/0.497/0.009) 0.12h
epoch  635 train 1.2696 val 1.3369 lr 1.00e-04 0.12h
  e636 s0 g62329 loss 1.4225 (c/l/t 0.653/0.490/0.014) 0.12h
epoch  636 train 1.2725 val 1.3095 lr 1.00e-04 0.13h
  e637 s0 g62427 loss 1.1875 (c/l/t 0.626/0.395/0.008) 0.13h
epoch  637 train 1.2827 val 1.2867 lr 1.00e-04 0.13h
  e638 s0 g62525 loss 1.3256 (c/l/t 0.585/0.530/0.010) 0.13h
epoch  638 train 1.2976 val 1.3904 lr 1.00e-04 0.14h
  e639 s0 g62623 loss 1.3143 (c/l/t 0.575/0.534/0.010) 0.14h
epoch  639 train 1.2792 val 1.2477 lr 1.00e-04 0.14h
  e640 s0 g62721 loss 1.4011 (c/l/t 0.619/0.609/0.009) 0.14h
epoch  640 train 1.2752 val 1.3864 lr 1.00e-04 0.14h
  e641 s0 g62819 loss 1.0667 (c/l/t 0.540/0.346/0.009) 0.14h
epoch  641 train 1.2791 val 1.2619 lr 1.00e-04 0.15h
  e642 s0 g62917 loss 1.1982 (c/l/t 0.632/0.363/0.010) 0.15h
epoch  642 train 1.2862 val 1.3036 lr 1.00e-04 0.15h
  e643 s0 g63015 loss 1.2417 (c/l/t 0.617/0.404/0.011) 0.15h
epoch  643 train 1.2994 val 1.3867 lr 1.00e-04 0.16h
  e644 s0 g63113 loss 1.1614 (c/l/t 0.603/0.343/0.011) 0.16h
epoch  644 train 1.2863 val 1.3188 lr 1.00e-04 0.16h
  e645 s0 g63211 loss 1.4026 (c/l/t 0.638/0.468/0.015) 0.16h
epoch  645 train 1.2632 val 1.2780 lr 1.00e-04 0.17h
  e646 s0 g63309 loss 1.2179 (c/l/t 0.585/0.417/0.011) 0.17h
epoch  646 train 1.2814 val 1.2958 lr 1.00e-04 0.17h
  e647 s0 g63407 loss 1.3733 (c/l/t 0.680/0.484/0.010) 0.17h
epoch  647 train 1.2868 val 1.2414 lr 1.00e-04 0.18h
  e648 s0 g63505 loss 1.3204 (c/l/t 0.659/0.418/0.012) 0.18h
epoch  648 train 1.2845 val 1.3544 lr 1.00e-04 0.18h
  e649 s0 g63603 loss 1.0156 (c/l/t 0.570/0.250/0.010) 0.18h
epoch  649 train 1.2799 val 1.3535 lr 1.00e-04 0.19h
  e650 s0 g63701 loss 1.1699 (c/l/t 0.676/0.237/0.013) 0.19h
epoch  650 train 1.2809 val 1.3062 lr 1.00e-04 0.19h
  e651 s0 g63799 loss 1.2514 (c/l/t 0.597/0.440/0.011) 0.19h
epoch  651 train 1.2913 val 1.2699 lr 1.00e-04 0.20h
  e652 s0 g63897 loss 1.4011 (c/l/t 0.608/0.582/0.011) 0.20h
epoch  652 train 1.2581 val 1.2750 lr 1.00e-04 0.20h
  e653 s0 g63995 loss 1.2545 (c/l/t 0.681/0.366/0.010) 0.20h
epoch  653 train 1.2732 val 1.3325 lr 1.00e-04 0.21h
  e654 s0 g64093 loss 1.1615 (c/l/t 0.618/0.325/0.011) 0.21h
epoch  654 train 1.2678 val 1.3196 lr 1.00e-04 0.21h
  e655 s0 g64191 loss 1.0821 (c/l/t 0.572/0.308/0.010) 0.21h
epoch  655 train 1.2664 val 1.2928 lr 1.00e-04 0.22h
  e656 s0 g64289 loss 1.4500 (c/l/t 0.690/0.574/0.009) 0.22h
epoch  656 train 1.2952 val 1.3899 lr 1.00e-04 0.22h
  e657 s0 g64387 loss 1.3200 (c/l/t 0.655/0.475/0.009) 0.22h
epoch  657 train 1.2888 val 1.4048 lr 1.00e-04 0.23h
  e658 s0 g64485 loss 1.1694 (c/l/t 0.667/0.313/0.009) 0.23h
epoch  658 train 1.2883 val 1.2115 lr 1.00e-04 0.23h
  e659 s0 g64583 loss 1.3588 (c/l/t 0.659/0.521/0.009) 0.23h
epoch  659 train 1.2708 val 1.3248 lr 1.00e-04 0.24h
  e660 s0 g64681 loss 1.1580 (c/l/t 0.592/0.374/0.010) 0.24h
epoch  660 train 1.2646 val 1.3041 lr 1.00e-04 0.24h
  e661 s0 g64779 loss 1.3135 (c/l/t 0.547/0.543/0.011) 0.24h
epoch  661 train 1.2663 val 1.2548 lr 1.00e-04 0.25h
  e662 s0 g64877 loss 1.5012 (c/l/t 0.653/0.648/0.010) 0.25h
epoch  662 train 1.2882 val 1.3838 lr 1.00e-04 0.25h
  e663 s0 g64975 loss 1.3197 (c/l/t 0.636/0.500/0.009) 0.25h
epoch  663 train 1.2629 val 1.3280 lr 1.00e-04 0.26h
  e664 s0 g65073 loss 1.2811 (c/l/t 0.583/0.503/0.010) 0.26h
epoch  664 train 1.2401 val 1.2811 lr 1.00e-04 0.26h
  e665 s0 g65171 loss 1.1040 (c/l/t 0.640/0.300/0.008) 0.26h
epoch  665 train 1.2665 val 1.2940 lr 1.00e-04 0.27h
  e666 s0 g65269 loss 1.3023 (c/l/t 0.630/0.434/0.012) 0.27h
epoch  666 train 1.2901 val 1.3153 lr 1.00e-04 0.27h
  e667 s0 g65367 loss 1.1097 (c/l/t 0.592/0.314/0.010) 0.27h
epoch  667 train 1.2553 val 1.2829 lr 1.00e-04 0.28h
  e668 s0 g65465 loss 1.2883 (c/l/t 0.619/0.374/0.015) 0.28h
epoch  668 train 1.2727 val 1.2464 lr 1.00e-04 0.28h
  e669 s0 g65563 loss 1.3426 (c/l/t 0.615/0.525/0.010) 0.28h
epoch  669 train 1.2544 val 1.2889 lr 1.00e-04 0.28h
  e670 s0 g65661 loss 1.1969 (c/l/t 0.638/0.330/0.011) 0.28h
epoch  670 train 1.2666 val 1.2867 lr 1.00e-04 0.29h
  e671 s0 g65759 loss 1.2749 (c/l/t 0.636/0.341/0.015) 0.29h
epoch  671 train 1.2678 val 1.2528 lr 1.00e-04 0.29h
  e672 s0 g65857 loss 1.3033 (c/l/t 0.552/0.560/0.010) 0.29h
epoch  672 train 1.2653 val 1.3268 lr 1.00e-04 0.30h
  e673 s0 g65955 loss 1.2072 (c/l/t 0.626/0.367/0.011) 0.30h
epoch  673 train 1.2746 val 1.2019 lr 1.00e-04 0.30h
  e674 s0 g66053 loss 1.1715 (c/l/t 0.653/0.309/0.010) 0.30h
epoch  674 train 1.2763 val 1.2630 lr 1.00e-04 0.31h
  e675 s0 g66151 loss 1.1889 (c/l/t 0.559/0.425/0.010) 0.31h
epoch  675 train 1.2795 val 1.2799 lr 1.00e-04 0.31h
  e676 s0 g66249 loss 1.1938 (c/l/t 0.586/0.413/0.010) 0.31h
epoch  676 train 1.2540 val 1.2388 lr 1.00e-04 0.32h
  e677 s0 g66347 loss 1.1842 (c/l/t 0.589/0.419/0.009) 0.32h
epoch  677 train 1.2553 val 1.2930 lr 1.00e-04 0.32h
  e678 s0 g66445 loss 1.4807 (c/l/t 0.669/0.509/0.015) 0.32h
epoch  678 train 1.2787 val 1.2866 lr 1.00e-04 0.33h
  e679 s0 g66543 loss 1.3353 (c/l/t 0.654/0.468/0.011) 0.33h
epoch  679 train 1.2801 val 1.2685 lr 1.00e-04 0.33h
  e680 s0 g66641 loss 1.3787 (c/l/t 0.646/0.519/0.011) 0.33h
epoch  680 train 1.2713 val 1.2952 lr 1.00e-04 0.34h
  e681 s0 g66739 loss 1.2082 (c/l/t 0.634/0.361/0.011) 0.34h
epoch  681 train 1.2729 val 1.4114 lr 1.00e-04 0.34h
  e682 s0 g66837 loss 1.2196 (c/l/t 0.647/0.374/0.010) 0.34h
epoch  682 train 1.2744 val 1.3144 lr 1.00e-04 0.35h
  e683 s0 g66935 loss 1.2365 (c/l/t 0.611/0.343/0.014) 0.35h
epoch  683 train 1.2609 val 1.2472 lr 1.00e-04 0.35h
  e684 s0 g67033 loss 1.0650 (c/l/t 0.575/0.267/0.011) 0.35h
epoch  684 train 1.2756 val 1.3994 lr 1.00e-04 0.36h
  e685 s0 g67131 loss 1.1139 (c/l/t 0.588/0.350/0.009) 0.36h
epoch  685 train 1.2742 val 1.2694 lr 1.00e-04 0.36h
  e686 s0 g67229 loss 1.3475 (c/l/t 0.613/0.574/0.008) 0.36h
epoch  686 train 1.2801 val 1.3181 lr 1.00e-04 0.37h
  e687 s0 g67327 loss 1.4100 (c/l/t 0.570/0.539/0.015) 0.37h
epoch  687 train 1.2651 val 1.2158 lr 1.00e-04 0.37h
  e688 s0 g67425 loss 1.2415 (c/l/t 0.628/0.420/0.010) 0.37h
epoch  688 train 1.2506 val 1.2421 lr 1.00e-04 0.38h
  e689 s0 g67523 loss 1.2194 (c/l/t 0.626/0.387/0.010) 0.38h
epoch  689 train 1.2554 val 1.2471 lr 1.00e-04 0.38h
  e690 s0 g67621 loss 1.2259 (c/l/t 0.625/0.372/0.011) 0.38h
epoch  690 train 1.2691 val 1.2189 lr 1.00e-04 0.39h
  e691 s0 g67719 loss 1.4669 (c/l/t 0.608/0.590/0.013) 0.39h
epoch  691 train 1.2623 val 1.3027 lr 1.00e-04 0.39h
  e692 s0 g67817 loss 1.4065 (c/l/t 0.583/0.642/0.009) 0.39h
epoch  692 train 1.2563 val 1.2444 lr 1.00e-04 0.40h
  e693 s0 g67915 loss 1.1111 (c/l/t 0.591/0.354/0.008) 0.40h
epoch  693 train 1.2778 val 1.2701 lr 1.00e-04 0.40h
  e694 s0 g68013 loss 1.2587 (c/l/t 0.596/0.458/0.010) 0.40h
epoch  694 train 1.2349 val 1.3138 lr 1.00e-04 0.41h
  e695 s0 g68111 loss 1.2377 (c/l/t 0.668/0.383/0.009) 0.41h
epoch  695 train 1.2569 val 1.3033 lr 1.00e-04 0.41h
  e696 s0 g68209 loss 1.4231 (c/l/t 0.616/0.572/0.012) 0.41h
epoch  696 train 1.2558 val 1.2394 lr 1.00e-04 0.42h
  e697 s0 g68307 loss 1.2854 (c/l/t 0.603/0.486/0.010) 0.42h
epoch  697 train 1.2632 val 1.3194 lr 1.00e-04 0.42h
  e698 s0 g68405 loss 1.2643 (c/l/t 0.574/0.447/0.012) 0.42h
epoch  698 train 1.2662 val 1.2406 lr 1.00e-04 0.43h
  e699 s0 g68503 loss 1.2170 (c/l/t 0.614/0.399/0.010) 0.43h
epoch  699 train 1.2495 val 1.2552 lr 1.00e-04 0.43h
  e700 s0 g68601 loss 1.2412 (c/l/t 0.667/0.363/0.011) 0.43h
epoch  700 train 1.2585 val 1.3323 lr 1.00e-04 0.43h
  e701 s0 g68699 loss 1.3237 (c/l/t 0.597/0.498/0.011) 0.44h
epoch  701 train 1.2545 val 1.2253 lr 1.00e-04 0.44h
  e702 s0 g68797 loss 1.2224 (c/l/t 0.547/0.474/0.010) 0.44h
epoch  702 train 1.2478 val 1.3015 lr 1.00e-04 0.44h
  e703 s0 g68895 loss 1.3803 (c/l/t 0.645/0.515/0.011) 0.44h
epoch  703 train 1.2568 val 1.2786 lr 1.00e-04 0.45h
  e704 s0 g68993 loss 1.2219 (c/l/t 0.627/0.373/0.011) 0.45h
epoch  704 train 1.2744 val 1.2343 lr 1.00e-04 0.45h
  e705 s0 g69091 loss 1.2585 (c/l/t 0.640/0.406/0.011) 0.45h
epoch  705 train 1.2732 val 1.2332 lr 1.00e-04 0.46h
  e706 s0 g69189 loss 1.1756 (c/l/t 0.576/0.402/0.010) 0.46h
epoch  706 train 1.2602 val 1.1659 lr 1.00e-04 0.46h
  e707 s0 g69287 loss 1.2121 (c/l/t 0.592/0.428/0.010) 0.46h
epoch  707 train 1.2584 val 1.2359 lr 1.00e-04 0.47h
  e708 s0 g69385 loss 1.1798 (c/l/t 0.571/0.395/0.011) 0.47h
epoch  708 train 1.2510 val 1.4743 lr 1.00e-04 0.47h
  e709 s0 g69483 loss 1.3549 (c/l/t 0.645/0.444/0.013) 0.47h
epoch  709 train 1.2646 val 1.1751 lr 1.00e-04 0.48h
  e710 s0 g69581 loss 1.3770 (c/l/t 0.637/0.514/0.011) 0.48h
epoch  710 train 1.2689 val 1.2972 lr 1.00e-04 0.48h
  e711 s0 g69679 loss 1.1775 (c/l/t 0.619/0.357/0.010) 0.48h
epoch  711 train 1.2454 val 1.2227 lr 1.00e-04 0.49h
  e712 s0 g69777 loss 1.1564 (c/l/t 0.668/0.299/0.009) 0.49h
epoch  712 train 1.2651 val 1.3250 lr 1.00e-04 0.49h
  e713 s0 g69875 loss 1.4077 (c/l/t 0.588/0.664/0.008) 0.49h
epoch  713 train 1.2393 val 1.3181 lr 1.00e-04 0.50h
  e714 s0 g69973 loss 1.2242 (c/l/t 0.579/0.321/0.016) 0.50h
epoch  714 train 1.2600 val 1.2576 lr 1.00e-04 0.50h
  e715 s0 g70071 loss 1.2742 (c/l/t 0.631/0.444/0.010) 0.50h
epoch  715 train 1.2697 val 1.2226 lr 1.00e-04 0.51h
  e716 s0 g70169 loss 1.2088 (c/l/t 0.601/0.375/0.012) 0.51h
epoch  716 train 1.2512 val 1.2931 lr 1.00e-04 0.51h
  e717 s0 g70267 loss 1.2277 (c/l/t 0.637/0.405/0.009) 0.51h
epoch  717 train 1.2886 val 1.3093 lr 1.00e-04 0.52h
  e718 s0 g70365 loss 1.2685 (c/l/t 0.617/0.427/0.011) 0.52h
epoch  718 train 1.2503 val 1.2095 lr 1.00e-04 0.52h
  e719 s0 g70463 loss 1.2436 (c/l/t 0.602/0.455/0.009) 0.52h
epoch  719 train 1.2570 val 1.2713 lr 1.00e-04 0.53h
  e720 s0 g70561 loss 1.2740 (c/l/t 0.655/0.407/0.011) 0.53h
epoch  720 train 1.2561 val 1.2205 lr 1.00e-04 0.53h
  e721 s0 g70659 loss 1.2873 (c/l/t 0.623/0.437/0.011) 0.53h
epoch  721 train 1.2744 val 1.2571 lr 1.00e-04 0.54h
  e722 s0 g70757 loss 1.2195 (c/l/t 0.556/0.465/0.010) 0.54h
epoch  722 train 1.2677 val 1.2658 lr 1.00e-04 0.54h
  e723 s0 g70855 loss 1.2109 (c/l/t 0.639/0.400/0.009) 0.54h
epoch  723 train 1.2394 val 1.3090 lr 1.00e-04 0.55h
  e724 s0 g70953 loss 1.3244 (c/l/t 0.627/0.500/0.010) 0.55h
epoch  724 train 1.2503 val 1.2654 lr 1.00e-04 0.55h
  e725 s0 g71051 loss 1.3192 (c/l/t 0.514/0.552/0.013) 0.55h
epoch  725 train 1.2449 val 1.3362 lr 1.00e-04 0.56h
  e726 s0 g71149 loss 1.1093 (c/l/t 0.572/0.362/0.009) 0.56h
epoch  726 train 1.2625 val 1.3123 lr 1.00e-04 0.56h
  e727 s0 g71247 loss 1.2835 (c/l/t 0.636/0.403/0.012) 0.56h
epoch  727 train 1.2544 val 1.2201 lr 1.00e-04 0.57h
  e728 s0 g71345 loss 1.3989 (c/l/t 0.608/0.606/0.009) 0.57h
epoch  728 train 1.2527 val 1.3114 lr 1.00e-04 0.57h
  e729 s0 g71443 loss 1.1205 (c/l/t 0.544/0.393/0.009) 0.57h
epoch  729 train 1.2387 val 1.3233 lr 1.00e-04 0.58h
  e730 s0 g71541 loss 1.2972 (c/l/t 0.564/0.563/0.009) 0.58h
epoch  730 train 1.2780 val 1.2648 lr 1.00e-04 0.58h
  e731 s0 g71639 loss 1.2866 (c/l/t 0.641/0.464/0.009) 0.58h
epoch  731 train 1.2539 val 1.3706 lr 1.00e-04 0.59h
  e732 s0 g71737 loss 1.3548 (c/l/t 0.605/0.548/0.010) 0.59h
epoch  732 train 1.2548 val 1.2661 lr 1.00e-04 0.59h
  e733 s0 g71835 loss 1.2440 (c/l/t 0.628/0.433/0.009) 0.59h
epoch  733 train 1.2390 val 1.1529 lr 1.00e-04 0.59h
  e734 s0 g71933 loss 1.2460 (c/l/t 0.612/0.389/0.012) 0.60h
epoch  734 train 1.2670 val 1.3679 lr 1.00e-04 0.60h
  e735 s0 g72031 loss 1.3764 (c/l/t 0.621/0.516/0.012) 0.60h
epoch  735 train 1.2537 val 1.2125 lr 1.00e-04 0.60h
  e736 s0 g72129 loss 1.2776 (c/l/t 0.623/0.449/0.010) 0.60h
epoch  736 train 1.2442 val 1.2786 lr 1.00e-04 0.61h
  e737 s0 g72227 loss 1.1943 (c/l/t 0.560/0.458/0.009) 0.61h
epoch  737 train 1.2484 val 1.2044 lr 1.00e-04 0.61h
  e738 s0 g72325 loss 1.2272 (c/l/t 0.576/0.476/0.009) 0.61h
epoch  738 train 1.2455 val 1.2304 lr 1.00e-04 0.62h
  e739 s0 g72423 loss 1.3267 (c/l/t 0.616/0.437/0.014) 0.62h
epoch  739 train 1.2526 val 1.3075 lr 1.00e-04 0.62h
  e740 s0 g72521 loss 1.0261 (c/l/t 0.611/0.209/0.010) 0.62h
epoch  740 train 1.2329 val 1.2390 lr 1.00e-04 0.63h
  e741 s0 g72619 loss 1.1761 (c/l/t 0.571/0.446/0.008) 0.63h
epoch  741 train 1.2378 val 1.2604 lr 1.00e-04 0.63h
  e742 s0 g72717 loss 1.0395 (c/l/t 0.567/0.276/0.010) 0.63h
epoch  742 train 1.2200 val 1.2988 lr 1.00e-04 0.64h
  e743 s0 g72815 loss 1.1175 (c/l/t 0.577/0.386/0.008) 0.64h
epoch  743 train 1.2317 val 1.1401 lr 1.00e-04 0.64h
  e744 s0 g72913 loss 1.3067 (c/l/t 0.628/0.504/0.009) 0.64h
epoch  744 train 1.2440 val 1.2607 lr 1.00e-04 0.65h
  e745 s0 g73011 loss 1.2284 (c/l/t 0.589/0.491/0.007) 0.65h
epoch  745 train 1.2629 val 1.2177 lr 1.00e-04 0.65h
  e746 s0 g73109 loss 1.2154 (c/l/t 0.616/0.403/0.010) 0.65h
epoch  746 train 1.2380 val 1.3197 lr 1.00e-04 0.66h
  e747 s0 g73207 loss 1.2678 (c/l/t 0.582/0.471/0.011) 0.66h
epoch  747 train 1.2478 val 1.2571 lr 1.00e-04 0.66h
  e748 s0 g73305 loss 1.0698 (c/l/t 0.579/0.198/0.015) 0.66h
epoch  748 train 1.2495 val 1.2631 lr 1.00e-04 0.67h
  e749 s0 g73403 loss 1.1544 (c/l/t 0.618/0.281/0.013) 0.67h
epoch  749 train 1.2524 val 1.2428 lr 1.00e-04 0.67h
  e750 s0 g73501 loss 1.1395 (c/l/t 0.578/0.371/0.010) 0.67h
epoch  750 train 1.2630 val 1.2311 lr 1.00e-04 0.68h
  e751 s0 g73599 loss 1.2682 (c/l/t 0.637/0.438/0.010) 0.68h
epoch  751 train 1.2377 val 1.2283 lr 1.00e-04 0.68h
  e752 s0 g73697 loss 1.4482 (c/l/t 0.653/0.628/0.008) 0.68h
epoch  752 train 1.2472 val 1.2730 lr 1.00e-04 0.69h
  e753 s0 g73795 loss 1.3071 (c/l/t 0.628/0.482/0.010) 0.69h
epoch  753 train 1.2543 val 1.2204 lr 1.00e-04 0.69h
  e754 s0 g73893 loss 1.3686 (c/l/t 0.613/0.583/0.009) 0.69h
epoch  754 train 1.2475 val 1.3076 lr 1.00e-04 0.70h
  e755 s0 g73991 loss 1.2112 (c/l/t 0.601/0.394/0.011) 0.70h
epoch  755 train 1.2345 val 1.1784 lr 1.00e-04 0.70h
  e756 s0 g74089 loss 1.4081 (c/l/t 0.591/0.526/0.015) 0.70h
epoch  756 train 1.2492 val 1.1805 lr 1.00e-04 0.71h
  e757 s0 g74187 loss 1.3969 (c/l/t 0.644/0.546/0.010) 0.71h
epoch  757 train 1.2382 val 1.2937 lr 1.00e-04 0.71h
  e758 s0 g74285 loss 1.1825 (c/l/t 0.576/0.424/0.009) 0.71h
epoch  758 train 1.2344 val 1.2380 lr 1.00e-04 0.72h
  e759 s0 g74383 loss 1.3945 (c/l/t 0.620/0.602/0.009) 0.72h
epoch  759 train 1.2533 val 1.2088 lr 1.00e-04 0.72h
  e760 s0 g74481 loss 1.2100 (c/l/t 0.558/0.459/0.010) 0.72h
epoch  760 train 1.2469 val 1.2814 lr 1.00e-04 0.73h
  e761 s0 g74579 loss 1.2437 (c/l/t 0.649/0.403/0.010) 0.73h
epoch  761 train 1.2499 val 1.2413 lr 1.00e-04 0.73h
  e762 s0 g74677 loss 1.1961 (c/l/t 0.570/0.456/0.008) 0.73h
epoch  762 train 1.2630 val 1.3217 lr 1.00e-04 0.74h
  e763 s0 g74775 loss 1.1807 (c/l/t 0.578/0.412/0.010) 0.74h
epoch  763 train 1.2372 val 1.3728 lr 1.00e-04 0.74h
  e764 s0 g74873 loss 1.3331 (c/l/t 0.606/0.493/0.012) 0.74h
epoch  764 train 1.2457 val 1.1711 lr 1.00e-04 0.75h
  e765 s0 g74971 loss 1.3181 (c/l/t 0.605/0.523/0.010) 0.75h
epoch  765 train 1.2458 val 1.2968 lr 1.00e-04 0.75h
  e766 s0 g75069 loss 1.2385 (c/l/t 0.568/0.489/0.009) 0.75h
epoch  766 train 1.2670 val 1.2415 lr 1.00e-04 0.75h
  e767 s0 g75167 loss 1.2496 (c/l/t 0.598/0.396/0.013) 0.76h
epoch  767 train 1.2439 val 1.2452 lr 1.00e-04 0.76h
  e768 s0 g75265 loss 1.2015 (c/l/t 0.584/0.411/0.010) 0.76h
epoch  768 train 1.2463 val 1.2308 lr 1.00e-04 0.76h
  e769 s0 g75363 loss 0.9601 (c/l/t 0.589/0.179/0.010) 0.76h
epoch  769 train 1.2474 val 1.2528 lr 1.00e-04 0.77h
  e770 s0 g75461 loss 1.2274 (c/l/t 0.589/0.483/0.008) 0.77h
epoch  770 train 1.2475 val 1.1773 lr 1.00e-04 0.77h
  e771 s0 g75559 loss 1.1364 (c/l/t 0.569/0.363/0.010) 0.77h
epoch  771 train 1.2173 val 1.3670 lr 1.00e-04 0.78h
  e772 s0 g75657 loss 1.3945 (c/l/t 0.600/0.593/0.010) 0.78h
epoch  772 train 1.2571 val 1.3157 lr 1.00e-04 0.78h
  e773 s0 g75755 loss 1.2971 (c/l/t 0.587/0.418/0.015) 0.78h
epoch  773 train 1.2519 val 1.3621 lr 1.00e-04 0.79h
  e774 s0 g75853 loss 1.2238 (c/l/t 0.651/0.311/0.013) 0.79h
epoch  774 train 1.2303 val 1.2464 lr 1.00e-04 0.79h
  e775 s0 g75951 loss 1.1408 (c/l/t 0.629/0.315/0.010) 0.79h
epoch  775 train 1.2402 val 1.2475 lr 1.00e-04 0.80h
  e776 s0 g76049 loss 1.3456 (c/l/t 0.621/0.552/0.009) 0.80h
epoch  776 train 1.2409 val 1.2695 lr 1.00e-04 0.80h
  e777 s0 g76147 loss 1.2200 (c/l/t 0.610/0.455/0.008) 0.80h
epoch  777 train 1.2306 val 1.2354 lr 1.00e-04 0.81h
  e778 s0 g76245 loss 1.3066 (c/l/t 0.528/0.492/0.014) 0.81h
epoch  778 train 1.2205 val 1.2554 lr 1.00e-04 0.81h
  e779 s0 g76343 loss 1.4260 (c/l/t 0.622/0.566/0.012) 0.81h
epoch  779 train 1.2414 val 1.1993 lr 1.00e-04 0.82h
  e780 s0 g76441 loss 1.2092 (c/l/t 0.602/0.411/0.010) 0.82h
epoch  780 train 1.2592 val 1.2580 lr 1.00e-04 0.82h
  e781 s0 g76539 loss 1.1112 (c/l/t 0.568/0.356/0.009) 0.82h
epoch  781 train 1.2317 val 1.2253 lr 1.00e-04 0.83h
  e782 s0 g76637 loss 1.1846 (c/l/t 0.647/0.319/0.011) 0.83h
epoch  782 train 1.2010 val 1.1918 lr 1.00e-04 0.83h
  e783 s0 g76735 loss 1.0903 (c/l/t 0.577/0.344/0.008) 0.83h
epoch  783 train 1.2269 val 1.1650 lr 1.00e-04 0.84h
  e784 s0 g76833 loss 1.2173 (c/l/t 0.560/0.444/0.011) 0.84h
epoch  784 train 1.2239 val 1.2653 lr 1.00e-04 0.84h
  e785 s0 g76931 loss 1.0017 (c/l/t 0.596/0.211/0.010) 0.84h
epoch  785 train 1.2235 val 1.1868 lr 1.00e-04 0.85h
  e786 s0 g77029 loss 1.2183 (c/l/t 0.586/0.421/0.011) 0.85h
epoch  786 train 1.2381 val 1.2213 lr 1.00e-04 0.85h
  e787 s0 g77127 loss 1.2540 (c/l/t 0.636/0.411/0.010) 0.85h
epoch  787 train 1.2392 val 1.2625 lr 1.00e-04 0.86h
  e788 s0 g77225 loss 1.1955 (c/l/t 0.584/0.388/0.011) 0.86h
epoch  788 train 1.2407 val 1.2449 lr 1.00e-04 0.86h
  e789 s0 g77323 loss 1.2251 (c/l/t 0.611/0.416/0.010) 0.86h
epoch  789 train 1.2393 val 1.2711 lr 1.00e-04 0.87h
  e790 s0 g77421 loss 1.0938 (c/l/t 0.600/0.272/0.011) 0.87h
epoch  790 train 1.2469 val 1.2764 lr 1.00e-04 0.87h
  e791 s0 g77519 loss 1.3594 (c/l/t 0.608/0.562/0.010) 0.87h
epoch  791 train 1.2436 val 1.2996 lr 1.00e-04 0.88h
  e792 s0 g77617 loss 1.1671 (c/l/t 0.549/0.387/0.012) 0.88h
epoch  792 train 1.2295 val 1.2812 lr 1.00e-04 0.88h
  e793 s0 g77715 loss 1.2316 (c/l/t 0.634/0.402/0.010) 0.88h
epoch  793 train 1.2375 val 1.3153 lr 1.00e-04 0.89h
  e794 s0 g77813 loss 1.0377 (c/l/t 0.547/0.304/0.009) 0.89h
epoch  794 train 1.2360 val 1.1790 lr 1.00e-04 0.89h
  e795 s0 g77911 loss 1.2475 (c/l/t 0.548/0.485/0.011) 0.89h
epoch  795 train 1.2365 val 1.2583 lr 1.00e-04 0.90h
  e796 s0 g78009 loss 1.0011 (c/l/t 0.577/0.225/0.010) 0.90h
epoch  796 train 1.2410 val 1.2675 lr 1.00e-04 0.90h
  e797 s0 g78107 loss 1.0606 (c/l/t 0.528/0.310/0.011) 0.90h
epoch  797 train 1.2295 val 1.2735 lr 1.00e-04 0.91h
  e798 s0 g78205 loss 1.1350 (c/l/t 0.595/0.346/0.010) 0.91h
epoch  798 train 1.2371 val 1.2373 lr 1.00e-04 0.91h
  e799 s0 g78303 loss 1.2367 (c/l/t 0.569/0.518/0.008) 0.91h
epoch  799 train 1.2265 val 1.1736 lr 1.00e-04 0.91h
  e800 s0 g78401 loss 1.3892 (c/l/t 0.684/0.490/0.011) 0.92h
epoch  800 train 1.2577 val 1.3658 lr 1.00e-04 0.92h
  e801 s0 g78499 loss 1.1118 (c/l/t 0.610/0.337/0.008) 0.92h
epoch  801 train 1.2322 val 1.2803 lr 1.00e-04 0.92h
  e802 s0 g78597 loss 1.2970 (c/l/t 0.644/0.398/0.013) 0.92h
epoch  802 train 1.2298 val 1.2777 lr 1.00e-04 0.93h
  e803 s0 g78695 loss 1.2889 (c/l/t 0.655/0.472/0.008) 0.93h
epoch  803 train 1.2454 val 1.2409 lr 1.00e-04 0.93h
  e804 s0 g78793 loss 1.1125 (c/l/t 0.601/0.336/0.009) 0.93h
epoch  804 train 1.2325 val 1.2492 lr 1.00e-04 0.94h
  e805 s0 g78891 loss 1.2158 (c/l/t 0.552/0.489/0.009) 0.94h
epoch  805 train 1.2294 val 1.1529 lr 1.00e-04 0.94h
  e806 s0 g78989 loss 1.3712 (c/l/t 0.645/0.508/0.011) 0.94h
epoch  806 train 1.2183 val 1.1851 lr 1.00e-04 0.95h
  e807 s0 g79087 loss 1.2048 (c/l/t 0.575/0.452/0.009) 0.95h
epoch  807 train 1.2236 val 1.2631 lr 1.00e-04 0.95h
  e808 s0 g79185 loss 1.2250 (c/l/t 0.610/0.425/0.010) 0.95h
epoch  808 train 1.2348 val 1.2803 lr 1.00e-04 0.96h
  e809 s0 g79283 loss 1.2039 (c/l/t 0.584/0.443/0.009) 0.96h
epoch  809 train 1.2522 val 1.3483 lr 1.00e-04 0.96h
  e810 s0 g79381 loss 1.0916 (c/l/t 0.600/0.272/0.011) 0.96h
epoch  810 train 1.2279 val 1.2949 lr 1.00e-04 0.97h
  e811 s0 g79479 loss 1.1286 (c/l/t 0.537/0.317/0.014) 0.97h
epoch  811 train 1.2256 val 1.1935 lr 1.00e-04 0.97h
  e812 s0 g79577 loss 1.3210 (c/l/t 0.591/0.430/0.015) 0.97h
epoch  812 train 1.2449 val 1.2199 lr 1.00e-04 0.98h
  e813 s0 g79675 loss 1.1211 (c/l/t 0.571/0.367/0.009) 0.98h
epoch  813 train 1.2250 val 1.2533 lr 1.00e-04 0.98h
  e814 s0 g79773 loss 1.2361 (c/l/t 0.591/0.469/0.009) 0.98h
epoch  814 train 1.2278 val 1.1812 lr 1.00e-04 0.99h
  e815 s0 g79871 loss 1.0660 (c/l/t 0.597/0.300/0.008) 0.99h
epoch  815 train 1.2151 val 1.3508 lr 1.00e-04 0.99h
  e816 s0 g79969 loss 1.2430 (c/l/t 0.615/0.470/0.008) 0.99h
epoch  816 train 1.2144 val 1.1969 lr 1.00e-04 1.00h
  e817 s0 g80067 loss 1.1596 (c/l/t 0.564/0.421/0.009) 1.00h
epoch  817 train 1.2273 val 1.1789 lr 1.00e-04 1.00h
wallclock budget reached at epoch 817
done. best val 1.1401 -> /home/satya/projects/invdes/InvDesFlow-AL/gen_10k_r1.ckpt (latest -> /home/satya/projects/invdes/InvDesFlow-AL/gen_10k_r1_latest.ckpt)
[za 23 mei 2026 15:19:07 CEST] --- Cycle 1/3: quick eval (512 samples, A diagnostics)
loaded /home/satya/projects/invdes/InvDesFlow-AL/gen_10k_r1.ckpt (epoch 743, val 1.1400733292102814)
  generated 256/512 (347s)
  generated 512/512 (649s)

unique rate         : 0.6562  (336/512)
lattice vpa min/p5/med/p95/max : 7.32 / 11.12 / 18.68 / 4582.34 / 10567.13
sane fraction       : 0.727   nan: 0
atom output         : 84 elements   entropy 2.866   top Z=1 (42.4%)
A-channel worst     : max|A|=50.0  sat_frac=0.4073  first_sat_t=999
A at t=999/500/100/0: max|A|=50.0/50.0/50.0/50.0

wrote /home/satya/projects/invdes/InvDesFlow-AL/eval_r1.json
RESULT_JSON {"unique_rate": 0.6562, "vpa_min": 7.32, "vpa_p5": 11.12, "vpa_median": 18.68, "vpa_p95": 4582.34, "vpa_max": 10567.13, "sane_fraction": 0.727, "nan": 0, "first_sat_t": 999, "worst_sat": 0.4073, "worst_max_A": 50.0, "top_z": 1, "top_frac": 0.424}
[za 23 mei 2026 15:29:57 CEST] --- Cycle 2/3: resume train 1.0h  gen_10k_r1.ckpt -> gen_10k_r2.ckpt
records=10000 train_batches=98 val_batches=4 batch=96 device=cuda budget=1.0h
auto-batch -> 96
resumed from /home/satya/projects/invdes/InvDesFlow-AL/gen_10k_r1.ckpt: epoch=744 gstep=72912 prior_val=1.1401
  e744 s0 g72913 loss 1.1456 (c/l/t 0.545/0.434/0.008) 0.00h
epoch  744 train 1.2557 val 1.1518 lr 1.00e-04 0.00h
  e745 s0 g73011 loss 1.3936 (c/l/t 0.655/0.540/0.010) 0.00h
epoch  745 train 1.2497 val 1.2535 lr 1.00e-04 0.01h
  e746 s0 g73109 loss 1.1089 (c/l/t 0.546/0.409/0.008) 0.01h
epoch  746 train 1.2321 val 1.2103 lr 1.00e-04 0.01h
  e747 s0 g73207 loss 1.2194 (c/l/t 0.583/0.434/0.010) 0.01h
epoch  747 train 1.2333 val 1.3141 lr 1.00e-04 0.02h
  e748 s0 g73305 loss 1.0607 (c/l/t 0.606/0.260/0.010) 0.02h
epoch  748 train 1.2752 val 1.2690 lr 1.00e-04 0.02h
  e749 s0 g73403 loss 1.2359 (c/l/t 0.586/0.483/0.008) 0.02h
epoch  749 train 1.2480 val 1.2693 lr 1.00e-04 0.03h
  e750 s0 g73501 loss 1.1479 (c/l/t 0.645/0.306/0.010) 0.03h
epoch  750 train 1.2361 val 1.3397 lr 1.00e-04 0.03h
  e751 s0 g73599 loss 1.2331 (c/l/t 0.590/0.419/0.011) 0.03h
epoch  751 train 1.2384 val 1.3187 lr 1.00e-04 0.04h
  e752 s0 g73697 loss 1.3160 (c/l/t 0.638/0.501/0.009) 0.04h
epoch  752 train 1.2673 val 1.2346 lr 1.00e-04 0.04h
  e753 s0 g73795 loss 1.4231 (c/l/t 0.626/0.508/0.014) 0.04h
epoch  753 train 1.2626 val 1.2403 lr 1.00e-04 0.05h
  e754 s0 g73893 loss 1.2903 (c/l/t 0.616/0.458/0.011) 0.05h
epoch  754 train 1.2512 val 1.1768 lr 1.00e-04 0.05h
  e755 s0 g73991 loss 1.1613 (c/l/t 0.573/0.394/0.010) 0.05h
epoch  755 train 1.2411 val 1.2807 lr 1.00e-04 0.06h
  e756 s0 g74089 loss 1.0934 (c/l/t 0.538/0.370/0.009) 0.06h
epoch  756 train 1.2373 val 1.2080 lr 1.00e-04 0.06h
  e757 s0 g74187 loss 1.3088 (c/l/t 0.617/0.472/0.011) 0.06h
epoch  757 train 1.2330 val 1.2269 lr 1.00e-04 0.07h
  e758 s0 g74285 loss 1.4071 (c/l/t 0.610/0.602/0.010) 0.07h
epoch  758 train 1.2367 val 1.2714 lr 1.00e-04 0.07h
  e759 s0 g74383 loss 1.1422 (c/l/t 0.545/0.412/0.009) 0.07h
epoch  759 train 1.2405 val 1.2756 lr 1.00e-04 0.08h
  e760 s0 g74481 loss 1.0999 (c/l/t 0.593/0.295/0.011) 0.08h
epoch  760 train 1.2457 val 1.2263 lr 1.00e-04 0.08h
  e761 s0 g74579 loss 1.3708 (c/l/t 0.658/0.470/0.012) 0.08h
epoch  761 train 1.2183 val 1.2496 lr 1.00e-04 0.09h
  e762 s0 g74677 loss 1.2301 (c/l/t 0.610/0.444/0.009) 0.09h
epoch  762 train 1.2406 val 1.3062 lr 1.00e-04 0.09h
  e763 s0 g74775 loss 1.4187 (c/l/t 0.698/0.513/0.010) 0.09h
epoch  763 train 1.2529 val 1.3045 lr 1.00e-04 0.10h
  e764 s0 g74873 loss 1.2367 (c/l/t 0.641/0.387/0.010) 0.10h
epoch  764 train 1.2510 val 1.2998 lr 1.00e-04 0.10h
  e765 s0 g74971 loss 1.2384 (c/l/t 0.576/0.343/0.016) 0.10h
epoch  765 train 1.2276 val 1.3364 lr 1.00e-04 0.11h
  e766 s0 g75069 loss 1.4281 (c/l/t 0.652/0.484/0.015) 0.11h
epoch  766 train 1.2316 val 1.4491 lr 1.00e-04 0.11h
  e767 s0 g75167 loss 1.1706 (c/l/t 0.521/0.480/0.008) 0.11h
epoch  767 train 1.2542 val 1.1294 lr 1.00e-04 0.12h
  e768 s0 g75265 loss 1.2524 (c/l/t 0.602/0.444/0.010) 0.12h
epoch  768 train 1.2375 val 1.2049 lr 1.00e-04 0.12h
  e769 s0 g75363 loss 1.2288 (c/l/t 0.613/0.442/0.009) 0.12h
epoch  769 train 1.2595 val 1.1459 lr 1.00e-04 0.13h
  e770 s0 g75461 loss 1.1409 (c/l/t 0.620/0.348/0.009) 0.13h
epoch  770 train 1.2442 val 1.1795 lr 1.00e-04 0.13h
  e771 s0 g75559 loss 1.0779 (c/l/t 0.621/0.272/0.009) 0.13h
epoch  771 train 1.2335 val 1.2598 lr 1.00e-04 0.14h
  e772 s0 g75657 loss 1.3001 (c/l/t 0.634/0.411/0.013) 0.14h
epoch  772 train 1.2224 val 1.2666 lr 1.00e-04 0.14h
  e773 s0 g75755 loss 1.2771 (c/l/t 0.620/0.458/0.010) 0.14h
epoch  773 train 1.2339 val 1.2329 lr 1.00e-04 0.15h
  e774 s0 g75853 loss 1.2579 (c/l/t 0.638/0.420/0.010) 0.15h
epoch  774 train 1.2296 val 1.3503 lr 1.00e-04 0.15h
  e775 s0 g75951 loss 1.2151 (c/l/t 0.610/0.388/0.011) 0.15h
epoch  775 train 1.2403 val 1.3749 lr 1.00e-04 0.16h
  e776 s0 g76049 loss 1.0578 (c/l/t 0.620/0.257/0.009) 0.16h
epoch  776 train 1.2479 val 1.3013 lr 1.00e-04 0.16h
  e777 s0 g76147 loss 1.3980 (c/l/t 0.623/0.541/0.012) 0.16h
epoch  777 train 1.2384 val 1.3171 lr 1.00e-04 0.17h
  e778 s0 g76245 loss 1.3248 (c/l/t 0.641/0.485/0.010) 0.17h
epoch  778 train 1.2342 val 1.1162 lr 1.00e-04 0.17h
  e779 s0 g76343 loss 1.2634 (c/l/t 0.585/0.421/0.013) 0.17h
epoch  779 train 1.2352 val 1.2551 lr 1.00e-04 0.18h
  e780 s0 g76441 loss 1.1779 (c/l/t 0.606/0.379/0.010) 0.18h
epoch  780 train 1.2249 val 1.1670 lr 1.00e-04 0.18h
  e781 s0 g76539 loss 1.0927 (c/l/t 0.559/0.375/0.008) 0.18h
epoch  781 train 1.2427 val 1.1873 lr 1.00e-04 0.19h
  e782 s0 g76637 loss 1.2916 (c/l/t 0.575/0.463/0.013) 0.19h
epoch  782 train 1.2424 val 1.3589 lr 1.00e-04 0.19h
  e783 s0 g76735 loss 1.2833 (c/l/t 0.631/0.446/0.010) 0.19h
epoch  783 train 1.2418 val 1.2413 lr 1.00e-04 0.20h
  e784 s0 g76833 loss 1.3867 (c/l/t 0.638/0.545/0.010) 0.20h
epoch  784 train 1.2254 val 1.1910 lr 1.00e-04 0.20h
  e785 s0 g76931 loss 1.1589 (c/l/t 0.599/0.381/0.009) 0.20h
epoch  785 train 1.2317 val 1.2343 lr 1.00e-04 0.21h
  e786 s0 g77029 loss 1.0163 (c/l/t 0.519/0.319/0.009) 0.21h
epoch  786 train 1.2472 val 1.3248 lr 1.00e-04 0.21h
  e787 s0 g77127 loss 1.2116 (c/l/t 0.621/0.433/0.008) 0.21h
epoch  787 train 1.2366 val 1.2517 lr 1.00e-04 0.21h
  e788 s0 g77225 loss 1.2685 (c/l/t 0.520/0.517/0.012) 0.21h
epoch  788 train 1.2369 val 1.3178 lr 1.00e-04 0.22h
  e789 s0 g77323 loss 1.2737 (c/l/t 0.594/0.431/0.012) 0.22h
epoch  789 train 1.2542 val 1.3373 lr 1.00e-04 0.22h
  e790 s0 g77421 loss 1.1229 (c/l/t 0.471/0.457/0.010) 0.22h
epoch  790 train 1.2180 val 1.2972 lr 1.00e-04 0.23h
  e791 s0 g77519 loss 1.3352 (c/l/t 0.602/0.515/0.011) 0.23h
epoch  791 train 1.2291 val 1.2713 lr 1.00e-04 0.23h
  e792 s0 g77617 loss 1.2693 (c/l/t 0.602/0.432/0.012) 0.23h
epoch  792 train 1.2509 val 1.2290 lr 1.00e-04 0.24h
  e793 s0 g77715 loss 1.0800 (c/l/t 0.538/0.387/0.008) 0.24h
epoch  793 train 1.2431 val 1.2486 lr 1.00e-04 0.24h
  e794 s0 g77813 loss 1.0433 (c/l/t 0.582/0.265/0.010) 0.24h
epoch  794 train 1.2397 val 1.2843 lr 1.00e-04 0.25h
  e795 s0 g77911 loss 1.0332 (c/l/t 0.590/0.236/0.010) 0.25h
epoch  795 train 1.2316 val 1.1569 lr 1.00e-04 0.25h
  e796 s0 g78009 loss 1.0527 (c/l/t 0.553/0.330/0.008) 0.25h
epoch  796 train 1.2269 val 1.3041 lr 1.00e-04 0.26h
  e797 s0 g78107 loss 1.2013 (c/l/t 0.596/0.424/0.009) 0.26h
epoch  797 train 1.2197 val 1.2264 lr 1.00e-04 0.26h
  e798 s0 g78205 loss 1.1892 (c/l/t 0.539/0.455/0.010) 0.26h
epoch  798 train 1.2115 val 1.2633 lr 1.00e-04 0.27h
  e799 s0 g78303 loss 1.1784 (c/l/t 0.571/0.426/0.009) 0.27h
epoch  799 train 1.2233 val 1.2132 lr 1.00e-04 0.27h
  e800 s0 g78401 loss 1.3401 (c/l/t 0.640/0.517/0.009) 0.27h
epoch  800 train 1.2258 val 1.2025 lr 1.00e-04 0.28h
  e801 s0 g78499 loss 1.0567 (c/l/t 0.559/0.310/0.009) 0.28h
epoch  801 train 1.2283 val 1.2233 lr 1.00e-04 0.28h
  e802 s0 g78597 loss 1.2554 (c/l/t 0.642/0.452/0.008) 0.28h
epoch  802 train 1.2278 val 1.2315 lr 1.00e-04 0.29h
  e803 s0 g78695 loss 1.1950 (c/l/t 0.616/0.417/0.008) 0.29h
epoch  803 train 1.2246 val 1.3410 lr 1.00e-04 0.29h
  e804 s0 g78793 loss 1.1954 (c/l/t 0.600/0.397/0.010) 0.29h
epoch  804 train 1.2310 val 1.2550 lr 1.00e-04 0.30h
  e805 s0 g78891 loss 1.1122 (c/l/t 0.576/0.283/0.013) 0.30h
epoch  805 train 1.2299 val 1.2455 lr 1.00e-04 0.30h
  e806 s0 g78989 loss 1.2870 (c/l/t 0.578/0.559/0.007) 0.30h
epoch  806 train 1.2177 val 1.1279 lr 1.00e-04 0.31h
  e807 s0 g79087 loss 1.1359 (c/l/t 0.600/0.371/0.008) 0.31h
epoch  807 train 1.2257 val 1.1945 lr 1.00e-04 0.31h
  e808 s0 g79185 loss 1.2514 (c/l/t 0.627/0.442/0.009) 0.31h
epoch  808 train 1.2251 val 1.3320 lr 1.00e-04 0.32h
  e809 s0 g79283 loss 1.1155 (c/l/t 0.572/0.313/0.012) 0.32h
epoch  809 train 1.2312 val 1.2505 lr 1.00e-04 0.32h
  e810 s0 g79381 loss 1.0210 (c/l/t 0.578/0.255/0.009) 0.32h
epoch  810 train 1.2193 val 1.2562 lr 1.00e-04 0.33h
  e811 s0 g79479 loss 1.1341 (c/l/t 0.604/0.355/0.009) 0.33h
epoch  811 train 1.2239 val 1.1856 lr 1.00e-04 0.33h
  e812 s0 g79577 loss 1.2267 (c/l/t 0.595/0.427/0.010) 0.33h
epoch  812 train 1.2206 val 1.2104 lr 1.00e-04 0.34h
  e813 s0 g79675 loss 1.2687 (c/l/t 0.589/0.462/0.011) 0.34h
epoch  813 train 1.2133 val 1.3105 lr 1.00e-04 0.34h
  e814 s0 g79773 loss 1.0861 (c/l/t 0.586/0.269/0.012) 0.34h
epoch  814 train 1.2155 val 1.2801 lr 1.00e-04 0.35h
  e815 s0 g79871 loss 1.2567 (c/l/t 0.527/0.440/0.014) 0.35h
epoch  815 train 1.2357 val 1.2534 lr 1.00e-04 0.35h
  e816 s0 g79969 loss 1.1516 (c/l/t 0.615/0.334/0.010) 0.35h
epoch  816 train 1.2260 val 1.2612 lr 1.00e-04 0.36h
  e817 s0 g80067 loss 1.2631 (c/l/t 0.623/0.447/0.010) 0.36h
epoch  817 train 1.2258 val 1.1905 lr 1.00e-04 0.36h
  e818 s0 g80165 loss 1.2137 (c/l/t 0.562/0.472/0.009) 0.36h
epoch  818 train 1.2142 val 1.1984 lr 1.00e-04 0.37h
  e819 s0 g80263 loss 1.3304 (c/l/t 0.603/0.516/0.011) 0.37h
epoch  819 train 1.2258 val 1.3370 lr 1.00e-04 0.37h
  e820 s0 g80361 loss 1.2308 (c/l/t 0.533/0.469/0.011) 0.37h
epoch  820 train 1.2300 val 1.2052 lr 1.00e-04 0.38h
  e821 s0 g80459 loss 1.1564 (c/l/t 0.555/0.390/0.011) 0.38h
epoch  821 train 1.2217 val 1.1546 lr 1.00e-04 0.38h
  e822 s0 g80557 loss 1.1891 (c/l/t 0.629/0.406/0.008) 0.38h
epoch  822 train 1.2276 val 1.2884 lr 1.00e-04 0.39h
  e823 s0 g80655 loss 1.2104 (c/l/t 0.559/0.476/0.009) 0.39h
epoch  823 train 1.2201 val 1.1853 lr 1.00e-04 0.39h
  e824 s0 g80753 loss 1.2536 (c/l/t 0.575/0.431/0.012) 0.39h
epoch  824 train 1.2294 val 1.2224 lr 1.00e-04 0.40h
  e825 s0 g80851 loss 1.1018 (c/l/t 0.568/0.321/0.011) 0.40h
epoch  825 train 1.2360 val 1.2523 lr 1.00e-04 0.40h
  e826 s0 g80949 loss 1.2472 (c/l/t 0.608/0.504/0.007) 0.40h
epoch  826 train 1.2235 val 1.1928 lr 1.00e-04 0.41h
  e827 s0 g81047 loss 1.3627 (c/l/t 0.646/0.530/0.009) 0.41h
epoch  827 train 1.2198 val 1.3290 lr 1.00e-04 0.41h
  e828 s0 g81145 loss 1.1846 (c/l/t 0.567/0.470/0.007) 0.41h
epoch  828 train 1.2109 val 1.2642 lr 1.00e-04 0.42h
  e829 s0 g81243 loss 1.2576 (c/l/t 0.660/0.420/0.009) 0.42h
epoch  829 train 1.2061 val 1.2022 lr 1.00e-04 0.42h
  e830 s0 g81341 loss 1.3527 (c/l/t 0.627/0.521/0.010) 0.42h
epoch  830 train 1.2390 val 1.2345 lr 1.00e-04 0.42h
  e831 s0 g81439 loss 1.2861 (c/l/t 0.583/0.422/0.014) 0.42h
epoch  831 train 1.2201 val 1.2301 lr 1.00e-04 0.43h
  e832 s0 g81537 loss 1.3032 (c/l/t 0.614/0.508/0.009) 0.43h
epoch  832 train 1.2119 val 1.1642 lr 1.00e-04 0.43h
  e833 s0 g81635 loss 1.1993 (c/l/t 0.640/0.321/0.012) 0.43h
epoch  833 train 1.2161 val 1.3426 lr 1.00e-04 0.44h
  e834 s0 g81733 loss 1.1885 (c/l/t 0.605/0.431/0.008) 0.44h
epoch  834 train 1.2392 val 1.2039 lr 1.00e-04 0.44h
  e835 s0 g81831 loss 1.4448 (c/l/t 0.645/0.593/0.010) 0.44h
epoch  835 train 1.2376 val 1.2785 lr 1.00e-04 0.45h
  e836 s0 g81929 loss 1.2620 (c/l/t 0.627/0.457/0.009) 0.45h
epoch  836 train 1.2115 val 1.2489 lr 1.00e-04 0.45h
  e837 s0 g82027 loss 1.0453 (c/l/t 0.569/0.321/0.008) 0.45h
epoch  837 train 1.2325 val 1.2002 lr 1.00e-04 0.46h
  e838 s0 g82125 loss 1.2649 (c/l/t 0.595/0.497/0.009) 0.46h
epoch  838 train 1.2195 val 1.2030 lr 1.00e-04 0.46h
  e839 s0 g82223 loss 1.1868 (c/l/t 0.623/0.383/0.009) 0.46h
epoch  839 train 1.2179 val 1.2089 lr 1.00e-04 0.47h
  e840 s0 g82321 loss 1.2198 (c/l/t 0.568/0.452/0.010) 0.47h
epoch  840 train 1.2102 val 1.2772 lr 1.00e-04 0.47h
  e841 s0 g82419 loss 1.0779 (c/l/t 0.591/0.270/0.011) 0.47h
epoch  841 train 1.2121 val 1.2975 lr 1.00e-04 0.48h
  e842 s0 g82517 loss 1.1362 (c/l/t 0.620/0.324/0.010) 0.48h
epoch  842 train 1.2137 val 1.1940 lr 1.00e-04 0.48h
  e843 s0 g82615 loss 1.1622 (c/l/t 0.577/0.434/0.008) 0.48h
epoch  843 train 1.2054 val 1.2371 lr 1.00e-04 0.49h
  e844 s0 g82713 loss 1.2372 (c/l/t 0.658/0.316/0.013) 0.49h
epoch  844 train 1.2251 val 1.2084 lr 1.00e-04 0.49h
  e845 s0 g82811 loss 1.1585 (c/l/t 0.580/0.409/0.009) 0.49h
epoch  845 train 1.2195 val 1.2649 lr 1.00e-04 0.50h
  e846 s0 g82909 loss 1.2149 (c/l/t 0.619/0.461/0.007) 0.50h
epoch  846 train 1.2168 val 1.2678 lr 1.00e-04 0.50h
  e847 s0 g83007 loss 1.1624 (c/l/t 0.535/0.442/0.009) 0.50h
epoch  847 train 1.2282 val 1.1487 lr 1.00e-04 0.51h
  e848 s0 g83105 loss 1.1238 (c/l/t 0.604/0.321/0.010) 0.51h
epoch  848 train 1.1968 val 1.2667 lr 1.00e-04 0.51h
  e849 s0 g83203 loss 1.4857 (c/l/t 0.584/0.655/0.012) 0.51h
epoch  849 train 1.2239 val 1.2741 lr 1.00e-04 0.52h
  e850 s0 g83301 loss 1.1543 (c/l/t 0.668/0.306/0.009) 0.52h
epoch  850 train 1.2240 val 1.2478 lr 1.00e-04 0.52h
  e851 s0 g83399 loss 1.3090 (c/l/t 0.617/0.496/0.010) 0.52h
epoch  851 train 1.2260 val 1.2601 lr 1.00e-04 0.53h
  e852 s0 g83497 loss 1.3238 (c/l/t 0.597/0.547/0.009) 0.53h
epoch  852 train 1.2222 val 1.2333 lr 1.00e-04 0.53h
  e853 s0 g83595 loss 1.1487 (c/l/t 0.592/0.305/0.013) 0.53h
epoch  853 train 1.2110 val 1.1760 lr 1.00e-04 0.54h
  e854 s0 g83693 loss 1.0853 (c/l/t 0.535/0.380/0.009) 0.54h
epoch  854 train 1.2310 val 1.2077 lr 1.00e-04 0.54h
  e855 s0 g83791 loss 1.2266 (c/l/t 0.556/0.514/0.008) 0.54h
epoch  855 train 1.1985 val 1.2935 lr 1.00e-04 0.55h
  e856 s0 g83889 loss 1.2027 (c/l/t 0.585/0.434/0.009) 0.55h
epoch  856 train 1.1990 val 1.2292 lr 1.00e-04 0.55h
  e857 s0 g83987 loss 1.2153 (c/l/t 0.628/0.420/0.008) 0.55h
epoch  857 train 1.2079 val 1.2389 lr 1.00e-04 0.56h
  e858 s0 g84085 loss 1.1880 (c/l/t 0.600/0.432/0.008) 0.56h
epoch  858 train 1.2215 val 1.2638 lr 1.00e-04 0.56h
  e859 s0 g84183 loss 1.3837 (c/l/t 0.572/0.622/0.009) 0.56h
epoch  859 train 1.2092 val 1.2054 lr 1.00e-04 0.57h
  e860 s0 g84281 loss 1.2150 (c/l/t 0.636/0.413/0.008) 0.57h
epoch  860 train 1.1967 val 1.2229 lr 1.00e-04 0.57h
  e861 s0 g84379 loss 1.1858 (c/l/t 0.589/0.353/0.012) 0.57h
epoch  861 train 1.2075 val 1.1666 lr 1.00e-04 0.58h
  e862 s0 g84477 loss 1.5777 (c/l/t 0.607/0.796/0.009) 0.58h
epoch  862 train 1.2218 val 1.2744 lr 1.00e-04 0.58h
  e863 s0 g84575 loss 1.2771 (c/l/t 0.606/0.428/0.012) 0.58h
epoch  863 train 1.2052 val 1.3253 lr 1.00e-04 0.59h
  e864 s0 g84673 loss 1.2032 (c/l/t 0.562/0.401/0.012) 0.59h
epoch  864 train 1.1944 val 1.2823 lr 1.00e-04 0.59h
  e865 s0 g84771 loss 1.2471 (c/l/t 0.592/0.465/0.010) 0.59h
epoch  865 train 1.2131 val 1.1850 lr 1.00e-04 0.60h
  e866 s0 g84869 loss 1.1326 (c/l/t 0.602/0.372/0.008) 0.60h
epoch  866 train 1.2060 val 1.1157 lr 1.00e-04 0.60h
  e867 s0 g84967 loss 1.3208 (c/l/t 0.607/0.565/0.007) 0.60h
epoch  867 train 1.2193 val 1.0972 lr 1.00e-04 0.61h
  e868 s0 g85065 loss 1.0974 (c/l/t 0.593/0.318/0.009) 0.61h
epoch  868 train 1.2197 val 1.3221 lr 1.00e-04 0.61h
  e869 s0 g85163 loss 1.2572 (c/l/t 0.568/0.493/0.010) 0.61h
Terminated
[za 23 mei 2026 16:07:01 CEST] WARNING: train cycle 2 exited non-zero, continuing
[za 23 mei 2026 16:07:01 CEST] --- Cycle 2/3: quick eval (512 samples, A diagnostics)
loaded /home/satya/projects/invdes/InvDesFlow-AL/gen_10k_r2.ckpt (epoch 867, val 1.09720940887928)
