matched 50/50 selected to relaxed; 50 distinct formulas; unmatched=0
PRE: {'n_relaxed': 200, 'n_ok': 200, 'fraction_converged_ml': 0.72, 'delta_e_median': 0.326, 'delta_e_n': 200}
fine-tuning 500 steps on 50 relaxed crystals (lr=0.0001) ...
  step 0/500  loss=1.0117 (1s)
  step 100/500  loss=0.6964 (9s)
  step 200/500  loss=0.7845 (17s)
  step 300/500  loss=0.7201 (25s)
  step 400/500  loss=0.5715 (34s)
  step 499/500  loss=0.7337 (42s)
saved al_runs/chgnet_stage0_round0_movement/finetuned.ckpt
safety eval: debug_eval_quick on finetuned ckpt ...
safety: {'unique_rate': 0.8105, 'vpa_min': 11.31, 'vpa_p5': 15.83, 'vpa_median': 23.64, 'vpa_p95': 29.33, 'vpa_max': 34.52, 'sane_fraction': 1.0, 'nan': 0, 'first_sat_t': None, 'worst_sat': 0.0, 'worst_max_A': 5.64, 'top_z': 79, 'top_frac': 0.205}
loading manifest novelty set from data_raw/pretrain.jsonl ...
  150000 keys
generating 500 from finetuned ckpt ...
  post-gen 256/500 valid=254 (366s)
  post-gen 500/500 valid=496 (739s)
relaxing 200 post-finetune candidates (novel_pre first) ...
CHGNet v0.3.0 initialized with 412,525 parameters
CHGNet will run on cuda:0
  post-relax 25/200  ok=25 failed=0 conv_ml=22  (90s)
  post-relax 50/200  ok=50 failed=0 conv_ml=45  (196s)
  post-relax 75/200  ok=75 failed=0 conv_ml=66  (284s)
  post-relax 100/200  ok=100 failed=0 conv_ml=86  (390s)
  post-relax 125/200  ok=125 failed=0 conv_ml=109  (474s)
  post-relax 150/200  ok=150 failed=0 conv_ml=128  (559s)
  post-relax 175/200  ok=175 failed=0 conv_ml=151  (653s)
  post-relax 200/200  ok=200 failed=0 conv_ml=171  (745s)
POST: {'n_relaxed': 200, 'n_ok': 200, 'n_failed': 0, 'fraction_converged_ml': 0.855, 'delta_e_median': 0.1842, 'delta_e_n': 200}

PRE  median(delta_e) = 0.326  fraction_conv_ml = 0.72
POST median(delta_e) = 0.1842  fraction_conv_ml = 0.855
drop_dE = 0.1418 (thresh >= 0.05)   conv_change = 0.135 (tol >= -0.1)   memo_rate = 0.012 (max 0.5)
gates: safety=True delta=True conv=True memo=True
VERDICT: PASS
RESULT_JSON {"source_ckpt": "checkpoints/gen_150k.ckpt", "round0_dir": "al_runs/chgnet_stage0_round0", "finetuned_ckpt": "al_runs/chgnet_stage0_round0_movement/finetuned.ckpt", "finetune_steps": 500, "finetune_lr": 0.0001, "n_finetune_crystals": 50, "finetune_seen_formulas": 50, "pre": {"n_relaxed": 200, "n_ok": 200, "fraction_converged_ml": 0.72, "delta_e_median": 0.326, "delta_e_n": 200}, "post": {"n_relaxed": 200, "n_ok": 200, "n_failed": 0, "fraction_converged_ml": 0.855, "delta_e_median": 0.1842, "delta_e_n": 200}, "post_gen_summary": {"generated": 500, "valid": 496, "valid_fraction": 0.992, "filter_counts": {"ok": 496, "atom_overlap": 4}, "distinct_formulas_generated": 413}, "memorization": {"n_post_valid": 496, "n_in_finetune_seen": 6, "rate": 0.0121}, "safety_eval": {"unique_rate": 0.8105, "vpa_min": 11.31, "vpa_p5": 15.83, "vpa_median": 23.64, "vpa_p95": 29.33, "vpa_max": 34.52, "sane_fraction": 1.0, "nan": 0, "first_sat_t": null, "worst_sat": 0.0, "worst_max_A": 5.64, "top_z": 79, "top_frac": 0.205}, "thresholds": {"delta_thresh": 0.05, "conv_tol": 0.1, "max_memo": 0.5}, "gates": {"safety_pass": true, "delta_pass": true, "conv_pass": true, "memo_pass": true, "delta_drop_eV_per_atom": 0.1418, "conv_change": 0.135}, "verdict": "PASS"}
