=== Stage 1 overnight start di 26 mei 2026 23:51:21 CEST ===
[di 26 mei 2026 23:51:21 CEST] Phase 1: pre-warm elemental refs from manifest
manifest scan: 76 distinct elements
after exclude ({2, 36, 10, 76, 77, 78, 79, 46, 45, 82, 44, 47, 80, 18, 54, 86}): 66 elements
CHGNet v0.3.0 initialized with 412,525 parameters
CHGNet will run on cuda:0
  [1/66] Z=1 (H) -> ok  E=-3.333817481994629  reason=None
  [2/66] Z=3 (Li) -> ok  E=-1.8798189163208008  reason=None
  [3/66] Z=4 (Be) -> ok  E=-3.729091167449951  reason=None
  [4/66] Z=5 (B) -> failed  E=None  reason=RuntimeError: no fallback cell for Z=5 (B)
  [5/66] Z=6 (C) -> ok  E=-9.064184188842773  reason=None
  [6/66] Z=7 (N) -> ok  E=-8.335124969482422  reason=None
  [7/66] Z=8 (O) -> ok  E=-4.818620681762695  reason=None
  [8/66] Z=9 (F) -> ok  E=-2.0234498977661133  reason=None
  [9/66] Z=11 (Na) -> ok  E=-1.2889258861541748  reason=None
  [10/66] Z=12 (Mg) -> ok  E=-1.596183180809021  reason=None
  [11/66] Z=13 (Al) -> ok  E=-3.6643097400665283  reason=None
  [12/66] Z=14 (Si) -> ok  E=-5.313817501068115  reason=None
Structure graph_id=None has 1 isolated atom(s) with atom_graph_cutoff=6. CHGNet calculation will likely go wrong
  [13/66] Z=15 (P) -> failed  E=None  reason=IndexError: too many indices for tensor of dimension 1
Structure graph_id=None has 1 isolated atom(s) with atom_graph_cutoff=6. CHGNet calculation will likely go wrong
  [14/66] Z=16 (S) -> failed  E=None  reason=IndexError: too many indices for tensor of dimension 1
  [15/66] Z=17 (Cl) -> ok  E=-1.848499059677124  reason=None
  [16/66] Z=19 (K) -> ok  E=-1.0868542194366455  reason=None
  [17/66] Z=20 (Ca) -> ok  E=-1.970126986503601  reason=None
  [18/66] Z=21 (Sc) -> ok  E=-6.275017738342285  reason=None
  [19/66] Z=22 (Ti) -> ok  E=-7.817660331726074  reason=None
  [20/66] Z=23 (V) -> ok  E=-9.077445983886719  reason=None
  [21/66] Z=24 (Cr) -> ok  E=-9.541071891784668  reason=None
  [22/66] Z=25 (Mn) -> failed  E=None  reason=RuntimeError: no fallback cell for Z=25 (Mn)
  [23/66] Z=26 (Fe) -> ok  E=-8.356602668762207  reason=None
  [24/66] Z=27 (Co) -> ok  E=-7.029187202453613  reason=None
  [25/66] Z=28 (Ni) -> ok  E=-5.746617317199707  reason=None
  [26/66] Z=29 (Cu) -> ok  E=-4.083444118499756  reason=None
  [27/66] Z=30 (Zn) -> ok  E=-1.2629899978637695  reason=None
  [28/66] Z=31 (Ga) -> failed  E=None  reason=RuntimeError: no fallback cell for Z=31 (Ga)
  [29/66] Z=32 (Ge) -> ok  E=-4.456557750701904  reason=None
  [30/66] Z=33 (As) -> ok  E=-4.623183250427246  reason=None
Structure graph_id=None has 1 isolated atom(s) with atom_graph_cutoff=6. CHGNet calculation will likely go wrong
  [31/66] Z=34 (Se) -> failed  E=None  reason=IndexError: too many indices for tensor of dimension 1
  [32/66] Z=35 (Br) -> ok  E=-1.5393134355545044  reason=None
  [33/66] Z=37 (Rb) -> ok  E=-0.9393258094787598  reason=None
  [34/66] Z=38 (Sr) -> ok  E=-1.6652065515518188  reason=None
  [35/66] Z=39 (Y) -> ok  E=-6.444517612457275  reason=None
  [36/66] Z=40 (Zr) -> ok  E=-8.510045051574707  reason=None
  [37/66] Z=41 (Nb) -> ok  E=-10.025914192199707  reason=None
  [38/66] Z=42 (Mo) -> ok  E=-10.696174621582031  reason=None
  [39/66] Z=48 (Cd) -> ok  E=-0.9248127937316895  reason=None
  [40/66] Z=49 (In) -> ok  E=-2.7002570629119873  reason=None
  [41/66] Z=50 (Sn) -> ok  E=-3.956922769546509  reason=None
  [42/66] Z=51 (Sb) -> ok  E=-4.065122604370117  reason=None
  [43/66] Z=52 (Te) -> failed  E=None  reason=RuntimeError: no fallback cell for Z=52 (Te)
  [44/66] Z=53 (I) -> ok  E=-1.5351567268371582  reason=None
  [45/66] Z=55 (Cs) -> ok  E=-0.8502833843231201  reason=None
  [46/66] Z=56 (Ba) -> ok  E=-1.883025884628296  reason=None
  [47/66] Z=57 (La) -> ok  E=-4.895285606384277  reason=None
  [48/66] Z=58 (Ce) -> ok  E=-5.862604141235352  reason=None
  [49/66] Z=59 (Pr) -> ok  E=-4.747549057006836  reason=None
  [50/66] Z=60 (Nd) -> ok  E=-4.730216979980469  reason=None
  [51/66] Z=62 (Sm) -> ok  E=-4.688069025675456  reason=None
  [52/66] Z=63 (Eu) -> ok  E=-10.258340835571289  reason=None
  [53/66] Z=64 (Gd) -> ok  E=-14.047101974487305  reason=None
  [54/66] Z=65 (Tb) -> ok  E=-4.597649574279785  reason=None
  [55/66] Z=66 (Dy) -> ok  E=-4.585431098937988  reason=None
  [56/66] Z=67 (Ho) -> ok  E=-4.564654350280762  reason=None
  [57/66] Z=68 (Er) -> ok  E=-4.547426700592041  reason=None
  [58/66] Z=69 (Tm) -> ok  E=-4.466217994689941  reason=None
  [59/66] Z=70 (Yb) -> ok  E=-1.5243464708328247  reason=None
  [60/66] Z=71 (Lu) -> ok  E=-4.495292663574219  reason=None
  [61/66] Z=72 (Hf) -> ok  E=-9.913500785827637  reason=None
  [62/66] Z=73 (Ta) -> ok  E=-11.85163402557373  reason=None
  [63/66] Z=74 (W) -> ok  E=-12.762635231018066  reason=None
  [64/66] Z=75 (Re) -> ok  E=-12.456962585449219  reason=None
  [65/66] Z=81 (Tl) -> ok  E=-2.347250461578369  reason=None
  [66/66] Z=83 (Bi) -> ok  E=-3.8240346908569336  reason=None

cache: /home/satya/projects/invdes/InvDesFlow-AL/data_raw/chgnet_elemental_refs.json
  attempted total : 66
  ok              : 59
  failed (cached) : 7
  this run: new_ok=59 new_fail=7 cached=0
  wallclock 9.9s
[di 26 mei 2026 23:51:35 CEST] Phase 2: Stage 1 + C' chained round-0 + score-movement
generated 512/2000 valid=31 (458s)
generated 1024/2000 valid=44 (922s)
generated 1536/2000 valid=64 (1392s)
generated 2000/2000 valid=84 (1826s)
[chgnet] building manifest novelty set from data_raw/pretrain.jsonl ...
[chgnet]   150000 unique (formula, spacegroup) keys
CHGNet v0.3.0 initialized with 412,525 parameters
CHGNet will run on cuda:0
[stage1] E_form enabled; refs cache /home/satya/projects/invdes/InvDesFlow-AL/data_raw/chgnet_elemental_refs.json (cov: {'total_attempted': 66, 'ok': 59, 'failed': 7})
[chgnet] scarcity-mode=inv-enrichment  prior=/home/satya/projects/invdes/InvDesFlow-AL/al_runs/chgnet_stage0_round0_oxide_eaonly_Cprime_movement/compare.json  covered_Z=15  most-penalized: [(23, 0.038), (24, 0.046), (8, 0.138), (9, 0.253), (75, 0.322), (15, 0.422), (14, 0.5), (53, 0.649), (16, 0.847), (28, 1.0)]
[chgnet] relaxing 84 candidates (cap 200, novel_pre first) ...
[chgnet]   25/84  ok=25 failed=0 conv_ml=4 conv_strict=0  (71s)
[chgnet]   50/84  ok=50 failed=0 conv_ml=5 conv_strict=0  (144s)
[chgnet]   75/84  ok=75 failed=0 conv_ml=6 conv_strict=0  (216s)
[chgnet]   84/84  ok=84 failed=0 conv_ml=7 conv_strict=0  (243s)
SUMMARY_JSON {"purpose": "tiny active-learning dry run for plumbing/debugging, not discovery", "source_ckpt": "checkpoints/gen_150k.ckpt", "ckpt_epoch": 107, "ckpt_val_loss": 0.9731085138805842, "manifest": "data_raw/pretrain.jsonl", "oracle": "chgnet", "choices": {"validator": {"exclude_elements": [82, 79, 78, 77, 76, 46, 45, 44, 47, 80], "require_oxygen": true, "min_vpa": 0.0, "max_vpa": 500.0, "min_distance": 0.8}, "score": "Stage-0 CHGNet: S = delta_e * I_relax_ml * I_novelty_pre", "target_vpa": 21.0, "selection": "score sorted on (delta_e * gates); one per formula; max 3 per element set; converged_ml + novel_post required", "real_oracle_missing": "Stage 0: stability proxy only (CHGNet \u0394E). Not a piezoelectric or formation-energy oracle yet \u2014 Stages 1\u20133 in PROGRESS Entry 14."}, "generated": 2000, "valid": 84, "selected": 7, "valid_fraction": 0.042, "distinct_formulas_generated": 1801, "distinct_formulas_valid": 84, "filter_counts": {"requires_oxygen": 862, "excluded_element": 1019, "ok": 84, "atom_overlap": 35}, "vpa_valid": {"min": 10.297, "p5": 12.8531, "median": 20.3706, "p95": 35.6401, "max": 71.9155}, "min_distance_valid": {"min": 0.8335, "p5": 0.868, "median": 1.3225, "p95": 1.9653, "max": 2.5805}, "oracle_summary": {"backend": "chgnet", "cache_path": "al_runs/chgnet_stage1_Cprime/relax_cache.json", "manifest_novelty_keys": 150000, "candidates_pre_cap": 84, "relaxed": 84, "ok": 84, "failed": 0, "converged_ml": 7, "converged_strict": 0, "ok_fraction": 1.0, "converged_ml_fraction_of_ok": 0.0833, "converged_strict_fraction_of_ok": 0.0, "eligible_after_post_novelty": 7, "selected": 7, "ml_thresh_ev_per_A": 0.05, "strict_thresh_ev_per_A": 0.0001, "stage": 1, "scarcity_mode": "inv-enrichment", "enrichment_prior": "/home/satya/projects/invdes/InvDesFlow-AL/al_runs/chgnet_stage0_round0_oxide_eaonly_Cprime_movement/compare.json", "scarcity_n_weights": 15, "scarcity_min_weight": 0.01, "use_e_form": true, "elemental_refs_cache": "/home/satya/projects/invdes/InvDesFlow-AL/data_raw/chgnet_elemental_refs.json", "e_form_computed_ok": 16, "e_form_missing": 68, "e_form_coverage_of_ok": 0.1905, "refs_coverage_after_run": {"total_attempted": 66, "ok": 59, "failed": 7}}, "top_selected": [{"score": 1.5527, "formula": "82-910-211-411-632", "element_set": "8-9-21-41-63", "vpa": 17.17, "min_distance": 1.9956, "delta_e": 0.3168, "max_force": 0.0403, "converged_ml": true, "converged_strict": false, "spacegroup_post": 1, "novel_post": true}, {"score": 1.184, "formula": "810-241-322-582-731", "element_set": "8-24-32-58-73", "vpa": 11.8704, "min_distance": 1.3655, "delta_e": 1.6542, "max_force": 0.0297, "converged_ml": true, "converged_strict": false, "spacegroup_post": 1, "novel_post": true}, {"score": 0.6606, "formula": "81-578", "element_set": "8-57", "vpa": 35.6401, "min_distance": 2.5805, "delta_e": 0.0828, "max_force": 0.0294, "converged_ml": true, "converged_strict": false, "spacegroup_post": 10, "novel_post": true}, {"score": 0.5872, "formula": "31-83-191-232-381", "element_set": "3-8-19-23-38", "vpa": 22.6556, "min_distance": 1.5737, "delta_e": 0.6942, "max_force": 0.0451, "converged_ml": true, "converged_strict": false, "spacegroup_post": 1, "novel_post": true}, {"score": 0.4756, "formula": "86-251-303-381-551", "element_set": "8-25-30-38-55", "vpa": 22.2722, "min_distance": 2.1292, "delta_e": 0.8355, "max_force": 0.0458, "converged_ml": true, "converged_strict": false, "spacegroup_post": 1, "novel_post": true}, {"score": 0.3562, "formula": "86-161-231-243-341", "element_set": "8-16-23-24-34", "vpa": 15.1425, "min_distance": 1.7419, "delta_e": 1.4983, "max_force": 0.0318, "converged_ml": true, "converged_strict": false, "spacegroup_post": 1, "novel_post": true}, {"score": 0.1038, "formula": "81-142-251-271-581", "element_set": "8-14-25-27-58", "vpa": 15.9243, "min_distance": 1.9653, "delta_e": 0.1505, "max_force": 0.023, "converged_ml": true, "converged_strict": false, "spacegroup_post": 47, "novel_post": true}], "finetuned_ckpt": null}
matched 7/7 selected to relaxed; 7 distinct formulas; unmatched=0
PRE: {'n_relaxed': 84, 'n_ok': 84, 'fraction_converged_ml': 0.0833, 'delta_e_median': 1.7795, 'delta_e_n': 84, 'e_form_median': -1.4125, 'e_form_n': 16}
fine-tuning 500 steps on 7 relaxed crystals (lr=0.0001) ...
  step 0/500  loss=1.1739 (0s)
  step 100/500  loss=0.7193 (2s)
  step 200/500  loss=0.8088 (3s)
  step 300/500  loss=0.5049 (5s)
  step 400/500  loss=0.3958 (6s)
  step 499/500  loss=0.8905 (8s)
saved al_runs/chgnet_stage1_Cprime_movement/finetuned.ckpt
safety eval: debug_eval_quick on finetuned ckpt ...
safety: {'unique_rate': 0.7402, 'vpa_min': 11.42, 'vpa_p5': 13.25, 'vpa_median': 17.56, 'vpa_p95': 25.98, 'vpa_max': 46.04, 'sane_fraction': 1.0, 'nan': 0, 'first_sat_t': None, 'worst_sat': 0.0, 'worst_max_A': 5.6, 'top_z': 8, 'top_frac': 0.37}
loading manifest novelty set from data_raw/pretrain.jsonl ...
  150000 keys
generating 500 from finetuned ckpt ...
  post-gen 256/500 valid=195 (233s)
  post-gen 500/500 valid=369 (470s)
relaxing 200 post-finetune candidates (novel_pre first) ...
CHGNet v0.3.0 initialized with 412,525 parameters
CHGNet will run on cuda:0
E_form enabled; refs cache /home/satya/projects/invdes/InvDesFlow-AL/data_raw/chgnet_elemental_refs.json (cov: {'total_attempted': 66, 'ok': 59, 'failed': 7})
  post-relax 25/200  ok=25 failed=0 conv_ml=9  (63s)
  post-relax 50/200  ok=50 failed=0 conv_ml=23  (125s)
  post-relax 75/200  ok=75 failed=0 conv_ml=36  (189s)
  post-relax 100/200  ok=100 failed=0 conv_ml=46  (255s)
  post-relax 125/200  ok=125 failed=0 conv_ml=55  (321s)
  post-relax 150/200  ok=150 failed=0 conv_ml=60  (388s)
  post-relax 175/200  ok=175 failed=0 conv_ml=72  (450s)
  post-relax 200/200  ok=200 failed=0 conv_ml=83  (516s)
POST: {'n_relaxed': 200, 'n_ok': 200, 'n_failed': 0, 'fraction_converged_ml': 0.415, 'delta_e_median': 0.4954, 'delta_e_n': 200, 'e_form_median': -1.9009, 'e_form_n': 128, 'e_form_coverage_of_ok': 0.64}

Element enrichment (post-finetune valid; top 10 by post fraction):
     Z  count  post_frac   baseline   enrich
     8   2238     0.4849     0.0681     7.12
    30    585     0.1268     0.0153     8.30
    24    268     0.0581     0.0032    18.21
    73    242     0.0524     0.0053     9.89
    32    225     0.0488     0.0081     6.03
    58    168     0.0364     0.0072     5.05
     9    162     0.0351     0.0262     1.34
    23    104     0.0225     0.0055     4.07
    19     88     0.0191     0.0095     2.02
    63     77     0.0167     0.0023     7.40

PRE  median(delta_e) = 1.7795  fraction_conv_ml = 0.0833
POST median(delta_e) = 0.4954  fraction_conv_ml = 0.415
drop_dE = 1.2841 (thresh >= 0.05)   conv_change = 0.3317 (tol >= -0.1)   memo_rate = 0.030 (max 0.5)
gates: safety=True delta=True conv=True memo=True
VERDICT: FAIL
RESULT_JSON {"source_ckpt": "checkpoints/gen_150k.ckpt", "round0_dir": "al_runs/chgnet_stage1_Cprime", "finetuned_ckpt": "al_runs/chgnet_stage1_Cprime_movement/finetuned.ckpt", "finetune_steps": 500, "finetune_lr": 0.0001, "n_finetune_crystals": 7, "finetune_seen_formulas": 7, "pre": {"n_relaxed": 84, "n_ok": 84, "fraction_converged_ml": 0.0833, "delta_e_median": 1.7795, "delta_e_n": 84, "e_form_median": -1.4125, "e_form_n": 16}, "post": {"n_relaxed": 200, "n_ok": 200, "n_failed": 0, "fraction_converged_ml": 0.415, "delta_e_median": 0.4954, "delta_e_n": 200, "e_form_median": -1.9009, "e_form_n": 128, "e_form_coverage_of_ok": 0.64}, "post_gen_summary": {"generated": 500, "valid": 369, "valid_fraction": 0.738, "filter_counts": {"ok": 369, "requires_oxygen": 78, "excluded_element": 16, "atom_overlap": 37}, "distinct_formulas_generated": 416}, "memorization": {"n_post_valid": 369, "n_in_finetune_seen": 11, "rate": 0.0298}, "safety_eval": {"unique_rate": 0.7402, "vpa_min": 11.42, "vpa_p5": 13.25, "vpa_median": 17.56, "vpa_p95": 25.98, "vpa_max": 46.04, "sane_fraction": 1.0, "nan": 0, "first_sat_t": null, "worst_sat": 0.0, "worst_max_A": 5.6, "top_z": 8, "top_frac": 0.37}, "thresholds": {"delta_thresh": 0.05, "conv_tol": 0.1, "max_memo": 0.5}, "gates": {"safety_pass": true, "delta_pass": true, "conv_pass": true, "memo_pass": true, "e_form_pass": true, "e_form_cov_pass": false, "delta_drop_eV_per_atom": 1.2841, "conv_change": 0.3317, "e_form_drop_eV_per_atom": 0.4884, "e_form_coverage_of_ok": 0.64}, "element_distribution": {"selected_round0": {"total_atoms": 79, "distinct_elements": 21, "top": [{"z": 8, "count": 29, "fraction": 0.3671}, {"z": 9, "count": 10, "fraction": 0.1266}, {"z": 57, "count": 8, "fraction": 0.1013}, {"z": 24, "count": 4, "fraction": 0.0506}, {"z": 58, "count": 3, "fraction": 0.038}, {"z": 23, "count": 3, "fraction": 0.038}, {"z": 30, "count": 3, "fraction": 0.038}, {"z": 63, "count": 2, "fraction": 0.0253}, {"z": 32, "count": 2, "fraction": 0.0253}, {"z": 38, "count": 2, "fraction": 0.0253}, {"z": 25, "count": 2, "fraction": 0.0253}, {"z": 14, "count": 2, "fraction": 0.0253}, {"z": 41, "count": 1, "fraction": 0.0127}, {"z": 21, "count": 1, "fraction": 0.0127}, {"z": 73, "count": 1, "fraction": 0.0127}], "fractions_all": {"9": 0.12658, "41": 0.01266, "8": 0.36709, "63": 0.02532, "21": 0.01266, "73": 0.01266, "32": 0.02532, "24": 0.05063, "58": 0.03797, "57": 0.10127, "3": 0.01266, "23": 0.03797, "19": 0.01266, "38": 0.02532, "30": 0.03797, "55": 0.01266, "25": 0.02532, "16": 0.01266, "34": 0.01266, "14": 0.02532, "27": 0.01266}}, "post_finetune_valid": {"total_atoms": 4615, "distinct_elements": 28, "top": [{"z": 8, "count": 2238, "fraction": 0.4849}, {"z": 30, "count": 585, "fraction": 0.1268}, {"z": 24, "count": 268, "fraction": 0.0581}, {"z": 73, "count": 242, "fraction": 0.0524}, {"z": 32, "count": 225, "fraction": 0.0488}, {"z": 58, "count": 168, "fraction": 0.0364}, {"z": 9, "count": 162, "fraction": 0.0351}, {"z": 23, "count": 104, "fraction": 0.0225}, {"z": 19, "count": 88, "fraction": 0.0191}, {"z": 63, "count": 77, "fraction": 0.0167}, {"z": 25, "count": 70, "fraction": 0.0152}, {"z": 16, "count": 65, "fraction": 0.0141}, {"z": 34, "count": 65, "fraction": 0.0141}, {"z": 3, "count": 60, "fraction": 0.013}, {"z": 55, "count": 50, "fraction": 0.0108}], "fractions_all": {"19": 0.01907, "8": 0.48494, "30": 0.12676, "3": 0.013, "55": 0.01083, "9": 0.0351, "63": 0.01668, "21": 0.00238, "41": 0.00737, "23": 0.02254, "24": 0.05807, "16": 0.01408, "34": 0.01408, "73": 0.05244, "32": 0.04875, "58": 0.0364, "25": 0.01517, "27": 0.00607, "38": 0.00368, "14": 0.00498, "59": 0.00152, "7": 0.00043, "69": 0.00195, "66": 0.00022, "65": 0.00195, "57": 0.00087, "20": 0.00022, "90": 0.00043}}, "selected_round0_enrichment_top": [{"z": 8, "count": 29, "fraction": 0.3671, "baseline_fraction": 0.06812, "enrichment": 5.39}, {"z": 9, "count": 10, "fraction": 0.1266, "baseline_fraction": 0.02623, "enrichment": 4.83}, {"z": 57, "count": 8, "fraction": 0.1013, "baseline_fraction": 0.01592, "enrichment": 6.36}, {"z": 24, "count": 4, "fraction": 0.0506, "baseline_fraction": 0.00319, "enrichment": 15.86}, {"z": 58, "count": 3, "fraction": 0.038, "baseline_fraction": 0.0072, "enrichment": 5.28}, {"z": 23, "count": 3, "fraction": 0.038, "baseline_fraction": 0.00553, "enrichment": 6.88}, {"z": 30, "count": 3, "fraction": 0.038, "baseline_fraction": 0.01528, "enrichment": 2.49}, {"z": 63, "count": 2, "fraction": 0.0253, "baseline_fraction": 0.00226, "enrichment": 11.2}, {"z": 32, "count": 2, "fraction": 0.0253, "baseline_fraction": 0.00809, "enrichment": 3.13}, {"z": 38, "count": 2, "fraction": 0.0253, "baseline_fraction": 0.0087, "enrichment": 2.91}, {"z": 25, "count": 2, "fraction": 0.0253, "baseline_fraction": 0.00693, "enrichment": 3.65}, {"z": 14, "count": 2, "fraction": 0.0253, "baseline_fraction": 0.01862, "enrichment": 1.36}, {"z": 41, "count": 1, "fraction": 0.0127, "baseline_fraction": 0.00576, "enrichment": 2.21}, {"z": 21, "count": 1, "fraction": 0.0127, "baseline_fraction": 0.00971, "enrichment": 1.31}, {"z": 73, "count": 1, "fraction": 0.0127, "baseline_fraction": 0.0053, "enrichment": 2.4}], "post_finetune_valid_enrichment_top": [{"z": 8, "count": 2238, "fraction": 0.4849, "baseline_fraction": 0.06812, "enrichment": 7.12}, {"z": 30, "count": 585, "fraction": 0.1268, "baseline_fraction": 0.01528, "enrichment": 8.3}, {"z": 24, "count": 268, "fraction": 0.0581, "baseline_fraction": 0.00319, "enrichment": 18.21}, {"z": 73, "count": 242, "fraction": 0.0524, "baseline_fraction": 0.0053, "enrichment": 9.89}, {"z": 32, "count": 225, "fraction": 0.0488, "baseline_fraction": 0.00809, "enrichment": 6.03}, {"z": 58, "count": 168, "fraction": 0.0364, "baseline_fraction": 0.0072, "enrichment": 5.05}, {"z": 9, "count": 162, "fraction": 0.0351, "baseline_fraction": 0.02623, "enrichment": 1.34}, {"z": 23, "count": 104, "fraction": 0.0225, "baseline_fraction": 0.00553, "enrichment": 4.07}, {"z": 19, "count": 88, "fraction": 0.0191, "baseline_fraction": 0.00946, "enrichment": 2.02}, {"z": 63, "count": 77, "fraction": 0.0167, "baseline_fraction": 0.00226, "enrichment": 7.4}, {"z": 25, "count": 70, "fraction": 0.0152, "baseline_fraction": 0.00693, "enrichment": 2.19}, {"z": 16, "count": 65, "fraction": 0.0141, "baseline_fraction": 0.0212, "enrichment": 0.67}, {"z": 34, "count": 65, "fraction": 0.0141, "baseline_fraction": 0.01824, "enrichment": 0.77}, {"z": 3, "count": 60, "fraction": 0.013, "baseline_fraction": 0.01578, "enrichment": 0.82}, {"z": 55, "count": 50, "fraction": 0.0108, "baseline_fraction": 0.00878, "enrichment": 1.23}], "max_element_fraction_post": 0.4849, "max_enrichment_post": 18.21}, "verdict": "FAIL"}
[wo 27 mei 2026  0:47:59 CEST] Phase 3: Stage 1 only (no C') ablation
generated 512/2000 valid=21 (457s)
generated 1024/2000 valid=40 (921s)
generated 1536/2000 valid=65 (1390s)
generated 2000/2000 valid=86 (1824s)
[chgnet] building manifest novelty set from data_raw/pretrain.jsonl ...
[chgnet]   150000 unique (formula, spacegroup) keys
CHGNet v0.3.0 initialized with 412,525 parameters
CHGNet will run on cuda:0
[stage1] E_form enabled; refs cache /home/satya/projects/invdes/InvDesFlow-AL/data_raw/chgnet_elemental_refs.json (cov: {'total_attempted': 66, 'ok': 59, 'failed': 7})
[chgnet] scarcity-mode=none (no penalty applied)
[chgnet] relaxing 86 candidates (cap 200, novel_pre first) ...
[chgnet]   25/86  ok=25 failed=0 conv_ml=2 conv_strict=0  (73s)
[chgnet]   50/86  ok=50 failed=0 conv_ml=2 conv_strict=0  (146s)
[chgnet]   75/86  ok=75 failed=0 conv_ml=6 conv_strict=0  (216s)
[chgnet]   86/86  ok=86 failed=0 conv_ml=7 conv_strict=0  (248s)
SUMMARY_JSON {"purpose": "tiny active-learning dry run for plumbing/debugging, not discovery", "source_ckpt": "checkpoints/gen_150k.ckpt", "ckpt_epoch": 107, "ckpt_val_loss": 0.9731085138805842, "manifest": "data_raw/pretrain.jsonl", "oracle": "chgnet", "choices": {"validator": {"exclude_elements": [82, 79, 78, 77, 76, 46, 45, 44, 47, 80], "require_oxygen": true, "min_vpa": 0.0, "max_vpa": 500.0, "min_distance": 0.8}, "score": "Stage-0 CHGNet: S = delta_e * I_relax_ml * I_novelty_pre", "target_vpa": 21.0, "selection": "score sorted on (delta_e * gates); one per formula; max 3 per element set; converged_ml + novel_post required", "real_oracle_missing": "Stage 0: stability proxy only (CHGNet \u0394E). Not a piezoelectric or formation-energy oracle yet \u2014 Stages 1\u20133 in PROGRESS Entry 14."}, "generated": 2000, "valid": 86, "selected": 7, "valid_fraction": 0.043, "distinct_formulas_generated": 1790, "distinct_formulas_valid": 86, "filter_counts": {"requires_oxygen": 848, "excluded_element": 1027, "ok": 86, "atom_overlap": 39}, "vpa_valid": {"min": 12.1161, "p5": 14.5129, "median": 19.2497, "p95": 32.9783, "max": 43.5652}, "min_distance_valid": {"min": 0.806, "p5": 0.9321, "median": 1.3328, "p95": 1.9865, "max": 2.1294}, "oracle_summary": {"backend": "chgnet", "cache_path": "al_runs/chgnet_stage1_noCprime/relax_cache.json", "manifest_novelty_keys": 150000, "candidates_pre_cap": 86, "relaxed": 86, "ok": 86, "failed": 0, "converged_ml": 7, "converged_strict": 0, "ok_fraction": 1.0, "converged_ml_fraction_of_ok": 0.0814, "converged_strict_fraction_of_ok": 0.0, "eligible_after_post_novelty": 7, "selected": 7, "ml_thresh_ev_per_A": 0.05, "strict_thresh_ev_per_A": 0.0001, "stage": 1, "scarcity_mode": "none", "enrichment_prior": null, "scarcity_n_weights": 0, "scarcity_min_weight": 0.01, "use_e_form": true, "elemental_refs_cache": "/home/satya/projects/invdes/InvDesFlow-AL/data_raw/chgnet_elemental_refs.json", "e_form_computed_ok": 19, "e_form_missing": 67, "e_form_coverage_of_ok": 0.2209, "refs_coverage_after_run": {"total_attempted": 67, "ok": 60, "failed": 7}}, "top_selected": [{"score": 2.5376, "formula": "86-192-351-411-561-741", "element_set": "8-19-35-41-56-74", "vpa": 22.1094, "min_distance": 1.5376, "delta_e": 0.6878, "max_force": 0.0487, "converged_ml": true, "converged_strict": false, "spacegroup_post": 1, "novel_post": true}, {"score": 1.8672, "formula": "88-332-381-811", "element_set": "8-33-38-81", "vpa": 14.1245, "min_distance": 1.5659, "delta_e": 0.2875, "max_force": 0.0256, "converged_ml": true, "converged_strict": false, "spacegroup_post": 16, "novel_post": true}, {"score": 1.7623, "formula": "41-83-191-291", "element_set": "4-8-19-29", "vpa": 14.9788, "min_distance": 1.2267, "delta_e": 2.3713, "max_force": 0.0477, "converged_ml": true, "converged_strict": false, "spacegroup_post": 1, "novel_post": true}, {"score": 1.174, "formula": "81-581-633", "element_set": "8-58-63", "vpa": 17.0255, "min_distance": 2.0908, "delta_e": 1.1319, "max_force": 0.0308, "converged_ml": true, "converged_strict": false, "spacegroup_post": 6, "novel_post": true}, {"score": 0.6914, "formula": "87-112-121-151-201-561-751", "element_set": "8-11-12-15-20-56-75", "vpa": 14.5177, "min_distance": 1.4659, "delta_e": 0.6914, "max_force": 0.0403, "converged_ml": true, "converged_strict": false, "spacegroup_post": 1, "novel_post": true}, {"score": 0.2635, "formula": "84-161", "element_set": "8-16", "vpa": 16.7635, "min_distance": 1.3779, "delta_e": 0.2635, "max_force": 0.0332, "converged_ml": true, "converged_strict": false, "spacegroup_post": 1, "novel_post": true}, {"score": 0.0732, "formula": "88-141-251-261", "element_set": "8-14-25-26", "vpa": 12.1161, "min_distance": 1.7134, "delta_e": 0.0732, "max_force": 0.0448, "converged_ml": true, "converged_strict": false, "spacegroup_post": 3, "novel_post": true}], "finetuned_ckpt": null}
matched 7/7 selected to relaxed; 7 distinct formulas; unmatched=0
PRE: {'n_relaxed': 86, 'n_ok': 86, 'fraction_converged_ml': 0.0814, 'delta_e_median': 2.0797, 'delta_e_n': 86, 'e_form_median': -1.6637, 'e_form_n': 19}
fine-tuning 500 steps on 7 relaxed crystals (lr=0.0001) ...
  step 0/500  loss=1.1338 (0s)
  step 100/500  loss=0.5947 (2s)
  step 200/500  loss=1.0601 (3s)
  step 300/500  loss=0.4665 (5s)
  step 400/500  loss=0.3079 (6s)
  step 499/500  loss=0.9977 (8s)
saved al_runs/chgnet_stage1_noCprime_movement/finetuned.ckpt
safety eval: debug_eval_quick on finetuned ckpt ...
safety: {'unique_rate': 0.5195, 'vpa_min': 12.27, 'vpa_p5': 13.99, 'vpa_median': 19.24, 'vpa_p95': 41.34, 'vpa_max': 58.66, 'sane_fraction': 1.0, 'nan': 0, 'first_sat_t': None, 'worst_sat': 0.0, 'worst_max_A': 5.35, 'top_z': 8, 'top_frac': 0.503}
loading manifest novelty set from data_raw/pretrain.jsonl ...
  150000 keys
generating 500 from finetuned ckpt ...
  post-gen 256/500 valid=217 (232s)
  post-gen 500/500 valid=421 (469s)
relaxing 200 post-finetune candidates (novel_pre first) ...
CHGNet v0.3.0 initialized with 412,525 parameters
CHGNet will run on cuda:0
E_form enabled; refs cache /home/satya/projects/invdes/InvDesFlow-AL/data_raw/chgnet_elemental_refs.json (cov: {'total_attempted': 67, 'ok': 60, 'failed': 7})
  post-relax 25/200  ok=25 failed=0 conv_ml=7  (69s)
  post-relax 50/200  ok=50 failed=0 conv_ml=19  (130s)
  post-relax 75/200  ok=75 failed=0 conv_ml=31  (196s)
  post-relax 100/200  ok=100 failed=0 conv_ml=42  (261s)
  post-relax 125/200  ok=125 failed=0 conv_ml=52  (326s)
  post-relax 150/200  ok=150 failed=0 conv_ml=65  (388s)
  post-relax 175/200  ok=175 failed=0 conv_ml=71  (460s)
  post-relax 200/200  ok=200 failed=0 conv_ml=78  (528s)
POST: {'n_relaxed': 200, 'n_ok': 200, 'n_failed': 0, 'fraction_converged_ml': 0.39, 'delta_e_median': 0.5977, 'delta_e_n': 200, 'e_form_median': -2.1357, 'e_form_n': 115, 'e_form_coverage_of_ok': 0.575}

Element enrichment (post-finetune valid; top 10 by post fraction):
     Z  count  post_frac   baseline   enrich
     8   2647     0.5308     0.0681     7.79
    11    495     0.0993     0.0103     9.59
    12    486     0.0975     0.0096    10.14
    19    333     0.0668     0.0095     7.06
    15    211     0.0423     0.0084     5.05
    74    183     0.0367     0.0026    14.14
    56    175     0.0351     0.0088     4.00
    63    115     0.0231     0.0023    10.23
    16    112     0.0225     0.0212     1.06
    75     48     0.0096     0.0036     2.67

PRE  median(delta_e) = 2.0797  fraction_conv_ml = 0.0814
POST median(delta_e) = 0.5977  fraction_conv_ml = 0.39
drop_dE = 1.482 (thresh >= 0.05)   conv_change = 0.3086 (tol >= -0.1)   memo_rate = 0.081 (max 0.5)
gates: safety=True delta=True conv=True memo=True
VERDICT: FAIL
RESULT_JSON {"source_ckpt": "checkpoints/gen_150k.ckpt", "round0_dir": "al_runs/chgnet_stage1_noCprime", "finetuned_ckpt": "al_runs/chgnet_stage1_noCprime_movement/finetuned.ckpt", "finetune_steps": 500, "finetune_lr": 0.0001, "n_finetune_crystals": 7, "finetune_seen_formulas": 7, "pre": {"n_relaxed": 86, "n_ok": 86, "fraction_converged_ml": 0.0814, "delta_e_median": 2.0797, "delta_e_n": 86, "e_form_median": -1.6637, "e_form_n": 19}, "post": {"n_relaxed": 200, "n_ok": 200, "n_failed": 0, "fraction_converged_ml": 0.39, "delta_e_median": 0.5977, "delta_e_n": 200, "e_form_median": -2.1357, "e_form_n": 115, "e_form_coverage_of_ok": 0.575}, "post_gen_summary": {"generated": 500, "valid": 421, "valid_fraction": 0.842, "filter_counts": {"ok": 421, "requires_oxygen": 36, "atom_overlap": 43}, "distinct_formulas_generated": 330}, "memorization": {"n_post_valid": 421, "n_in_finetune_seen": 34, "rate": 0.0808}, "safety_eval": {"unique_rate": 0.5195, "vpa_min": 12.27, "vpa_p5": 13.99, "vpa_median": 19.24, "vpa_p95": 41.34, "vpa_max": 58.66, "sane_fraction": 1.0, "nan": 0, "first_sat_t": null, "worst_sat": 0.0, "worst_max_A": 5.35, "top_z": 8, "top_frac": 0.503}, "thresholds": {"delta_thresh": 0.05, "conv_tol": 0.1, "max_memo": 0.5}, "gates": {"safety_pass": true, "delta_pass": true, "conv_pass": true, "memo_pass": true, "e_form_pass": true, "e_form_cov_pass": false, "delta_drop_eV_per_atom": 1.482, "conv_change": 0.3086, "e_form_drop_eV_per_atom": 0.472, "e_form_coverage_of_ok": 0.575}, "element_distribution": {"selected_round0": {"total_atoms": 70, "distinct_elements": 22, "top": [{"z": 8, "count": 41, "fraction": 0.5857}, {"z": 19, "count": 3, "fraction": 0.0429}, {"z": 63, "count": 3, "fraction": 0.0429}, {"z": 56, "count": 2, "fraction": 0.0286}, {"z": 33, "count": 2, "fraction": 0.0286}, {"z": 11, "count": 2, "fraction": 0.0286}, {"z": 16, "count": 2, "fraction": 0.0286}, {"z": 35, "count": 1, "fraction": 0.0143}, {"z": 41, "count": 1, "fraction": 0.0143}, {"z": 74, "count": 1, "fraction": 0.0143}, {"z": 81, "count": 1, "fraction": 0.0143}, {"z": 38, "count": 1, "fraction": 0.0143}, {"z": 4, "count": 1, "fraction": 0.0143}, {"z": 29, "count": 1, "fraction": 0.0143}, {"z": 58, "count": 1, "fraction": 0.0143}], "fractions_all": {"35": 0.01429, "8": 0.58571, "41": 0.01429, "19": 0.04286, "74": 0.01429, "56": 0.02857, "81": 0.01429, "33": 0.02857, "38": 0.01429, "4": 0.01429, "29": 0.01429, "63": 0.04286, "58": 0.01429, "12": 0.01429, "11": 0.02857, "75": 0.01429, "20": 0.01429, "15": 0.01429, "16": 0.02857, "14": 0.01429, "26": 0.01429, "25": 0.01429}}, "post_finetune_valid": {"total_atoms": 4987, "distinct_elements": 24, "top": [{"z": 8, "count": 2647, "fraction": 0.5308}, {"z": 11, "count": 495, "fraction": 0.0993}, {"z": 12, "count": 486, "fraction": 0.0975}, {"z": 19, "count": 333, "fraction": 0.0668}, {"z": 15, "count": 211, "fraction": 0.0423}, {"z": 74, "count": 183, "fraction": 0.0367}, {"z": 56, "count": 175, "fraction": 0.0351}, {"z": 63, "count": 115, "fraction": 0.0231}, {"z": 16, "count": 112, "fraction": 0.0225}, {"z": 75, "count": 48, "fraction": 0.0096}, {"z": 41, "count": 39, "fraction": 0.0078}, {"z": 81, "count": 26, "fraction": 0.0052}, {"z": 35, "count": 25, "fraction": 0.005}, {"z": 58, "count": 20, "fraction": 0.004}, {"z": 4, "count": 17, "fraction": 0.0034}], "fractions_all": {"35": 0.00501, "8": 0.53078, "12": 0.09745, "74": 0.0367, "56": 0.03509, "19": 0.06677, "63": 0.02306, "4": 0.00341, "58": 0.00401, "11": 0.09926, "15": 0.04231, "75": 0.00963, "6": 0.0004, "41": 0.00782, "20": 0.00261, "81": 0.00521, "16": 0.02246, "65": 0.00241, "66": 0.0006, "29": 0.0006, "38": 0.0004, "33": 0.00241, "26": 0.0014, "14": 0.0002}}, "selected_round0_enrichment_top": [{"z": 8, "count": 41, "fraction": 0.5857, "baseline_fraction": 0.06812, "enrichment": 8.6}, {"z": 19, "count": 3, "fraction": 0.0429, "baseline_fraction": 0.00946, "enrichment": 4.54}, {"z": 63, "count": 3, "fraction": 0.0429, "baseline_fraction": 0.00226, "enrichment": 19.0}, {"z": 56, "count": 2, "fraction": 0.0286, "baseline_fraction": 0.00877, "enrichment": 3.26}, {"z": 33, "count": 2, "fraction": 0.0286, "baseline_fraction": 0.00859, "enrichment": 3.33}, {"z": 11, "count": 2, "fraction": 0.0286, "baseline_fraction": 0.01035, "enrichment": 2.76}, {"z": 16, "count": 2, "fraction": 0.0286, "baseline_fraction": 0.0212, "enrichment": 1.35}, {"z": 35, "count": 1, "fraction": 0.0143, "baseline_fraction": 0.01865, "enrichment": 0.77}, {"z": 41, "count": 1, "fraction": 0.0143, "baseline_fraction": 0.00576, "enrichment": 2.48}, {"z": 74, "count": 1, "fraction": 0.0143, "baseline_fraction": 0.0026, "enrichment": 5.51}, {"z": 81, "count": 1, "fraction": 0.0143, "baseline_fraction": 0.01389, "enrichment": 1.03}, {"z": 38, "count": 1, "fraction": 0.0143, "baseline_fraction": 0.0087, "enrichment": 1.64}, {"z": 4, "count": 1, "fraction": 0.0143, "baseline_fraction": 0.00354, "enrichment": 4.04}, {"z": 29, "count": 1, "fraction": 0.0143, "baseline_fraction": 0.01487, "enrichment": 0.96}, {"z": 58, "count": 1, "fraction": 0.0143, "baseline_fraction": 0.0072, "enrichment": 1.99}], "post_finetune_valid_enrichment_top": [{"z": 8, "count": 2647, "fraction": 0.5308, "baseline_fraction": 0.06812, "enrichment": 7.79}, {"z": 11, "count": 495, "fraction": 0.0993, "baseline_fraction": 0.01035, "enrichment": 9.59}, {"z": 12, "count": 486, "fraction": 0.0975, "baseline_fraction": 0.00962, "enrichment": 10.14}, {"z": 19, "count": 333, "fraction": 0.0668, "baseline_fraction": 0.00946, "enrichment": 7.06}, {"z": 15, "count": 211, "fraction": 0.0423, "baseline_fraction": 0.00837, "enrichment": 5.05}, {"z": 74, "count": 183, "fraction": 0.0367, "baseline_fraction": 0.0026, "enrichment": 14.14}, {"z": 56, "count": 175, "fraction": 0.0351, "baseline_fraction": 0.00877, "enrichment": 4.0}, {"z": 63, "count": 115, "fraction": 0.0231, "baseline_fraction": 0.00226, "enrichment": 10.23}, {"z": 16, "count": 112, "fraction": 0.0225, "baseline_fraction": 0.0212, "enrichment": 1.06}, {"z": 75, "count": 48, "fraction": 0.0096, "baseline_fraction": 0.0036, "enrichment": 2.67}, {"z": 41, "count": 39, "fraction": 0.0078, "baseline_fraction": 0.00576, "enrichment": 1.36}, {"z": 81, "count": 26, "fraction": 0.0052, "baseline_fraction": 0.01389, "enrichment": 0.37}, {"z": 35, "count": 25, "fraction": 0.005, "baseline_fraction": 0.01865, "enrichment": 0.27}, {"z": 58, "count": 20, "fraction": 0.004, "baseline_fraction": 0.0072, "enrichment": 0.56}, {"z": 4, "count": 17, "fraction": 0.0034, "baseline_fraction": 0.00354, "enrichment": 0.96}], "max_element_fraction_post": 0.5308, "max_enrichment_post": 14.14}, "verdict": "FAIL"}
summary -> /home/satya/projects/invdes/InvDesFlow-AL/logs/stage1_overnight_summary.txt
=== Stage 1 overnight done wo 27 mei 2026  1:44:42 CEST ===
