generated 512/5000 valid=24 (460s)
generated 1024/5000 valid=42 (926s)
generated 1536/5000 valid=70 (1396s)
generated 2048/5000 valid=93 (1879s)
generated 2560/5000 valid=123 (2345s)
generated 3072/5000 valid=150 (2849s)
generated 3584/5000 valid=172 (3293s)
generated 4096/5000 valid=191 (3745s)
generated 4608/5000 valid=208 (4167s)
generated 5000/5000 valid=221 (4520s)
[chgnet] building manifest novelty set from data_raw/pretrain.jsonl ...
[chgnet]   150000 unique (formula, spacegroup) keys
CHGNet v0.3.0 initialized with 412,525 parameters
CHGNet will run on cuda:0
[stage1] E_form enabled; refs cache data_raw/chgnet_elemental_refs.json (cov: {'total_attempted': 67, 'ok': 67, 'failed': 0})
[chgnet] scarcity-mode=none (no penalty applied)
[chgnet] relaxing 200 candidates (cap 200, novel_pre first) ...
[chgnet]   25/200  ok=25 failed=0 conv_ml=11 conv_strict=0  (118s)
[chgnet]   50/200  ok=50 failed=0 conv_ml=25 conv_strict=0  (242s)
[chgnet]   75/200  ok=75 failed=0 conv_ml=36 conv_strict=0  (371s)
[chgnet]   100/200  ok=100 failed=0 conv_ml=43 conv_strict=0  (500s)
[chgnet]   125/200  ok=125 failed=0 conv_ml=49 conv_strict=0  (643s)
[chgnet]   150/200  ok=150 failed=0 conv_ml=56 conv_strict=0  (773s)
[chgnet]   175/200  ok=175 failed=0 conv_ml=64 conv_strict=0  (907s)
[chgnet]   200/200  ok=200 failed=0 conv_ml=72 conv_strict=0  (1046s)
SUMMARY_JSON {"purpose": "tiny active-learning dry run for plumbing/debugging, not discovery", "source_ckpt": "checkpoints/gen_150k.ckpt", "ckpt_epoch": 107, "ckpt_val_loss": 0.9731085138805842, "manifest": "data_raw/pretrain.jsonl", "oracle": "chgnet", "choices": {"validator": {"exclude_elements": [82, 79, 78, 77, 76, 46, 45, 44, 47, 80], "require_oxygen": true, "min_vpa": 0.0, "max_vpa": 500.0, "min_distance": 0.8}, "score": "Stage-0 CHGNet: S = delta_e * I_relax_ml * I_novelty_pre", "target_vpa": 21.0, "selection": "score sorted on (delta_e * gates); one per formula; max 3 per element set; converged_ml + novel_post required", "real_oracle_missing": "Stage 0: stability proxy only (CHGNet \u0394E). Not a piezoelectric or formation-energy oracle yet \u2014 Stages 1\u20133 in PROGRESS Entry 14."}, "generated": 5000, "valid": 221, "selected": 50, "valid_fraction": 0.0442, "distinct_formulas_generated": 4373, "distinct_formulas_valid": 221, "filter_counts": {"requires_oxygen": 2146, "excluded_element": 2546, "ok": 221, "atom_overlap": 87}, "vpa_valid": {"min": 10.0298, "p5": 13.3443, "median": 20.4991, "p95": 33.388, "max": 59.8481}, "min_distance_valid": {"min": 0.8096, "p5": 0.8654, "median": 1.3547, "p95": 2.0308, "max": 2.5342}, "oracle_summary": {"backend": "chgnet", "cache_path": "al_runs/chgnet_stage1_noCprime_bumped/relax_cache.json", "manifest_novelty_keys": 150000, "candidates_pre_cap": 221, "relaxed": 200, "ok": 200, "failed": 0, "converged_ml": 72, "converged_strict": 0, "ok_fraction": 1.0, "converged_ml_fraction_of_ok": 0.36, "converged_strict_fraction_of_ok": 0.0, "eligible_after_post_novelty": 72, "selected": 50, "ml_thresh_ev_per_A": 0.05, "strict_thresh_ev_per_A": 0.0001, "stage": 1, "scarcity_mode": "none", "enrichment_prior": null, "scarcity_n_weights": 0, "scarcity_min_weight": 0.01, "use_e_form": true, "elemental_refs_cache": "data_raw/chgnet_elemental_refs.json", "e_form_computed_ok": 200, "e_form_missing": 0, "e_form_coverage_of_ok": 1.0, "refs_coverage_after_run": {"total_attempted": 67, "ok": 67, "failed": 0}}, "top_selected": [{"score": 2.9454, "formula": "11-87-152-562", "element_set": "1-8-15-56", "vpa": 21.1581, "min_distance": 1.1589, "delta_e": 2.2296, "max_force": 0.0322, "converged_ml": true, "converged_strict": false, "spacegroup_post": 1, "novel_post": true}, {"score": 2.7756, "formula": "810-141-151-321-562-751", "element_set": "8-14-15-32-56-75", "vpa": 15.599, "min_distance": 1.5978, "delta_e": 1.2272, "max_force": 0.0393, "converged_ml": true, "converged_strict": false, "spacegroup_post": 1, "novel_post": true}, {"score": 2.7529, "formula": "86-92-201-231-421-561", "element_set": "8-9-20-23-42-56", "vpa": 14.326, "min_distance": 2.0905, "delta_e": 0.5872, "max_force": 0.0384, "converged_ml": true, "converged_strict": false, "spacegroup_post": 1, "novel_post": true}, {"score": 2.7234, "formula": "84-631-741", "element_set": "8-63-74", "vpa": 13.7041, "min_distance": 1.4379, "delta_e": 3.2228, "max_force": 0.0408, "converged_ml": true, "converged_strict": false, "spacegroup_post": 1, "novel_post": true}, {"score": 2.6842, "formula": "87-261-551-722", "element_set": "8-26-55-72", "vpa": 15.529, "min_distance": 1.9991, "delta_e": 0.1972, "max_force": 0.0455, "converged_ml": true, "converged_strict": false, "spacegroup_post": 6, "novel_post": true}, {"score": 2.6633, "formula": "81-913-112-191-251-322", "element_set": "8-9-11-19-25-32", "vpa": 15.9617, "min_distance": 0.8439, "delta_e": 5.7171, "max_force": 0.0247, "converged_ml": true, "converged_strict": false, "spacegroup_post": 1, "novel_post": true}, {"score": 2.5799, "formula": "89-252-261-562-581", "element_set": "8-25-26-56-58", "vpa": 13.1978, "min_distance": 1.8548, "delta_e": 1.8629, "max_force": 0.0397, "converged_ml": true, "converged_strict": false, "spacegroup_post": 1, "novel_post": true}, {"score": 2.5658, "formula": "85-251-381-551-631-731", "element_set": "8-25-38-55-63-73", "vpa": 19.1494, "min_distance": 2.1509, "delta_e": 1.3955, "max_force": 0.0307, "converged_ml": true, "converged_strict": false, "spacegroup_post": 1, "novel_post": true}, {"score": 2.4993, "formula": "88-152-291-631", "element_set": "8-15-29-63", "vpa": 17.9387, "min_distance": 1.4355, "delta_e": 0.6672, "max_force": 0.0435, "converged_ml": true, "converged_strict": false, "spacegroup_post": 1, "novel_post": true}, {"score": 2.4582, "formula": "51-86-91-151-191-241-351", "element_set": "5-8-9-15-19-24-35", "vpa": 19.5475, "min_distance": 1.2407, "delta_e": 0.6547, "max_force": 0.0325, "converged_ml": true, "converged_strict": false, "spacegroup_post": 1, "novel_post": true}], "finetuned_ckpt": null}
