records=10000 train_batches=98 val_batches=4 batch=96 device=cuda budget=3.0h
auto-batch -> 96
  e0 s0 g1 loss 22.4135 (c/l/t 0.902/0.867/1.032) 0.00h
epoch    0 train 14.3405 val 9.5863 lr 1.00e-04 0.00h
  e1 s0 g99 loss 10.2736 (c/l/t 0.762/0.664/0.442) 0.00h
epoch    1 train 8.0115 val 5.8388 lr 1.00e-04 0.01h
  e2 s0 g197 loss 6.3294 (c/l/t 0.823/0.777/0.236) 0.01h
epoch    2 train 5.6897 val 5.1347 lr 1.00e-04 0.01h
  e3 s0 g295 loss 4.9533 (c/l/t 0.714/0.757/0.174) 0.01h
epoch    3 train 4.7759 val 4.2366 lr 1.00e-04 0.02h
  e4 s0 g393 loss 4.7839 (c/l/t 0.782/0.965/0.152) 0.02h
epoch    4 train 4.4059 val 3.8717 lr 1.00e-04 0.02h
  e5 s0 g491 loss 4.3036 (c/l/t 0.754/0.844/0.135) 0.02h
epoch    5 train 4.0749 val 3.9076 lr 1.00e-04 0.03h
  e6 s0 g589 loss 3.9891 (c/l/t 0.828/0.692/0.123) 0.03h
epoch    6 train 3.7880 val 3.7595 lr 1.00e-04 0.03h
  e7 s0 g687 loss 4.9652 (c/l/t 0.810/0.713/0.172) 0.03h
epoch    7 train 3.6556 val 3.4455 lr 1.00e-04 0.04h
  e8 s0 g785 loss 3.3517 (c/l/t 0.744/0.933/0.084) 0.04h
epoch    8 train 3.5536 val 3.8146 lr 1.00e-04 0.04h
  e9 s0 g883 loss 3.8945 (c/l/t 0.782/0.722/0.120) 0.04h
epoch    9 train 3.4683 val 3.4383 lr 1.00e-04 0.05h
  e10 s0 g981 loss 3.0387 (c/l/t 0.809/0.732/0.075) 0.05h
epoch   10 train 3.3849 val 3.4075 lr 1.00e-04 0.05h
  e11 s0 g1079 loss 3.6437 (c/l/t 0.856/0.624/0.108) 0.05h
epoch   11 train 3.3056 val 3.6372 lr 1.00e-04 0.06h
  e12 s0 g1177 loss 3.3112 (c/l/t 0.785/0.793/0.087) 0.06h
epoch   12 train 3.2332 val 2.9073 lr 1.00e-04 0.06h
  e13 s0 g1275 loss 3.3235 (c/l/t 0.801/0.693/0.091) 0.06h
epoch   13 train 3.2189 val 3.2889 lr 1.00e-04 0.07h
  e14 s0 g1373 loss 3.6004 (c/l/t 0.749/0.938/0.096) 0.07h
epoch   14 train 3.0871 val 2.9625 lr 1.00e-04 0.07h
  e15 s0 g1471 loss 3.1712 (c/l/t 0.732/0.513/0.096) 0.07h
epoch   15 train 3.0851 val 3.0250 lr 1.00e-04 0.08h
  e16 s0 g1569 loss 3.2544 (c/l/t 0.717/0.566/0.099) 0.08h
epoch   16 train 3.0710 val 3.1202 lr 1.00e-04 0.08h
  e17 s0 g1667 loss 2.8284 (c/l/t 0.768/0.412/0.082) 0.08h
epoch   17 train 3.0846 val 2.8469 lr 1.00e-04 0.09h
  e18 s0 g1765 loss 3.4318 (c/l/t 0.720/0.454/0.113) 0.09h
epoch   18 train 2.9954 val 2.8515 lr 1.00e-04 0.09h
  e19 s0 g1863 loss 2.5578 (c/l/t 0.696/0.577/0.064) 0.09h
epoch   19 train 3.0169 val 2.6151 lr 1.00e-04 0.10h
  e20 s0 g1961 loss 2.8016 (c/l/t 0.745/0.628/0.071) 0.10h
epoch   20 train 2.9691 val 2.9894 lr 1.00e-04 0.10h
  e21 s0 g2059 loss 3.0103 (c/l/t 0.731/0.714/0.078) 0.10h
epoch   21 train 2.9041 val 2.6653 lr 1.00e-04 0.11h
  e22 s0 g2157 loss 3.3217 (c/l/t 0.704/0.618/0.100) 0.11h
epoch   22 train 2.9079 val 2.7907 lr 1.00e-04 0.11h
  e23 s0 g2255 loss 2.8330 (c/l/t 0.781/0.531/0.076) 0.11h
epoch   23 train 2.8956 val 2.7812 lr 1.00e-04 0.11h
  e24 s0 g2353 loss 3.0951 (c/l/t 0.781/0.604/0.085) 0.11h
epoch   24 train 2.8599 val 3.2054 lr 1.00e-04 0.12h
  e25 s0 g2451 loss 2.9895 (c/l/t 0.716/0.563/0.086) 0.12h
epoch   25 train 2.8504 val 2.8741 lr 1.00e-04 0.12h
  e26 s0 g2549 loss 2.8003 (c/l/t 0.730/0.435/0.082) 0.12h
epoch   26 train 2.8337 val 2.9936 lr 1.00e-04 0.13h
  e27 s0 g2647 loss 2.5749 (c/l/t 0.740/0.507/0.066) 0.13h
epoch   27 train 2.7887 val 2.5383 lr 1.00e-04 0.13h
  e28 s0 g2745 loss 2.7962 (c/l/t 0.728/0.563/0.075) 0.13h
epoch   28 train 2.7429 val 2.9882 lr 1.00e-04 0.14h
  e29 s0 g2843 loss 2.6069 (c/l/t 0.730/0.640/0.062) 0.14h
epoch   29 train 2.7044 val 2.6082 lr 1.00e-04 0.14h
  e30 s0 g2941 loss 3.5084 (c/l/t 0.832/0.528/0.107) 0.14h
epoch   30 train 2.6852 val 2.9228 lr 1.00e-04 0.15h
  e31 s0 g3039 loss 2.8706 (c/l/t 0.750/0.607/0.076) 0.15h
epoch   31 train 2.6328 val 2.5048 lr 1.00e-04 0.15h
  e32 s0 g3137 loss 2.5740 (c/l/t 0.792/0.399/0.069) 0.15h
epoch   32 train 2.6525 val 2.3759 lr 1.00e-04 0.16h
  e33 s0 g3235 loss 2.0011 (c/l/t 0.751/0.439/0.041) 0.16h
epoch   33 train 2.5823 val 2.5761 lr 1.00e-04 0.16h
  e34 s0 g3333 loss 2.9043 (c/l/t 0.772/0.778/0.068) 0.16h
epoch   34 train 2.5637 val 2.4527 lr 1.00e-04 0.17h
  e35 s0 g3431 loss 2.3441 (c/l/t 0.818/0.690/0.042) 0.17h
epoch   35 train 2.5187 val 2.4399 lr 1.00e-04 0.17h
  e36 s0 g3529 loss 2.4001 (c/l/t 0.786/0.681/0.047) 0.17h
epoch   36 train 2.5108 val 2.3428 lr 1.00e-04 0.18h
  e37 s0 g3627 loss 2.5213 (c/l/t 0.775/0.583/0.058) 0.18h
epoch   37 train 2.3976 val 2.6971 lr 1.00e-04 0.18h
  e38 s0 g3725 loss 2.3479 (c/l/t 0.755/0.533/0.053) 0.18h
epoch   38 train 2.3982 val 2.5608 lr 1.00e-04 0.19h
  e39 s0 g3823 loss 2.2298 (c/l/t 0.741/0.725/0.038) 0.19h
epoch   39 train 2.3559 val 2.4860 lr 1.00e-04 0.19h
  e40 s0 g3921 loss 2.5524 (c/l/t 0.712/0.548/0.065) 0.19h
epoch   40 train 2.3651 val 2.1781 lr 1.00e-04 0.20h
  e41 s0 g4019 loss 2.1332 (c/l/t 0.709/0.673/0.038) 0.20h
epoch   41 train 2.3354 val 2.4054 lr 1.00e-04 0.20h
  e42 s0 g4117 loss 2.3134 (c/l/t 0.810/0.792/0.036) 0.20h
epoch   42 train 2.2949 val 2.3525 lr 1.00e-04 0.21h
  e43 s0 g4215 loss 2.1739 (c/l/t 0.720/0.451/0.050) 0.21h
epoch   43 train 2.2147 val 2.3039 lr 1.00e-04 0.21h
  e44 s0 g4313 loss 2.0609 (c/l/t 0.723/0.649/0.034) 0.21h
epoch   44 train 2.2098 val 2.1433 lr 1.00e-04 0.22h
  e45 s0 g4411 loss 2.0252 (c/l/t 0.760/0.617/0.032) 0.22h
epoch   45 train 2.1837 val 2.0950 lr 1.00e-04 0.22h
  e46 s0 g4509 loss 2.2877 (c/l/t 0.811/0.630/0.042) 0.22h
epoch   46 train 2.1601 val 2.1712 lr 1.00e-04 0.22h
  e47 s0 g4607 loss 2.3044 (c/l/t 0.728/0.480/0.055) 0.22h
epoch   47 train 2.1355 val 2.0641 lr 1.00e-04 0.23h
  e48 s0 g4705 loss 2.3075 (c/l/t 0.730/0.412/0.058) 0.23h
epoch   48 train 2.1195 val 2.1335 lr 1.00e-04 0.23h
  e49 s0 g4803 loss 2.0681 (c/l/t 0.692/0.578/0.040) 0.23h
epoch   49 train 2.1180 val 2.1635 lr 1.00e-04 0.24h
  e50 s0 g4901 loss 1.8889 (c/l/t 0.706/0.539/0.032) 0.24h
epoch   50 train 2.0971 val 2.0563 lr 1.00e-04 0.24h
  e51 s0 g4999 loss 1.8341 (c/l/t 0.653/0.560/0.031) 0.24h
epoch   51 train 2.0897 val 2.1680 lr 1.00e-04 0.25h
  e52 s0 g5097 loss 1.9173 (c/l/t 0.733/0.582/0.030) 0.25h
epoch   52 train 2.0511 val 1.8718 lr 1.00e-04 0.25h
  e53 s0 g5195 loss 1.8559 (c/l/t 0.711/0.616/0.026) 0.25h
epoch   53 train 2.0602 val 2.0448 lr 1.00e-04 0.26h
  e54 s0 g5293 loss 2.0388 (c/l/t 0.798/0.592/0.032) 0.26h
epoch   54 train 2.0298 val 1.9257 lr 1.00e-04 0.26h
  e55 s0 g5391 loss 2.2426 (c/l/t 0.724/0.724/0.040) 0.26h
epoch   55 train 2.0032 val 1.9416 lr 1.00e-04 0.27h
  e56 s0 g5489 loss 1.9194 (c/l/t 0.776/0.551/0.030) 0.27h
epoch   56 train 2.0028 val 2.0021 lr 1.00e-04 0.27h
  e57 s0 g5587 loss 2.0855 (c/l/t 0.751/0.595/0.037) 0.27h
epoch   57 train 1.9887 val 2.0074 lr 1.00e-04 0.28h
  e58 s0 g5685 loss 1.8398 (c/l/t 0.718/0.495/0.031) 0.28h
epoch   58 train 1.9840 val 1.9889 lr 1.00e-04 0.28h
  e59 s0 g5783 loss 1.6890 (c/l/t 0.713/0.477/0.025) 0.28h
epoch   59 train 1.9731 val 1.9850 lr 1.00e-04 0.29h
  e60 s0 g5881 loss 1.8837 (c/l/t 0.730/0.521/0.032) 0.29h
epoch   60 train 1.9548 val 2.0343 lr 1.00e-04 0.29h
  e61 s0 g5979 loss 1.5032 (c/l/t 0.682/0.335/0.024) 0.29h
epoch   61 train 1.9581 val 1.8803 lr 1.00e-04 0.30h
  e62 s0 g6077 loss 1.8723 (c/l/t 0.720/0.514/0.032) 0.30h
epoch   62 train 1.9680 val 2.0069 lr 1.00e-04 0.30h
  e63 s0 g6175 loss 1.7618 (c/l/t 0.709/0.491/0.028) 0.30h
epoch   63 train 1.9344 val 1.9292 lr 1.00e-04 0.31h
  e64 s0 g6273 loss 1.7799 (c/l/t 0.724/0.631/0.021) 0.31h
epoch   64 train 1.9473 val 1.9038 lr 1.00e-04 0.31h
  e65 s0 g6371 loss 1.9925 (c/l/t 0.699/0.575/0.036) 0.31h
epoch   65 train 1.9413 val 1.9204 lr 1.00e-04 0.32h
  e66 s0 g6469 loss 1.9098 (c/l/t 0.690/0.614/0.030) 0.32h
epoch   66 train 1.9103 val 2.0123 lr 1.00e-04 0.32h
  e67 s0 g6567 loss 1.7844 (c/l/t 0.728/0.644/0.021) 0.32h
epoch   67 train 1.9351 val 1.8413 lr 1.00e-04 0.33h
  e68 s0 g6665 loss 1.8129 (c/l/t 0.723/0.576/0.026) 0.33h
epoch   68 train 1.9001 val 1.8745 lr 1.00e-04 0.33h
  e69 s0 g6763 loss 2.1012 (c/l/t 0.741/0.652/0.035) 0.33h
epoch   69 train 1.8787 val 1.8734 lr 1.00e-04 0.33h
  e70 s0 g6861 loss 1.7928 (c/l/t 0.682/0.601/0.025) 0.33h
epoch   70 train 1.8816 val 1.8090 lr 1.00e-04 0.34h
  e71 s0 g6959 loss 1.8588 (c/l/t 0.730/0.396/0.037) 0.34h
epoch   71 train 1.8768 val 1.7826 lr 1.00e-04 0.34h
  e72 s0 g7057 loss 2.3401 (c/l/t 0.754/0.772/0.041) 0.34h
epoch   72 train 1.8524 val 2.0731 lr 1.00e-04 0.35h
  e73 s0 g7155 loss 1.7746 (c/l/t 0.726/0.561/0.024) 0.35h
epoch   73 train 1.8653 val 1.8195 lr 1.00e-04 0.35h
  e74 s0 g7253 loss 1.8372 (c/l/t 0.721/0.627/0.024) 0.35h
epoch   74 train 1.8630 val 1.7390 lr 1.00e-04 0.36h
  e75 s0 g7351 loss 1.6668 (c/l/t 0.670/0.519/0.024) 0.36h
epoch   75 train 1.8508 val 2.0271 lr 1.00e-04 0.36h
  e76 s0 g7449 loss 1.6512 (c/l/t 0.709/0.520/0.021) 0.36h
epoch   76 train 1.8606 val 1.7888 lr 1.00e-04 0.37h
  e77 s0 g7547 loss 1.6916 (c/l/t 0.679/0.613/0.020) 0.37h
epoch   77 train 1.8331 val 1.8407 lr 1.00e-04 0.37h
  e78 s0 g7645 loss 1.9984 (c/l/t 0.732/0.487/0.039) 0.37h
epoch   78 train 1.8353 val 1.8380 lr 1.00e-04 0.38h
  e79 s0 g7743 loss 1.8399 (c/l/t 0.728/0.525/0.029) 0.38h
epoch   79 train 1.8220 val 1.7639 lr 1.00e-04 0.38h
  e80 s0 g7841 loss 1.8957 (c/l/t 0.786/0.567/0.027) 0.38h
epoch   80 train 1.8304 val 1.8497 lr 1.00e-04 0.39h
  e81 s0 g7939 loss 1.9701 (c/l/t 0.732/0.586/0.033) 0.39h
epoch   81 train 1.8190 val 1.8574 lr 1.00e-04 0.39h
  e82 s0 g8037 loss 1.9069 (c/l/t 0.818/0.454/0.032) 0.39h
epoch   82 train 1.8255 val 1.8424 lr 1.00e-04 0.40h
  e83 s0 g8135 loss 1.7291 (c/l/t 0.708/0.370/0.033) 0.40h
epoch   83 train 1.8267 val 1.7985 lr 1.00e-04 0.40h
  e84 s0 g8233 loss 1.9015 (c/l/t 0.687/0.479/0.037) 0.40h
epoch   84 train 1.8272 val 1.7713 lr 1.00e-04 0.41h
  e85 s0 g8331 loss 2.0125 (c/l/t 0.736/0.683/0.030) 0.41h
epoch   85 train 1.7997 val 1.8341 lr 1.00e-04 0.41h
  e86 s0 g8429 loss 1.8322 (c/l/t 0.773/0.562/0.025) 0.41h
epoch   86 train 1.7861 val 1.9799 lr 1.00e-04 0.42h
  e87 s0 g8527 loss 1.8288 (c/l/t 0.742/0.627/0.023) 0.42h
epoch   87 train 1.8094 val 1.7437 lr 1.00e-04 0.42h
  e88 s0 g8625 loss 1.9740 (c/l/t 0.747/0.544/0.034) 0.42h
epoch   88 train 1.7980 val 1.7568 lr 1.00e-04 0.43h
  e89 s0 g8723 loss 1.8069 (c/l/t 0.716/0.546/0.027) 0.43h
epoch   89 train 1.8025 val 1.8744 lr 1.00e-04 0.43h
  e90 s0 g8821 loss 1.8836 (c/l/t 0.696/0.736/0.023) 0.43h
epoch   90 train 1.7856 val 1.8482 lr 1.00e-04 0.44h
  e91 s0 g8919 loss 1.7462 (c/l/t 0.667/0.519/0.028) 0.44h
epoch   91 train 1.7981 val 1.7191 lr 1.00e-04 0.44h
  e92 s0 g9017 loss 1.8277 (c/l/t 0.700/0.693/0.022) 0.44h
epoch   92 train 1.7831 val 1.7456 lr 1.00e-04 0.45h
  e93 s0 g9115 loss 1.8161 (c/l/t 0.672/0.660/0.024) 0.45h
epoch   93 train 1.7546 val 1.7428 lr 1.00e-04 0.45h
  e94 s0 g9213 loss 1.8141 (c/l/t 0.714/0.707/0.020) 0.45h
epoch   94 train 1.7765 val 1.9030 lr 1.00e-04 0.45h
  e95 s0 g9311 loss 1.9821 (c/l/t 0.737/0.708/0.027) 0.45h
epoch   95 train 1.7663 val 1.7349 lr 1.00e-04 0.46h
  e96 s0 g9409 loss 1.8652 (c/l/t 0.707/0.777/0.019) 0.46h
epoch   96 train 1.7827 val 1.8302 lr 1.00e-04 0.46h
  e97 s0 g9507 loss 1.7684 (c/l/t 0.697/0.638/0.022) 0.46h
epoch   97 train 1.7460 val 1.9278 lr 1.00e-04 0.47h
  e98 s0 g9605 loss 1.6098 (c/l/t 0.732/0.443/0.022) 0.47h
epoch   98 train 1.7700 val 1.6528 lr 1.00e-04 0.47h
  e99 s0 g9703 loss 1.6404 (c/l/t 0.787/0.461/0.020) 0.47h
epoch   99 train 1.7400 val 1.8075 lr 1.00e-04 0.48h
  e100 s0 g9801 loss 1.7779 (c/l/t 0.747/0.499/0.027) 0.48h
epoch  100 train 1.7428 val 1.7874 lr 1.00e-04 0.48h
  e101 s0 g9899 loss 1.6845 (c/l/t 0.733/0.523/0.021) 0.48h
epoch  101 train 1.7268 val 1.7754 lr 1.00e-04 0.49h
  e102 s0 g9997 loss 1.8597 (c/l/t 0.779/0.585/0.025) 0.49h
epoch  102 train 1.7431 val 1.6662 lr 1.00e-04 0.49h
  e103 s0 g10095 loss 2.0525 (c/l/t 0.740/0.588/0.036) 0.49h
epoch  103 train 1.7234 val 1.7847 lr 1.00e-04 0.50h
  e104 s0 g10193 loss 1.5792 (c/l/t 0.671/0.535/0.019) 0.50h
epoch  104 train 1.7249 val 1.7149 lr 1.00e-04 0.50h
  e105 s0 g10291 loss 1.7573 (c/l/t 0.725/0.578/0.023) 0.50h
epoch  105 train 1.7344 val 1.7538 lr 1.00e-04 0.51h
  e106 s0 g10389 loss 1.8657 (c/l/t 0.732/0.719/0.021) 0.51h
epoch  106 train 1.7224 val 1.6281 lr 1.00e-04 0.51h
  e107 s0 g10487 loss 1.6685 (c/l/t 0.749/0.410/0.025) 0.51h
epoch  107 train 1.7140 val 1.7214 lr 1.00e-04 0.52h
  e108 s0 g10585 loss 1.7533 (c/l/t 0.709/0.452/0.030) 0.52h
epoch  108 train 1.7157 val 1.6584 lr 1.00e-04 0.52h
  e109 s0 g10683 loss 1.9838 (c/l/t 0.716/0.765/0.025) 0.52h
epoch  109 train 1.7332 val 1.8106 lr 1.00e-04 0.53h
  e110 s0 g10781 loss 1.6381 (c/l/t 0.742/0.476/0.021) 0.53h
epoch  110 train 1.7132 val 1.7169 lr 1.00e-04 0.53h
  e111 s0 g10879 loss 1.5525 (c/l/t 0.717/0.415/0.021) 0.53h
epoch  111 train 1.6827 val 1.6617 lr 1.00e-04 0.54h
  e112 s0 g10977 loss 1.6891 (c/l/t 0.751/0.413/0.026) 0.54h
epoch  112 train 1.7064 val 1.6868 lr 1.00e-04 0.54h
  e113 s0 g11075 loss 1.7446 (c/l/t 0.718/0.555/0.024) 0.54h
epoch  113 train 1.7122 val 1.7185 lr 1.00e-04 0.55h
  e114 s0 g11173 loss 1.8033 (c/l/t 0.712/0.709/0.019) 0.55h
epoch  114 train 1.7306 val 1.8307 lr 1.00e-04 0.55h
  e115 s0 g11271 loss 1.7892 (c/l/t 0.724/0.690/0.019) 0.55h
epoch  115 train 1.6997 val 1.6020 lr 1.00e-04 0.55h
  e116 s0 g11369 loss 1.6726 (c/l/t 0.741/0.602/0.016) 0.56h
epoch  116 train 1.7103 val 1.6361 lr 1.00e-04 0.56h
  e117 s0 g11467 loss 1.8522 (c/l/t 0.780/0.662/0.021) 0.56h
epoch  117 train 1.7087 val 1.5846 lr 1.00e-04 0.56h
  e118 s0 g11565 loss 1.8571 (c/l/t 0.734/0.533/0.029) 0.56h
epoch  118 train 1.6875 val 1.6081 lr 1.00e-04 0.57h
  e119 s0 g11663 loss 1.7796 (c/l/t 0.716/0.555/0.025) 0.57h
epoch  119 train 1.6805 val 1.5886 lr 1.00e-04 0.57h
  e120 s0 g11761 loss 1.7680 (c/l/t 0.765/0.627/0.019) 0.57h
epoch  120 train 1.6886 val 1.6578 lr 1.00e-04 0.58h
  e121 s0 g11859 loss 1.5586 (c/l/t 0.727/0.449/0.019) 0.58h
epoch  121 train 1.6685 val 1.7098 lr 1.00e-04 0.58h
  e122 s0 g11957 loss 1.6356 (c/l/t 0.717/0.409/0.025) 0.58h
epoch  122 train 1.6912 val 1.6966 lr 1.00e-04 0.59h
  e123 s0 g12055 loss 1.5545 (c/l/t 0.773/0.400/0.019) 0.59h
epoch  123 train 1.6740 val 1.6479 lr 1.00e-04 0.59h
  e124 s0 g12153 loss 1.9272 (c/l/t 0.728/0.598/0.030) 0.59h
epoch  124 train 1.6828 val 1.6289 lr 1.00e-04 0.60h
  e125 s0 g12251 loss 1.7205 (c/l/t 0.750/0.563/0.020) 0.60h
epoch  125 train 1.6726 val 1.7021 lr 1.00e-04 0.60h
  e126 s0 g12349 loss 1.5328 (c/l/t 0.775/0.402/0.018) 0.60h
epoch  126 train 1.6695 val 1.6349 lr 1.00e-04 0.61h
  e127 s0 g12447 loss 1.5078 (c/l/t 0.721/0.412/0.019) 0.61h
epoch  127 train 1.6732 val 1.6890 lr 1.00e-04 0.61h
  e128 s0 g12545 loss 1.8318 (c/l/t 0.682/0.638/0.026) 0.61h
epoch  128 train 1.6787 val 1.7475 lr 1.00e-04 0.62h
  e129 s0 g12643 loss 1.6708 (c/l/t 0.725/0.585/0.018) 0.62h
epoch  129 train 1.6492 val 1.6675 lr 1.00e-04 0.62h
  e130 s0 g12741 loss 1.5201 (c/l/t 0.628/0.580/0.016) 0.62h
epoch  130 train 1.6400 val 1.5793 lr 1.00e-04 0.63h
  e131 s0 g12839 loss 1.7383 (c/l/t 0.708/0.573/0.023) 0.63h
epoch  131 train 1.6633 val 1.5642 lr 1.00e-04 0.63h
  e132 s0 g12937 loss 1.4886 (c/l/t 0.656/0.496/0.017) 0.63h
epoch  132 train 1.6642 val 1.7444 lr 1.00e-04 0.64h
  e133 s0 g13035 loss 1.6131 (c/l/t 0.683/0.569/0.018) 0.64h
epoch  133 train 1.6706 val 1.7757 lr 1.00e-04 0.64h
  e134 s0 g13133 loss 1.6464 (c/l/t 0.705/0.476/0.023) 0.64h
epoch  134 train 1.6432 val 1.6486 lr 1.00e-04 0.65h
  e135 s0 g13231 loss 1.7518 (c/l/t 0.754/0.453/0.027) 0.65h
epoch  135 train 1.6475 val 1.6046 lr 1.00e-04 0.65h
  e136 s0 g13329 loss 1.7050 (c/l/t 0.698/0.641/0.018) 0.65h
epoch  136 train 1.6349 val 1.5087 lr 1.00e-04 0.66h
  e137 s0 g13427 loss 1.5390 (c/l/t 0.659/0.554/0.016) 0.66h
epoch  137 train 1.6492 val 1.6198 lr 1.00e-04 0.66h
  e138 s0 g13525 loss 1.8501 (c/l/t 0.686/0.596/0.028) 0.66h
epoch  138 train 1.6423 val 1.5700 lr 1.00e-04 0.66h
  e139 s0 g13623 loss 1.4588 (c/l/t 0.657/0.493/0.015) 0.66h
epoch  139 train 1.6381 val 1.6238 lr 1.00e-04 0.67h
  e140 s0 g13721 loss 1.6250 (c/l/t 0.667/0.629/0.016) 0.67h
epoch  140 train 1.6550 val 1.6555 lr 1.00e-04 0.67h
  e141 s0 g13819 loss 1.7589 (c/l/t 0.700/0.627/0.022) 0.67h
epoch  141 train 1.6492 val 1.6026 lr 1.00e-04 0.68h
  e142 s0 g13917 loss 1.5957 (c/l/t 0.658/0.575/0.018) 0.68h
epoch  142 train 1.6255 val 1.6394 lr 1.00e-04 0.68h
  e143 s0 g14015 loss 1.5442 (c/l/t 0.701/0.520/0.016) 0.68h
epoch  143 train 1.6284 val 1.5975 lr 1.00e-04 0.69h
  e144 s0 g14113 loss 1.7140 (c/l/t 0.676/0.757/0.014) 0.69h
epoch  144 train 1.6408 val 1.5204 lr 1.00e-04 0.69h
  e145 s0 g14211 loss 1.6628 (c/l/t 0.707/0.625/0.017) 0.69h
epoch  145 train 1.6235 val 1.6441 lr 1.00e-04 0.70h
  e146 s0 g14309 loss 1.5881 (c/l/t 0.705/0.471/0.021) 0.70h
epoch  146 train 1.6263 val 1.6161 lr 1.00e-04 0.70h
  e147 s0 g14407 loss 1.5923 (c/l/t 0.687/0.589/0.016) 0.70h
epoch  147 train 1.6356 val 1.5548 lr 1.00e-04 0.71h
  e148 s0 g14505 loss 1.5017 (c/l/t 0.736/0.320/0.022) 0.71h
epoch  148 train 1.6136 val 1.5050 lr 1.00e-04 0.71h
  e149 s0 g14603 loss 1.4341 (c/l/t 0.705/0.368/0.018) 0.71h
epoch  149 train 1.5935 val 1.5739 lr 1.00e-04 0.72h
  e150 s0 g14701 loss 1.6489 (c/l/t 0.739/0.560/0.017) 0.72h
epoch  150 train 1.6179 val 1.6517 lr 1.00e-04 0.72h
  e151 s0 g14799 loss 1.7413 (c/l/t 0.684/0.660/0.020) 0.72h
epoch  151 train 1.5959 val 1.6132 lr 1.00e-04 0.73h
  e152 s0 g14897 loss 1.7166 (c/l/t 0.717/0.643/0.018) 0.73h
epoch  152 train 1.6058 val 1.6144 lr 1.00e-04 0.73h
  e153 s0 g14995 loss 1.3525 (c/l/t 0.650/0.419/0.014) 0.73h
epoch  153 train 1.6191 val 1.5498 lr 1.00e-04 0.74h
  e154 s0 g15093 loss 1.5527 (c/l/t 0.712/0.440/0.020) 0.74h
epoch  154 train 1.6128 val 1.6607 lr 1.00e-04 0.74h
  e155 s0 g15191 loss 1.3917 (c/l/t 0.701/0.357/0.017) 0.74h
epoch  155 train 1.6022 val 1.6568 lr 1.00e-04 0.75h
  e156 s0 g15289 loss 1.5556 (c/l/t 0.700/0.549/0.015) 0.75h
epoch  156 train 1.5966 val 1.4998 lr 1.00e-04 0.75h
  e157 s0 g15387 loss 1.6537 (c/l/t 0.749/0.522/0.019) 0.75h
epoch  157 train 1.5935 val 1.6269 lr 1.00e-04 0.76h
  e158 s0 g15485 loss 1.3538 (c/l/t 0.653/0.378/0.016) 0.76h
epoch  158 train 1.6013 val 1.6310 lr 1.00e-04 0.76h
  e159 s0 g15583 loss 1.4469 (c/l/t 0.685/0.455/0.015) 0.76h
epoch  159 train 1.6035 val 1.6689 lr 1.00e-04 0.76h
  e160 s0 g15681 loss 1.5394 (c/l/t 0.715/0.406/0.021) 0.76h
epoch  160 train 1.6341 val 1.5137 lr 1.00e-04 0.77h
  e161 s0 g15779 loss 1.4737 (c/l/t 0.572/0.593/0.015) 0.77h
epoch  161 train 1.5839 val 1.5244 lr 1.00e-04 0.77h
  e162 s0 g15877 loss 1.6389 (c/l/t 0.635/0.555/0.022) 0.77h
epoch  162 train 1.5987 val 1.6623 lr 1.00e-04 0.78h
  e163 s0 g15975 loss 1.6195 (c/l/t 0.678/0.578/0.018) 0.78h
epoch  163 train 1.6037 val 1.5915 lr 1.00e-04 0.78h
  e164 s0 g16073 loss 1.5855 (c/l/t 0.724/0.526/0.017) 0.78h
epoch  164 train 1.6028 val 1.5530 lr 1.00e-04 0.79h
  e165 s0 g16171 loss 1.5818 (c/l/t 0.677/0.593/0.016) 0.79h
epoch  165 train 1.6032 val 1.5422 lr 1.00e-04 0.79h
  e166 s0 g16269 loss 1.5107 (c/l/t 0.664/0.506/0.017) 0.79h
epoch  166 train 1.5719 val 1.6683 lr 1.00e-04 0.80h
  e167 s0 g16367 loss 1.4693 (c/l/t 0.701/0.442/0.016) 0.80h
epoch  167 train 1.5850 val 1.4963 lr 1.00e-04 0.80h
  e168 s0 g16465 loss 1.5763 (c/l/t 0.713/0.465/0.020) 0.80h
epoch  168 train 1.5861 val 1.6516 lr 1.00e-04 0.81h
  e169 s0 g16563 loss 1.6015 (c/l/t 0.689/0.642/0.014) 0.81h
epoch  169 train 1.5747 val 1.5921 lr 1.00e-04 0.81h
  e170 s0 g16661 loss 1.5743 (c/l/t 0.652/0.629/0.015) 0.81h
epoch  170 train 1.5875 val 1.5598 lr 1.00e-04 0.82h
  e171 s0 g16759 loss 1.6306 (c/l/t 0.667/0.577/0.019) 0.82h
epoch  171 train 1.5850 val 1.7203 lr 1.00e-04 0.82h
  e172 s0 g16857 loss 1.6119 (c/l/t 0.691/0.448/0.024) 0.82h
epoch  172 train 1.5775 val 1.6232 lr 1.00e-04 0.83h
  e173 s0 g16955 loss 1.8809 (c/l/t 0.727/0.596/0.028) 0.83h
epoch  173 train 1.5757 val 1.5412 lr 1.00e-04 0.83h
  e174 s0 g17053 loss 1.6820 (c/l/t 0.696/0.548/0.022) 0.83h
epoch  174 train 1.5681 val 1.5989 lr 1.00e-04 0.84h
  e175 s0 g17151 loss 1.5379 (c/l/t 0.662/0.539/0.017) 0.84h
epoch  175 train 1.5843 val 1.5215 lr 1.00e-04 0.84h
  e176 s0 g17249 loss 1.5916 (c/l/t 0.711/0.453/0.021) 0.84h
epoch  176 train 1.5994 val 1.5937 lr 1.00e-04 0.85h
  e177 s0 g17347 loss 1.7307 (c/l/t 0.748/0.489/0.025) 0.85h
epoch  177 train 1.5754 val 1.4322 lr 1.00e-04 0.85h
  e178 s0 g17445 loss 1.7906 (c/l/t 0.707/0.474/0.030) 0.85h
epoch  178 train 1.5485 val 1.6188 lr 1.00e-04 0.86h
  e179 s0 g17543 loss 1.5438 (c/l/t 0.720/0.432/0.020) 0.86h
epoch  179 train 1.5790 val 1.5250 lr 1.00e-04 0.86h
  e180 s0 g17641 loss 1.5963 (c/l/t 0.648/0.583/0.018) 0.86h
epoch  180 train 1.5659 val 1.5129 lr 1.00e-04 0.87h
  e181 s0 g17739 loss 1.5922 (c/l/t 0.687/0.611/0.015) 0.87h
epoch  181 train 1.5528 val 1.5135 lr 1.00e-04 0.87h
  e182 s0 g17837 loss 1.4878 (c/l/t 0.683/0.462/0.017) 0.87h
epoch  182 train 1.5617 val 1.6256 lr 1.00e-04 0.87h
  e183 s0 g17935 loss 1.6864 (c/l/t 0.663/0.694/0.016) 0.87h
epoch  183 train 1.5415 val 1.6317 lr 1.00e-04 0.88h
  e184 s0 g18033 loss 1.4877 (c/l/t 0.642/0.393/0.023) 0.88h
epoch  184 train 1.5912 val 1.5474 lr 1.00e-04 0.88h
  e185 s0 g18131 loss 1.6467 (c/l/t 0.687/0.657/0.015) 0.88h
epoch  185 train 1.5511 val 1.5111 lr 1.00e-04 0.89h
  e186 s0 g18229 loss 1.5846 (c/l/t 0.676/0.623/0.014) 0.89h
epoch  186 train 1.5802 val 1.5304 lr 1.00e-04 0.89h
  e187 s0 g18327 loss 1.5905 (c/l/t 0.728/0.583/0.014) 0.89h
epoch  187 train 1.5411 val 1.5818 lr 1.00e-04 0.90h
  e188 s0 g18425 loss 1.6844 (c/l/t 0.681/0.538/0.023) 0.90h
epoch  188 train 1.5543 val 1.6392 lr 1.00e-04 0.90h
  e189 s0 g18523 loss 1.4239 (c/l/t 0.724/0.439/0.013) 0.90h
epoch  189 train 1.5485 val 1.6192 lr 1.00e-04 0.91h
  e190 s0 g18621 loss 1.5013 (c/l/t 0.690/0.540/0.014) 0.91h
epoch  190 train 1.5717 val 1.5711 lr 1.00e-04 0.91h
  e191 s0 g18719 loss 1.4266 (c/l/t 0.698/0.422/0.015) 0.91h
epoch  191 train 1.5417 val 1.5156 lr 1.00e-04 0.92h
  e192 s0 g18817 loss 1.5183 (c/l/t 0.705/0.536/0.014) 0.92h
epoch  192 train 1.5527 val 1.4585 lr 1.00e-04 0.92h
  e193 s0 g18915 loss 1.7228 (c/l/t 0.699/0.747/0.014) 0.92h
epoch  193 train 1.5543 val 1.5454 lr 1.00e-04 0.93h
  e194 s0 g19013 loss 1.3229 (c/l/t 0.601/0.437/0.014) 0.93h
epoch  194 train 1.5456 val 1.4454 lr 1.00e-04 0.93h
  e195 s0 g19111 loss 1.4509 (c/l/t 0.703/0.447/0.015) 0.93h
epoch  195 train 1.5265 val 1.6137 lr 1.00e-04 0.94h
  e196 s0 g19209 loss 1.4775 (c/l/t 0.684/0.510/0.014) 0.94h
epoch  196 train 1.5413 val 1.5259 lr 1.00e-04 0.94h
  e197 s0 g19307 loss 1.6937 (c/l/t 0.665/0.606/0.021) 0.94h
epoch  197 train 1.5878 val 1.4773 lr 1.00e-04 0.95h
  e198 s0 g19405 loss 1.5161 (c/l/t 0.676/0.560/0.014) 0.95h
epoch  198 train 1.5666 val 1.4591 lr 1.00e-04 0.95h
  e199 s0 g19503 loss 1.4431 (c/l/t 0.696/0.475/0.014) 0.95h
epoch  199 train 1.5434 val 1.5719 lr 1.00e-04 0.96h
  e200 s0 g19601 loss 1.5275 (c/l/t 0.678/0.431/0.021) 0.96h
epoch  200 train 1.5489 val 1.5176 lr 1.00e-04 0.96h
  e201 s0 g19699 loss 1.5190 (c/l/t 0.681/0.514/0.016) 0.96h
epoch  201 train 1.5368 val 1.5452 lr 1.00e-04 0.97h
  e202 s0 g19797 loss 1.5352 (c/l/t 0.697/0.512/0.016) 0.97h
epoch  202 train 1.5379 val 1.4258 lr 1.00e-04 0.97h
  e203 s0 g19895 loss 1.6179 (c/l/t 0.758/0.520/0.017) 0.97h
epoch  203 train 1.5248 val 1.5293 lr 1.00e-04 0.97h
  e204 s0 g19993 loss 1.5125 (c/l/t 0.663/0.472/0.019) 0.97h
epoch  204 train 1.5552 val 1.5731 lr 1.00e-04 0.98h
  e205 s0 g20091 loss 1.3580 (c/l/t 0.656/0.401/0.015) 0.98h
epoch  205 train 1.5275 val 1.5300 lr 1.00e-04 0.98h
  e206 s0 g20189 loss 1.6754 (c/l/t 0.708/0.670/0.015) 0.98h
epoch  206 train 1.5283 val 1.6839 lr 1.00e-04 0.99h
  e207 s0 g20287 loss 1.6856 (c/l/t 0.690/0.599/0.020) 0.99h
epoch  207 train 1.5067 val 1.4959 lr 1.00e-04 0.99h
  e208 s0 g20385 loss 1.5822 (c/l/t 0.653/0.683/0.012) 0.99h
epoch  208 train 1.5258 val 1.4550 lr 1.00e-04 1.00h
  e209 s0 g20483 loss 1.4404 (c/l/t 0.690/0.381/0.018) 1.00h
epoch  209 train 1.5512 val 1.5398 lr 1.00e-04 1.00h
  e210 s0 g20581 loss 1.5887 (c/l/t 0.691/0.473/0.021) 1.00h
epoch  210 train 1.5270 val 1.4901 lr 1.00e-04 1.01h
  e211 s0 g20679 loss 1.5595 (c/l/t 0.688/0.524/0.017) 1.01h
epoch  211 train 1.5114 val 1.5283 lr 1.00e-04 1.01h
  e212 s0 g20777 loss 1.4074 (c/l/t 0.628/0.516/0.013) 1.01h
epoch  212 train 1.5284 val 1.5758 lr 1.00e-04 1.02h
  e213 s0 g20875 loss 1.5522 (c/l/t 0.623/0.605/0.016) 1.02h
epoch  213 train 1.5044 val 1.4928 lr 1.00e-04 1.02h
  e214 s0 g20973 loss 1.5843 (c/l/t 0.691/0.572/0.016) 1.02h
epoch  214 train 1.5242 val 1.4693 lr 1.00e-04 1.03h
  e215 s0 g21071 loss 1.7221 (c/l/t 0.714/0.683/0.016) 1.03h
epoch  215 train 1.5194 val 1.5244 lr 1.00e-04 1.03h
  e216 s0 g21169 loss 1.6398 (c/l/t 0.685/0.689/0.013) 1.03h
epoch  216 train 1.5328 val 1.5232 lr 1.00e-04 1.04h
  e217 s0 g21267 loss 1.5893 (c/l/t 0.700/0.606/0.014) 1.04h
epoch  217 train 1.5228 val 1.4525 lr 1.00e-04 1.04h
  e218 s0 g21365 loss 1.7183 (c/l/t 0.662/0.588/0.023) 1.04h
epoch  218 train 1.5385 val 1.4477 lr 1.00e-04 1.05h
  e219 s0 g21463 loss 1.8366 (c/l/t 0.691/0.729/0.021) 1.05h
epoch  219 train 1.5125 val 1.5563 lr 1.00e-04 1.05h
  e220 s0 g21561 loss 1.4064 (c/l/t 0.696/0.423/0.014) 1.05h
epoch  220 train 1.5307 val 1.4764 lr 1.00e-04 1.06h
  e221 s0 g21659 loss 1.5661 (c/l/t 0.655/0.647/0.013) 1.06h
epoch  221 train 1.5108 val 1.5327 lr 1.00e-04 1.06h
  e222 s0 g21757 loss 1.5793 (c/l/t 0.771/0.415/0.020) 1.06h
epoch  222 train 1.5041 val 1.5676 lr 1.00e-04 1.07h
  e223 s0 g21855 loss 1.5358 (c/l/t 0.706/0.507/0.016) 1.07h
epoch  223 train 1.5003 val 1.4404 lr 1.00e-04 1.07h
  e224 s0 g21953 loss 1.3954 (c/l/t 0.659/0.507/0.011) 1.07h
epoch  224 train 1.5290 val 1.4947 lr 1.00e-04 1.08h
  e225 s0 g22051 loss 1.7120 (c/l/t 0.673/0.741/0.015) 1.08h
epoch  225 train 1.5204 val 1.4832 lr 1.00e-04 1.08h
  e226 s0 g22149 loss 1.5399 (c/l/t 0.754/0.533/0.013) 1.08h
epoch  226 train 1.5312 val 1.5874 lr 1.00e-04 1.08h
  e227 s0 g22247 loss 1.5085 (c/l/t 0.734/0.505/0.013) 1.08h
epoch  227 train 1.4996 val 1.5908 lr 1.00e-04 1.09h
  e228 s0 g22345 loss 1.3669 (c/l/t 0.675/0.391/0.015) 1.09h
epoch  228 train 1.5027 val 1.4764 lr 1.00e-04 1.09h
  e229 s0 g22443 loss 1.4449 (c/l/t 0.681/0.491/0.014) 1.09h
epoch  229 train 1.5087 val 1.5049 lr 1.00e-04 1.10h
  e230 s0 g22541 loss 1.4874 (c/l/t 0.652/0.544/0.015) 1.10h
epoch  230 train 1.5184 val 1.5423 lr 1.00e-04 1.10h
  e231 s0 g22639 loss 1.6232 (c/l/t 0.698/0.653/0.014) 1.10h
epoch  231 train 1.5202 val 1.5496 lr 1.00e-04 1.11h
  e232 s0 g22737 loss 1.6056 (c/l/t 0.703/0.597/0.015) 1.11h
epoch  232 train 1.5158 val 1.4815 lr 1.00e-04 1.11h
  e233 s0 g22835 loss 1.5737 (c/l/t 0.734/0.528/0.016) 1.11h
epoch  233 train 1.5077 val 1.5169 lr 1.00e-04 1.12h
  e234 s0 g22933 loss 1.4167 (c/l/t 0.677/0.468/0.014) 1.12h
epoch  234 train 1.5089 val 1.5637 lr 1.00e-04 1.12h
  e235 s0 g23031 loss 1.6054 (c/l/t 0.675/0.540/0.019) 1.12h
epoch  235 train 1.5092 val 1.5610 lr 1.00e-04 1.13h
  e236 s0 g23129 loss 1.5052 (c/l/t 0.621/0.605/0.014) 1.13h
epoch  236 train 1.4910 val 1.4190 lr 1.00e-04 1.13h
  e237 s0 g23227 loss 1.3914 (c/l/t 0.681/0.433/0.014) 1.13h
epoch  237 train 1.4907 val 1.5607 lr 1.00e-04 1.14h
  e238 s0 g23325 loss 1.6539 (c/l/t 0.765/0.471/0.021) 1.14h
epoch  238 train 1.4871 val 1.3860 lr 1.00e-04 1.14h
  e239 s0 g23423 loss 1.4185 (c/l/t 0.685/0.507/0.011) 1.14h
epoch  239 train 1.4953 val 1.4679 lr 1.00e-04 1.15h
  e240 s0 g23521 loss 1.5310 (c/l/t 0.689/0.466/0.019) 1.15h
epoch  240 train 1.5013 val 1.4310 lr 1.00e-04 1.15h
  e241 s0 g23619 loss 1.5484 (c/l/t 0.718/0.469/0.018) 1.15h
epoch  241 train 1.4891 val 1.5510 lr 1.00e-04 1.16h
  e242 s0 g23717 loss 1.5439 (c/l/t 0.765/0.495/0.014) 1.16h
epoch  242 train 1.4940 val 1.5184 lr 1.00e-04 1.16h
  e243 s0 g23815 loss 1.4051 (c/l/t 0.727/0.428/0.013) 1.16h
epoch  243 train 1.4959 val 1.5685 lr 1.00e-04 1.17h
  e244 s0 g23913 loss 1.5336 (c/l/t 0.624/0.634/0.014) 1.17h
epoch  244 train 1.5118 val 1.5026 lr 1.00e-04 1.17h
  e245 s0 g24011 loss 1.6105 (c/l/t 0.720/0.596/0.015) 1.17h
epoch  245 train 1.5068 val 1.4915 lr 1.00e-04 1.18h
  e246 s0 g24109 loss 1.4265 (c/l/t 0.687/0.442/0.015) 1.18h
epoch  246 train 1.4834 val 1.4987 lr 1.00e-04 1.18h
  e247 s0 g24207 loss 1.2870 (c/l/t 0.684/0.319/0.014) 1.18h
epoch  247 train 1.4739 val 1.5223 lr 1.00e-04 1.19h
  e248 s0 g24305 loss 1.4151 (c/l/t 0.676/0.479/0.013) 1.19h
epoch  248 train 1.4937 val 1.3476 lr 1.00e-04 1.19h
  e249 s0 g24403 loss 1.6187 (c/l/t 0.697/0.490/0.022) 1.19h
epoch  249 train 1.4805 val 1.5451 lr 1.00e-04 1.19h
  e250 s0 g24501 loss 1.3614 (c/l/t 0.703/0.343/0.016) 1.20h
epoch  250 train 1.4925 val 1.5388 lr 1.00e-04 1.20h
  e251 s0 g24599 loss 1.5353 (c/l/t 0.756/0.522/0.013) 1.20h
epoch  251 train 1.4868 val 1.4623 lr 1.00e-04 1.20h
  e252 s0 g24697 loss 1.7048 (c/l/t 0.719/0.621/0.018) 1.20h
epoch  252 train 1.4942 val 1.5020 lr 1.00e-04 1.21h
  e253 s0 g24795 loss 1.4868 (c/l/t 0.726/0.513/0.012) 1.21h
epoch  253 train 1.4811 val 1.5325 lr 1.00e-04 1.21h
  e254 s0 g24893 loss 1.4239 (c/l/t 0.750/0.417/0.013) 1.21h
epoch  254 train 1.4754 val 1.3831 lr 1.00e-04 1.22h
  e255 s0 g24991 loss 1.6593 (c/l/t 0.707/0.640/0.016) 1.22h
epoch  255 train 1.4848 val 1.4876 lr 1.00e-04 1.22h
  e256 s0 g25089 loss 1.4233 (c/l/t 0.666/0.369/0.019) 1.22h
epoch  256 train 1.4923 val 1.5064 lr 1.00e-04 1.23h
  e257 s0 g25187 loss 1.6105 (c/l/t 0.714/0.562/0.017) 1.23h
epoch  257 train 1.4797 val 1.4995 lr 1.00e-04 1.23h
  e258 s0 g25285 loss 1.4466 (c/l/t 0.636/0.525/0.014) 1.23h
epoch  258 train 1.4784 val 1.5915 lr 1.00e-04 1.24h
  e259 s0 g25383 loss 1.3040 (c/l/t 0.636/0.401/0.013) 1.24h
epoch  259 train 1.4625 val 1.5405 lr 1.00e-04 1.24h
  e260 s0 g25481 loss 1.4653 (c/l/t 0.627/0.556/0.014) 1.24h
epoch  260 train 1.4896 val 1.4501 lr 1.00e-04 1.25h
  e261 s0 g25579 loss 1.5919 (c/l/t 0.664/0.566/0.018) 1.25h
epoch  261 train 1.4782 val 1.3872 lr 1.00e-04 1.25h
  e262 s0 g25677 loss 1.6065 (c/l/t 0.684/0.546/0.019) 1.25h
epoch  262 train 1.4744 val 1.5178 lr 1.00e-04 1.26h
  e263 s0 g25775 loss 1.3086 (c/l/t 0.652/0.385/0.014) 1.26h
epoch  263 train 1.4876 val 1.4678 lr 1.00e-04 1.26h
  e264 s0 g25873 loss 1.4138 (c/l/t 0.753/0.433/0.011) 1.26h
epoch  264 train 1.4884 val 1.4745 lr 1.00e-04 1.27h
  e265 s0 g25971 loss 1.5758 (c/l/t 0.604/0.670/0.015) 1.27h
epoch  265 train 1.4809 val 1.4418 lr 1.00e-04 1.27h
  e266 s0 g26069 loss 1.4248 (c/l/t 0.661/0.461/0.015) 1.27h
epoch  266 train 1.4569 val 1.5501 lr 1.00e-04 1.28h
  e267 s0 g26167 loss 1.4416 (c/l/t 0.688/0.429/0.016) 1.28h
epoch  267 train 1.4825 val 1.4653 lr 1.00e-04 1.28h
  e268 s0 g26265 loss 1.3854 (c/l/t 0.687/0.368/0.017) 1.28h
epoch  268 train 1.4783 val 1.3661 lr 1.00e-04 1.29h
  e269 s0 g26363 loss 1.2912 (c/l/t 0.682/0.371/0.012) 1.29h
epoch  269 train 1.4840 val 1.4492 lr 1.00e-04 1.29h
  e270 s0 g26461 loss 1.3251 (c/l/t 0.711/0.308/0.015) 1.29h
epoch  270 train 1.4798 val 1.5002 lr 1.00e-04 1.30h
  e271 s0 g26559 loss 1.5014 (c/l/t 0.634/0.490/0.019) 1.30h
epoch  271 train 1.4691 val 1.5446 lr 1.00e-04 1.30h
  e272 s0 g26657 loss 1.4636 (c/l/t 0.677/0.478/0.015) 1.30h
epoch  272 train 1.4723 val 1.5793 lr 1.00e-04 1.31h
  e273 s0 g26755 loss 1.4900 (c/l/t 0.709/0.555/0.011) 1.31h
epoch  273 train 1.4618 val 1.4805 lr 1.00e-04 1.31h
  e274 s0 g26853 loss 1.3816 (c/l/t 0.646/0.469/0.013) 1.31h
epoch  274 train 1.4504 val 1.4424 lr 1.00e-04 1.32h
  e275 s0 g26951 loss 1.4106 (c/l/t 0.696/0.420/0.015) 1.32h
epoch  275 train 1.4847 val 1.5237 lr 1.00e-04 1.32h
  e276 s0 g27049 loss 1.3407 (c/l/t 0.686/0.411/0.012) 1.32h
epoch  276 train 1.4677 val 1.3748 lr 1.00e-04 1.32h
  e277 s0 g27147 loss 1.4014 (c/l/t 0.675/0.465/0.013) 1.32h
epoch  277 train 1.4799 val 1.4383 lr 1.00e-04 1.33h
  e278 s0 g27245 loss 1.4403 (c/l/t 0.682/0.469/0.014) 1.33h
epoch  278 train 1.4632 val 1.4401 lr 1.00e-04 1.33h
  e279 s0 g27343 loss 1.3660 (c/l/t 0.685/0.416/0.013) 1.33h
epoch  279 train 1.4644 val 1.4296 lr 1.00e-04 1.34h
  e280 s0 g27441 loss 1.3124 (c/l/t 0.660/0.407/0.012) 1.34h
epoch  280 train 1.4738 val 1.3784 lr 1.00e-04 1.34h
  e281 s0 g27539 loss 1.5134 (c/l/t 0.656/0.521/0.017) 1.34h
epoch  281 train 1.4465 val 1.5253 lr 1.00e-04 1.35h
  e282 s0 g27637 loss 1.2816 (c/l/t 0.624/0.352/0.015) 1.35h
epoch  282 train 1.4646 val 1.4537 lr 1.00e-04 1.35h
  e283 s0 g27735 loss 1.5529 (c/l/t 0.679/0.638/0.012) 1.35h
epoch  283 train 1.4624 val 1.4752 lr 1.00e-04 1.36h
  e284 s0 g27833 loss 1.4173 (c/l/t 0.655/0.545/0.011) 1.36h
epoch  284 train 1.4670 val 1.4706 lr 1.00e-04 1.36h
  e285 s0 g27931 loss 1.4908 (c/l/t 0.682/0.521/0.014) 1.36h
epoch  285 train 1.4682 val 1.5151 lr 1.00e-04 1.37h
  e286 s0 g28029 loss 1.4202 (c/l/t 0.613/0.492/0.016) 1.37h
epoch  286 train 1.4647 val 1.5775 lr 1.00e-04 1.37h
  e287 s0 g28127 loss 1.3071 (c/l/t 0.705/0.321/0.014) 1.37h
epoch  287 train 1.4579 val 1.4432 lr 1.00e-04 1.38h
  e288 s0 g28225 loss 1.6344 (c/l/t 0.691/0.689/0.013) 1.38h
epoch  288 train 1.4513 val 1.4318 lr 1.00e-04 1.38h
  e289 s0 g28323 loss 1.5250 (c/l/t 0.725/0.464/0.017) 1.38h
epoch  289 train 1.4500 val 1.3789 lr 1.00e-04 1.39h
  e290 s0 g28421 loss 1.4712 (c/l/t 0.665/0.471/0.017) 1.39h
epoch  290 train 1.4597 val 1.4856 lr 1.00e-04 1.39h
  e291 s0 g28519 loss 1.5103 (c/l/t 0.703/0.524/0.014) 1.39h
epoch  291 train 1.4567 val 1.5704 lr 1.00e-04 1.40h
  e292 s0 g28617 loss 1.2937 (c/l/t 0.663/0.385/0.012) 1.40h
epoch  292 train 1.4448 val 1.3664 lr 1.00e-04 1.40h
  e293 s0 g28715 loss 1.4732 (c/l/t 0.672/0.498/0.015) 1.40h
epoch  293 train 1.4645 val 1.5337 lr 1.00e-04 1.41h
  e294 s0 g28813 loss 1.4718 (c/l/t 0.654/0.527/0.015) 1.41h
epoch  294 train 1.4540 val 1.5544 lr 1.00e-04 1.41h
  e295 s0 g28911 loss 1.5013 (c/l/t 0.656/0.548/0.015) 1.41h
epoch  295 train 1.4436 val 1.4581 lr 1.00e-04 1.42h
  e296 s0 g29009 loss 1.3758 (c/l/t 0.640/0.462/0.014) 1.42h
epoch  296 train 1.4646 val 1.4242 lr 1.00e-04 1.42h
  e297 s0 g29107 loss 1.5321 (c/l/t 0.662/0.567/0.015) 1.42h
epoch  297 train 1.4664 val 1.4957 lr 1.00e-04 1.42h
  e298 s0 g29205 loss 1.2508 (c/l/t 0.648/0.303/0.015) 1.42h
epoch  298 train 1.4565 val 1.4082 lr 1.00e-04 1.43h
  e299 s0 g29303 loss 1.5796 (c/l/t 0.684/0.585/0.015) 1.43h
epoch  299 train 1.4439 val 1.4720 lr 1.00e-04 1.43h
  e300 s0 g29401 loss 1.4693 (c/l/t 0.686/0.500/0.014) 1.43h
epoch  300 train 1.4739 val 1.6651 lr 1.00e-04 1.44h
  e301 s0 g29499 loss 1.2646 (c/l/t 0.648/0.378/0.012) 1.44h
epoch  301 train 1.4576 val 1.5369 lr 1.00e-04 1.44h
  e302 s0 g29597 loss 1.4924 (c/l/t 0.695/0.526/0.014) 1.44h
epoch  302 train 1.4494 val 1.4925 lr 1.00e-04 1.45h
  e303 s0 g29695 loss 1.4969 (c/l/t 0.693/0.488/0.016) 1.45h
epoch  303 train 1.4575 val 1.4437 lr 1.00e-04 1.45h
  e304 s0 g29793 loss 1.4919 (c/l/t 0.723/0.470/0.015) 1.45h
epoch  304 train 1.4497 val 1.4951 lr 1.00e-04 1.46h
  e305 s0 g29891 loss 1.2774 (c/l/t 0.670/0.301/0.015) 1.46h
epoch  305 train 1.4631 val 1.4557 lr 1.00e-04 1.46h
  e306 s0 g29989 loss 1.3445 (c/l/t 0.605/0.506/0.012) 1.46h
epoch  306 train 1.4437 val 1.4968 lr 1.00e-04 1.47h
  e307 s0 g30087 loss 1.3039 (c/l/t 0.627/0.368/0.015) 1.47h
epoch  307 train 1.4606 val 1.4006 lr 1.00e-04 1.47h
  e308 s0 g30185 loss 1.5386 (c/l/t 0.737/0.511/0.015) 1.47h
epoch  308 train 1.4499 val 1.5848 lr 1.00e-04 1.48h
  e309 s0 g30283 loss 1.5301 (c/l/t 0.661/0.553/0.016) 1.48h
epoch  309 train 1.4389 val 1.5505 lr 1.00e-04 1.48h
  e310 s0 g30381 loss 1.4953 (c/l/t 0.696/0.540/0.013) 1.48h
epoch  310 train 1.4288 val 1.4710 lr 1.00e-04 1.49h
  e311 s0 g30479 loss 1.4508 (c/l/t 0.711/0.449/0.015) 1.49h
epoch  311 train 1.4322 val 1.4065 lr 1.00e-04 1.49h
  e312 s0 g30577 loss 1.7916 (c/l/t 0.718/0.658/0.021) 1.49h
epoch  312 train 1.4655 val 1.4410 lr 1.00e-04 1.50h
  e313 s0 g30675 loss 1.4493 (c/l/t 0.624/0.537/0.014) 1.50h
epoch  313 train 1.4251 val 1.4798 lr 1.00e-04 1.50h
  e314 s0 g30773 loss 1.4783 (c/l/t 0.714/0.494/0.013) 1.50h
epoch  314 train 1.4365 val 1.4402 lr 1.00e-04 1.51h
  e315 s0 g30871 loss 1.5881 (c/l/t 0.625/0.760/0.010) 1.51h
epoch  315 train 1.4348 val 1.4515 lr 1.00e-04 1.51h
  e316 s0 g30969 loss 1.3072 (c/l/t 0.680/0.426/0.010) 1.51h
epoch  316 train 1.4431 val 1.5238 lr 1.00e-04 1.52h
  e317 s0 g31067 loss 1.3618 (c/l/t 0.677/0.317/0.018) 1.52h
epoch  317 train 1.4470 val 1.4158 lr 1.00e-04 1.52h
  e318 s0 g31165 loss 1.5102 (c/l/t 0.684/0.450/0.019) 1.52h
epoch  318 train 1.4450 val 1.5403 lr 1.00e-04 1.53h
  e319 s0 g31263 loss 1.3542 (c/l/t 0.623/0.424/0.015) 1.53h
epoch  319 train 1.4431 val 1.3391 lr 1.00e-04 1.53h
  e320 s0 g31361 loss 1.4524 (c/l/t 0.630/0.531/0.015) 1.53h
epoch  320 train 1.4622 val 1.4297 lr 1.00e-04 1.53h
  e321 s0 g31459 loss 1.4262 (c/l/t 0.656/0.499/0.014) 1.53h
epoch  321 train 1.4477 val 1.4448 lr 1.00e-04 1.54h
  e322 s0 g31557 loss 1.4367 (c/l/t 0.683/0.477/0.014) 1.54h
epoch  322 train 1.4313 val 1.4838 lr 1.00e-04 1.54h
  e323 s0 g31655 loss 1.5248 (c/l/t 0.675/0.502/0.017) 1.54h
epoch  323 train 1.4407 val 1.3905 lr 1.00e-04 1.55h
  e324 s0 g31753 loss 1.6019 (c/l/t 0.612/0.665/0.016) 1.55h
epoch  324 train 1.4380 val 1.4554 lr 1.00e-04 1.55h
  e325 s0 g31851 loss 1.2701 (c/l/t 0.601/0.436/0.012) 1.55h
epoch  325 train 1.4322 val 1.4886 lr 1.00e-04 1.56h
  e326 s0 g31949 loss 1.4312 (c/l/t 0.679/0.442/0.016) 1.56h
epoch  326 train 1.4454 val 1.3734 lr 1.00e-04 1.56h
  e327 s0 g32047 loss 1.5479 (c/l/t 0.675/0.426/0.022) 1.56h
epoch  327 train 1.4434 val 1.4329 lr 1.00e-04 1.57h
  e328 s0 g32145 loss 1.4677 (c/l/t 0.648/0.560/0.013) 1.57h
epoch  328 train 1.4430 val 1.4847 lr 1.00e-04 1.57h
  e329 s0 g32243 loss 1.5106 (c/l/t 0.651/0.562/0.015) 1.57h
epoch  329 train 1.4308 val 1.3786 lr 1.00e-04 1.58h
  e330 s0 g32341 loss 1.5677 (c/l/t 0.647/0.491/0.022) 1.58h
epoch  330 train 1.4451 val 1.4830 lr 1.00e-04 1.58h
  e331 s0 g32439 loss 1.3044 (c/l/t 0.674/0.394/0.012) 1.58h
epoch  331 train 1.4205 val 1.3500 lr 1.00e-04 1.59h
  e332 s0 g32537 loss 1.3715 (c/l/t 0.714/0.386/0.014) 1.59h
epoch  332 train 1.4264 val 1.5093 lr 1.00e-04 1.59h
  e333 s0 g32635 loss 1.3358 (c/l/t 0.709/0.408/0.011) 1.59h
epoch  333 train 1.4345 val 1.3670 lr 1.00e-04 1.60h
  e334 s0 g32733 loss 1.2506 (c/l/t 0.676/0.332/0.012) 1.60h
epoch  334 train 1.4259 val 1.4358 lr 1.00e-04 1.60h
  e335 s0 g32831 loss 1.5936 (c/l/t 0.751/0.486/0.018) 1.60h
epoch  335 train 1.4296 val 1.4416 lr 1.00e-04 1.61h
  e336 s0 g32929 loss 1.3942 (c/l/t 0.666/0.445/0.014) 1.61h
epoch  336 train 1.4356 val 1.4687 lr 1.00e-04 1.61h
  e337 s0 g33027 loss 1.4833 (c/l/t 0.709/0.520/0.013) 1.61h
epoch  337 train 1.4322 val 1.4849 lr 1.00e-04 1.62h
  e338 s0 g33125 loss 1.4889 (c/l/t 0.616/0.648/0.011) 1.62h
epoch  338 train 1.4387 val 1.4317 lr 1.00e-04 1.62h
  e339 s0 g33223 loss 1.3874 (c/l/t 0.673/0.439/0.014) 1.62h
epoch  339 train 1.4182 val 1.4065 lr 1.00e-04 1.63h
  e340 s0 g33321 loss 1.1397 (c/l/t 0.595/0.341/0.010) 1.63h
epoch  340 train 1.4184 val 1.4091 lr 1.00e-04 1.63h
  e341 s0 g33419 loss 1.3184 (c/l/t 0.635/0.381/0.015) 1.63h
epoch  341 train 1.4030 val 1.4576 lr 1.00e-04 1.63h
  e342 s0 g33517 loss 1.3442 (c/l/t 0.666/0.448/0.011) 1.63h
epoch  342 train 1.4127 val 1.4119 lr 1.00e-04 1.64h
  e343 s0 g33615 loss 1.3657 (c/l/t 0.642/0.495/0.011) 1.64h
epoch  343 train 1.4146 val 1.4412 lr 1.00e-04 1.64h
  e344 s0 g33713 loss 1.2920 (c/l/t 0.653/0.401/0.012) 1.64h
epoch  344 train 1.4215 val 1.3539 lr 1.00e-04 1.65h
  e345 s0 g33811 loss 1.4261 (c/l/t 0.629/0.563/0.012) 1.65h
epoch  345 train 1.4348 val 1.3473 lr 1.00e-04 1.65h
  e346 s0 g33909 loss 1.4189 (c/l/t 0.664/0.453/0.015) 1.65h
epoch  346 train 1.4044 val 1.5069 lr 1.00e-04 1.66h
  e347 s0 g34007 loss 1.2909 (c/l/t 0.681/0.296/0.016) 1.66h
epoch  347 train 1.4127 val 1.4133 lr 1.00e-04 1.66h
  e348 s0 g34105 loss 1.5058 (c/l/t 0.706/0.551/0.012) 1.66h
epoch  348 train 1.4363 val 1.4131 lr 1.00e-04 1.67h
  e349 s0 g34203 loss 1.3661 (c/l/t 0.683/0.446/0.012) 1.67h
epoch  349 train 1.4359 val 1.3554 lr 1.00e-04 1.67h
  e350 s0 g34301 loss 1.3683 (c/l/t 0.678/0.441/0.012) 1.67h
epoch  350 train 1.4223 val 1.4940 lr 1.00e-04 1.68h
  e351 s0 g34399 loss 1.5864 (c/l/t 0.661/0.528/0.020) 1.68h
epoch  351 train 1.4136 val 1.4573 lr 1.00e-04 1.68h
  e352 s0 g34497 loss 1.4583 (c/l/t 0.682/0.522/0.013) 1.68h
epoch  352 train 1.4176 val 1.4155 lr 1.00e-04 1.69h
  e353 s0 g34595 loss 1.4074 (c/l/t 0.610/0.542/0.013) 1.69h
epoch  353 train 1.4067 val 1.3582 lr 1.00e-04 1.69h
  e354 s0 g34693 loss 1.2562 (c/l/t 0.657/0.367/0.012) 1.69h
epoch  354 train 1.4112 val 1.3965 lr 1.00e-04 1.70h
  e355 s0 g34791 loss 1.5032 (c/l/t 0.621/0.647/0.012) 1.70h
epoch  355 train 1.4045 val 1.3432 lr 1.00e-04 1.70h
  e356 s0 g34889 loss 1.4175 (c/l/t 0.699/0.365/0.018) 1.70h
epoch  356 train 1.4199 val 1.3426 lr 1.00e-04 1.71h
  e357 s0 g34987 loss 1.4668 (c/l/t 0.672/0.502/0.015) 1.71h
epoch  357 train 1.4019 val 1.4063 lr 1.00e-04 1.71h
  e358 s0 g35085 loss 1.5056 (c/l/t 0.668/0.429/0.020) 1.71h
epoch  358 train 1.3971 val 1.3879 lr 1.00e-04 1.72h
  e359 s0 g35183 loss 1.4589 (c/l/t 0.681/0.406/0.019) 1.72h
epoch  359 train 1.4153 val 1.4949 lr 1.00e-04 1.72h
  e360 s0 g35281 loss 1.3434 (c/l/t 0.654/0.407/0.014) 1.72h
epoch  360 train 1.4043 val 1.5067 lr 1.00e-04 1.73h
  e361 s0 g35379 loss 1.7432 (c/l/t 0.675/0.828/0.012) 1.73h
epoch  361 train 1.4136 val 1.4133 lr 1.00e-04 1.73h
  e362 s0 g35477 loss 1.4451 (c/l/t 0.662/0.550/0.012) 1.73h
epoch  362 train 1.4285 val 1.5076 lr 1.00e-04 1.74h
  e363 s0 g35575 loss 1.2515 (c/l/t 0.651/0.358/0.012) 1.74h
epoch  363 train 1.3875 val 1.3338 lr 1.00e-04 1.74h
  e364 s0 g35673 loss 1.4085 (c/l/t 0.641/0.455/0.016) 1.74h
epoch  364 train 1.4189 val 1.3840 lr 1.00e-04 1.74h
  e365 s0 g35771 loss 1.3034 (c/l/t 0.626/0.492/0.009) 1.74h
epoch  365 train 1.4049 val 1.4398 lr 1.00e-04 1.75h
  e366 s0 g35869 loss 1.4099 (c/l/t 0.673/0.412/0.016) 1.75h
epoch  366 train 1.4015 val 1.4568 lr 1.00e-04 1.75h
  e367 s0 g35967 loss 1.4860 (c/l/t 0.681/0.484/0.016) 1.75h
epoch  367 train 1.3985 val 1.4076 lr 1.00e-04 1.76h
  e368 s0 g36065 loss 1.6802 (c/l/t 0.646/0.815/0.011) 1.76h
epoch  368 train 1.4129 val 1.4578 lr 1.00e-04 1.76h
  e369 s0 g36163 loss 1.4267 (c/l/t 0.716/0.442/0.013) 1.76h
epoch  369 train 1.3959 val 1.5014 lr 1.00e-04 1.77h
  e370 s0 g36261 loss 1.5034 (c/l/t 0.675/0.630/0.010) 1.77h
epoch  370 train 1.3816 val 1.4205 lr 1.00e-04 1.77h
  e371 s0 g36359 loss 1.2264 (c/l/t 0.710/0.291/0.011) 1.77h
epoch  371 train 1.3994 val 1.4578 lr 1.00e-04 1.78h
  e372 s0 g36457 loss 1.4107 (c/l/t 0.652/0.440/0.016) 1.78h
epoch  372 train 1.3905 val 1.3132 lr 1.00e-04 1.78h
  e373 s0 g36555 loss 1.4428 (c/l/t 0.695/0.451/0.015) 1.78h
epoch  373 train 1.3886 val 1.4096 lr 1.00e-04 1.79h
  e374 s0 g36653 loss 1.4208 (c/l/t 0.592/0.581/0.012) 1.79h
epoch  374 train 1.4011 val 1.4440 lr 1.00e-04 1.79h
  e375 s0 g36751 loss 1.3355 (c/l/t 0.666/0.449/0.011) 1.79h
epoch  375 train 1.4061 val 1.3584 lr 1.00e-04 1.80h
  e376 s0 g36849 loss 1.4744 (c/l/t 0.676/0.505/0.015) 1.80h
epoch  376 train 1.3860 val 1.4028 lr 1.00e-04 1.80h
  e377 s0 g36947 loss 1.4512 (c/l/t 0.643/0.568/0.012) 1.80h
epoch  377 train 1.4103 val 1.4490 lr 1.00e-04 1.81h
  e378 s0 g37045 loss 1.2837 (c/l/t 0.636/0.424/0.011) 1.81h
epoch  378 train 1.3949 val 1.4368 lr 1.00e-04 1.81h
  e379 s0 g37143 loss 1.3830 (c/l/t 0.670/0.478/0.012) 1.81h
epoch  379 train 1.3853 val 1.4911 lr 1.00e-04 1.82h
  e380 s0 g37241 loss 1.3968 (c/l/t 0.614/0.537/0.012) 1.82h
epoch  380 train 1.4124 val 1.3412 lr 1.00e-04 1.82h
  e381 s0 g37339 loss 1.2317 (c/l/t 0.585/0.427/0.011) 1.82h
epoch  381 train 1.4014 val 1.3362 lr 1.00e-04 1.83h
  e382 s0 g37437 loss 1.3624 (c/l/t 0.672/0.436/0.013) 1.83h
epoch  382 train 1.3904 val 1.4395 lr 1.00e-04 1.83h
  e383 s0 g37535 loss 1.2499 (c/l/t 0.688/0.338/0.011) 1.83h
epoch  383 train 1.4044 val 1.3781 lr 1.00e-04 1.84h
  e384 s0 g37633 loss 1.5433 (c/l/t 0.700/0.502/0.017) 1.84h
epoch  384 train 1.4035 val 1.4698 lr 1.00e-04 1.84h
  e385 s0 g37731 loss 1.3581 (c/l/t 0.679/0.439/0.012) 1.84h
epoch  385 train 1.3980 val 1.3566 lr 1.00e-04 1.84h
  e386 s0 g37829 loss 1.6145 (c/l/t 0.706/0.465/0.022) 1.84h
epoch  386 train 1.4027 val 1.4177 lr 1.00e-04 1.85h
  e387 s0 g37927 loss 1.3201 (c/l/t 0.626/0.426/0.013) 1.85h
epoch  387 train 1.3950 val 1.3110 lr 1.00e-04 1.85h
  e388 s0 g38025 loss 1.2692 (c/l/t 0.662/0.368/0.012) 1.85h
epoch  388 train 1.3726 val 1.3745 lr 1.00e-04 1.86h
  e389 s0 g38123 loss 1.2970 (c/l/t 0.633/0.441/0.011) 1.86h
epoch  389 train 1.3989 val 1.3976 lr 1.00e-04 1.86h
  e390 s0 g38221 loss 1.4249 (c/l/t 0.696/0.377/0.018) 1.86h
epoch  390 train 1.3869 val 1.4972 lr 1.00e-04 1.87h
  e391 s0 g38319 loss 1.4653 (c/l/t 0.640/0.607/0.011) 1.87h
epoch  391 train 1.3972 val 1.4807 lr 1.00e-04 1.87h
  e392 s0 g38417 loss 1.2664 (c/l/t 0.646/0.330/0.014) 1.87h
epoch  392 train 1.3769 val 1.4381 lr 1.00e-04 1.88h
  e393 s0 g38515 loss 1.1956 (c/l/t 0.710/0.272/0.011) 1.88h
epoch  393 train 1.3927 val 1.4484 lr 1.00e-04 1.88h
  e394 s0 g38613 loss 1.1939 (c/l/t 0.656/0.267/0.014) 1.88h
epoch  394 train 1.3911 val 1.3424 lr 1.00e-04 1.89h
  e395 s0 g38711 loss 1.4993 (c/l/t 0.645/0.634/0.011) 1.89h
epoch  395 train 1.3773 val 1.3734 lr 1.00e-04 1.89h
  e396 s0 g38809 loss 1.3558 (c/l/t 0.672/0.381/0.015) 1.89h
epoch  396 train 1.4097 val 1.3700 lr 1.00e-04 1.90h
  e397 s0 g38907 loss 1.3071 (c/l/t 0.657/0.440/0.010) 1.90h
epoch  397 train 1.4033 val 1.3240 lr 1.00e-04 1.90h
  e398 s0 g39005 loss 1.6147 (c/l/t 0.627/0.749/0.012) 1.90h
epoch  398 train 1.3892 val 1.3356 lr 1.00e-04 1.91h
  e399 s0 g39103 loss 1.3763 (c/l/t 0.649/0.506/0.011) 1.91h
epoch  399 train 1.3852 val 1.3777 lr 1.00e-04 1.91h
  e400 s0 g39201 loss 1.4504 (c/l/t 0.669/0.545/0.012) 1.91h
epoch  400 train 1.3907 val 1.4679 lr 1.00e-04 1.92h
  e401 s0 g39299 loss 1.2445 (c/l/t 0.588/0.420/0.012) 1.92h
epoch  401 train 1.3684 val 1.3777 lr 1.00e-04 1.92h
  e402 s0 g39397 loss 1.5084 (c/l/t 0.643/0.663/0.010) 1.92h
epoch  402 train 1.4059 val 1.4436 lr 1.00e-04 1.93h
  e403 s0 g39495 loss 1.3453 (c/l/t 0.669/0.427/0.012) 1.93h
epoch  403 train 1.3823 val 1.3848 lr 1.00e-04 1.93h
  e404 s0 g39593 loss 1.2877 (c/l/t 0.622/0.412/0.013) 1.93h
epoch  404 train 1.3920 val 1.3647 lr 1.00e-04 1.94h
  e405 s0 g39691 loss 1.3173 (c/l/t 0.682/0.383/0.013) 1.94h
epoch  405 train 1.3868 val 1.4431 lr 1.00e-04 1.94h
  e406 s0 g39789 loss 1.1260 (c/l/t 0.629/0.292/0.010) 1.94h
epoch  406 train 1.3645 val 1.3616 lr 1.00e-04 1.95h
  e407 s0 g39887 loss 1.4398 (c/l/t 0.682/0.549/0.010) 1.95h
epoch  407 train 1.3875 val 1.3892 lr 1.00e-04 1.95h
  e408 s0 g39985 loss 1.3741 (c/l/t 0.671/0.485/0.011) 1.95h
epoch  408 train 1.3995 val 1.3647 lr 1.00e-04 1.95h
  e409 s0 g40083 loss 1.3896 (c/l/t 0.656/0.397/0.017) 1.95h
epoch  409 train 1.3779 val 1.3106 lr 1.00e-04 1.96h
  e410 s0 g40181 loss 1.3768 (c/l/t 0.671/0.444/0.013) 1.96h
epoch  410 train 1.3783 val 1.3114 lr 1.00e-04 1.96h
  e411 s0 g40279 loss 1.5142 (c/l/t 0.658/0.607/0.012) 1.96h
epoch  411 train 1.3960 val 1.4484 lr 1.00e-04 1.97h
  e412 s0 g40377 loss 1.3572 (c/l/t 0.726/0.412/0.011) 1.97h
epoch  412 train 1.3955 val 1.3219 lr 1.00e-04 1.97h
  e413 s0 g40475 loss 1.3617 (c/l/t 0.677/0.475/0.010) 1.97h
epoch  413 train 1.3906 val 1.3740 lr 1.00e-04 1.98h
  e414 s0 g40573 loss 1.3838 (c/l/t 0.633/0.520/0.012) 1.98h
epoch  414 train 1.3988 val 1.3189 lr 1.00e-04 1.98h
  e415 s0 g40671 loss 1.3207 (c/l/t 0.600/0.433/0.014) 1.98h
epoch  415 train 1.3846 val 1.3932 lr 1.00e-04 1.99h
  e416 s0 g40769 loss 1.4294 (c/l/t 0.683/0.506/0.012) 1.99h
epoch  416 train 1.3778 val 1.5023 lr 1.00e-04 1.99h
  e417 s0 g40867 loss 1.3460 (c/l/t 0.705/0.429/0.011) 1.99h
epoch  417 train 1.3767 val 1.3107 lr 1.00e-04 2.00h
  e418 s0 g40965 loss 1.3627 (c/l/t 0.689/0.412/0.013) 2.00h
epoch  418 train 1.3913 val 1.3674 lr 1.00e-04 2.00h
  e419 s0 g41063 loss 1.3012 (c/l/t 0.574/0.439/0.014) 2.00h
epoch  419 train 1.3764 val 1.2979 lr 1.00e-04 2.01h
  e420 s0 g41161 loss 1.2046 (c/l/t 0.626/0.348/0.012) 2.01h
epoch  420 train 1.3839 val 1.3685 lr 1.00e-04 2.01h
  e421 s0 g41259 loss 1.3455 (c/l/t 0.647/0.449/0.012) 2.01h
epoch  421 train 1.3778 val 1.3722 lr 1.00e-04 2.02h
  e422 s0 g41357 loss 1.4254 (c/l/t 0.659/0.550/0.011) 2.02h
epoch  422 train 1.3761 val 1.4725 lr 1.00e-04 2.02h
  e423 s0 g41455 loss 1.3875 (c/l/t 0.632/0.554/0.010) 2.02h
epoch  423 train 1.3921 val 1.3674 lr 1.00e-04 2.03h
  e424 s0 g41553 loss 1.5582 (c/l/t 0.671/0.628/0.013) 2.03h
epoch  424 train 1.3878 val 1.4403 lr 1.00e-04 2.03h
  e425 s0 g41651 loss 1.3778 (c/l/t 0.670/0.371/0.017) 2.03h
epoch  425 train 1.3845 val 1.3857 lr 1.00e-04 2.04h
  e426 s0 g41749 loss 1.4813 (c/l/t 0.619/0.636/0.011) 2.04h
epoch  426 train 1.3947 val 1.3915 lr 1.00e-04 2.04h
  e427 s0 g41847 loss 1.4161 (c/l/t 0.656/0.543/0.011) 2.04h
epoch  427 train 1.3779 val 1.3775 lr 1.00e-04 2.05h
  e428 s0 g41945 loss 1.3387 (c/l/t 0.671/0.398/0.013) 2.05h
epoch  428 train 1.3833 val 1.4152 lr 1.00e-04 2.05h
  e429 s0 g42043 loss 1.4770 (c/l/t 0.620/0.661/0.010) 2.05h
epoch  429 train 1.3766 val 1.5405 lr 1.00e-04 2.05h
  e430 s0 g42141 loss 1.2709 (c/l/t 0.609/0.456/0.010) 2.06h
epoch  430 train 1.3792 val 1.3356 lr 1.00e-04 2.06h
  e431 s0 g42239 loss 1.5349 (c/l/t 0.680/0.624/0.012) 2.06h
epoch  431 train 1.3750 val 1.4686 lr 1.00e-04 2.06h
  e432 s0 g42337 loss 1.4860 (c/l/t 0.700/0.493/0.015) 2.06h
epoch  432 train 1.3749 val 1.4131 lr 1.00e-04 2.07h
  e433 s0 g42435 loss 1.4445 (c/l/t 0.638/0.595/0.011) 2.07h
epoch  433 train 1.3577 val 1.4318 lr 1.00e-04 2.07h
  e434 s0 g42533 loss 1.2530 (c/l/t 0.708/0.339/0.010) 2.07h
epoch  434 train 1.3505 val 1.4246 lr 1.00e-04 2.08h
  e435 s0 g42631 loss 1.3324 (c/l/t 0.616/0.397/0.016) 2.08h
epoch  435 train 1.3679 val 1.4673 lr 1.00e-04 2.08h
  e436 s0 g42729 loss 1.4286 (c/l/t 0.684/0.561/0.009) 2.08h
epoch  436 train 1.3826 val 1.3246 lr 1.00e-04 2.09h
  e437 s0 g42827 loss 1.3931 (c/l/t 0.625/0.512/0.013) 2.09h
epoch  437 train 1.3651 val 1.3558 lr 1.00e-04 2.09h
  e438 s0 g42925 loss 1.2670 (c/l/t 0.604/0.398/0.013) 2.09h
epoch  438 train 1.3866 val 1.3752 lr 1.00e-04 2.10h
  e439 s0 g43023 loss 1.3560 (c/l/t 0.619/0.513/0.011) 2.10h
epoch  439 train 1.3799 val 1.3519 lr 1.00e-04 2.10h
  e440 s0 g43121 loss 1.6092 (c/l/t 0.689/0.567/0.018) 2.10h
epoch  440 train 1.3661 val 1.3889 lr 1.00e-04 2.11h
  e441 s0 g43219 loss 1.5374 (c/l/t 0.625/0.617/0.015) 2.11h
epoch  441 train 1.3791 val 1.3494 lr 1.00e-04 2.11h
  e442 s0 g43317 loss 1.5037 (c/l/t 0.705/0.540/0.013) 2.11h
epoch  442 train 1.3566 val 1.3457 lr 1.00e-04 2.12h
  e443 s0 g43415 loss 1.3089 (c/l/t 0.616/0.480/0.011) 2.12h
epoch  443 train 1.3794 val 1.4194 lr 1.00e-04 2.12h
  e444 s0 g43513 loss 1.3113 (c/l/t 0.669/0.384/0.013) 2.12h
epoch  444 train 1.3592 val 1.3289 lr 1.00e-04 2.13h
  e445 s0 g43611 loss 1.7030 (c/l/t 0.668/0.528/0.025) 2.13h
epoch  445 train 1.3834 val 1.4095 lr 1.00e-04 2.13h
  e446 s0 g43709 loss 1.3672 (c/l/t 0.606/0.487/0.014) 2.13h
epoch  446 train 1.3649 val 1.2707 lr 1.00e-04 2.14h
  e447 s0 g43807 loss 1.3217 (c/l/t 0.577/0.484/0.013) 2.14h
epoch  447 train 1.3577 val 1.4892 lr 1.00e-04 2.14h
  e448 s0 g43905 loss 1.3576 (c/l/t 0.693/0.429/0.012) 2.14h
epoch  448 train 1.3588 val 1.3665 lr 1.00e-04 2.15h
  e449 s0 g44003 loss 1.5900 (c/l/t 0.612/0.669/0.015) 2.15h
epoch  449 train 1.3490 val 1.3546 lr 1.00e-04 2.15h
  e450 s0 g44101 loss 1.4103 (c/l/t 0.703/0.477/0.012) 2.15h
epoch  450 train 1.3649 val 1.2614 lr 1.00e-04 2.16h
  e451 s0 g44199 loss 1.2946 (c/l/t 0.654/0.386/0.013) 2.16h
epoch  451 train 1.3571 val 1.3619 lr 1.00e-04 2.16h
  e452 s0 g44297 loss 1.3322 (c/l/t 0.664/0.436/0.012) 2.16h
epoch  452 train 1.3629 val 1.3932 lr 1.00e-04 2.17h
  e453 s0 g44395 loss 1.3967 (c/l/t 0.666/0.498/0.012) 2.17h
epoch  453 train 1.3564 val 1.3762 lr 1.00e-04 2.17h
  e454 s0 g44493 loss 1.3148 (c/l/t 0.574/0.459/0.014) 2.17h
epoch  454 train 1.3690 val 1.4680 lr 1.00e-04 2.18h
  e455 s0 g44591 loss 1.3916 (c/l/t 0.660/0.498/0.012) 2.18h
epoch  455 train 1.3608 val 1.4309 lr 1.00e-04 2.18h
  e456 s0 g44689 loss 1.2854 (c/l/t 0.618/0.439/0.011) 2.18h
epoch  456 train 1.3562 val 1.3293 lr 1.00e-04 2.18h
  e457 s0 g44787 loss 1.2393 (c/l/t 0.639/0.350/0.012) 2.18h
epoch  457 train 1.3625 val 1.2472 lr 1.00e-04 2.19h
  e458 s0 g44885 loss 1.4113 (c/l/t 0.627/0.500/0.014) 2.19h
epoch  458 train 1.3748 val 1.3843 lr 1.00e-04 2.19h
  e459 s0 g44983 loss 1.3934 (c/l/t 0.624/0.551/0.011) 2.19h
epoch  459 train 1.3463 val 1.2959 lr 1.00e-04 2.20h
  e460 s0 g45081 loss 1.3945 (c/l/t 0.740/0.460/0.010) 2.20h
epoch  460 train 1.3384 val 1.3737 lr 1.00e-04 2.20h
  e461 s0 g45179 loss 1.2278 (c/l/t 0.623/0.440/0.008) 2.20h
epoch  461 train 1.3506 val 1.4768 lr 1.00e-04 2.21h
  e462 s0 g45277 loss 1.3008 (c/l/t 0.633/0.435/0.012) 2.21h
epoch  462 train 1.3493 val 1.3545 lr 1.00e-04 2.21h
  e463 s0 g45375 loss 1.4996 (c/l/t 0.649/0.669/0.009) 2.21h
epoch  463 train 1.3512 val 1.4287 lr 1.00e-04 2.22h
  e464 s0 g45473 loss 1.5552 (c/l/t 0.708/0.499/0.017) 2.22h
epoch  464 train 1.3453 val 1.3865 lr 1.00e-04 2.22h
  e465 s0 g45571 loss 1.3409 (c/l/t 0.626/0.431/0.014) 2.22h
epoch  465 train 1.3406 val 1.2665 lr 1.00e-04 2.23h
  e466 s0 g45669 loss 1.3105 (c/l/t 0.625/0.513/0.009) 2.23h
epoch  466 train 1.3479 val 1.3236 lr 1.00e-04 2.23h
  e467 s0 g45767 loss 1.3438 (c/l/t 0.605/0.473/0.013) 2.23h
epoch  467 train 1.3419 val 1.3556 lr 1.00e-04 2.24h
  e468 s0 g45865 loss 1.3121 (c/l/t 0.646/0.416/0.013) 2.24h
epoch  468 train 1.3485 val 1.4220 lr 1.00e-04 2.24h
  e469 s0 g45963 loss 1.2367 (c/l/t 0.595/0.483/0.008) 2.24h
epoch  469 train 1.3470 val 1.3994 lr 1.00e-04 2.25h
  e470 s0 g46061 loss 1.3577 (c/l/t 0.677/0.482/0.010) 2.25h
epoch  470 train 1.3519 val 1.3082 lr 1.00e-04 2.25h
  e471 s0 g46159 loss 1.3925 (c/l/t 0.680/0.486/0.011) 2.25h
epoch  471 train 1.3594 val 1.5373 lr 1.00e-04 2.26h
  e472 s0 g46257 loss 1.4840 (c/l/t 0.668/0.551/0.013) 2.26h
epoch  472 train 1.3650 val 1.3754 lr 1.00e-04 2.26h
  e473 s0 g46355 loss 1.4492 (c/l/t 0.668/0.581/0.010) 2.26h
epoch  473 train 1.3566 val 1.3476 lr 1.00e-04 2.27h
  e474 s0 g46453 loss 1.4139 (c/l/t 0.645/0.536/0.012) 2.27h
epoch  474 train 1.3487 val 1.3284 lr 1.00e-04 2.27h
  e475 s0 g46551 loss 1.2720 (c/l/t 0.658/0.403/0.011) 2.27h
epoch  475 train 1.3412 val 1.4497 lr 1.00e-04 2.28h
  e476 s0 g46649 loss 1.4943 (c/l/t 0.648/0.528/0.016) 2.28h
epoch  476 train 1.3420 val 1.4066 lr 1.00e-04 2.28h
  e477 s0 g46747 loss 1.4950 (c/l/t 0.652/0.535/0.015) 2.28h
epoch  477 train 1.3581 val 1.3213 lr 1.00e-04 2.29h
  e478 s0 g46845 loss 1.4302 (c/l/t 0.636/0.591/0.010) 2.29h
epoch  478 train 1.3456 val 1.3108 lr 1.00e-04 2.29h
  e479 s0 g46943 loss 1.2859 (c/l/t 0.658/0.388/0.012) 2.29h
epoch  479 train 1.3459 val 1.3103 lr 1.00e-04 2.29h
  e480 s0 g47041 loss 1.2273 (c/l/t 0.603/0.309/0.016) 2.29h
epoch  480 train 1.3278 val 1.5070 lr 1.00e-04 2.30h
  e481 s0 g47139 loss 1.3559 (c/l/t 0.658/0.490/0.010) 2.30h
epoch  481 train 1.3486 val 1.3932 lr 1.00e-04 2.30h
  e482 s0 g47237 loss 1.2660 (c/l/t 0.569/0.524/0.009) 2.30h
epoch  482 train 1.3486 val 1.2880 lr 1.00e-04 2.31h
  e483 s0 g47335 loss 1.2468 (c/l/t 0.672/0.356/0.011) 2.31h
epoch  483 train 1.3398 val 1.3510 lr 1.00e-04 2.31h
  e484 s0 g47433 loss 1.0997 (c/l/t 0.591/0.292/0.011) 2.31h
epoch  484 train 1.3620 val 1.3994 lr 1.00e-04 2.32h
  e485 s0 g47531 loss 1.2518 (c/l/t 0.552/0.401/0.015) 2.32h
epoch  485 train 1.3625 val 1.2913 lr 1.00e-04 2.32h
  e486 s0 g47629 loss 1.3258 (c/l/t 0.575/0.593/0.008) 2.32h
epoch  486 train 1.3497 val 1.3153 lr 1.00e-04 2.33h
  e487 s0 g47727 loss 1.4899 (c/l/t 0.683/0.600/0.010) 2.33h
epoch  487 train 1.3607 val 1.3847 lr 1.00e-04 2.33h
  e488 s0 g47825 loss 1.4343 (c/l/t 0.591/0.672/0.009) 2.33h
epoch  488 train 1.3310 val 1.3118 lr 1.00e-04 2.34h
  e489 s0 g47923 loss 1.2973 (c/l/t 0.662/0.401/0.012) 2.34h
epoch  489 train 1.3557 val 1.3582 lr 1.00e-04 2.34h
  e490 s0 g48021 loss 1.5496 (c/l/t 0.643/0.725/0.009) 2.34h
epoch  490 train 1.3348 val 1.3815 lr 1.00e-04 2.35h
  e491 s0 g48119 loss 1.2397 (c/l/t 0.608/0.344/0.014) 2.35h
epoch  491 train 1.3395 val 1.3550 lr 1.00e-04 2.35h
  e492 s0 g48217 loss 1.1278 (c/l/t 0.641/0.235/0.013) 2.35h
epoch  492 train 1.3551 val 1.3128 lr 1.00e-04 2.36h
  e493 s0 g48315 loss 1.4633 (c/l/t 0.671/0.606/0.009) 2.36h
epoch  493 train 1.3372 val 1.3115 lr 1.00e-04 2.36h
  e494 s0 g48413 loss 1.2860 (c/l/t 0.644/0.439/0.010) 2.36h
epoch  494 train 1.3359 val 1.5135 lr 1.00e-04 2.37h
  e495 s0 g48511 loss 1.3298 (c/l/t 0.651/0.394/0.014) 2.37h
epoch  495 train 1.3355 val 1.3063 lr 1.00e-04 2.37h
  e496 s0 g48609 loss 1.3144 (c/l/t 0.665/0.449/0.010) 2.37h
epoch  496 train 1.3534 val 1.3293 lr 1.00e-04 2.38h
  e497 s0 g48707 loss 1.3987 (c/l/t 0.652/0.467/0.014) 2.38h
epoch  497 train 1.3325 val 1.3547 lr 1.00e-04 2.38h
  e498 s0 g48805 loss 1.4399 (c/l/t 0.703/0.523/0.011) 2.38h
epoch  498 train 1.3617 val 1.3231 lr 1.00e-04 2.39h
  e499 s0 g48903 loss 1.3929 (c/l/t 0.647/0.494/0.013) 2.39h
epoch  499 train 1.3420 val 1.3636 lr 1.00e-04 2.39h
  e500 s0 g49001 loss 1.2803 (c/l/t 0.609/0.460/0.011) 2.39h
epoch  500 train 1.3438 val 1.2786 lr 1.00e-04 2.39h
  e501 s0 g49099 loss 1.1837 (c/l/t 0.631/0.292/0.013) 2.39h
epoch  501 train 1.3364 val 1.3172 lr 1.00e-04 2.40h
  e502 s0 g49197 loss 1.1726 (c/l/t 0.614/0.316/0.012) 2.40h
epoch  502 train 1.3256 val 1.3917 lr 1.00e-04 2.40h
  e503 s0 g49295 loss 1.3548 (c/l/t 0.672/0.436/0.012) 2.40h
epoch  503 train 1.3406 val 1.3488 lr 1.00e-04 2.41h
  e504 s0 g49393 loss 1.3967 (c/l/t 0.673/0.501/0.011) 2.41h
epoch  504 train 1.3320 val 1.4472 lr 1.00e-04 2.41h
  e505 s0 g49491 loss 1.2444 (c/l/t 0.595/0.444/0.010) 2.41h
epoch  505 train 1.3435 val 1.3207 lr 1.00e-04 2.42h
  e506 s0 g49589 loss 1.2622 (c/l/t 0.625/0.385/0.013) 2.42h
epoch  506 train 1.3254 val 1.5026 lr 1.00e-04 2.42h
  e507 s0 g49687 loss 1.2720 (c/l/t 0.661/0.378/0.012) 2.42h
epoch  507 train 1.3325 val 1.2965 lr 1.00e-04 2.43h
  e508 s0 g49785 loss 1.3640 (c/l/t 0.662/0.480/0.011) 2.43h
epoch  508 train 1.3670 val 1.4036 lr 1.00e-04 2.43h
  e509 s0 g49883 loss 1.1866 (c/l/t 0.614/0.332/0.012) 2.43h
epoch  509 train 1.3396 val 1.3662 lr 1.00e-04 2.44h
  e510 s0 g49981 loss 1.1909 (c/l/t 0.595/0.372/0.011) 2.44h
epoch  510 train 1.3333 val 1.3594 lr 1.00e-04 2.44h
  e511 s0 g50079 loss 1.4806 (c/l/t 0.603/0.684/0.010) 2.44h
epoch  511 train 1.3395 val 1.2425 lr 1.00e-04 2.45h
  e512 s0 g50177 loss 1.2881 (c/l/t 0.644/0.453/0.010) 2.45h
epoch  512 train 1.3303 val 1.3078 lr 1.00e-04 2.45h
  e513 s0 g50275 loss 1.4144 (c/l/t 0.648/0.513/0.013) 2.45h
epoch  513 train 1.3296 val 1.3162 lr 1.00e-04 2.46h
  e514 s0 g50373 loss 1.4712 (c/l/t 0.676/0.571/0.011) 2.46h
epoch  514 train 1.3370 val 1.3707 lr 1.00e-04 2.46h
  e515 s0 g50471 loss 1.6436 (c/l/t 0.617/0.799/0.011) 2.46h
epoch  515 train 1.3487 val 1.3912 lr 1.00e-04 2.47h
  e516 s0 g50569 loss 1.4053 (c/l/t 0.655/0.466/0.014) 2.47h
epoch  516 train 1.3208 val 1.2982 lr 1.00e-04 2.47h
  e517 s0 g50667 loss 1.2200 (c/l/t 0.615/0.438/0.008) 2.47h
epoch  517 train 1.3323 val 1.3159 lr 1.00e-04 2.48h
  e518 s0 g50765 loss 1.4280 (c/l/t 0.716/0.402/0.015) 2.48h
epoch  518 train 1.3300 val 1.2919 lr 1.00e-04 2.48h
  e519 s0 g50863 loss 1.3781 (c/l/t 0.671/0.486/0.011) 2.48h
epoch  519 train 1.3186 val 1.3162 lr 1.00e-04 2.49h
  e520 s0 g50961 loss 1.3134 (c/l/t 0.636/0.465/0.011) 2.49h
epoch  520 train 1.3262 val 1.4639 lr 1.00e-04 2.49h
  e521 s0 g51059 loss 1.2049 (c/l/t 0.656/0.357/0.010) 2.49h
epoch  521 train 1.3132 val 1.3644 lr 1.00e-04 2.50h
  e522 s0 g51157 loss 1.2573 (c/l/t 0.701/0.294/0.013) 2.50h
epoch  522 train 1.3212 val 1.4112 lr 1.00e-04 2.50h
  e523 s0 g51255 loss 1.2724 (c/l/t 0.557/0.407/0.015) 2.50h
epoch  523 train 1.3151 val 1.4504 lr 1.00e-04 2.50h
  e524 s0 g51353 loss 1.3125 (c/l/t 0.652/0.417/0.012) 2.50h
epoch  524 train 1.3390 val 1.3779 lr 1.00e-04 2.51h
  e525 s0 g51451 loss 1.4432 (c/l/t 0.637/0.440/0.018) 2.51h
epoch  525 train 1.3316 val 1.3760 lr 1.00e-04 2.51h
  e526 s0 g51549 loss 1.2626 (c/l/t 0.655/0.392/0.011) 2.51h
epoch  526 train 1.3161 val 1.2721 lr 1.00e-04 2.52h
  e527 s0 g51647 loss 1.4287 (c/l/t 0.650/0.319/0.023) 2.52h
epoch  527 train 1.3215 val 1.3444 lr 1.00e-04 2.52h
  e528 s0 g51745 loss 1.2909 (c/l/t 0.679/0.393/0.011) 2.52h
epoch  528 train 1.3166 val 1.2867 lr 1.00e-04 2.53h
  e529 s0 g51843 loss 1.2475 (c/l/t 0.558/0.492/0.010) 2.53h
epoch  529 train 1.3371 val 1.3007 lr 1.00e-04 2.53h
  e530 s0 g51941 loss 1.2673 (c/l/t 0.612/0.474/0.009) 2.53h
epoch  530 train 1.3376 val 1.3253 lr 1.00e-04 2.54h
  e531 s0 g52039 loss 1.2147 (c/l/t 0.634/0.325/0.013) 2.54h
epoch  531 train 1.3172 val 1.3203 lr 1.00e-04 2.54h
  e532 s0 g52137 loss 1.6813 (c/l/t 0.642/0.832/0.010) 2.54h
epoch  532 train 1.3417 val 1.3329 lr 1.00e-04 2.55h
  e533 s0 g52235 loss 1.4604 (c/l/t 0.677/0.564/0.011) 2.55h
epoch  533 train 1.3201 val 1.3128 lr 1.00e-04 2.55h
  e534 s0 g52333 loss 1.3621 (c/l/t 0.648/0.518/0.010) 2.55h
epoch  534 train 1.3308 val 1.3203 lr 1.00e-04 2.56h
  e535 s0 g52431 loss 1.4778 (c/l/t 0.632/0.581/0.013) 2.56h
epoch  535 train 1.3306 val 1.3516 lr 1.00e-04 2.56h
  e536 s0 g52529 loss 1.2948 (c/l/t 0.592/0.494/0.010) 2.56h
epoch  536 train 1.3388 val 1.3409 lr 1.00e-04 2.57h
  e537 s0 g52627 loss 1.4092 (c/l/t 0.609/0.579/0.011) 2.57h
epoch  537 train 1.3238 val 1.3474 lr 1.00e-04 2.57h
  e538 s0 g52725 loss 1.2975 (c/l/t 0.644/0.435/0.011) 2.57h
epoch  538 train 1.3071 val 1.3500 lr 1.00e-04 2.58h
  e539 s0 g52823 loss 1.3748 (c/l/t 0.660/0.510/0.010) 2.58h
epoch  539 train 1.3299 val 1.3846 lr 1.00e-04 2.58h
  e540 s0 g52921 loss 1.3410 (c/l/t 0.606/0.472/0.013) 2.58h
epoch  540 train 1.3469 val 1.2371 lr 1.00e-04 2.59h
  e541 s0 g53019 loss 1.4613 (c/l/t 0.671/0.592/0.010) 2.59h
epoch  541 train 1.3400 val 1.3325 lr 1.00e-04 2.59h
  e542 s0 g53117 loss 1.4017 (c/l/t 0.611/0.594/0.010) 2.59h
epoch  542 train 1.3355 val 1.3206 lr 1.00e-04 2.60h
  e543 s0 g53215 loss 1.5475 (c/l/t 0.591/0.729/0.011) 2.60h
epoch  543 train 1.3324 val 1.2816 lr 1.00e-04 2.60h
  e544 s0 g53313 loss 1.3200 (c/l/t 0.568/0.500/0.013) 2.60h
epoch  544 train 1.3198 val 1.4276 lr 1.00e-04 2.61h
  e545 s0 g53411 loss 1.3547 (c/l/t 0.729/0.421/0.010) 2.61h
epoch  545 train 1.3142 val 1.2991 lr 1.00e-04 2.61h
  e546 s0 g53509 loss 1.4192 (c/l/t 0.580/0.644/0.010) 2.61h
epoch  546 train 1.3196 val 1.3526 lr 1.00e-04 2.62h
  e547 s0 g53607 loss 1.2812 (c/l/t 0.562/0.457/0.013) 2.62h
epoch  547 train 1.3152 val 1.3119 lr 1.00e-04 2.62h
  e548 s0 g53705 loss 1.2333 (c/l/t 0.651/0.359/0.011) 2.62h
epoch  548 train 1.3058 val 1.3881 lr 1.00e-04 2.62h
  e549 s0 g53803 loss 1.1861 (c/l/t 0.666/0.330/0.010) 2.62h
epoch  549 train 1.3198 val 1.2279 lr 1.00e-04 2.63h
  e550 s0 g53901 loss 1.4083 (c/l/t 0.680/0.432/0.015) 2.63h
epoch  550 train 1.3300 val 1.3492 lr 1.00e-04 2.63h
  e551 s0 g53999 loss 1.3042 (c/l/t 0.670/0.417/0.011) 2.63h
epoch  551 train 1.3223 val 1.2429 lr 1.00e-04 2.64h
  e552 s0 g54097 loss 1.2859 (c/l/t 0.682/0.430/0.009) 2.64h
epoch  552 train 1.3108 val 1.3198 lr 1.00e-04 2.64h
  e553 s0 g54195 loss 1.2940 (c/l/t 0.637/0.465/0.010) 2.64h
epoch  553 train 1.3252 val 1.2672 lr 1.00e-04 2.65h
  e554 s0 g54293 loss 1.2943 (c/l/t 0.560/0.496/0.012) 2.65h
epoch  554 train 1.3206 val 1.3811 lr 1.00e-04 2.65h
  e555 s0 g54391 loss 1.2013 (c/l/t 0.653/0.328/0.011) 2.65h
epoch  555 train 1.3338 val 1.3275 lr 1.00e-04 2.66h
  e556 s0 g54489 loss 1.3392 (c/l/t 0.683/0.356/0.015) 2.66h
epoch  556 train 1.3098 val 1.3784 lr 1.00e-04 2.66h
  e557 s0 g54587 loss 1.2168 (c/l/t 0.586/0.474/0.008) 2.66h
epoch  557 train 1.3082 val 1.2720 lr 1.00e-04 2.67h
  e558 s0 g54685 loss 1.2454 (c/l/t 0.635/0.337/0.014) 2.67h
epoch  558 train 1.2957 val 1.2369 lr 1.00e-04 2.67h
  e559 s0 g54783 loss 1.2826 (c/l/t 0.619/0.465/0.010) 2.67h
epoch  559 train 1.2947 val 1.2610 lr 1.00e-04 2.68h
  e560 s0 g54881 loss 1.2379 (c/l/t 0.649/0.396/0.010) 2.68h
epoch  560 train 1.2907 val 1.4059 lr 1.00e-04 2.68h
  e561 s0 g54979 loss 1.2731 (c/l/t 0.611/0.354/0.015) 2.68h
epoch  561 train 1.3302 val 1.3118 lr 1.00e-04 2.69h
  e562 s0 g55077 loss 1.3199 (c/l/t 0.705/0.408/0.010) 2.69h
epoch  562 train 1.3357 val 1.3579 lr 1.00e-04 2.69h
  e563 s0 g55175 loss 1.2534 (c/l/t 0.620/0.428/0.010) 2.69h
epoch  563 train 1.2941 val 1.2677 lr 1.00e-04 2.70h
  e564 s0 g55273 loss 1.2989 (c/l/t 0.648/0.454/0.010) 2.70h
epoch  564 train 1.3180 val 1.2343 lr 1.00e-04 2.70h
  e565 s0 g55371 loss 1.3114 (c/l/t 0.582/0.544/0.009) 2.70h
epoch  565 train 1.3201 val 1.3145 lr 1.00e-04 2.71h
  e566 s0 g55469 loss 1.3430 (c/l/t 0.628/0.490/0.011) 2.71h
epoch  566 train 1.3060 val 1.2837 lr 1.00e-04 2.71h
  e567 s0 g55567 loss 1.4543 (c/l/t 0.679/0.565/0.010) 2.71h
epoch  567 train 1.3111 val 1.3843 lr 1.00e-04 2.72h
  e568 s0 g55665 loss 1.4836 (c/l/t 0.656/0.556/0.014) 2.72h
epoch  568 train 1.3309 val 1.2892 lr 1.00e-04 2.72h
  e569 s0 g55763 loss 1.2100 (c/l/t 0.581/0.445/0.009) 2.72h
epoch  569 train 1.3086 val 1.2594 lr 1.00e-04 2.72h
  e570 s0 g55861 loss 1.2636 (c/l/t 0.626/0.427/0.011) 2.72h
epoch  570 train 1.3169 val 1.3613 lr 1.00e-04 2.73h
  e571 s0 g55959 loss 1.3765 (c/l/t 0.648/0.548/0.009) 2.73h
epoch  571 train 1.3179 val 1.2444 lr 1.00e-04 2.73h
  e572 s0 g56057 loss 1.1084 (c/l/t 0.613/0.282/0.011) 2.73h
epoch  572 train 1.3057 val 1.3817 lr 1.00e-04 2.74h
  e573 s0 g56155 loss 1.2130 (c/l/t 0.615/0.381/0.011) 2.74h
epoch  573 train 1.2976 val 1.3373 lr 1.00e-04 2.74h
  e574 s0 g56253 loss 1.2609 (c/l/t 0.617/0.482/0.008) 2.74h
epoch  574 train 1.3070 val 1.4143 lr 1.00e-04 2.75h
  e575 s0 g56351 loss 1.1894 (c/l/t 0.603/0.381/0.010) 2.75h
epoch  575 train 1.3082 val 1.3113 lr 1.00e-04 2.75h
  e576 s0 g56449 loss 1.1667 (c/l/t 0.618/0.323/0.011) 2.75h
epoch  576 train 1.2869 val 1.3297 lr 1.00e-04 2.76h
  e577 s0 g56547 loss 1.2339 (c/l/t 0.634/0.356/0.012) 2.76h
epoch  577 train 1.3169 val 1.2931 lr 1.00e-04 2.76h
  e578 s0 g56645 loss 1.2914 (c/l/t 0.587/0.466/0.012) 2.76h
epoch  578 train 1.2974 val 1.3390 lr 1.00e-04 2.77h
  e579 s0 g56743 loss 1.2040 (c/l/t 0.612/0.297/0.015) 2.77h
epoch  579 train 1.2911 val 1.3266 lr 1.00e-04 2.77h
  e580 s0 g56841 loss 1.1876 (c/l/t 0.625/0.320/0.012) 2.77h
epoch  580 train 1.2951 val 1.2703 lr 1.00e-04 2.78h
  e581 s0 g56939 loss 1.2362 (c/l/t 0.574/0.429/0.012) 2.78h
epoch  581 train 1.2837 val 1.3945 lr 1.00e-04 2.78h
  e582 s0 g57037 loss 1.3118 (c/l/t 0.642/0.487/0.009) 2.78h
epoch  582 train 1.3183 val 1.3978 lr 1.00e-04 2.79h
  e583 s0 g57135 loss 1.2610 (c/l/t 0.602/0.421/0.012) 2.79h
epoch  583 train 1.2882 val 1.3113 lr 1.00e-04 2.79h
  e584 s0 g57233 loss 1.3746 (c/l/t 0.658/0.510/0.010) 2.79h
epoch  584 train 1.3007 val 1.3792 lr 1.00e-04 2.80h
  e585 s0 g57331 loss 1.1831 (c/l/t 0.605/0.353/0.011) 2.80h
epoch  585 train 1.3098 val 1.3291 lr 1.00e-04 2.80h
  e586 s0 g57429 loss 1.4132 (c/l/t 0.689/0.399/0.016) 2.80h
epoch  586 train 1.2880 val 1.2854 lr 1.00e-04 2.81h
  e587 s0 g57527 loss 1.3636 (c/l/t 0.616/0.450/0.015) 2.81h
epoch  587 train 1.3199 val 1.3346 lr 1.00e-04 2.81h
  e588 s0 g57625 loss 1.3637 (c/l/t 0.658/0.468/0.012) 2.81h
epoch  588 train 1.2911 val 1.4009 lr 1.00e-04 2.82h
  e589 s0 g57723 loss 1.2768 (c/l/t 0.628/0.349/0.015) 2.82h
epoch  589 train 1.3145 val 1.2590 lr 1.00e-04 2.82h
  e590 s0 g57821 loss 1.2190 (c/l/t 0.618/0.413/0.009) 2.82h
epoch  590 train 1.3042 val 1.3545 lr 1.00e-04 2.83h
  e591 s0 g57919 loss 1.2096 (c/l/t 0.614/0.369/0.011) 2.83h
epoch  591 train 1.3008 val 1.4641 lr 1.00e-04 2.83h
  e592 s0 g58017 loss 1.2989 (c/l/t 0.631/0.424/0.012) 2.83h
epoch  592 train 1.2834 val 1.2681 lr 1.00e-04 2.83h
  e593 s0 g58115 loss 1.3194 (c/l/t 0.600/0.536/0.009) 2.83h
epoch  593 train 1.3192 val 1.3745 lr 1.00e-04 2.84h
  e594 s0 g58213 loss 1.5235 (c/l/t 0.674/0.616/0.012) 2.84h
epoch  594 train 1.3054 val 1.4536 lr 1.00e-04 2.84h
  e595 s0 g58311 loss 1.3590 (c/l/t 0.618/0.504/0.012) 2.84h
epoch  595 train 1.3197 val 1.2921 lr 1.00e-04 2.85h
  e596 s0 g58409 loss 1.3057 (c/l/t 0.676/0.417/0.011) 2.85h
epoch  596 train 1.3101 val 1.2785 lr 1.00e-04 2.85h
  e597 s0 g58507 loss 1.1902 (c/l/t 0.607/0.290/0.015) 2.85h
epoch  597 train 1.3030 val 1.3449 lr 1.00e-04 2.86h
  e598 s0 g58605 loss 1.2228 (c/l/t 0.590/0.431/0.010) 2.86h
epoch  598 train 1.3065 val 1.3205 lr 1.00e-04 2.86h
  e599 s0 g58703 loss 1.1917 (c/l/t 0.573/0.424/0.010) 2.86h
epoch  599 train 1.2798 val 1.2149 lr 1.00e-04 2.87h
  e600 s0 g58801 loss 1.3096 (c/l/t 0.586/0.544/0.009) 2.87h
epoch  600 train 1.2851 val 1.3637 lr 1.00e-04 2.87h
  e601 s0 g58899 loss 1.3658 (c/l/t 0.617/0.544/0.010) 2.87h
epoch  601 train 1.3091 val 1.3622 lr 1.00e-04 2.88h
  e602 s0 g58997 loss 1.2587 (c/l/t 0.677/0.389/0.010) 2.88h
epoch  602 train 1.2915 val 1.3017 lr 1.00e-04 2.88h
  e603 s0 g59095 loss 1.2458 (c/l/t 0.616/0.457/0.009) 2.88h
epoch  603 train 1.2937 val 1.2649 lr 1.00e-04 2.89h
  e604 s0 g59193 loss 1.2089 (c/l/t 0.657/0.258/0.015) 2.89h
epoch  604 train 1.2954 val 1.3791 lr 1.00e-04 2.89h
  e605 s0 g59291 loss 1.3415 (c/l/t 0.649/0.459/0.012) 2.89h
epoch  605 train 1.3024 val 1.3472 lr 1.00e-04 2.90h
  e606 s0 g59389 loss 1.2126 (c/l/t 0.669/0.318/0.011) 2.90h
epoch  606 train 1.3131 val 1.2439 lr 1.00e-04 2.90h
  e607 s0 g59487 loss 1.2808 (c/l/t 0.566/0.543/0.009) 2.90h
epoch  607 train 1.2834 val 1.2264 lr 1.00e-04 2.91h
  e608 s0 g59585 loss 1.2945 (c/l/t 0.641/0.411/0.012) 2.91h
epoch  608 train 1.3031 val 1.3297 lr 1.00e-04 2.91h
  e609 s0 g59683 loss 1.1521 (c/l/t 0.613/0.263/0.014) 2.91h
epoch  609 train 1.2965 val 1.1819 lr 1.00e-04 2.92h
  e610 s0 g59781 loss 1.3446 (c/l/t 0.623/0.381/0.017) 2.92h
epoch  610 train 1.2923 val 1.1767 lr 1.00e-04 2.92h
  e611 s0 g59879 loss 1.4606 (c/l/t 0.675/0.444/0.017) 2.92h
epoch  611 train 1.3074 val 1.2444 lr 1.00e-04 2.93h
  e612 s0 g59977 loss 1.2251 (c/l/t 0.577/0.464/0.009) 2.93h
epoch  612 train 1.2832 val 1.2492 lr 1.00e-04 2.93h
  e613 s0 g60075 loss 1.3462 (c/l/t 0.622/0.475/0.012) 2.93h
epoch  613 train 1.2878 val 1.4839 lr 1.00e-04 2.93h
  e614 s0 g60173 loss 1.3763 (c/l/t 0.695/0.417/0.013) 2.93h
epoch  614 train 1.2871 val 1.3289 lr 1.00e-04 2.94h
  e615 s0 g60271 loss 1.2577 (c/l/t 0.670/0.300/0.014) 2.94h
epoch  615 train 1.3027 val 1.4254 lr 1.00e-04 2.94h
  e616 s0 g60369 loss 1.2738 (c/l/t 0.679/0.411/0.009) 2.94h
epoch  616 train 1.3003 val 1.2886 lr 1.00e-04 2.95h
  e617 s0 g60467 loss 1.3388 (c/l/t 0.642/0.506/0.010) 2.95h
epoch  617 train 1.3142 val 1.2605 lr 1.00e-04 2.95h
  e618 s0 g60565 loss 1.1930 (c/l/t 0.672/0.329/0.010) 2.95h
epoch  618 train 1.2901 val 1.3589 lr 1.00e-04 2.96h
  e619 s0 g60663 loss 1.2232 (c/l/t 0.664/0.373/0.009) 2.96h
epoch  619 train 1.2735 val 1.3151 lr 1.00e-04 2.96h
  e620 s0 g60761 loss 1.3837 (c/l/t 0.621/0.500/0.013) 2.96h
epoch  620 train 1.2949 val 1.2986 lr 1.00e-04 2.97h
  e621 s0 g60859 loss 1.4479 (c/l/t 0.644/0.568/0.012) 2.97h
epoch  621 train 1.2829 val 1.2245 lr 1.00e-04 2.97h
  e622 s0 g60957 loss 1.1984 (c/l/t 0.638/0.372/0.009) 2.97h
epoch  622 train 1.2664 val 1.3892 lr 1.00e-04 2.98h
  e623 s0 g61055 loss 1.3810 (c/l/t 0.702/0.470/0.010) 2.98h
epoch  623 train 1.2885 val 1.3032 lr 1.00e-04 2.98h
  e624 s0 g61153 loss 1.2223 (c/l/t 0.562/0.450/0.010) 2.98h
epoch  624 train 1.2948 val 1.2649 lr 1.00e-04 2.99h
  e625 s0 g61251 loss 1.1813 (c/l/t 0.600/0.336/0.012) 2.99h
epoch  625 train 1.2916 val 1.2833 lr 1.00e-04 2.99h
  e626 s0 g61349 loss 1.2062 (c/l/t 0.632/0.384/0.010) 2.99h
epoch  626 train 1.2809 val 1.2406 lr 1.00e-04 3.00h
  e627 s0 g61447 loss 1.1836 (c/l/t 0.632/0.355/0.010) 3.00h
epoch  627 train 1.2849 val 1.2622 lr 1.00e-04 3.00h
wallclock budget reached at epoch 627
done. best val 1.1767 -> gen_10k.ckpt (latest -> gen_10k_latest.ckpt)
