records=50000 train_batches=494 val_batches=20 batch=96 device=cuda budget=6.0h
auto-batch -> 96
  e0 s0 g1 loss 2.3314 (c/l/t 0.831/1.302/0.010) 0.00h
  e0 s200 g201 loss 1.5436 (c/l/t 0.776/0.573/0.010) 0.01h
  e0 s400 g401 loss 1.5175 (c/l/t 0.751/0.577/0.009) 0.03h
epoch    0 train 1.6907 val 1.6207 lr 1.00e-04 0.04h
  e1 s0 g495 loss 1.4209 (c/l/t 0.754/0.474/0.010) 0.04h
  e1 s200 g695 loss 1.6937 (c/l/t 0.747/0.757/0.009) 0.05h
  e1 s400 g895 loss 1.5599 (c/l/t 0.771/0.595/0.010) 0.06h
epoch    1 train 1.5955 val 1.5566 lr 1.00e-04 0.07h
  e2 s0 g989 loss 1.7027 (c/l/t 0.779/0.731/0.010) 0.07h
  e2 s200 g1189 loss 1.5957 (c/l/t 0.803/0.602/0.010) 0.09h
  e2 s400 g1389 loss 1.5245 (c/l/t 0.825/0.508/0.010) 0.10h
epoch    2 train 1.5588 val 1.5320 lr 1.00e-04 0.11h
  e3 s0 g1483 loss 1.3845 (c/l/t 0.734/0.460/0.009) 0.11h
  e3 s200 g1683 loss 1.5006 (c/l/t 0.750/0.564/0.009) 0.12h
  e3 s400 g1883 loss 1.5298 (c/l/t 0.760/0.581/0.009) 0.12h
epoch    3 train 1.5397 val 1.5508 lr 1.00e-04 0.13h
  e4 s0 g1977 loss 1.3407 (c/l/t 0.712/0.445/0.009) 0.13h
  e4 s200 g2177 loss 1.6448 (c/l/t 0.717/0.743/0.009) 0.14h
  e4 s400 g2377 loss 1.5028 (c/l/t 0.768/0.547/0.009) 0.16h
epoch    4 train 1.4982 val 1.5046 lr 1.00e-04 0.17h
  e5 s0 g2471 loss 1.2858 (c/l/t 0.655/0.451/0.009) 0.17h
  e5 s200 g2671 loss 1.4813 (c/l/t 0.761/0.533/0.009) 0.18h
  e5 s400 g2871 loss 1.4063 (c/l/t 0.709/0.513/0.009) 0.19h
epoch    5 train 1.4752 val 1.4620 lr 1.00e-04 0.20h
  e6 s0 g2965 loss 1.5568 (c/l/t 0.740/0.632/0.009) 0.20h
  e6 s200 g3165 loss 1.4692 (c/l/t 0.642/0.649/0.009) 0.22h
  e6 s400 g3365 loss 1.4634 (c/l/t 0.660/0.624/0.009) 0.23h
epoch    6 train 1.4517 val 1.4208 lr 1.00e-04 0.24h
  e7 s0 g3459 loss 1.4137 (c/l/t 0.668/0.563/0.009) 0.24h
  e7 s200 g3659 loss 1.5095 (c/l/t 0.717/0.615/0.009) 0.25h
  e7 s400 g3859 loss 1.3227 (c/l/t 0.681/0.468/0.009) 0.27h
epoch    7 train 1.4356 val 1.4281 lr 1.00e-04 0.27h
  e8 s0 g3953 loss 1.3763 (c/l/t 0.697/0.503/0.009) 0.27h
  e8 s200 g4153 loss 1.4392 (c/l/t 0.692/0.570/0.009) 0.29h
  e8 s400 g4353 loss 1.4514 (c/l/t 0.762/0.514/0.009) 0.30h
epoch    8 train 1.4276 val 1.4121 lr 1.00e-04 0.31h
  e9 s0 g4447 loss 1.4503 (c/l/t 0.704/0.572/0.009) 0.31h
  e9 s200 g4647 loss 1.4831 (c/l/t 0.747/0.568/0.008) 0.32h
  e9 s400 g4847 loss 1.4469 (c/l/t 0.664/0.602/0.009) 0.34h
epoch    9 train 1.4082 val 1.4350 lr 1.00e-04 0.34h
  e10 s0 g4941 loss 1.4713 (c/l/t 0.730/0.561/0.009) 0.34h
  e10 s200 g5141 loss 1.4426 (c/l/t 0.660/0.613/0.008) 0.36h
  e10 s400 g5341 loss 1.5105 (c/l/t 0.678/0.658/0.009) 0.37h
epoch   10 train 1.4056 val 1.3688 lr 1.00e-04 0.38h
  e11 s0 g5435 loss 1.2458 (c/l/t 0.619/0.456/0.009) 0.38h
  e11 s200 g5635 loss 1.2675 (c/l/t 0.653/0.444/0.009) 0.39h
  e11 s400 g5835 loss 1.2322 (c/l/t 0.668/0.391/0.009) 0.41h
epoch   11 train 1.3800 val 1.3930 lr 1.00e-04 0.42h
  e12 s0 g5929 loss 1.3519 (c/l/t 0.667/0.512/0.009) 0.42h
  e12 s200 g6129 loss 1.3163 (c/l/t 0.677/0.471/0.008) 0.43h
  e12 s400 g6329 loss 1.6043 (c/l/t 0.681/0.760/0.008) 0.44h
epoch   12 train 1.3764 val 1.4071 lr 1.00e-04 0.45h
  e13 s0 g6423 loss 1.3398 (c/l/t 0.643/0.533/0.008) 0.45h
  e13 s200 g6623 loss 1.5198 (c/l/t 0.647/0.700/0.009) 0.47h
  e13 s400 g6823 loss 1.4257 (c/l/t 0.644/0.619/0.008) 0.48h
epoch   13 train 1.3647 val 1.3172 lr 1.00e-04 0.49h
  e14 s0 g6917 loss 1.3818 (c/l/t 0.625/0.597/0.008) 0.49h
  e14 s200 g7117 loss 1.2873 (c/l/t 0.601/0.529/0.008) 0.50h
  e14 s400 g7317 loss 1.1796 (c/l/t 0.658/0.369/0.008) 0.51h
epoch   14 train 1.3549 val 1.3024 lr 1.00e-04 0.52h
  e15 s0 g7411 loss 1.2788 (c/l/t 0.722/0.404/0.008) 0.52h
  e15 s200 g7611 loss 1.2007 (c/l/t 0.654/0.386/0.008) 0.54h
  e15 s400 g7811 loss 1.4493 (c/l/t 0.642/0.640/0.008) 0.55h
epoch   15 train 1.3484 val 1.3125 lr 1.00e-04 0.56h
  e16 s0 g7905 loss 1.0303 (c/l/t 0.556/0.316/0.008) 0.56h
  e16 s200 g8105 loss 1.2656 (c/l/t 0.659/0.448/0.008) 0.57h
  e16 s400 g8305 loss 1.5536 (c/l/t 0.627/0.758/0.008) 0.59h
epoch   16 train 1.3274 val 1.3010 lr 1.00e-04 0.59h
  e17 s0 g8399 loss 1.2622 (c/l/t 0.649/0.446/0.008) 0.59h
  e17 s200 g8599 loss 1.3290 (c/l/t 0.682/0.489/0.008) 0.61h
  e17 s400 g8799 loss 1.3471 (c/l/t 0.655/0.532/0.008) 0.62h
epoch   17 train 1.3235 val 1.3468 lr 1.00e-04 0.63h
  e18 s0 g8893 loss 1.1224 (c/l/t 0.623/0.353/0.007) 0.63h
  e18 s200 g9093 loss 1.3771 (c/l/t 0.692/0.523/0.008) 0.64h
  e18 s400 g9293 loss 1.2564 (c/l/t 0.613/0.485/0.008) 0.66h
epoch   18 train 1.3136 val 1.3187 lr 1.00e-04 0.66h
  e19 s0 g9387 loss 1.4201 (c/l/t 0.677/0.581/0.008) 0.66h
  e19 s200 g9587 loss 1.2554 (c/l/t 0.716/0.397/0.007) 0.68h
  e19 s400 g9787 loss 1.1573 (c/l/t 0.606/0.403/0.007) 0.69h
epoch   19 train 1.3092 val 1.3232 lr 1.00e-04 0.70h
  e20 s0 g9881 loss 1.4071 (c/l/t 0.671/0.574/0.008) 0.70h
  e20 s200 g10081 loss 1.3152 (c/l/t 0.656/0.502/0.008) 0.71h
  e20 s400 g10281 loss 1.2609 (c/l/t 0.604/0.506/0.008) 0.73h
epoch   20 train 1.3043 val 1.2728 lr 1.00e-04 0.73h
  e21 s0 g10375 loss 1.2289 (c/l/t 0.639/0.444/0.007) 0.73h
  e21 s200 g10575 loss 1.4098 (c/l/t 0.639/0.617/0.008) 0.75h
  e21 s400 g10775 loss 1.3785 (c/l/t 0.650/0.575/0.008) 0.76h
epoch   21 train 1.2902 val 1.2930 lr 1.00e-04 0.77h
  e22 s0 g10869 loss 1.3852 (c/l/t 0.635/0.594/0.008) 0.77h
  e22 s200 g11069 loss 1.2105 (c/l/t 0.618/0.444/0.007) 0.78h
  e22 s400 g11269 loss 1.1561 (c/l/t 0.606/0.399/0.008) 0.80h
epoch   22 train 1.2898 val 1.2561 lr 1.00e-04 0.81h
  e23 s0 g11363 loss 1.1367 (c/l/t 0.607/0.380/0.007) 0.81h
  e23 s200 g11563 loss 1.3840 (c/l/t 0.677/0.563/0.007) 0.82h
  e23 s400 g11763 loss 1.3130 (c/l/t 0.594/0.565/0.008) 0.83h
epoch   23 train 1.2787 val 1.2276 lr 1.00e-04 0.84h
  e24 s0 g11857 loss 1.3508 (c/l/t 0.621/0.577/0.008) 0.84h
  e24 s200 g12057 loss 1.5247 (c/l/t 0.643/0.730/0.008) 0.85h
  e24 s400 g12257 loss 1.1612 (c/l/t 0.590/0.424/0.007) 0.87h
epoch   24 train 1.2710 val 1.2396 lr 1.00e-04 0.88h
  e25 s0 g12351 loss 1.2775 (c/l/t 0.600/0.531/0.007) 0.88h
  e25 s200 g12551 loss 1.2610 (c/l/t 0.690/0.436/0.007) 0.89h
  e25 s400 g12751 loss 1.2539 (c/l/t 0.628/0.476/0.007) 0.90h
epoch   25 train 1.2669 val 1.2427 lr 1.00e-04 0.91h
  e26 s0 g12845 loss 1.2260 (c/l/t 0.571/0.507/0.007) 0.91h
  e26 s200 g13045 loss 1.2985 (c/l/t 0.573/0.574/0.008) 0.93h
  e26 s400 g13245 loss 1.3935 (c/l/t 0.615/0.620/0.008) 0.94h
epoch   26 train 1.2626 val 1.2705 lr 1.00e-04 0.95h
  e27 s0 g13339 loss 1.1005 (c/l/t 0.596/0.355/0.007) 0.95h
  e27 s200 g13539 loss 1.2065 (c/l/t 0.576/0.482/0.007) 0.96h
  e27 s400 g13739 loss 1.2573 (c/l/t 0.630/0.488/0.007) 0.98h
epoch   27 train 1.2535 val 1.1977 lr 1.00e-04 0.98h
  e28 s0 g13833 loss 1.2405 (c/l/t 0.592/0.505/0.007) 0.98h
  e28 s200 g14033 loss 1.2538 (c/l/t 0.588/0.520/0.007) 1.00h
  e28 s400 g14233 loss 1.2694 (c/l/t 0.620/0.507/0.007) 1.01h
epoch   28 train 1.2468 val 1.2274 lr 1.00e-04 1.02h
  e29 s0 g14327 loss 1.2656 (c/l/t 0.636/0.465/0.008) 1.02h
  e29 s200 g14527 loss 1.5404 (c/l/t 0.651/0.737/0.008) 1.03h
  e29 s400 g14727 loss 1.0168 (c/l/t 0.535/0.347/0.007) 1.05h
epoch   29 train 1.2474 val 1.2227 lr 1.00e-04 1.05h
  e30 s0 g14821 loss 1.1463 (c/l/t 0.572/0.424/0.007) 1.05h
  e30 s200 g15021 loss 1.2323 (c/l/t 0.595/0.491/0.007) 1.07h
  e30 s400 g15221 loss 1.2484 (c/l/t 0.612/0.489/0.007) 1.08h
epoch   30 train 1.2289 val 1.2163 lr 1.00e-04 1.09h
  e31 s0 g15315 loss 1.1298 (c/l/t 0.585/0.413/0.007) 1.09h
  e31 s200 g15515 loss 1.2685 (c/l/t 0.601/0.527/0.007) 1.10h
  e31 s400 g15715 loss 1.4863 (c/l/t 0.612/0.723/0.008) 1.12h
epoch   31 train 1.2320 val 1.2421 lr 1.00e-04 1.12h
  e32 s0 g15809 loss 1.3395 (c/l/t 0.569/0.615/0.008) 1.12h
  e32 s200 g16009 loss 1.2530 (c/l/t 0.649/0.463/0.007) 1.14h
  e32 s400 g16209 loss 1.0943 (c/l/t 0.610/0.353/0.007) 1.15h
epoch   32 train 1.2336 val 1.2101 lr 1.00e-04 1.16h
  e33 s0 g16303 loss 1.1827 (c/l/t 0.560/0.468/0.008) 1.16h
  e33 s200 g16503 loss 1.3173 (c/l/t 0.604/0.573/0.007) 1.17h
  e33 s400 g16703 loss 1.1767 (c/l/t 0.595/0.436/0.007) 1.19h
epoch   33 train 1.2296 val 1.2613 lr 1.00e-04 1.19h
  e34 s0 g16797 loss 1.2436 (c/l/t 0.582/0.512/0.007) 1.20h
  e34 s200 g16997 loss 1.1892 (c/l/t 0.579/0.464/0.007) 1.21h
  e34 s400 g17197 loss 1.1198 (c/l/t 0.595/0.385/0.007) 1.22h
epoch   34 train 1.2229 val 1.2267 lr 1.00e-04 1.23h
  e35 s0 g17291 loss 1.3048 (c/l/t 0.589/0.585/0.007) 1.23h
  e35 s200 g17491 loss 1.2753 (c/l/t 0.601/0.522/0.008) 1.25h
  e35 s400 g17691 loss 1.0984 (c/l/t 0.577/0.390/0.007) 1.26h
epoch   35 train 1.2302 val 1.1638 lr 1.00e-04 1.27h
  e36 s0 g17785 loss 1.1194 (c/l/t 0.536/0.445/0.007) 1.27h
  e36 s200 g17985 loss 1.1642 (c/l/t 0.542/0.490/0.007) 1.28h
  e36 s400 g18185 loss 1.1859 (c/l/t 0.552/0.500/0.007) 1.29h
epoch   36 train 1.2116 val 1.2317 lr 1.00e-04 1.30h
  e37 s0 g18279 loss 1.2494 (c/l/t 0.584/0.516/0.007) 1.30h
  e37 s200 g18479 loss 1.1599 (c/l/t 0.569/0.450/0.007) 1.32h
  e37 s400 g18679 loss 1.2151 (c/l/t 0.671/0.410/0.007) 1.33h
epoch   37 train 1.2070 val 1.1832 lr 1.00e-04 1.34h
  e38 s0 g18773 loss 1.2074 (c/l/t 0.599/0.451/0.008) 1.34h
  e38 s200 g18973 loss 1.1562 (c/l/t 0.592/0.416/0.007) 1.35h
  e38 s400 g19173 loss 1.0159 (c/l/t 0.581/0.305/0.006) 1.37h
epoch   38 train 1.2120 val 1.2369 lr 1.00e-04 1.37h
  e39 s0 g19267 loss 1.1925 (c/l/t 0.595/0.464/0.007) 1.37h
  e39 s200 g19467 loss 1.2833 (c/l/t 0.619/0.523/0.007) 1.39h
  e39 s400 g19667 loss 1.1771 (c/l/t 0.623/0.422/0.007) 1.40h
epoch   39 train 1.1995 val 1.1870 lr 1.00e-04 1.41h
  e40 s0 g19761 loss 1.1544 (c/l/t 0.591/0.417/0.007) 1.41h
  e40 s200 g19961 loss 1.0249 (c/l/t 0.574/0.313/0.007) 1.42h
  e40 s400 g20161 loss 1.0638 (c/l/t 0.603/0.327/0.007) 1.44h
epoch   40 train 1.1921 val 1.1915 lr 1.00e-04 1.44h
  e41 s0 g20255 loss 1.1849 (c/l/t 0.575/0.464/0.007) 1.44h
  e41 s200 g20455 loss 1.4401 (c/l/t 0.606/0.699/0.007) 1.46h
  e41 s400 g20655 loss 1.0863 (c/l/t 0.550/0.415/0.006) 1.47h
epoch   41 train 1.2033 val 1.1675 lr 1.00e-04 1.48h
  e42 s0 g20749 loss 1.2078 (c/l/t 0.523/0.534/0.008) 1.48h
  e42 s200 g20949 loss 1.0845 (c/l/t 0.545/0.403/0.007) 1.49h
  e42 s400 g21149 loss 1.0657 (c/l/t 0.501/0.420/0.007) 1.51h
epoch   42 train 1.1888 val 1.1934 lr 1.00e-04 1.51h
  e43 s0 g21243 loss 1.1353 (c/l/t 0.568/0.435/0.007) 1.51h
  e43 s200 g21443 loss 1.2246 (c/l/t 0.549/0.533/0.007) 1.53h
  e43 s400 g21643 loss 0.9566 (c/l/t 0.537/0.299/0.006) 1.54h
epoch   43 train 1.1904 val 1.2240 lr 1.00e-04 1.55h
  e44 s0 g21737 loss 1.1847 (c/l/t 0.653/0.401/0.007) 1.55h
  e44 s200 g21937 loss 1.2154 (c/l/t 0.576/0.497/0.007) 1.56h
  e44 s400 g22137 loss 1.0472 (c/l/t 0.512/0.407/0.006) 1.58h
epoch   44 train 1.1879 val 1.2039 lr 1.00e-04 1.58h
  e45 s0 g22231 loss 1.0630 (c/l/t 0.527/0.401/0.007) 1.59h
  e45 s200 g22431 loss 1.1113 (c/l/t 0.543/0.427/0.007) 1.60h
  e45 s400 g22631 loss 1.2798 (c/l/t 0.569/0.552/0.008) 1.61h
epoch   45 train 1.1842 val 1.1726 lr 1.00e-04 1.62h
  e46 s0 g22725 loss 1.0757 (c/l/t 0.600/0.328/0.007) 1.62h
  e46 s200 g22925 loss 1.1265 (c/l/t 0.568/0.424/0.007) 1.63h
  e46 s400 g23125 loss 1.0328 (c/l/t 0.547/0.347/0.007) 1.65h
epoch   46 train 1.1766 val 1.1413 lr 1.00e-04 1.66h
  e47 s0 g23219 loss 1.2873 (c/l/t 0.576/0.573/0.007) 1.66h
  e47 s200 g23419 loss 1.1611 (c/l/t 0.583/0.429/0.007) 1.67h
  e47 s400 g23619 loss 1.3621 (c/l/t 0.594/0.624/0.007) 1.68h
epoch   47 train 1.1790 val 1.1485 lr 1.00e-04 1.69h
  e48 s0 g23713 loss 1.1832 (c/l/t 0.519/0.521/0.007) 1.69h
  e48 s200 g23913 loss 1.2103 (c/l/t 0.568/0.509/0.007) 1.71h
  e48 s400 g24113 loss 1.0627 (c/l/t 0.516/0.404/0.007) 1.72h
epoch   48 train 1.1795 val 1.2003 lr 1.00e-04 1.73h
  e49 s0 g24207 loss 1.2923 (c/l/t 0.588/0.568/0.007) 1.73h
  e49 s200 g24407 loss 0.9903 (c/l/t 0.532/0.331/0.006) 1.74h
  e49 s400 g24607 loss 1.4540 (c/l/t 0.552/0.771/0.007) 1.76h
epoch   49 train 1.1715 val 1.1270 lr 1.00e-04 1.76h
  e50 s0 g24701 loss 1.1453 (c/l/t 0.543/0.470/0.007) 1.76h
  e50 s200 g24901 loss 1.0086 (c/l/t 0.531/0.352/0.006) 1.78h
  e50 s400 g25101 loss 1.0675 (c/l/t 0.547/0.393/0.006) 1.79h
epoch   50 train 1.1692 val 1.1279 lr 1.00e-04 1.80h
  e51 s0 g25195 loss 1.3003 (c/l/t 0.609/0.554/0.007) 1.80h
  e51 s200 g25395 loss 1.0356 (c/l/t 0.530/0.353/0.008) 1.81h
  e51 s400 g25595 loss 1.1179 (c/l/t 0.601/0.396/0.006) 1.83h
epoch   51 train 1.1661 val 1.1090 lr 1.00e-04 1.83h
  e52 s0 g25689 loss 1.2328 (c/l/t 0.581/0.517/0.007) 1.83h
  e52 s200 g25889 loss 1.2163 (c/l/t 0.654/0.415/0.007) 1.85h
  e52 s400 g26089 loss 1.0448 (c/l/t 0.506/0.419/0.006) 1.86h
epoch   52 train 1.1646 val 1.1783 lr 1.00e-04 1.87h
  e53 s0 g26183 loss 1.1089 (c/l/t 0.529/0.439/0.007) 1.87h
  e53 s200 g26383 loss 1.3962 (c/l/t 0.561/0.698/0.007) 1.88h
  e53 s400 g26583 loss 1.2604 (c/l/t 0.562/0.554/0.007) 1.90h
epoch   53 train 1.1576 val 1.1434 lr 1.00e-04 1.91h
  e54 s0 g26677 loss 1.1121 (c/l/t 0.531/0.448/0.007) 1.91h
  e54 s200 g26877 loss 1.1633 (c/l/t 0.566/0.452/0.007) 1.92h
  e54 s400 g27077 loss 1.1173 (c/l/t 0.539/0.446/0.007) 1.93h
epoch   54 train 1.1609 val 1.1522 lr 1.00e-04 1.94h
  e55 s0 g27171 loss 1.0703 (c/l/t 0.574/0.363/0.007) 1.94h
  e55 s200 g27371 loss 1.1102 (c/l/t 0.558/0.406/0.007) 1.96h
  e55 s400 g27571 loss 1.2699 (c/l/t 0.621/0.503/0.007) 1.97h
epoch   55 train 1.1499 val 1.1373 lr 1.00e-04 1.98h
  e56 s0 g27665 loss 1.1949 (c/l/t 0.579/0.473/0.007) 1.98h
  e56 s200 g27865 loss 0.9613 (c/l/t 0.546/0.291/0.006) 1.99h
  e56 s400 g28065 loss 1.1106 (c/l/t 0.529/0.443/0.007) 2.00h
epoch   56 train 1.1529 val 1.1539 lr 1.00e-04 2.01h
  e57 s0 g28159 loss 1.1161 (c/l/t 0.569/0.404/0.007) 2.01h
  e57 s200 g28359 loss 1.0544 (c/l/t 0.481/0.435/0.007) 2.03h
  e57 s400 g28559 loss 1.2339 (c/l/t 0.559/0.545/0.007) 2.04h
epoch   57 train 1.1537 val 1.1166 lr 1.00e-04 2.05h
  e58 s0 g28653 loss 1.2405 (c/l/t 0.571/0.541/0.006) 2.05h
  e58 s200 g28853 loss 1.2795 (c/l/t 0.583/0.561/0.007) 2.06h
  e58 s400 g29053 loss 1.0883 (c/l/t 0.555/0.384/0.007) 2.07h
epoch   58 train 1.1554 val 1.1620 lr 1.00e-04 2.08h
  e59 s0 g29147 loss 1.0473 (c/l/t 0.527/0.391/0.006) 2.08h
  e59 s200 g29347 loss 1.2783 (c/l/t 0.528/0.609/0.007) 2.10h
  e59 s400 g29547 loss 0.8594 (c/l/t 0.499/0.246/0.006) 2.11h
epoch   59 train 1.1437 val 1.1489 lr 1.00e-04 2.12h
  e60 s0 g29641 loss 1.2290 (c/l/t 0.501/0.591/0.007) 2.12h
  e60 s200 g29841 loss 1.2868 (c/l/t 0.583/0.564/0.007) 2.13h
  e60 s400 g30041 loss 1.1720 (c/l/t 0.560/0.475/0.007) 2.15h
epoch   60 train 1.1534 val 1.1609 lr 1.00e-04 2.15h
  e61 s0 g30135 loss 1.2912 (c/l/t 0.613/0.539/0.007) 2.15h
  e61 s200 g30335 loss 0.9797 (c/l/t 0.521/0.341/0.006) 2.17h
  e61 s400 g30535 loss 1.2626 (c/l/t 0.641/0.486/0.007) 2.18h
epoch   61 train 1.1430 val 1.1630 lr 1.00e-04 2.19h
  e62 s0 g30629 loss 1.0746 (c/l/t 0.528/0.417/0.006) 2.19h
  e62 s200 g30829 loss 1.1705 (c/l/t 0.524/0.509/0.007) 2.20h
  e62 s400 g31029 loss 1.1282 (c/l/t 0.543/0.445/0.007) 2.22h
epoch   62 train 1.1476 val 1.1137 lr 1.00e-04 2.22h
  e63 s0 g31123 loss 1.0854 (c/l/t 0.511/0.445/0.006) 2.22h
  e63 s200 g31323 loss 0.9836 (c/l/t 0.540/0.322/0.006) 2.24h
  e63 s400 g31523 loss 1.1680 (c/l/t 0.549/0.485/0.007) 2.25h
epoch   63 train 1.1450 val 1.0993 lr 1.00e-04 2.26h
  e64 s0 g31617 loss 1.2631 (c/l/t 0.523/0.606/0.007) 2.26h
  e64 s200 g31817 loss 1.0009 (c/l/t 0.483/0.387/0.007) 2.27h
  e64 s400 g32017 loss 1.1240 (c/l/t 0.562/0.432/0.006) 2.29h
epoch   64 train 1.1348 val 1.1422 lr 1.00e-04 2.30h
  e65 s0 g32111 loss 1.1077 (c/l/t 0.535/0.440/0.007) 2.30h
  e65 s200 g32311 loss 1.2085 (c/l/t 0.513/0.560/0.007) 2.31h
  e65 s400 g32511 loss 1.0793 (c/l/t 0.608/0.343/0.006) 2.32h
epoch   65 train 1.1337 val 1.1168 lr 1.00e-04 2.33h
  e66 s0 g32605 loss 1.1352 (c/l/t 0.533/0.468/0.007) 2.33h
  e66 s200 g32805 loss 1.0617 (c/l/t 0.511/0.425/0.006) 2.34h
  e66 s400 g33005 loss 1.1753 (c/l/t 0.555/0.489/0.007) 2.36h
epoch   66 train 1.1324 val 1.1314 lr 1.00e-04 2.37h
  e67 s0 g33099 loss 1.0123 (c/l/t 0.543/0.344/0.006) 2.37h
  e67 s200 g33299 loss 1.0553 (c/l/t 0.594/0.325/0.007) 2.38h
  e67 s400 g33499 loss 1.1315 (c/l/t 0.512/0.496/0.006) 2.39h
epoch   67 train 1.1391 val 1.1048 lr 1.00e-04 2.40h
  e68 s0 g33593 loss 0.9161 (c/l/t 0.510/0.281/0.006) 2.40h
  e68 s200 g33793 loss 1.2506 (c/l/t 0.554/0.552/0.007) 2.42h
  e68 s400 g33993 loss 1.0633 (c/l/t 0.519/0.427/0.006) 2.43h
epoch   68 train 1.1286 val 1.1233 lr 1.00e-04 2.44h
  e69 s0 g34087 loss 1.1025 (c/l/t 0.586/0.371/0.007) 2.44h
  e69 s200 g34287 loss 1.0430 (c/l/t 0.531/0.382/0.007) 2.45h
  e69 s400 g34487 loss 1.1419 (c/l/t 0.560/0.446/0.007) 2.47h
epoch   69 train 1.1297 val 1.1105 lr 1.00e-04 2.47h
  e70 s0 g34581 loss 1.1143 (c/l/t 0.559/0.434/0.006) 2.47h
  e70 s200 g34781 loss 1.0205 (c/l/t 0.549/0.334/0.007) 2.49h
  e70 s400 g34981 loss 1.0280 (c/l/t 0.478/0.434/0.006) 2.50h
epoch   70 train 1.1265 val 1.1893 lr 1.00e-04 2.51h
  e71 s0 g35075 loss 1.0386 (c/l/t 0.551/0.357/0.007) 2.51h
  e71 s200 g35275 loss 1.0847 (c/l/t 0.506/0.435/0.007) 2.52h
  e71 s400 g35475 loss 1.0934 (c/l/t 0.488/0.470/0.007) 2.54h
epoch   71 train 1.1282 val 1.1408 lr 1.00e-04 2.54h
  e72 s0 g35569 loss 1.1758 (c/l/t 0.538/0.506/0.007) 2.54h
  e72 s200 g35769 loss 1.0672 (c/l/t 0.522/0.405/0.007) 2.56h
  e72 s400 g35969 loss 1.1602 (c/l/t 0.519/0.510/0.007) 2.57h
epoch   72 train 1.1271 val 1.0848 lr 1.00e-04 2.58h
  e73 s0 g36063 loss 1.0528 (c/l/t 0.468/0.452/0.007) 2.58h
  e73 s200 g36263 loss 1.0812 (c/l/t 0.527/0.408/0.007) 2.59h
  e73 s400 g36463 loss 1.0729 (c/l/t 0.587/0.356/0.007) 2.61h
epoch   73 train 1.1201 val 1.1672 lr 1.00e-04 2.61h
  e74 s0 g36557 loss 1.2304 (c/l/t 0.536/0.573/0.006) 2.61h
  e74 s200 g36757 loss 1.1662 (c/l/t 0.538/0.465/0.008) 2.63h
  e74 s400 g36957 loss 1.1157 (c/l/t 0.553/0.435/0.006) 2.64h
epoch   74 train 1.1198 val 1.1492 lr 1.00e-04 2.65h
  e75 s0 g37051 loss 1.0432 (c/l/t 0.505/0.419/0.006) 2.65h
  e75 s200 g37251 loss 1.0334 (c/l/t 0.495/0.407/0.007) 2.66h
  e75 s400 g37451 loss 0.9748 (c/l/t 0.495/0.347/0.007) 2.68h
epoch   75 train 1.1244 val 1.1023 lr 1.00e-04 2.69h
  e76 s0 g37545 loss 1.1704 (c/l/t 0.472/0.577/0.006) 2.69h
  e76 s200 g37745 loss 1.1115 (c/l/t 0.559/0.423/0.006) 2.70h
  e76 s400 g37945 loss 1.1126 (c/l/t 0.581/0.402/0.007) 2.71h
epoch   76 train 1.1253 val 1.1411 lr 1.00e-04 2.72h
  e77 s0 g38039 loss 1.1993 (c/l/t 0.526/0.532/0.007) 2.72h
  e77 s200 g38239 loss 0.8832 (c/l/t 0.494/0.270/0.006) 2.74h
  e77 s400 g38439 loss 1.2488 (c/l/t 0.558/0.557/0.007) 2.75h
epoch   77 train 1.1189 val 1.1249 lr 1.00e-04 2.76h
  e78 s0 g38533 loss 1.0017 (c/l/t 0.498/0.370/0.007) 2.76h
  e78 s200 g38733 loss 1.1189 (c/l/t 0.583/0.402/0.007) 2.77h
  e78 s400 g38933 loss 1.0964 (c/l/t 0.542/0.433/0.006) 2.79h
epoch   78 train 1.1136 val 1.0833 lr 1.00e-04 2.79h
  e79 s0 g39027 loss 1.1725 (c/l/t 0.506/0.529/0.007) 2.79h
  e79 s200 g39227 loss 1.1680 (c/l/t 0.538/0.479/0.008) 2.81h
  e79 s400 g39427 loss 1.0851 (c/l/t 0.447/0.505/0.007) 2.82h
epoch   79 train 1.1194 val 1.1396 lr 1.00e-04 2.83h
  e80 s0 g39521 loss 1.0666 (c/l/t 0.540/0.394/0.007) 2.83h
  e80 s200 g39721 loss 1.0266 (c/l/t 0.585/0.322/0.006) 2.84h
  e80 s400 g39921 loss 1.0757 (c/l/t 0.550/0.406/0.006) 2.86h
epoch   80 train 1.1051 val 1.1035 lr 1.00e-04 2.86h
  e81 s0 g40015 loss 1.0916 (c/l/t 0.471/0.485/0.007) 2.86h
  e81 s200 g40215 loss 1.2442 (c/l/t 0.563/0.534/0.007) 2.88h
  e81 s400 g40415 loss 0.9896 (c/l/t 0.448/0.412/0.006) 2.89h
epoch   81 train 1.1146 val 1.1441 lr 1.00e-04 2.90h
  e82 s0 g40509 loss 1.0594 (c/l/t 0.558/0.369/0.007) 2.90h
  e82 s200 g40709 loss 1.0444 (c/l/t 0.504/0.409/0.007) 2.91h
  e82 s400 g40909 loss 0.9688 (c/l/t 0.482/0.362/0.006) 2.93h
epoch   82 train 1.1108 val 1.0839 lr 1.00e-04 2.93h
  e83 s0 g41003 loss 1.0299 (c/l/t 0.530/0.377/0.006) 2.93h
  e83 s200 g41203 loss 0.9978 (c/l/t 0.443/0.426/0.006) 2.95h
  e83 s400 g41403 loss 1.3706 (c/l/t 0.577/0.647/0.007) 2.96h
epoch   83 train 1.1126 val 1.1192 lr 1.00e-04 2.97h
  e84 s0 g41497 loss 1.0655 (c/l/t 0.527/0.416/0.006) 2.97h
  e84 s200 g41697 loss 0.9725 (c/l/t 0.504/0.346/0.006) 2.98h
  e84 s400 g41897 loss 1.0441 (c/l/t 0.462/0.447/0.007) 3.00h
epoch   84 train 1.1028 val 1.1480 lr 1.00e-04 3.00h
  e85 s0 g41991 loss 1.0695 (c/l/t 0.567/0.374/0.006) 3.01h
  e85 s200 g42191 loss 1.0347 (c/l/t 0.461/0.435/0.007) 3.02h
  e85 s400 g42391 loss 1.0404 (c/l/t 0.477/0.438/0.006) 3.03h
epoch   85 train 1.1097 val 1.1506 lr 1.00e-04 3.04h
  e86 s0 g42485 loss 1.1029 (c/l/t 0.548/0.428/0.006) 3.04h
  e86 s200 g42685 loss 1.1808 (c/l/t 0.485/0.561/0.007) 3.05h
  e86 s400 g42885 loss 0.9669 (c/l/t 0.470/0.371/0.006) 3.07h
epoch   86 train 1.1041 val 1.0745 lr 1.00e-04 3.08h
  e87 s0 g42979 loss 1.2330 (c/l/t 0.575/0.523/0.007) 3.08h
  e87 s200 g43179 loss 1.0416 (c/l/t 0.541/0.372/0.006) 3.09h
  e87 s400 g43379 loss 1.0306 (c/l/t 0.516/0.382/0.007) 3.10h
epoch   87 train 1.1094 val 1.1321 lr 1.00e-04 3.11h
  e88 s0 g43473 loss 1.0709 (c/l/t 0.532/0.413/0.006) 3.11h
  e88 s200 g43673 loss 1.0056 (c/l/t 0.531/0.334/0.007) 3.13h
  e88 s400 g43873 loss 1.0223 (c/l/t 0.528/0.364/0.007) 3.14h
epoch   88 train 1.0964 val 1.1112 lr 1.00e-04 3.15h
  e89 s0 g43967 loss 0.9787 (c/l/t 0.486/0.353/0.007) 3.15h
  e89 s200 g44167 loss 1.2462 (c/l/t 0.535/0.580/0.007) 3.16h
  e89 s400 g44367 loss 1.3032 (c/l/t 0.550/0.605/0.007) 3.18h
epoch   89 train 1.1070 val 1.1567 lr 1.00e-04 3.18h
  e90 s0 g44461 loss 1.0374 (c/l/t 0.529/0.376/0.007) 3.18h
  e90 s200 g44661 loss 0.9993 (c/l/t 0.552/0.328/0.006) 3.20h
  e90 s400 g44861 loss 1.1391 (c/l/t 0.556/0.450/0.007) 3.21h
epoch   90 train 1.1044 val 1.1148 lr 1.00e-04 3.22h
  e91 s0 g44955 loss 1.0115 (c/l/t 0.515/0.364/0.007) 3.22h
  e91 s200 g45155 loss 1.3109 (c/l/t 0.493/0.675/0.007) 3.23h
  e91 s400 g45355 loss 0.9905 (c/l/t 0.556/0.308/0.006) 3.25h
epoch   91 train 1.0882 val 1.1119 lr 1.00e-04 3.25h
  e92 s0 g45449 loss 1.3501 (c/l/t 0.544/0.669/0.007) 3.25h
  e92 s200 g45649 loss 1.2399 (c/l/t 0.610/0.487/0.007) 3.27h
  e92 s400 g45849 loss 1.1716 (c/l/t 0.488/0.544/0.007) 3.28h
epoch   92 train 1.0979 val 1.1020 lr 1.00e-04 3.29h
  e93 s0 g45943 loss 1.1162 (c/l/t 0.526/0.477/0.006) 3.29h
  e93 s200 g46143 loss 1.0775 (c/l/t 0.519/0.444/0.006) 3.30h
  e93 s400 g46343 loss 1.1325 (c/l/t 0.515/0.485/0.007) 3.32h
epoch   93 train 1.0957 val 1.1125 lr 1.00e-04 3.33h
  e94 s0 g46437 loss 0.9770 (c/l/t 0.468/0.379/0.006) 3.33h
  e94 s200 g46637 loss 1.2314 (c/l/t 0.481/0.606/0.007) 3.34h
  e94 s400 g46837 loss 1.0051 (c/l/t 0.535/0.347/0.006) 3.35h
epoch   94 train 1.0988 val 1.0897 lr 1.00e-04 3.36h
  e95 s0 g46931 loss 0.9389 (c/l/t 0.529/0.289/0.006) 3.36h
  e95 s200 g47131 loss 1.0990 (c/l/t 0.500/0.478/0.006) 3.38h
  e95 s400 g47331 loss 1.1035 (c/l/t 0.542/0.445/0.006) 3.39h
epoch   95 train 1.0862 val 1.1065 lr 1.00e-04 3.40h
  e96 s0 g47425 loss 1.3062 (c/l/t 0.561/0.614/0.007) 3.40h
  e96 s200 g47625 loss 1.2277 (c/l/t 0.571/0.522/0.007) 3.41h
  e96 s400 g47825 loss 1.0107 (c/l/t 0.515/0.376/0.006) 3.42h
epoch   96 train 1.1006 val 1.0990 lr 1.00e-04 3.43h
  e97 s0 g47919 loss 1.0010 (c/l/t 0.517/0.369/0.006) 3.43h
  e97 s200 g48119 loss 1.0232 (c/l/t 0.496/0.406/0.006) 3.45h
  e97 s400 g48319 loss 0.9291 (c/l/t 0.456/0.350/0.006) 3.46h
epoch   97 train 1.0936 val 1.1032 lr 1.00e-04 3.47h
  e98 s0 g48413 loss 1.0878 (c/l/t 0.453/0.501/0.007) 3.47h
  e98 s200 g48613 loss 1.1697 (c/l/t 0.496/0.544/0.006) 3.48h
  e98 s400 g48813 loss 1.1922 (c/l/t 0.477/0.585/0.006) 3.50h
epoch   98 train 1.0963 val 1.1297 lr 1.00e-04 3.50h
  e99 s0 g48907 loss 1.0104 (c/l/t 0.533/0.346/0.007) 3.50h
  e99 s200 g49107 loss 1.1090 (c/l/t 0.543/0.433/0.007) 3.52h
  e99 s400 g49307 loss 0.9887 (c/l/t 0.458/0.411/0.006) 3.53h
epoch   99 train 1.0881 val 1.0832 lr 1.00e-04 3.54h
  e100 s0 g49401 loss 1.1579 (c/l/t 0.504/0.537/0.006) 3.54h
  e100 s200 g49601 loss 1.1833 (c/l/t 0.561/0.485/0.007) 3.55h
  e100 s400 g49801 loss 1.0871 (c/l/t 0.546/0.411/0.006) 3.57h
epoch  100 train 1.0905 val 1.0697 lr 1.00e-04 3.57h
  e101 s0 g49895 loss 1.1515 (c/l/t 0.560/0.462/0.006) 3.57h
  e101 s200 g50095 loss 1.2240 (c/l/t 0.566/0.518/0.007) 3.59h
  e101 s400 g50295 loss 0.9938 (c/l/t 0.566/0.304/0.006) 3.60h
epoch  101 train 1.0886 val 1.0545 lr 1.00e-04 3.61h
  e102 s0 g50389 loss 1.0014 (c/l/t 0.494/0.377/0.007) 3.61h
  e102 s200 g50589 loss 1.0008 (c/l/t 0.495/0.373/0.007) 3.62h
  e102 s400 g50789 loss 1.1103 (c/l/t 0.475/0.493/0.007) 3.64h
epoch  102 train 1.0882 val 1.0595 lr 1.00e-04 3.65h
  e103 s0 g50883 loss 1.0780 (c/l/t 0.487/0.465/0.006) 3.65h
  e103 s200 g51083 loss 1.1619 (c/l/t 0.515/0.514/0.007) 3.66h
  e103 s400 g51283 loss 0.9353 (c/l/t 0.452/0.338/0.007) 3.67h
epoch  103 train 1.0843 val 1.0968 lr 1.00e-04 3.68h
  e104 s0 g51377 loss 1.0525 (c/l/t 0.524/0.410/0.006) 3.68h
  e104 s200 g51577 loss 1.0261 (c/l/t 0.570/0.327/0.006) 3.70h
  e104 s400 g51777 loss 0.9351 (c/l/t 0.529/0.282/0.006) 3.71h
epoch  104 train 1.0947 val 1.0696 lr 1.00e-04 3.72h
  e105 s0 g51871 loss 1.1651 (c/l/t 0.529/0.525/0.006) 3.72h
  e105 s200 g52071 loss 0.9665 (c/l/t 0.496/0.338/0.007) 3.73h
  e105 s400 g52271 loss 1.3257 (c/l/t 0.497/0.685/0.007) 3.75h
epoch  105 train 1.0812 val 1.0917 lr 1.00e-04 3.75h
  e106 s0 g52365 loss 1.0831 (c/l/t 0.529/0.437/0.006) 3.75h
  e106 s200 g52565 loss 1.1397 (c/l/t 0.549/0.444/0.007) 3.77h
  e106 s400 g52765 loss 1.2010 (c/l/t 0.547/0.520/0.007) 3.78h
epoch  106 train 1.0892 val 1.0941 lr 1.00e-04 3.79h
  e107 s0 g52859 loss 1.0388 (c/l/t 0.505/0.394/0.007) 3.79h
  e107 s200 g53059 loss 1.0870 (c/l/t 0.535/0.409/0.007) 3.80h
  e107 s400 g53259 loss 1.0343 (c/l/t 0.497/0.410/0.006) 3.82h
epoch  107 train 1.0800 val 1.0711 lr 1.00e-04 3.82h
  e108 s0 g53353 loss 1.1000 (c/l/t 0.515/0.463/0.006) 3.82h
  e108 s200 g53553 loss 1.1508 (c/l/t 0.504/0.525/0.006) 3.84h
  e108 s400 g53753 loss 1.0097 (c/l/t 0.494/0.383/0.007) 3.85h
epoch  108 train 1.0825 val 1.0991 lr 1.00e-04 3.86h
  e109 s0 g53847 loss 0.9504 (c/l/t 0.483/0.340/0.006) 3.86h
  e109 s200 g54047 loss 1.0867 (c/l/t 0.552/0.406/0.006) 3.87h
  e109 s400 g54247 loss 1.1532 (c/l/t 0.518/0.495/0.007) 3.89h
epoch  109 train 1.0810 val 1.0444 lr 1.00e-04 3.90h
  e110 s0 g54341 loss 1.0565 (c/l/t 0.540/0.388/0.006) 3.90h
  e110 s200 g54541 loss 0.8859 (c/l/t 0.479/0.274/0.007) 3.91h
  e110 s400 g54741 loss 1.0156 (c/l/t 0.506/0.370/0.007) 3.92h
epoch  110 train 1.0828 val 1.0912 lr 1.00e-04 3.93h
  e111 s0 g54835 loss 1.0243 (c/l/t 0.516/0.381/0.006) 3.93h
  e111 s200 g55035 loss 1.0060 (c/l/t 0.525/0.359/0.006) 3.95h
  e111 s400 g55235 loss 1.0666 (c/l/t 0.496/0.440/0.007) 3.96h
epoch  111 train 1.0781 val 1.0491 lr 1.00e-04 3.97h
  e112 s0 g55329 loss 1.1797 (c/l/t 0.520/0.521/0.007) 3.97h
  e112 s200 g55529 loss 1.0137 (c/l/t 0.474/0.411/0.006) 3.98h
  e112 s400 g55729 loss 0.9355 (c/l/t 0.484/0.330/0.006) 4.00h
epoch  112 train 1.0808 val 1.1140 lr 1.00e-04 4.00h
  e113 s0 g55823 loss 1.0395 (c/l/t 0.529/0.379/0.007) 4.00h
  e113 s200 g56023 loss 1.1071 (c/l/t 0.513/0.463/0.007) 4.02h
  e113 s400 g56223 loss 1.1435 (c/l/t 0.562/0.447/0.007) 4.03h
epoch  113 train 1.0784 val 1.0945 lr 1.00e-04 4.04h
  e114 s0 g56317 loss 1.0128 (c/l/t 0.437/0.450/0.006) 4.04h
  e114 s200 g56517 loss 1.0877 (c/l/t 0.480/0.484/0.006) 4.05h
  e114 s400 g56717 loss 0.8109 (c/l/t 0.479/0.213/0.006) 4.07h
epoch  114 train 1.0717 val 1.0856 lr 1.00e-04 4.07h
  e115 s0 g56811 loss 1.0683 (c/l/t 0.530/0.422/0.006) 4.07h
  e115 s200 g57011 loss 0.9962 (c/l/t 0.558/0.318/0.006) 4.09h
  e115 s400 g57211 loss 0.9660 (c/l/t 0.505/0.326/0.007) 4.10h
epoch  115 train 1.0791 val 1.0738 lr 1.00e-04 4.11h
  e116 s0 g57305 loss 1.0871 (c/l/t 0.499/0.457/0.007) 4.11h
  e116 s200 g57505 loss 0.9837 (c/l/t 0.521/0.338/0.006) 4.12h
  e116 s400 g57705 loss 1.0509 (c/l/t 0.518/0.390/0.007) 4.14h
epoch  116 train 1.0708 val 1.0669 lr 1.00e-04 4.14h
  e117 s0 g57799 loss 1.0237 (c/l/t 0.493/0.400/0.007) 4.15h
  e117 s200 g57999 loss 0.8392 (c/l/t 0.501/0.216/0.006) 4.16h
  e117 s400 g58199 loss 0.9830 (c/l/t 0.532/0.323/0.006) 4.17h
epoch  117 train 1.0779 val 1.0358 lr 1.00e-04 4.18h
  e118 s0 g58293 loss 1.0934 (c/l/t 0.523/0.440/0.007) 4.18h
  e118 s200 g58493 loss 0.9109 (c/l/t 0.483/0.299/0.006) 4.20h
  e118 s400 g58693 loss 1.1255 (c/l/t 0.500/0.490/0.007) 4.21h
epoch  118 train 1.0728 val 1.0916 lr 1.00e-04 4.22h
  e119 s0 g58787 loss 1.0334 (c/l/t 0.531/0.374/0.006) 4.22h
  e119 s200 g58987 loss 0.9877 (c/l/t 0.556/0.309/0.006) 4.23h
  e119 s400 g59187 loss 1.0092 (c/l/t 0.470/0.422/0.006) 4.24h
epoch  119 train 1.0690 val 1.0528 lr 1.00e-04 4.25h
  e120 s0 g59281 loss 1.1514 (c/l/t 0.548/0.474/0.006) 4.25h
  e120 s200 g59481 loss 1.1049 (c/l/t 0.552/0.429/0.006) 4.27h
  e120 s400 g59681 loss 1.0216 (c/l/t 0.495/0.385/0.007) 4.28h
epoch  120 train 1.0714 val 1.0341 lr 1.00e-04 4.29h
  e121 s0 g59775 loss 1.3072 (c/l/t 0.501/0.655/0.008) 4.29h
  e121 s200 g59975 loss 0.9987 (c/l/t 0.578/0.295/0.006) 4.30h
  e121 s400 g60175 loss 1.0993 (c/l/t 0.521/0.457/0.006) 4.32h
epoch  121 train 1.0717 val 1.0925 lr 1.00e-04 4.32h
  e122 s0 g60269 loss 1.1468 (c/l/t 0.486/0.524/0.007) 4.32h
  e122 s200 g60469 loss 1.1163 (c/l/t 0.452/0.525/0.007) 4.34h
  e122 s400 g60669 loss 1.0779 (c/l/t 0.556/0.392/0.006) 4.35h
epoch  122 train 1.0655 val 1.1055 lr 1.00e-04 4.36h
  e123 s0 g60763 loss 1.1366 (c/l/t 0.540/0.472/0.006) 4.36h
  e123 s200 g60963 loss 1.0692 (c/l/t 0.449/0.488/0.007) 4.37h
  e123 s400 g61163 loss 1.2892 (c/l/t 0.487/0.669/0.007) 4.39h
epoch  123 train 1.0645 val 1.0246 lr 1.00e-04 4.39h
  e124 s0 g61257 loss 0.8828 (c/l/t 0.513/0.248/0.006) 4.39h
  e124 s200 g61457 loss 1.1075 (c/l/t 0.522/0.459/0.006) 4.41h
  e124 s400 g61657 loss 1.1547 (c/l/t 0.539/0.498/0.006) 4.42h
epoch  124 train 1.0637 val 1.0908 lr 1.00e-04 4.43h
  e125 s0 g61751 loss 1.0927 (c/l/t 0.520/0.441/0.007) 4.43h
  e125 s200 g61951 loss 1.1203 (c/l/t 0.499/0.505/0.006) 4.44h
  e125 s400 g62151 loss 1.0825 (c/l/t 0.491/0.462/0.007) 4.46h
epoch  125 train 1.0614 val 1.0942 lr 1.00e-04 4.47h
  e126 s0 g62245 loss 0.9135 (c/l/t 0.439/0.343/0.007) 4.47h
  e126 s200 g62445 loss 1.1252 (c/l/t 0.400/0.597/0.006) 4.48h
  e126 s400 g62645 loss 0.9416 (c/l/t 0.511/0.305/0.006) 4.49h
epoch  126 train 1.0639 val 1.1131 lr 1.00e-04 4.50h
  e127 s0 g62739 loss 1.0432 (c/l/t 0.472/0.442/0.006) 4.50h
  e127 s200 g62939 loss 0.9039 (c/l/t 0.478/0.300/0.006) 4.52h
  e127 s400 g63139 loss 1.0019 (c/l/t 0.488/0.391/0.006) 4.53h
epoch  127 train 1.0723 val 1.0563 lr 1.00e-04 4.54h
  e128 s0 g63233 loss 0.9532 (c/l/t 0.487/0.347/0.006) 4.54h
  e128 s200 g63433 loss 1.2134 (c/l/t 0.512/0.581/0.006) 4.55h
  e128 s400 g63633 loss 0.9554 (c/l/t 0.532/0.311/0.006) 4.57h
epoch  128 train 1.0670 val 1.0750 lr 1.00e-04 4.57h
  e129 s0 g63727 loss 1.1628 (c/l/t 0.494/0.533/0.007) 4.57h
  e129 s200 g63927 loss 1.2851 (c/l/t 0.506/0.640/0.007) 4.59h
  e129 s400 g64127 loss 0.9757 (c/l/t 0.491/0.360/0.006) 4.60h
epoch  129 train 1.0633 val 1.0428 lr 1.00e-04 4.61h
  e130 s0 g64221 loss 1.2262 (c/l/t 0.556/0.529/0.007) 4.61h
  e130 s200 g64421 loss 1.1977 (c/l/t 0.527/0.535/0.007) 4.62h
  e130 s400 g64621 loss 1.1257 (c/l/t 0.493/0.502/0.007) 4.64h
epoch  130 train 1.0651 val 1.0490 lr 1.00e-04 4.64h
  e131 s0 g64715 loss 1.2956 (c/l/t 0.485/0.676/0.007) 4.64h
  e131 s200 g64915 loss 0.9637 (c/l/t 0.456/0.381/0.006) 4.66h
  e131 s400 g65115 loss 1.0324 (c/l/t 0.528/0.374/0.007) 4.67h
epoch  131 train 1.0638 val 1.0968 lr 1.00e-04 4.68h
  e132 s0 g65209 loss 1.0866 (c/l/t 0.560/0.393/0.007) 4.68h
  e132 s200 g65409 loss 1.1480 (c/l/t 0.553/0.457/0.007) 4.69h
  e132 s400 g65609 loss 1.4484 (c/l/t 0.520/0.805/0.006) 4.71h
epoch  132 train 1.0631 val 1.0461 lr 1.00e-04 4.72h
  e133 s0 g65703 loss 1.0117 (c/l/t 0.502/0.379/0.007) 4.72h
  e133 s200 g65903 loss 1.0182 (c/l/t 0.565/0.321/0.007) 4.73h
  e133 s400 g66103 loss 1.1644 (c/l/t 0.521/0.507/0.007) 4.74h
epoch  133 train 1.0600 val 1.0706 lr 1.00e-04 4.75h
  e134 s0 g66197 loss 0.9292 (c/l/t 0.507/0.286/0.007) 4.75h
  e134 s200 g66397 loss 1.1601 (c/l/t 0.508/0.516/0.007) 4.77h
  e134 s400 g66597 loss 0.9939 (c/l/t 0.563/0.302/0.006) 4.78h
epoch  134 train 1.0611 val 1.0576 lr 1.00e-04 4.79h
  e135 s0 g66691 loss 1.1354 (c/l/t 0.472/0.536/0.006) 4.79h
  e135 s200 g66891 loss 1.1411 (c/l/t 0.541/0.477/0.006) 4.80h
  e135 s400 g67091 loss 1.1535 (c/l/t 0.490/0.545/0.006) 4.82h
epoch  135 train 1.0624 val 1.0757 lr 1.00e-04 4.82h
  e136 s0 g67185 loss 1.0692 (c/l/t 0.508/0.440/0.006) 4.82h
  e136 s200 g67385 loss 1.0187 (c/l/t 0.415/0.469/0.007) 4.84h
  e136 s400 g67585 loss 1.1136 (c/l/t 0.507/0.476/0.007) 4.85h
epoch  136 train 1.0625 val 1.0860 lr 1.00e-04 4.86h
  e137 s0 g67679 loss 1.0472 (c/l/t 0.491/0.431/0.006) 4.86h
  e137 s200 g67879 loss 1.0556 (c/l/t 0.509/0.422/0.006) 4.87h
  e137 s400 g68079 loss 1.0528 (c/l/t 0.473/0.461/0.006) 4.89h
epoch  137 train 1.0558 val 1.0802 lr 1.00e-04 4.89h
  e138 s0 g68173 loss 1.1200 (c/l/t 0.533/0.457/0.007) 4.89h
  e138 s200 g68373 loss 0.8793 (c/l/t 0.457/0.301/0.006) 4.91h
  e138 s400 g68573 loss 0.9229 (c/l/t 0.469/0.343/0.006) 4.92h
epoch  138 train 1.0536 val 1.0840 lr 1.00e-04 4.93h
  e139 s0 g68667 loss 1.0441 (c/l/t 0.459/0.453/0.007) 4.93h
  e139 s200 g68867 loss 0.9482 (c/l/t 0.459/0.365/0.006) 4.94h
  e139 s400 g69067 loss 0.9893 (c/l/t 0.475/0.386/0.006) 4.96h
epoch  139 train 1.0575 val 1.0557 lr 1.00e-04 4.96h
  e140 s0 g69161 loss 0.9274 (c/l/t 0.483/0.324/0.006) 4.97h
  e140 s200 g69361 loss 0.9833 (c/l/t 0.478/0.369/0.007) 4.98h
  e140 s400 g69561 loss 0.9297 (c/l/t 0.490/0.310/0.006) 4.99h
epoch  140 train 1.0522 val 1.0437 lr 1.00e-04 5.00h
  e141 s0 g69655 loss 1.2163 (c/l/t 0.492/0.592/0.007) 5.00h
  e141 s200 g69855 loss 1.2355 (c/l/t 0.530/0.570/0.007) 5.01h
  e141 s400 g70055 loss 0.9859 (c/l/t 0.538/0.325/0.006) 5.03h
epoch  141 train 1.0573 val 1.0923 lr 1.00e-04 5.04h
  e142 s0 g70149 loss 0.9525 (c/l/t 0.442/0.399/0.006) 5.04h
  e142 s200 g70349 loss 1.0577 (c/l/t 0.483/0.455/0.006) 5.05h
  e142 s400 g70549 loss 1.0921 (c/l/t 0.499/0.461/0.007) 5.06h
epoch  142 train 1.0562 val 1.0895 lr 1.00e-04 5.07h
  e143 s0 g70643 loss 1.0262 (c/l/t 0.544/0.344/0.007) 5.07h
  e143 s200 g70843 loss 1.2425 (c/l/t 0.539/0.563/0.007) 5.09h
  e143 s400 g71043 loss 1.0964 (c/l/t 0.492/0.491/0.006) 5.10h
epoch  143 train 1.0583 val 1.0526 lr 1.00e-04 5.11h
  e144 s0 g71137 loss 1.1364 (c/l/t 0.524/0.472/0.007) 5.11h
  e144 s200 g71337 loss 1.0631 (c/l/t 0.518/0.411/0.007) 5.12h
  e144 s400 g71537 loss 0.9563 (c/l/t 0.461/0.361/0.007) 5.14h
epoch  144 train 1.0582 val 1.0964 lr 1.00e-04 5.14h
  e145 s0 g71631 loss 1.0179 (c/l/t 0.450/0.433/0.007) 5.14h
  e145 s200 g71831 loss 1.0266 (c/l/t 0.509/0.396/0.006) 5.16h
  e145 s400 g72031 loss 0.9493 (c/l/t 0.492/0.341/0.006) 5.17h
epoch  145 train 1.0554 val 0.9995 lr 1.00e-04 5.18h
  e146 s0 g72125 loss 1.0937 (c/l/t 0.494/0.469/0.007) 5.18h
  e146 s200 g72325 loss 1.1101 (c/l/t 0.494/0.489/0.006) 5.19h
  e146 s400 g72525 loss 0.9895 (c/l/t 0.480/0.395/0.006) 5.21h
epoch  146 train 1.0535 val 1.0804 lr 1.00e-04 5.21h
  e147 s0 g72619 loss 1.1780 (c/l/t 0.535/0.513/0.006) 5.22h
  e147 s200 g72819 loss 1.0657 (c/l/t 0.506/0.437/0.006) 5.23h
  e147 s400 g73019 loss 0.9739 (c/l/t 0.501/0.355/0.006) 5.24h
epoch  147 train 1.0481 val 1.0093 lr 1.00e-04 5.25h
  e148 s0 g73113 loss 0.9366 (c/l/t 0.471/0.339/0.006) 5.25h
  e148 s200 g73313 loss 1.0990 (c/l/t 0.534/0.451/0.006) 5.26h
  e148 s400 g73513 loss 0.9175 (c/l/t 0.435/0.368/0.006) 5.28h
epoch  148 train 1.0535 val 1.0464 lr 1.00e-04 5.29h
  e149 s0 g73607 loss 0.8796 (c/l/t 0.454/0.296/0.006) 5.29h
  e149 s200 g73807 loss 0.9516 (c/l/t 0.547/0.279/0.006) 5.30h
  e149 s400 g74007 loss 0.9948 (c/l/t 0.501/0.365/0.006) 5.32h
epoch  149 train 1.0461 val 1.0663 lr 1.00e-04 5.32h
  e150 s0 g74101 loss 1.0878 (c/l/t 0.444/0.514/0.006) 5.32h
  e150 s200 g74301 loss 1.1297 (c/l/t 0.551/0.445/0.007) 5.34h
  e150 s400 g74501 loss 0.9139 (c/l/t 0.505/0.306/0.005) 5.35h
epoch  150 train 1.0432 val 1.0694 lr 1.00e-04 5.36h
  e151 s0 g74595 loss 1.1657 (c/l/t 0.505/0.524/0.007) 5.36h
  e151 s200 g74795 loss 1.0814 (c/l/t 0.516/0.455/0.006) 5.37h
  e151 s400 g74995 loss 0.9939 (c/l/t 0.553/0.306/0.007) 5.39h
epoch  151 train 1.0473 val 1.0140 lr 1.00e-04 5.39h
  e152 s0 g75089 loss 1.0238 (c/l/t 0.492/0.406/0.006) 5.39h
  e152 s200 g75289 loss 0.9626 (c/l/t 0.518/0.312/0.007) 5.41h
  e152 s400 g75489 loss 1.1388 (c/l/t 0.502/0.517/0.006) 5.42h
epoch  152 train 1.0450 val 1.0470 lr 1.00e-04 5.43h
  e153 s0 g75583 loss 1.0616 (c/l/t 0.516/0.417/0.006) 5.43h
  e153 s200 g75783 loss 1.0133 (c/l/t 0.475/0.431/0.005) 5.44h
  e153 s400 g75983 loss 1.0182 (c/l/t 0.475/0.407/0.007) 5.46h
epoch  153 train 1.0500 val 1.0461 lr 1.00e-04 5.46h
  e154 s0 g76077 loss 1.0979 (c/l/t 0.427/0.549/0.006) 5.47h
  e154 s200 g76277 loss 0.9930 (c/l/t 0.504/0.365/0.006) 5.48h
  e154 s400 g76477 loss 0.8676 (c/l/t 0.465/0.284/0.006) 5.49h
epoch  154 train 1.0501 val 1.0526 lr 1.00e-04 5.50h
  e155 s0 g76571 loss 1.0905 (c/l/t 0.494/0.461/0.007) 5.50h
  e155 s200 g76771 loss 1.3466 (c/l/t 0.571/0.637/0.007) 5.51h
  e155 s400 g76971 loss 0.9767 (c/l/t 0.471/0.369/0.007) 5.53h
epoch  155 train 1.0506 val 1.0805 lr 1.00e-04 5.54h
  e156 s0 g77065 loss 0.9552 (c/l/t 0.499/0.329/0.006) 5.54h
  e156 s200 g77265 loss 1.2526 (c/l/t 0.514/0.608/0.007) 5.55h
  e156 s400 g77465 loss 1.0796 (c/l/t 0.491/0.462/0.006) 5.56h
epoch  156 train 1.0526 val 1.0342 lr 1.00e-04 5.57h
  e157 s0 g77559 loss 0.8570 (c/l/t 0.490/0.269/0.005) 5.57h
  e157 s200 g77759 loss 1.1567 (c/l/t 0.561/0.465/0.007) 5.59h
  e157 s400 g77959 loss 1.1195 (c/l/t 0.488/0.506/0.006) 5.60h
epoch  157 train 1.0387 val 1.0353 lr 1.00e-04 5.61h
  e158 s0 g78053 loss 0.9836 (c/l/t 0.500/0.363/0.006) 5.61h
  e158 s200 g78253 loss 1.0942 (c/l/t 0.518/0.448/0.006) 5.62h
  e158 s400 g78453 loss 0.9396 (c/l/t 0.482/0.333/0.006) 5.64h
epoch  158 train 1.0430 val 1.0448 lr 1.00e-04 5.64h
  e159 s0 g78547 loss 1.1116 (c/l/t 0.522/0.463/0.006) 5.64h
  e159 s200 g78747 loss 0.9036 (c/l/t 0.525/0.260/0.006) 5.66h
  e159 s400 g78947 loss 1.0613 (c/l/t 0.473/0.448/0.007) 5.67h
epoch  159 train 1.0459 val 1.0694 lr 1.00e-04 5.68h
  e160 s0 g79041 loss 1.0610 (c/l/t 0.461/0.477/0.006) 5.68h
  e160 s200 g79241 loss 1.0442 (c/l/t 0.467/0.439/0.007) 5.69h
  e160 s400 g79441 loss 1.2652 (c/l/t 0.511/0.628/0.006) 5.71h
epoch  160 train 1.0511 val 1.0147 lr 1.00e-04 5.72h
  e161 s0 g79535 loss 1.0432 (c/l/t 0.526/0.389/0.006) 5.72h
  e161 s200 g79735 loss 0.9905 (c/l/t 0.493/0.376/0.006) 5.73h
  e161 s400 g79935 loss 1.3758 (c/l/t 0.454/0.793/0.006) 5.74h
epoch  161 train 1.0392 val 1.0287 lr 1.00e-04 5.75h
  e162 s0 g80029 loss 1.0219 (c/l/t 0.556/0.337/0.006) 5.75h
  e162 s200 g80229 loss 1.0400 (c/l/t 0.490/0.411/0.007) 5.77h
  e162 s400 g80429 loss 1.1064 (c/l/t 0.458/0.528/0.006) 5.78h
epoch  162 train 1.0426 val 1.0322 lr 1.00e-04 5.79h
  e163 s0 g80523 loss 1.1449 (c/l/t 0.556/0.447/0.007) 5.79h
  e163 s200 g80723 loss 0.9461 (c/l/t 0.427/0.411/0.005) 5.80h
  e163 s400 g80923 loss 0.9541 (c/l/t 0.444/0.393/0.006) 5.82h
epoch  163 train 1.0428 val 1.0475 lr 1.00e-04 5.82h
  e164 s0 g81017 loss 0.9508 (c/l/t 0.498/0.332/0.006) 5.82h
  e164 s200 g81217 loss 1.0921 (c/l/t 0.482/0.484/0.006) 5.84h
  e164 s400 g81417 loss 1.0849 (c/l/t 0.501/0.445/0.007) 5.85h
epoch  164 train 1.0412 val 1.0122 lr 1.00e-04 5.86h
  e165 s0 g81511 loss 1.3261 (c/l/t 0.471/0.715/0.007) 5.86h
  e165 s200 g81711 loss 0.9964 (c/l/t 0.420/0.455/0.006) 5.87h
  e165 s400 g81911 loss 1.2237 (c/l/t 0.533/0.564/0.006) 5.89h
epoch  165 train 1.0427 val 1.0785 lr 1.00e-04 5.89h
  e166 s0 g82005 loss 0.9642 (c/l/t 0.461/0.392/0.006) 5.89h
  e166 s200 g82205 loss 0.8722 (c/l/t 0.486/0.262/0.006) 5.91h
  e166 s400 g82405 loss 1.0533 (c/l/t 0.502/0.431/0.006) 5.92h
epoch  166 train 1.0421 val 1.0703 lr 1.00e-04 5.93h
  e167 s0 g82499 loss 0.9131 (c/l/t 0.476/0.327/0.006) 5.93h
  e167 s200 g82699 loss 1.5255 (c/l/t 0.535/0.872/0.006) 5.94h
  e167 s400 g82899 loss 0.9748 (c/l/t 0.476/0.379/0.006) 5.96h
epoch  167 train 1.0373 val 1.0200 lr 1.00e-04 5.96h
  e168 s0 g82993 loss 1.0049 (c/l/t 0.516/0.366/0.006) 5.96h
  e168 s200 g83193 loss 1.0783 (c/l/t 0.508/0.443/0.006) 5.98h
  e168 s400 g83393 loss 1.1148 (c/l/t 0.476/0.513/0.006) 5.99h
epoch  168 train 1.0366 val 1.0983 lr 1.00e-04 6.00h
wallclock budget reached at epoch 168
done. best val 0.9995 -> checkpoints/gen_50k.ckpt (latest -> checkpoints/gen_50k_latest.ckpt)
