records=10000 train_batches=98 val_batches=4 batch=96 device=cuda budget=3.0h
auto-batch -> 96
  e0 s0 g1 loss 2.2775 (c/l/t 0.880/1.199/0.010) 0.00h
epoch    0 train 1.7550 val 1.7147 lr 1.00e-04 0.00h
  e1 s0 g99 loss 1.7185 (c/l/t 0.813/0.712/0.010) 0.00h
epoch    1 train 1.6546 val 1.6271 lr 1.00e-04 0.01h
  e2 s0 g197 loss 1.4108 (c/l/t 0.750/0.466/0.010) 0.01h
epoch    2 train 1.6025 val 1.6544 lr 1.00e-04 0.01h
  e3 s0 g295 loss 1.6612 (c/l/t 0.826/0.646/0.009) 0.01h
epoch    3 train 1.6094 val 1.6700 lr 1.00e-04 0.02h
  e4 s0 g393 loss 1.5378 (c/l/t 0.736/0.608/0.010) 0.02h
epoch    4 train 1.5785 val 1.6416 lr 1.00e-04 0.02h
  e5 s0 g491 loss 1.6474 (c/l/t 0.793/0.662/0.010) 0.02h
epoch    5 train 1.5730 val 1.5341 lr 1.00e-04 0.03h
  e6 s0 g589 loss 1.8941 (c/l/t 0.817/0.888/0.009) 0.03h
epoch    6 train 1.5431 val 1.5858 lr 1.00e-04 0.03h
  e7 s0 g687 loss 1.4860 (c/l/t 0.719/0.579/0.009) 0.03h
epoch    7 train 1.5265 val 1.5251 lr 1.00e-04 0.04h
  e8 s0 g785 loss 1.6152 (c/l/t 0.800/0.623/0.010) 0.04h
epoch    8 train 1.5381 val 1.5039 lr 1.00e-04 0.04h
  e9 s0 g883 loss 1.6603 (c/l/t 0.766/0.706/0.009) 0.04h
epoch    9 train 1.5366 val 1.4995 lr 1.00e-04 0.05h
  e10 s0 g981 loss 1.6679 (c/l/t 0.793/0.691/0.009) 0.05h
epoch   10 train 1.5267 val 1.5909 lr 1.00e-04 0.05h
  e11 s0 g1079 loss 1.4665 (c/l/t 0.788/0.492/0.009) 0.05h
epoch   11 train 1.5234 val 1.5274 lr 1.00e-04 0.06h
  e12 s0 g1177 loss 1.5330 (c/l/t 0.779/0.565/0.009) 0.06h
epoch   12 train 1.5054 val 1.4698 lr 1.00e-04 0.06h
  e13 s0 g1275 loss 1.4769 (c/l/t 0.824/0.464/0.009) 0.06h
epoch   13 train 1.5110 val 1.4506 lr 1.00e-04 0.07h
  e14 s0 g1373 loss 1.6817 (c/l/t 0.856/0.639/0.009) 0.07h
epoch   14 train 1.4965 val 1.5604 lr 1.00e-04 0.07h
  e15 s0 g1471 loss 1.3351 (c/l/t 0.735/0.418/0.009) 0.07h
epoch   15 train 1.5000 val 1.4746 lr 1.00e-04 0.08h
  e16 s0 g1569 loss 1.5221 (c/l/t 0.712/0.620/0.009) 0.08h
epoch   16 train 1.5007 val 1.4251 lr 1.00e-04 0.08h
  e17 s0 g1667 loss 1.5012 (c/l/t 0.792/0.524/0.009) 0.08h
epoch   17 train 1.4912 val 1.4643 lr 1.00e-04 0.09h
  e18 s0 g1765 loss 1.4173 (c/l/t 0.783/0.449/0.009) 0.09h
epoch   18 train 1.4850 val 1.4328 lr 1.00e-04 0.09h
  e19 s0 g1863 loss 1.4565 (c/l/t 0.776/0.497/0.009) 0.09h
epoch   19 train 1.4811 val 1.4191 lr 1.00e-04 0.10h
  e20 s0 g1961 loss 1.6662 (c/l/t 0.764/0.718/0.009) 0.10h
epoch   20 train 1.4768 val 1.3864 lr 1.00e-04 0.10h
  e21 s0 g2059 loss 1.4235 (c/l/t 0.700/0.547/0.009) 0.10h
epoch   21 train 1.4673 val 1.4931 lr 1.00e-04 0.11h
  e22 s0 g2157 loss 1.4303 (c/l/t 0.710/0.544/0.009) 0.11h
epoch   22 train 1.4748 val 1.4772 lr 1.00e-04 0.11h
  e23 s0 g2255 loss 1.4360 (c/l/t 0.699/0.559/0.009) 0.11h
epoch   23 train 1.4723 val 1.4085 lr 1.00e-04 0.12h
  e24 s0 g2353 loss 1.4867 (c/l/t 0.750/0.556/0.009) 0.12h
epoch   24 train 1.4681 val 1.4080 lr 1.00e-04 0.12h
  e25 s0 g2451 loss 1.4719 (c/l/t 0.810/0.481/0.009) 0.12h
epoch   25 train 1.4694 val 1.4816 lr 1.00e-04 0.13h
  e26 s0 g2549 loss 1.4508 (c/l/t 0.728/0.543/0.009) 0.13h
epoch   26 train 1.4473 val 1.4629 lr 1.00e-04 0.13h
  e27 s0 g2647 loss 1.5045 (c/l/t 0.708/0.612/0.009) 0.13h
epoch   27 train 1.4578 val 1.5443 lr 1.00e-04 0.14h
  e28 s0 g2745 loss 1.5218 (c/l/t 0.752/0.590/0.009) 0.14h
epoch   28 train 1.4579 val 1.4117 lr 1.00e-04 0.14h
  e29 s0 g2843 loss 1.4155 (c/l/t 0.708/0.528/0.009) 0.14h
epoch   29 train 1.4331 val 1.4544 lr 1.00e-04 0.15h
  e30 s0 g2941 loss 1.5229 (c/l/t 0.656/0.689/0.009) 0.15h
epoch   30 train 1.4104 val 1.4143 lr 1.00e-04 0.15h
  e31 s0 g3039 loss 1.3931 (c/l/t 0.739/0.479/0.009) 0.15h
epoch   31 train 1.4344 val 1.4272 lr 1.00e-04 0.16h
  e32 s0 g3137 loss 1.5256 (c/l/t 0.673/0.672/0.009) 0.16h
epoch   32 train 1.4323 val 1.3922 lr 1.00e-04 0.16h
  e33 s0 g3235 loss 1.5244 (c/l/t 0.698/0.648/0.009) 0.16h
epoch   33 train 1.4281 val 1.3938 lr 1.00e-04 0.17h
  e34 s0 g3333 loss 1.4277 (c/l/t 0.731/0.524/0.009) 0.17h
epoch   34 train 1.4122 val 1.3593 lr 1.00e-04 0.17h
  e35 s0 g3431 loss 1.3582 (c/l/t 0.661/0.526/0.009) 0.17h
epoch   35 train 1.3977 val 1.4746 lr 1.00e-04 0.18h
  e36 s0 g3529 loss 1.3310 (c/l/t 0.700/0.454/0.009) 0.18h
epoch   36 train 1.3905 val 1.4428 lr 1.00e-04 0.18h
  e37 s0 g3627 loss 1.2711 (c/l/t 0.668/0.427/0.009) 0.18h
epoch   37 train 1.4143 val 1.4820 lr 1.00e-04 0.18h
  e38 s0 g3725 loss 1.4455 (c/l/t 0.707/0.563/0.009) 0.19h
epoch   38 train 1.4179 val 1.3568 lr 1.00e-04 0.19h
  e39 s0 g3823 loss 1.3280 (c/l/t 0.674/0.477/0.009) 0.19h
epoch   39 train 1.3796 val 1.3651 lr 1.00e-04 0.19h
  e40 s0 g3921 loss 1.4983 (c/l/t 0.665/0.664/0.008) 0.19h
epoch   40 train 1.3961 val 1.4171 lr 1.00e-04 0.20h
  e41 s0 g4019 loss 1.4388 (c/l/t 0.758/0.512/0.008) 0.20h
epoch   41 train 1.4015 val 1.4620 lr 1.00e-04 0.20h
  e42 s0 g4117 loss 1.3706 (c/l/t 0.661/0.535/0.009) 0.20h
epoch   42 train 1.4027 val 1.3675 lr 1.00e-04 0.21h
  e43 s0 g4215 loss 1.2715 (c/l/t 0.709/0.405/0.008) 0.21h
epoch   43 train 1.3856 val 1.3965 lr 1.00e-04 0.21h
  e44 s0 g4313 loss 1.3962 (c/l/t 0.690/0.535/0.009) 0.21h
epoch   44 train 1.3673 val 1.6054 lr 1.00e-04 0.22h
  e45 s0 g4411 loss 1.4420 (c/l/t 0.691/0.573/0.009) 0.22h
epoch   45 train 1.3824 val 1.3978 lr 1.00e-04 0.22h
  e46 s0 g4509 loss 1.2443 (c/l/t 0.652/0.422/0.008) 0.22h
epoch   46 train 1.3697 val 1.4619 lr 1.00e-04 0.23h
  e47 s0 g4607 loss 1.3861 (c/l/t 0.758/0.457/0.009) 0.23h
epoch   47 train 1.3830 val 1.3605 lr 1.00e-04 0.23h
  e48 s0 g4705 loss 1.2645 (c/l/t 0.692/0.407/0.008) 0.23h
epoch   48 train 1.3750 val 1.3244 lr 1.00e-04 0.24h
  e49 s0 g4803 loss 1.5927 (c/l/t 0.713/0.712/0.008) 0.24h
epoch   49 train 1.3602 val 1.3576 lr 1.00e-04 0.24h
  e50 s0 g4901 loss 1.2255 (c/l/t 0.620/0.439/0.008) 0.24h
epoch   50 train 1.3699 val 1.3462 lr 1.00e-04 0.25h
  e51 s0 g4999 loss 1.3596 (c/l/t 0.719/0.475/0.008) 0.25h
epoch   51 train 1.3767 val 1.4542 lr 1.00e-04 0.25h
  e52 s0 g5097 loss 1.2545 (c/l/t 0.656/0.436/0.008) 0.25h
epoch   52 train 1.3579 val 1.4157 lr 1.00e-04 0.26h
  e53 s0 g5195 loss 1.3100 (c/l/t 0.715/0.433/0.008) 0.26h
epoch   53 train 1.3468 val 1.3634 lr 1.00e-04 0.26h
  e54 s0 g5293 loss 1.5768 (c/l/t 0.652/0.759/0.008) 0.26h
epoch   54 train 1.3549 val 1.3722 lr 1.00e-04 0.27h
  e55 s0 g5391 loss 1.0655 (c/l/t 0.555/0.346/0.008) 0.27h
epoch   55 train 1.3549 val 1.4524 lr 1.00e-04 0.27h
  e56 s0 g5489 loss 1.3346 (c/l/t 0.644/0.527/0.008) 0.27h
epoch   56 train 1.3562 val 1.3688 lr 1.00e-04 0.28h
  e57 s0 g5587 loss 1.4936 (c/l/t 0.691/0.639/0.008) 0.28h
epoch   57 train 1.3441 val 1.3364 lr 1.00e-04 0.28h
  e58 s0 g5685 loss 1.6022 (c/l/t 0.736/0.692/0.009) 0.28h
epoch   58 train 1.3399 val 1.3175 lr 1.00e-04 0.29h
  e59 s0 g5783 loss 1.3084 (c/l/t 0.707/0.442/0.008) 0.29h
epoch   59 train 1.3531 val 1.3754 lr 1.00e-04 0.29h
  e60 s0 g5881 loss 1.3061 (c/l/t 0.641/0.503/0.008) 0.29h
epoch   60 train 1.3587 val 1.2568 lr 1.00e-04 0.30h
  e61 s0 g5979 loss 1.2560 (c/l/t 0.663/0.429/0.008) 0.30h
epoch   61 train 1.3252 val 1.3633 lr 1.00e-04 0.30h
  e62 s0 g6077 loss 1.4150 (c/l/t 0.650/0.597/0.008) 0.30h
epoch   62 train 1.3441 val 1.3909 lr 1.00e-04 0.31h
  e63 s0 g6175 loss 1.2175 (c/l/t 0.593/0.466/0.008) 0.31h
epoch   63 train 1.3300 val 1.4454 lr 1.00e-04 0.31h
  e64 s0 g6273 loss 1.3529 (c/l/t 0.706/0.481/0.008) 0.31h
epoch   64 train 1.3369 val 1.3662 lr 1.00e-04 0.32h
  e65 s0 g6371 loss 1.1453 (c/l/t 0.643/0.341/0.008) 0.32h
epoch   65 train 1.3314 val 1.3414 lr 1.00e-04 0.32h
  e66 s0 g6469 loss 1.1908 (c/l/t 0.658/0.361/0.009) 0.32h
epoch   66 train 1.3202 val 1.3370 lr 1.00e-04 0.33h
  e67 s0 g6567 loss 1.1175 (c/l/t 0.682/0.286/0.008) 0.33h
epoch   67 train 1.3134 val 1.3207 lr 1.00e-04 0.33h
  e68 s0 g6665 loss 1.4736 (c/l/t 0.695/0.618/0.008) 0.33h
epoch   68 train 1.3361 val 1.3068 lr 1.00e-04 0.34h
  e69 s0 g6763 loss 1.2602 (c/l/t 0.728/0.372/0.008) 0.34h
epoch   69 train 1.3258 val 1.3358 lr 1.00e-04 0.34h
  e70 s0 g6861 loss 1.4338 (c/l/t 0.620/0.661/0.008) 0.34h
epoch   70 train 1.3158 val 1.3073 lr 1.00e-04 0.35h
  e71 s0 g6959 loss 1.2135 (c/l/t 0.641/0.415/0.008) 0.35h
epoch   71 train 1.3216 val 1.3051 lr 1.00e-04 0.35h
  e72 s0 g7057 loss 1.1136 (c/l/t 0.642/0.308/0.008) 0.35h
epoch   72 train 1.3047 val 1.4142 lr 1.00e-04 0.36h
  e73 s0 g7155 loss 1.3703 (c/l/t 0.614/0.584/0.009) 0.36h
epoch   73 train 1.3167 val 1.2873 lr 1.00e-04 0.36h
  e74 s0 g7253 loss 1.4889 (c/l/t 0.733/0.598/0.008) 0.36h
epoch   74 train 1.3042 val 1.3402 lr 1.00e-04 0.37h
  e75 s0 g7351 loss 1.3227 (c/l/t 0.650/0.524/0.007) 0.37h
epoch   75 train 1.2861 val 1.2277 lr 1.00e-04 0.37h
  e76 s0 g7449 loss 1.2772 (c/l/t 0.638/0.484/0.008) 0.37h
epoch   76 train 1.2856 val 1.3157 lr 1.00e-04 0.38h
  e77 s0 g7547 loss 1.3515 (c/l/t 0.674/0.517/0.008) 0.38h
epoch   77 train 1.2964 val 1.2892 lr 1.00e-04 0.38h
  e78 s0 g7645 loss 1.1732 (c/l/t 0.644/0.380/0.007) 0.38h
epoch   78 train 1.2976 val 1.2778 lr 1.00e-04 0.39h
  e79 s0 g7743 loss 1.1231 (c/l/t 0.654/0.317/0.008) 0.39h
epoch   79 train 1.3110 val 1.2905 lr 1.00e-04 0.39h
  e80 s0 g7841 loss 1.1640 (c/l/t 0.627/0.387/0.008) 0.39h
epoch   80 train 1.3016 val 1.2811 lr 1.00e-04 0.40h
  e81 s0 g7939 loss 1.2124 (c/l/t 0.664/0.390/0.008) 0.40h
epoch   81 train 1.3039 val 1.2712 lr 1.00e-04 0.40h
  e82 s0 g8037 loss 1.3579 (c/l/t 0.676/0.545/0.007) 0.40h
epoch   82 train 1.2776 val 1.2674 lr 1.00e-04 0.41h
  e83 s0 g8135 loss 1.1482 (c/l/t 0.635/0.367/0.007) 0.41h
epoch   83 train 1.2901 val 1.2589 lr 1.00e-04 0.41h
  e84 s0 g8233 loss 1.3786 (c/l/t 0.703/0.527/0.007) 0.41h
epoch   84 train 1.2836 val 1.2549 lr 1.00e-04 0.41h
  e85 s0 g8331 loss 1.2836 (c/l/t 0.608/0.522/0.008) 0.42h
epoch   85 train 1.2806 val 1.4074 lr 1.00e-04 0.42h
  e86 s0 g8429 loss 1.2249 (c/l/t 0.608/0.457/0.008) 0.42h
epoch   86 train 1.2673 val 1.3139 lr 1.00e-04 0.42h
  e87 s0 g8527 loss 1.3055 (c/l/t 0.649/0.510/0.007) 0.42h
epoch   87 train 1.2870 val 1.2372 lr 1.00e-04 0.43h
  e88 s0 g8625 loss 1.2080 (c/l/t 0.689/0.364/0.008) 0.43h
epoch   88 train 1.2641 val 1.2913 lr 1.00e-04 0.43h
  e89 s0 g8723 loss 1.2993 (c/l/t 0.627/0.532/0.007) 0.43h
epoch   89 train 1.2779 val 1.3510 lr 1.00e-04 0.44h
  e90 s0 g8821 loss 1.2311 (c/l/t 0.679/0.399/0.008) 0.44h
epoch   90 train 1.2844 val 1.2370 lr 1.00e-04 0.44h
  e91 s0 g8919 loss 1.2846 (c/l/t 0.610/0.531/0.007) 0.44h
epoch   91 train 1.2711 val 1.2176 lr 1.00e-04 0.45h
  e92 s0 g9017 loss 1.2684 (c/l/t 0.608/0.503/0.008) 0.45h
epoch   92 train 1.2752 val 1.2891 lr 1.00e-04 0.45h
  e93 s0 g9115 loss 1.1286 (c/l/t 0.591/0.388/0.008) 0.45h
epoch   93 train 1.2612 val 1.3227 lr 1.00e-04 0.46h
  e94 s0 g9213 loss 1.2963 (c/l/t 0.659/0.480/0.008) 0.46h
epoch   94 train 1.2698 val 1.3006 lr 1.00e-04 0.46h
  e95 s0 g9311 loss 1.2947 (c/l/t 0.628/0.518/0.007) 0.46h
epoch   95 train 1.2665 val 1.2310 lr 1.00e-04 0.47h
  e96 s0 g9409 loss 1.2505 (c/l/t 0.648/0.452/0.008) 0.47h
epoch   96 train 1.2835 val 1.3284 lr 1.00e-04 0.47h
  e97 s0 g9507 loss 1.2605 (c/l/t 0.650/0.466/0.007) 0.47h
epoch   97 train 1.2479 val 1.3368 lr 1.00e-04 0.48h
  e98 s0 g9605 loss 1.3462 (c/l/t 0.639/0.549/0.008) 0.48h
epoch   98 train 1.2700 val 1.1865 lr 1.00e-04 0.48h
  e99 s0 g9703 loss 1.3453 (c/l/t 0.650/0.540/0.008) 0.48h
epoch   99 train 1.2629 val 1.2416 lr 1.00e-04 0.49h
  e100 s0 g9801 loss 1.2148 (c/l/t 0.644/0.417/0.008) 0.49h
epoch  100 train 1.2806 val 1.2876 lr 1.00e-04 0.49h
  e101 s0 g9899 loss 1.2279 (c/l/t 0.631/0.443/0.008) 0.49h
epoch  101 train 1.2475 val 1.2251 lr 1.00e-04 0.50h
  e102 s0 g9997 loss 1.2286 (c/l/t 0.702/0.367/0.008) 0.50h
epoch  102 train 1.2675 val 1.3348 lr 1.00e-04 0.50h
  e103 s0 g10095 loss 1.2165 (c/l/t 0.662/0.420/0.007) 0.50h
epoch  103 train 1.2572 val 1.2380 lr 1.00e-04 0.51h
  e104 s0 g10193 loss 1.3694 (c/l/t 0.615/0.595/0.008) 0.51h
epoch  104 train 1.2738 val 1.2425 lr 1.00e-04 0.51h
  e105 s0 g10291 loss 1.3288 (c/l/t 0.679/0.505/0.007) 0.51h
epoch  105 train 1.2537 val 1.3047 lr 1.00e-04 0.52h
  e106 s0 g10389 loss 1.2951 (c/l/t 0.636/0.528/0.007) 0.52h
epoch  106 train 1.2458 val 1.2094 lr 1.00e-04 0.52h
  e107 s0 g10487 loss 1.0408 (c/l/t 0.570/0.317/0.008) 0.52h
epoch  107 train 1.2415 val 1.3311 lr 1.00e-04 0.53h
  e108 s0 g10585 loss 1.2183 (c/l/t 0.568/0.499/0.008) 0.53h
epoch  108 train 1.2240 val 1.2399 lr 1.00e-04 0.53h
  e109 s0 g10683 loss 1.4245 (c/l/t 0.705/0.578/0.007) 0.53h
epoch  109 train 1.2386 val 1.2675 lr 1.00e-04 0.54h
  e110 s0 g10781 loss 1.3053 (c/l/t 0.662/0.490/0.008) 0.54h
epoch  110 train 1.2466 val 1.2614 lr 1.00e-04 0.54h
  e111 s0 g10879 loss 1.2184 (c/l/t 0.589/0.493/0.007) 0.54h
epoch  111 train 1.2311 val 1.1835 lr 1.00e-04 0.55h
  e112 s0 g10977 loss 1.4161 (c/l/t 0.653/0.611/0.008) 0.55h
epoch  112 train 1.2402 val 1.2537 lr 1.00e-04 0.55h
  e113 s0 g11075 loss 1.3578 (c/l/t 0.639/0.570/0.007) 0.55h
epoch  113 train 1.2365 val 1.2642 lr 1.00e-04 0.56h
  e114 s0 g11173 loss 1.2608 (c/l/t 0.668/0.449/0.007) 0.56h
epoch  114 train 1.2463 val 1.1959 lr 1.00e-04 0.56h
  e115 s0 g11271 loss 1.3042 (c/l/t 0.620/0.521/0.008) 0.56h
epoch  115 train 1.2482 val 1.3018 lr 1.00e-04 0.57h
  e116 s0 g11369 loss 1.2331 (c/l/t 0.629/0.467/0.007) 0.57h
epoch  116 train 1.2170 val 1.2579 lr 1.00e-04 0.57h
  e117 s0 g11467 loss 1.1421 (c/l/t 0.556/0.432/0.008) 0.57h
epoch  117 train 1.2248 val 1.2689 lr 1.00e-04 0.58h
  e118 s0 g11565 loss 1.2249 (c/l/t 0.596/0.485/0.007) 0.58h
epoch  118 train 1.2435 val 1.2180 lr 1.00e-04 0.58h
  e119 s0 g11663 loss 1.2561 (c/l/t 0.602/0.508/0.007) 0.58h
epoch  119 train 1.2214 val 1.2093 lr 1.00e-04 0.59h
  e120 s0 g11761 loss 1.2511 (c/l/t 0.654/0.441/0.008) 0.59h
epoch  120 train 1.2262 val 1.1519 lr 1.00e-04 0.59h
  e121 s0 g11859 loss 1.2583 (c/l/t 0.694/0.416/0.007) 0.59h
epoch  121 train 1.2471 val 1.2485 lr 1.00e-04 0.60h
  e122 s0 g11957 loss 1.1906 (c/l/t 0.601/0.451/0.007) 0.60h
epoch  122 train 1.2214 val 1.3008 lr 1.00e-04 0.60h
  e123 s0 g12055 loss 1.2750 (c/l/t 0.611/0.521/0.007) 0.60h
epoch  123 train 1.2249 val 1.2647 lr 1.00e-04 0.61h
  e124 s0 g12153 loss 1.2035 (c/l/t 0.627/0.440/0.007) 0.61h
epoch  124 train 1.2067 val 1.2828 lr 1.00e-04 0.61h
  e125 s0 g12251 loss 1.1802 (c/l/t 0.589/0.458/0.007) 0.61h
epoch  125 train 1.2063 val 1.2413 lr 1.00e-04 0.62h
  e126 s0 g12349 loss 1.1732 (c/l/t 0.575/0.453/0.007) 0.62h
epoch  126 train 1.2156 val 1.1806 lr 1.00e-04 0.62h
  e127 s0 g12447 loss 1.2768 (c/l/t 0.664/0.474/0.007) 0.62h
epoch  127 train 1.2355 val 1.1140 lr 1.00e-04 0.62h
  e128 s0 g12545 loss 1.3328 (c/l/t 0.625/0.569/0.007) 0.63h
epoch  128 train 1.2135 val 1.2353 lr 1.00e-04 0.63h
  e129 s0 g12643 loss 1.2362 (c/l/t 0.649/0.447/0.007) 0.63h
epoch  129 train 1.2079 val 1.1665 lr 1.00e-04 0.63h
  e130 s0 g12741 loss 1.2419 (c/l/t 0.569/0.533/0.007) 0.63h
epoch  130 train 1.2086 val 1.2507 lr 1.00e-04 0.64h
  e131 s0 g12839 loss 1.3106 (c/l/t 0.601/0.559/0.008) 0.64h
epoch  131 train 1.2246 val 1.2313 lr 1.00e-04 0.64h
  e132 s0 g12937 loss 1.2383 (c/l/t 0.628/0.473/0.007) 0.64h
epoch  132 train 1.2078 val 1.2495 lr 1.00e-04 0.65h
  e133 s0 g13035 loss 1.1135 (c/l/t 0.585/0.391/0.007) 0.65h
epoch  133 train 1.2071 val 1.3333 lr 1.00e-04 0.65h
  e134 s0 g13133 loss 1.2405 (c/l/t 0.622/0.478/0.007) 0.65h
epoch  134 train 1.2126 val 1.2265 lr 1.00e-04 0.66h
  e135 s0 g13231 loss 1.0018 (c/l/t 0.621/0.237/0.007) 0.66h
epoch  135 train 1.2043 val 1.2001 lr 1.00e-04 0.66h
  e136 s0 g13329 loss 1.2947 (c/l/t 0.648/0.517/0.007) 0.66h
epoch  136 train 1.2229 val 1.2712 lr 1.00e-04 0.67h
  e137 s0 g13427 loss 1.3630 (c/l/t 0.625/0.593/0.007) 0.67h
epoch  137 train 1.2107 val 1.2986 lr 1.00e-04 0.67h
  e138 s0 g13525 loss 1.2297 (c/l/t 0.643/0.445/0.007) 0.67h
epoch  138 train 1.2047 val 1.2131 lr 1.00e-04 0.68h
  e139 s0 g13623 loss 1.3013 (c/l/t 0.650/0.512/0.007) 0.68h
epoch  139 train 1.2053 val 1.3358 lr 1.00e-04 0.68h
  e140 s0 g13721 loss 1.2618 (c/l/t 0.687/0.443/0.007) 0.68h
epoch  140 train 1.1980 val 1.1978 lr 1.00e-04 0.69h
  e141 s0 g13819 loss 1.2083 (c/l/t 0.629/0.433/0.007) 0.69h
epoch  141 train 1.1970 val 1.2399 lr 1.00e-04 0.69h
  e142 s0 g13917 loss 1.0499 (c/l/t 0.552/0.361/0.007) 0.69h
epoch  142 train 1.2033 val 1.1577 lr 1.00e-04 0.70h
  e143 s0 g14015 loss 1.1730 (c/l/t 0.605/0.428/0.007) 0.70h
epoch  143 train 1.1942 val 1.2553 lr 1.00e-04 0.70h
  e144 s0 g14113 loss 1.1730 (c/l/t 0.613/0.414/0.007) 0.70h
epoch  144 train 1.2046 val 1.1805 lr 1.00e-04 0.71h
  e145 s0 g14211 loss 1.1858 (c/l/t 0.624/0.423/0.007) 0.71h
epoch  145 train 1.1843 val 1.2739 lr 1.00e-04 0.71h
  e146 s0 g14309 loss 1.3585 (c/l/t 0.617/0.600/0.007) 0.71h
epoch  146 train 1.2122 val 1.2409 lr 1.00e-04 0.72h
  e147 s0 g14407 loss 1.3078 (c/l/t 0.585/0.570/0.008) 0.72h
epoch  147 train 1.1980 val 1.1496 lr 1.00e-04 0.72h
  e148 s0 g14505 loss 1.4208 (c/l/t 0.631/0.636/0.008) 0.72h
epoch  148 train 1.2137 val 1.2005 lr 1.00e-04 0.73h
  e149 s0 g14603 loss 1.2279 (c/l/t 0.589/0.500/0.007) 0.73h
epoch  149 train 1.2011 val 1.1606 lr 1.00e-04 0.73h
  e150 s0 g14701 loss 1.0677 (c/l/t 0.491/0.440/0.007) 0.73h
epoch  150 train 1.1893 val 1.2419 lr 1.00e-04 0.74h
  e151 s0 g14799 loss 1.0312 (c/l/t 0.657/0.240/0.007) 0.74h
epoch  151 train 1.1986 val 1.1617 lr 1.00e-04 0.74h
  e152 s0 g14897 loss 1.2139 (c/l/t 0.634/0.438/0.007) 0.74h
epoch  152 train 1.1950 val 1.2731 lr 1.00e-04 0.75h
  e153 s0 g14995 loss 1.0707 (c/l/t 0.532/0.401/0.007) 0.75h
epoch  153 train 1.1906 val 1.2143 lr 1.00e-04 0.75h
  e154 s0 g15093 loss 1.2554 (c/l/t 0.597/0.523/0.007) 0.75h
epoch  154 train 1.1899 val 1.1741 lr 1.00e-04 0.76h
  e155 s0 g15191 loss 1.0715 (c/l/t 0.581/0.350/0.007) 0.76h
epoch  155 train 1.1861 val 1.1479 lr 1.00e-04 0.76h
  e156 s0 g15289 loss 1.0721 (c/l/t 0.624/0.309/0.007) 0.76h
epoch  156 train 1.1774 val 1.3002 lr 1.00e-04 0.77h
  e157 s0 g15387 loss 1.0691 (c/l/t 0.593/0.347/0.006) 0.77h
epoch  157 train 1.1869 val 1.1913 lr 1.00e-04 0.77h
  e158 s0 g15485 loss 1.0727 (c/l/t 0.514/0.421/0.007) 0.77h
epoch  158 train 1.1913 val 1.1501 lr 1.00e-04 0.78h
  e159 s0 g15583 loss 1.0999 (c/l/t 0.575/0.379/0.007) 0.78h
epoch  159 train 1.1869 val 1.2202 lr 1.00e-04 0.78h
  e160 s0 g15681 loss 1.1518 (c/l/t 0.534/0.475/0.007) 0.78h
epoch  160 train 1.1969 val 1.2284 lr 1.00e-04 0.79h
  e161 s0 g15779 loss 1.0007 (c/l/t 0.536/0.321/0.007) 0.79h
epoch  161 train 1.1830 val 1.1598 lr 1.00e-04 0.79h
  e162 s0 g15877 loss 1.1009 (c/l/t 0.564/0.387/0.008) 0.79h
epoch  162 train 1.1663 val 1.1937 lr 1.00e-04 0.80h
  e163 s0 g15975 loss 1.0954 (c/l/t 0.541/0.426/0.006) 0.80h
epoch  163 train 1.1844 val 1.2064 lr 1.00e-04 0.80h
  e164 s0 g16073 loss 1.2998 (c/l/t 0.640/0.516/0.007) 0.80h
epoch  164 train 1.1800 val 1.1270 lr 1.00e-04 0.80h
  e165 s0 g16171 loss 1.3457 (c/l/t 0.607/0.594/0.007) 0.81h
epoch  165 train 1.1695 val 1.1318 lr 1.00e-04 0.81h
  e166 s0 g16269 loss 1.0981 (c/l/t 0.582/0.377/0.007) 0.81h
epoch  166 train 1.1800 val 1.2071 lr 1.00e-04 0.81h
  e167 s0 g16367 loss 1.1240 (c/l/t 0.617/0.369/0.007) 0.81h
epoch  167 train 1.1665 val 1.2380 lr 1.00e-04 0.82h
  e168 s0 g16465 loss 1.1554 (c/l/t 0.561/0.464/0.007) 0.82h
epoch  168 train 1.1759 val 1.1419 lr 1.00e-04 0.82h
  e169 s0 g16563 loss 1.4032 (c/l/t 0.588/0.690/0.006) 0.82h
epoch  169 train 1.1805 val 1.2310 lr 1.00e-04 0.83h
  e170 s0 g16661 loss 1.2129 (c/l/t 0.609/0.462/0.007) 0.83h
epoch  170 train 1.1796 val 1.1475 lr 1.00e-04 0.83h
  e171 s0 g16759 loss 1.3021 (c/l/t 0.557/0.598/0.007) 0.83h
epoch  171 train 1.1711 val 1.2695 lr 1.00e-04 0.84h
  e172 s0 g16857 loss 1.2862 (c/l/t 0.597/0.555/0.007) 0.84h
epoch  172 train 1.1633 val 1.3354 lr 1.00e-04 0.84h
  e173 s0 g16955 loss 1.1735 (c/l/t 0.596/0.455/0.006) 0.84h
epoch  173 train 1.1898 val 1.1745 lr 1.00e-04 0.85h
  e174 s0 g17053 loss 1.1009 (c/l/t 0.621/0.328/0.008) 0.85h
epoch  174 train 1.1876 val 1.2579 lr 1.00e-04 0.85h
  e175 s0 g17151 loss 1.0793 (c/l/t 0.566/0.365/0.007) 0.85h
epoch  175 train 1.1808 val 1.1311 lr 1.00e-04 0.86h
  e176 s0 g17249 loss 0.9793 (c/l/t 0.540/0.306/0.007) 0.86h
epoch  176 train 1.1850 val 1.1960 lr 1.00e-04 0.86h
  e177 s0 g17347 loss 1.4904 (c/l/t 0.612/0.732/0.007) 0.86h
epoch  177 train 1.1649 val 1.2783 lr 1.00e-04 0.87h
  e178 s0 g17445 loss 1.1922 (c/l/t 0.556/0.496/0.007) 0.87h
epoch  178 train 1.1818 val 1.2155 lr 1.00e-04 0.87h
  e179 s0 g17543 loss 1.1927 (c/l/t 0.547/0.505/0.007) 0.87h
epoch  179 train 1.1707 val 1.2153 lr 1.00e-04 0.88h
  e180 s0 g17641 loss 1.5983 (c/l/t 0.634/0.814/0.008) 0.88h
epoch  180 train 1.1714 val 1.1856 lr 1.00e-04 0.88h
  e181 s0 g17739 loss 1.1882 (c/l/t 0.541/0.516/0.007) 0.88h
epoch  181 train 1.1518 val 1.1807 lr 1.00e-04 0.89h
  e182 s0 g17837 loss 1.1628 (c/l/t 0.521/0.491/0.008) 0.89h
epoch  182 train 1.1692 val 1.1939 lr 1.00e-04 0.89h
  e183 s0 g17935 loss 1.3187 (c/l/t 0.589/0.592/0.007) 0.89h
epoch  183 train 1.1703 val 1.1553 lr 1.00e-04 0.90h
  e184 s0 g18033 loss 1.0210 (c/l/t 0.543/0.347/0.007) 0.90h
epoch  184 train 1.1590 val 1.2014 lr 1.00e-04 0.90h
  e185 s0 g18131 loss 1.1327 (c/l/t 0.543/0.451/0.007) 0.90h
epoch  185 train 1.1592 val 1.1912 lr 1.00e-04 0.91h
  e186 s0 g18229 loss 1.0561 (c/l/t 0.547/0.378/0.007) 0.91h
epoch  186 train 1.1699 val 1.1493 lr 1.00e-04 0.91h
  e187 s0 g18327 loss 0.9486 (c/l/t 0.549/0.272/0.006) 0.91h
epoch  187 train 1.1710 val 1.1317 lr 1.00e-04 0.92h
  e188 s0 g18425 loss 1.1953 (c/l/t 0.572/0.481/0.007) 0.92h
epoch  188 train 1.1677 val 1.3115 lr 1.00e-04 0.92h
  e189 s0 g18523 loss 1.3448 (c/l/t 0.676/0.543/0.006) 0.92h
epoch  189 train 1.1559 val 1.2091 lr 1.00e-04 0.93h
  e190 s0 g18621 loss 1.1322 (c/l/t 0.607/0.403/0.006) 0.93h
epoch  190 train 1.1734 val 1.1571 lr 1.00e-04 0.93h
  e191 s0 g18719 loss 1.0974 (c/l/t 0.561/0.390/0.007) 0.93h
epoch  191 train 1.1804 val 1.2485 lr 1.00e-04 0.94h
  e192 s0 g18817 loss 1.1409 (c/l/t 0.587/0.411/0.007) 0.94h
epoch  192 train 1.1613 val 1.1996 lr 1.00e-04 0.94h
  e193 s0 g18915 loss 1.0569 (c/l/t 0.508/0.422/0.006) 0.94h
epoch  193 train 1.1636 val 1.0460 lr 1.00e-04 0.95h
  e194 s0 g19013 loss 1.2196 (c/l/t 0.580/0.493/0.007) 0.95h
epoch  194 train 1.1608 val 1.1152 lr 1.00e-04 0.95h
  e195 s0 g19111 loss 1.5301 (c/l/t 0.599/0.785/0.007) 0.95h
epoch  195 train 1.1441 val 1.1090 lr 1.00e-04 0.96h
  e196 s0 g19209 loss 1.1834 (c/l/t 0.548/0.505/0.007) 0.96h
epoch  196 train 1.1574 val 1.2317 lr 1.00e-04 0.96h
  e197 s0 g19307 loss 1.2845 (c/l/t 0.571/0.581/0.007) 0.96h
epoch  197 train 1.1659 val 1.2872 lr 1.00e-04 0.97h
  e198 s0 g19405 loss 1.1521 (c/l/t 0.529/0.495/0.006) 0.97h
epoch  198 train 1.1382 val 1.1596 lr 1.00e-04 0.97h
  e199 s0 g19503 loss 1.0908 (c/l/t 0.570/0.387/0.007) 0.97h
epoch  199 train 1.1551 val 1.1713 lr 1.00e-04 0.98h
  e200 s0 g19601 loss 1.1164 (c/l/t 0.520/0.467/0.006) 0.98h
epoch  200 train 1.1711 val 1.1800 lr 1.00e-04 0.98h
  e201 s0 g19699 loss 1.3181 (c/l/t 0.593/0.587/0.007) 0.98h
epoch  201 train 1.1402 val 1.1222 lr 1.00e-04 0.98h
  e202 s0 g19797 loss 1.1278 (c/l/t 0.589/0.407/0.007) 0.99h
epoch  202 train 1.1634 val 1.1453 lr 1.00e-04 0.99h
  e203 s0 g19895 loss 1.1435 (c/l/t 0.593/0.409/0.007) 0.99h
epoch  203 train 1.1526 val 1.1460 lr 1.00e-04 0.99h
  e204 s0 g19993 loss 1.1971 (c/l/t 0.537/0.528/0.007) 0.99h
epoch  204 train 1.1550 val 1.1451 lr 1.00e-04 1.00h
  e205 s0 g20091 loss 1.1022 (c/l/t 0.588/0.385/0.006) 1.00h
epoch  205 train 1.1454 val 1.1232 lr 1.00e-04 1.00h
  e206 s0 g20189 loss 1.1152 (c/l/t 0.558/0.411/0.007) 1.00h
epoch  206 train 1.1510 val 1.1377 lr 1.00e-04 1.01h
  e207 s0 g20287 loss 1.0397 (c/l/t 0.555/0.353/0.007) 1.01h
epoch  207 train 1.1503 val 1.1086 lr 1.00e-04 1.01h
  e208 s0 g20385 loss 1.1781 (c/l/t 0.602/0.438/0.007) 1.01h
epoch  208 train 1.1410 val 1.2885 lr 1.00e-04 1.02h
  e209 s0 g20483 loss 1.1793 (c/l/t 0.540/0.509/0.006) 1.02h
epoch  209 train 1.1481 val 1.2175 lr 1.00e-04 1.02h
  e210 s0 g20581 loss 0.8630 (c/l/t 0.550/0.185/0.006) 1.02h
epoch  210 train 1.1441 val 1.2448 lr 1.00e-04 1.03h
  e211 s0 g20679 loss 1.1596 (c/l/t 0.651/0.374/0.007) 1.03h
epoch  211 train 1.1461 val 1.2320 lr 1.00e-04 1.03h
  e212 s0 g20777 loss 1.2114 (c/l/t 0.626/0.451/0.007) 1.03h
epoch  212 train 1.1385 val 1.2158 lr 1.00e-04 1.04h
  e213 s0 g20875 loss 1.3606 (c/l/t 0.573/0.660/0.006) 1.04h
epoch  213 train 1.1376 val 1.2388 lr 1.00e-04 1.04h
  e214 s0 g20973 loss 1.1663 (c/l/t 0.553/0.485/0.006) 1.04h
epoch  214 train 1.1391 val 1.1826 lr 1.00e-04 1.05h
  e215 s0 g21071 loss 1.2388 (c/l/t 0.623/0.487/0.006) 1.05h
epoch  215 train 1.1474 val 1.1360 lr 1.00e-04 1.05h
  e216 s0 g21169 loss 1.0471 (c/l/t 0.578/0.353/0.006) 1.05h
epoch  216 train 1.1586 val 1.2325 lr 1.00e-04 1.06h
  e217 s0 g21267 loss 1.2203 (c/l/t 0.615/0.488/0.006) 1.06h
epoch  217 train 1.1528 val 1.1324 lr 1.00e-04 1.06h
  e218 s0 g21365 loss 1.2967 (c/l/t 0.617/0.544/0.007) 1.06h
epoch  218 train 1.1296 val 1.1261 lr 1.00e-04 1.07h
  e219 s0 g21463 loss 1.0475 (c/l/t 0.556/0.372/0.006) 1.07h
epoch  219 train 1.1393 val 1.2560 lr 1.00e-04 1.07h
  e220 s0 g21561 loss 1.3504 (c/l/t 0.562/0.637/0.008) 1.07h
epoch  220 train 1.1423 val 1.2120 lr 1.00e-04 1.08h
  e221 s0 g21659 loss 0.9981 (c/l/t 0.484/0.375/0.007) 1.08h
epoch  221 train 1.1551 val 1.2091 lr 1.00e-04 1.08h
  e222 s0 g21757 loss 1.0518 (c/l/t 0.541/0.383/0.006) 1.08h
epoch  222 train 1.1408 val 1.1901 lr 1.00e-04 1.09h
  e223 s0 g21855 loss 1.1111 (c/l/t 0.563/0.411/0.007) 1.09h
epoch  223 train 1.1319 val 1.1648 lr 1.00e-04 1.09h
  e224 s0 g21953 loss 1.1330 (c/l/t 0.601/0.406/0.006) 1.09h
epoch  224 train 1.1370 val 1.1152 lr 1.00e-04 1.10h
  e225 s0 g22051 loss 1.2657 (c/l/t 0.553/0.571/0.007) 1.10h
epoch  225 train 1.1269 val 1.1180 lr 1.00e-04 1.10h
  e226 s0 g22149 loss 1.0838 (c/l/t 0.566/0.392/0.006) 1.10h
epoch  226 train 1.1375 val 1.1133 lr 1.00e-04 1.11h
  e227 s0 g22247 loss 1.2460 (c/l/t 0.541/0.550/0.008) 1.11h
epoch  227 train 1.1363 val 1.1001 lr 1.00e-04 1.11h
  e228 s0 g22345 loss 1.2200 (c/l/t 0.615/0.469/0.007) 1.11h
epoch  228 train 1.1450 val 1.0559 lr 1.00e-04 1.12h
  e229 s0 g22443 loss 1.1282 (c/l/t 0.554/0.446/0.006) 1.12h
epoch  229 train 1.1345 val 1.1866 lr 1.00e-04 1.12h
  e230 s0 g22541 loss 1.0904 (c/l/t 0.524/0.434/0.007) 1.12h
epoch  230 train 1.1413 val 1.1872 lr 1.00e-04 1.13h
  e231 s0 g22639 loss 1.0589 (c/l/t 0.588/0.331/0.007) 1.13h
epoch  231 train 1.1263 val 1.1864 lr 1.00e-04 1.13h
  e232 s0 g22737 loss 1.1916 (c/l/t 0.588/0.476/0.006) 1.13h
epoch  232 train 1.1361 val 1.1635 lr 1.00e-04 1.14h
  e233 s0 g22835 loss 0.9724 (c/l/t 0.561/0.289/0.006) 1.14h
epoch  233 train 1.1414 val 1.1653 lr 1.00e-04 1.14h
  e234 s0 g22933 loss 1.4621 (c/l/t 0.596/0.719/0.007) 1.14h
epoch  234 train 1.1390 val 1.0777 lr 1.00e-04 1.15h
  e235 s0 g23031 loss 1.1054 (c/l/t 0.552/0.431/0.006) 1.15h
epoch  235 train 1.1256 val 1.1795 lr 1.00e-04 1.15h
  e236 s0 g23129 loss 1.0704 (c/l/t 0.591/0.346/0.007) 1.15h
epoch  236 train 1.1186 val 1.1340 lr 1.00e-04 1.16h
  e237 s0 g23227 loss 1.0354 (c/l/t 0.535/0.378/0.006) 1.16h
epoch  237 train 1.1239 val 1.2492 lr 1.00e-04 1.16h
  e238 s0 g23325 loss 1.1991 (c/l/t 0.554/0.512/0.007) 1.16h
epoch  238 train 1.1249 val 1.2395 lr 1.00e-04 1.16h
  e239 s0 g23423 loss 0.9072 (c/l/t 0.501/0.272/0.007) 1.17h
epoch  239 train 1.1298 val 1.2125 lr 1.00e-04 1.17h
  e240 s0 g23521 loss 1.1859 (c/l/t 0.520/0.533/0.007) 1.17h
epoch  240 train 1.1300 val 1.0962 lr 1.00e-04 1.17h
  e241 s0 g23619 loss 1.0361 (c/l/t 0.563/0.355/0.006) 1.17h
epoch  241 train 1.1354 val 1.1767 lr 1.00e-04 1.18h
  e242 s0 g23717 loss 0.9185 (c/l/t 0.520/0.269/0.006) 1.18h
epoch  242 train 1.1160 val 1.0982 lr 1.00e-04 1.18h
  e243 s0 g23815 loss 1.3087 (c/l/t 0.633/0.540/0.007) 1.18h
epoch  243 train 1.1247 val 1.1043 lr 1.00e-04 1.19h
  e244 s0 g23913 loss 1.0110 (c/l/t 0.463/0.418/0.006) 1.19h
epoch  244 train 1.1102 val 1.2163 lr 1.00e-04 1.19h
  e245 s0 g24011 loss 1.1146 (c/l/t 0.603/0.388/0.006) 1.19h
epoch  245 train 1.1281 val 1.2519 lr 1.00e-04 1.20h
  e246 s0 g24109 loss 1.2565 (c/l/t 0.531/0.600/0.006) 1.20h
epoch  246 train 1.1306 val 1.2215 lr 1.00e-04 1.20h
  e247 s0 g24207 loss 0.9387 (c/l/t 0.515/0.294/0.007) 1.20h
epoch  247 train 1.1214 val 1.1198 lr 1.00e-04 1.21h
  e248 s0 g24305 loss 1.1437 (c/l/t 0.527/0.478/0.007) 1.21h
epoch  248 train 1.1303 val 1.1873 lr 1.00e-04 1.21h
  e249 s0 g24403 loss 1.0949 (c/l/t 0.558/0.408/0.006) 1.21h
epoch  249 train 1.1240 val 1.2290 lr 1.00e-04 1.22h
  e250 s0 g24501 loss 1.0902 (c/l/t 0.541/0.407/0.007) 1.22h
epoch  250 train 1.1195 val 1.1081 lr 1.00e-04 1.22h
  e251 s0 g24599 loss 1.0819 (c/l/t 0.583/0.377/0.006) 1.22h
epoch  251 train 1.1300 val 1.2363 lr 1.00e-04 1.23h
  e252 s0 g24697 loss 1.0174 (c/l/t 0.526/0.353/0.007) 1.23h
epoch  252 train 1.1141 val 1.1769 lr 1.00e-04 1.23h
  e253 s0 g24795 loss 1.0089 (c/l/t 0.529/0.349/0.007) 1.23h
epoch  253 train 1.1292 val 1.1353 lr 1.00e-04 1.24h
  e254 s0 g24893 loss 1.3805 (c/l/t 0.535/0.708/0.007) 1.24h
epoch  254 train 1.1214 val 1.1164 lr 1.00e-04 1.24h
  e255 s0 g24991 loss 0.9833 (c/l/t 0.608/0.255/0.006) 1.24h
epoch  255 train 1.1287 val 1.1408 lr 1.00e-04 1.25h
  e256 s0 g25089 loss 1.2030 (c/l/t 0.612/0.472/0.006) 1.25h
epoch  256 train 1.1266 val 1.0843 lr 1.00e-04 1.25h
  e257 s0 g25187 loss 1.0834 (c/l/t 0.586/0.375/0.006) 1.25h
epoch  257 train 1.1319 val 1.1741 lr 1.00e-04 1.26h
  e258 s0 g25285 loss 1.1890 (c/l/t 0.600/0.442/0.007) 1.26h
epoch  258 train 1.1388 val 1.1199 lr 1.00e-04 1.26h
  e259 s0 g25383 loss 1.3329 (c/l/t 0.610/0.576/0.007) 1.26h
epoch  259 train 1.1210 val 1.1881 lr 1.00e-04 1.27h
  e260 s0 g25481 loss 1.2548 (c/l/t 0.641/0.475/0.007) 1.27h
epoch  260 train 1.1043 val 1.1455 lr 1.00e-04 1.27h
  e261 s0 g25579 loss 1.2688 (c/l/t 0.551/0.583/0.007) 1.27h
epoch  261 train 1.1226 val 1.1260 lr 1.00e-04 1.28h
  e262 s0 g25677 loss 1.1233 (c/l/t 0.531/0.460/0.007) 1.28h
epoch  262 train 1.1074 val 1.2115 lr 1.00e-04 1.28h
  e263 s0 g25775 loss 1.1614 (c/l/t 0.516/0.509/0.007) 1.28h
epoch  263 train 1.1150 val 1.1930 lr 1.00e-04 1.29h
  e264 s0 g25873 loss 1.0380 (c/l/t 0.502/0.410/0.006) 1.29h
epoch  264 train 1.1065 val 1.1500 lr 1.00e-04 1.29h
  e265 s0 g25971 loss 1.1251 (c/l/t 0.623/0.380/0.006) 1.29h
epoch  265 train 1.1164 val 1.0823 lr 1.00e-04 1.30h
  e266 s0 g26069 loss 1.0645 (c/l/t 0.561/0.361/0.007) 1.30h
epoch  266 train 1.1111 val 1.1578 lr 1.00e-04 1.30h
  e267 s0 g26167 loss 0.9853 (c/l/t 0.463/0.396/0.006) 1.30h
epoch  267 train 1.1138 val 1.1219 lr 1.00e-04 1.31h
  e268 s0 g26265 loss 0.9223 (c/l/t 0.511/0.280/0.007) 1.31h
epoch  268 train 1.1198 val 1.1373 lr 1.00e-04 1.31h
  e269 s0 g26363 loss 1.1185 (c/l/t 0.557/0.431/0.007) 1.31h
epoch  269 train 1.1246 val 1.2135 lr 1.00e-04 1.32h
  e270 s0 g26461 loss 0.9930 (c/l/t 0.475/0.403/0.006) 1.32h
epoch  270 train 1.1172 val 1.1957 lr 1.00e-04 1.32h
  e271 s0 g26559 loss 1.0366 (c/l/t 0.634/0.276/0.006) 1.32h
epoch  271 train 1.1053 val 1.2055 lr 1.00e-04 1.33h
  e272 s0 g26657 loss 1.1461 (c/l/t 0.529/0.478/0.007) 1.33h
epoch  272 train 1.1061 val 1.1622 lr 1.00e-04 1.33h
  e273 s0 g26755 loss 0.9967 (c/l/t 0.554/0.318/0.006) 1.33h
epoch  273 train 1.1084 val 1.2268 lr 1.00e-04 1.34h
  e274 s0 g26853 loss 1.2809 (c/l/t 0.584/0.558/0.007) 1.34h
epoch  274 train 1.1117 val 1.1651 lr 1.00e-04 1.34h
  e275 s0 g26951 loss 1.0877 (c/l/t 0.541/0.422/0.006) 1.34h
epoch  275 train 1.1026 val 1.1201 lr 1.00e-04 1.34h
  e276 s0 g27049 loss 1.0394 (c/l/t 0.544/0.365/0.007) 1.35h
epoch  276 train 1.1212 val 1.2912 lr 1.00e-04 1.35h
  e277 s0 g27147 loss 1.1859 (c/l/t 0.574/0.484/0.006) 1.35h
epoch  277 train 1.1227 val 1.2584 lr 1.00e-04 1.35h
  e278 s0 g27245 loss 1.1923 (c/l/t 0.591/0.476/0.006) 1.35h
epoch  278 train 1.0930 val 1.1043 lr 1.00e-04 1.36h
  e279 s0 g27343 loss 1.1554 (c/l/t 0.567/0.458/0.007) 1.36h
epoch  279 train 1.1205 val 1.1801 lr 1.00e-04 1.36h
  e280 s0 g27441 loss 1.1343 (c/l/t 0.571/0.436/0.006) 1.36h
epoch  280 train 1.1023 val 1.1405 lr 1.00e-04 1.37h
  e281 s0 g27539 loss 1.0094 (c/l/t 0.528/0.350/0.007) 1.37h
epoch  281 train 1.1121 val 1.1357 lr 1.00e-04 1.37h
  e282 s0 g27637 loss 1.3494 (c/l/t 0.596/0.616/0.007) 1.37h
epoch  282 train 1.1228 val 1.2620 lr 1.00e-04 1.38h
  e283 s0 g27735 loss 1.1289 (c/l/t 0.538/0.460/0.007) 1.38h
epoch  283 train 1.1264 val 1.1384 lr 1.00e-04 1.38h
  e284 s0 g27833 loss 1.0225 (c/l/t 0.523/0.373/0.006) 1.38h
epoch  284 train 1.1138 val 1.1714 lr 1.00e-04 1.39h
  e285 s0 g27931 loss 0.9698 (c/l/t 0.532/0.328/0.006) 1.39h
epoch  285 train 1.1014 val 1.2210 lr 1.00e-04 1.39h
  e286 s0 g28029 loss 0.9207 (c/l/t 0.482/0.318/0.006) 1.39h
epoch  286 train 1.1131 val 1.0645 lr 1.00e-04 1.40h
  e287 s0 g28127 loss 0.9647 (c/l/t 0.547/0.291/0.006) 1.40h
epoch  287 train 1.1068 val 1.1306 lr 1.00e-04 1.40h
  e288 s0 g28225 loss 1.1788 (c/l/t 0.574/0.475/0.006) 1.40h
epoch  288 train 1.1083 val 1.2416 lr 1.00e-04 1.41h
  e289 s0 g28323 loss 1.1251 (c/l/t 0.546/0.457/0.006) 1.41h
epoch  289 train 1.0898 val 1.1323 lr 1.00e-04 1.41h
  e290 s0 g28421 loss 1.0449 (c/l/t 0.567/0.353/0.006) 1.41h
epoch  290 train 1.1127 val 1.1377 lr 1.00e-04 1.42h
  e291 s0 g28519 loss 1.0115 (c/l/t 0.564/0.322/0.006) 1.42h
epoch  291 train 1.0978 val 1.2198 lr 1.00e-04 1.42h
  e292 s0 g28617 loss 1.0440 (c/l/t 0.509/0.405/0.006) 1.42h
epoch  292 train 1.0953 val 1.0898 lr 1.00e-04 1.43h
  e293 s0 g28715 loss 1.0561 (c/l/t 0.494/0.429/0.007) 1.43h
epoch  293 train 1.1151 val 1.1037 lr 1.00e-04 1.43h
  e294 s0 g28813 loss 1.1909 (c/l/t 0.488/0.573/0.007) 1.43h
epoch  294 train 1.1069 val 1.1076 lr 1.00e-04 1.44h
  e295 s0 g28911 loss 1.1683 (c/l/t 0.549/0.484/0.007) 1.44h
epoch  295 train 1.0962 val 1.1119 lr 1.00e-04 1.44h
  e296 s0 g29009 loss 1.2982 (c/l/t 0.577/0.575/0.007) 1.44h
epoch  296 train 1.0932 val 1.1002 lr 1.00e-04 1.45h
  e297 s0 g29107 loss 1.0647 (c/l/t 0.561/0.374/0.006) 1.45h
epoch  297 train 1.0834 val 1.1174 lr 1.00e-04 1.45h
  e298 s0 g29205 loss 1.1384 (c/l/t 0.469/0.532/0.007) 1.45h
epoch  298 train 1.0971 val 1.2236 lr 1.00e-04 1.46h
  e299 s0 g29303 loss 1.0954 (c/l/t 0.544/0.422/0.006) 1.46h
epoch  299 train 1.0844 val 1.2269 lr 1.00e-04 1.46h
  e300 s0 g29401 loss 0.9794 (c/l/t 0.499/0.351/0.006) 1.46h
epoch  300 train 1.0997 val 1.1120 lr 1.00e-04 1.47h
  e301 s0 g29499 loss 1.1419 (c/l/t 0.483/0.527/0.007) 1.47h
epoch  301 train 1.0923 val 1.1220 lr 1.00e-04 1.47h
  e302 s0 g29597 loss 1.0572 (c/l/t 0.532/0.397/0.006) 1.47h
epoch  302 train 1.0952 val 1.1124 lr 1.00e-04 1.48h
  e303 s0 g29695 loss 1.2237 (c/l/t 0.540/0.545/0.007) 1.48h
epoch  303 train 1.0978 val 1.1992 lr 1.00e-04 1.48h
  e304 s0 g29793 loss 1.0792 (c/l/t 0.604/0.356/0.006) 1.48h
epoch  304 train 1.1158 val 1.1125 lr 1.00e-04 1.49h
  e305 s0 g29891 loss 1.1339 (c/l/t 0.517/0.483/0.007) 1.49h
epoch  305 train 1.0934 val 1.0812 lr 1.00e-04 1.49h
  e306 s0 g29989 loss 1.0977 (c/l/t 0.503/0.460/0.007) 1.49h
epoch  306 train 1.0884 val 1.1334 lr 1.00e-04 1.50h
  e307 s0 g30087 loss 1.3365 (c/l/t 0.551/0.663/0.006) 1.50h
epoch  307 train 1.0883 val 1.0071 lr 1.00e-04 1.50h
  e308 s0 g30185 loss 0.8768 (c/l/t 0.476/0.282/0.006) 1.50h
epoch  308 train 1.1042 val 1.1120 lr 1.00e-04 1.51h
  e309 s0 g30283 loss 1.0769 (c/l/t 0.547/0.388/0.007) 1.51h
epoch  309 train 1.0976 val 1.1111 lr 1.00e-04 1.51h
  e310 s0 g30381 loss 1.3012 (c/l/t 0.572/0.601/0.006) 1.51h
epoch  310 train 1.0859 val 1.2341 lr 1.00e-04 1.52h
  e311 s0 g30479 loss 0.9820 (c/l/t 0.535/0.322/0.006) 1.52h
epoch  311 train 1.0828 val 1.1086 lr 1.00e-04 1.52h
  e312 s0 g30577 loss 1.0637 (c/l/t 0.556/0.395/0.006) 1.52h
epoch  312 train 1.0713 val 1.1233 lr 1.00e-04 1.53h
  e313 s0 g30675 loss 1.1428 (c/l/t 0.511/0.504/0.006) 1.53h
epoch  313 train 1.0989 val 1.0878 lr 1.00e-04 1.53h
  e314 s0 g30773 loss 1.1312 (c/l/t 0.574/0.418/0.007) 1.53h
epoch  314 train 1.0854 val 1.1693 lr 1.00e-04 1.53h
  e315 s0 g30871 loss 1.2020 (c/l/t 0.580/0.489/0.007) 1.53h
epoch  315 train 1.1160 val 1.2388 lr 1.00e-04 1.54h
  e316 s0 g30969 loss 0.9915 (c/l/t 0.496/0.356/0.007) 1.54h
epoch  316 train 1.0774 val 1.1370 lr 1.00e-04 1.54h
  e317 s0 g31067 loss 1.0803 (c/l/t 0.535/0.415/0.007) 1.54h
epoch  317 train 1.0882 val 1.1956 lr 1.00e-04 1.55h
  e318 s0 g31165 loss 1.1792 (c/l/t 0.462/0.574/0.007) 1.55h
epoch  318 train 1.0945 val 1.1097 lr 1.00e-04 1.55h
  e319 s0 g31263 loss 1.1093 (c/l/t 0.608/0.371/0.007) 1.55h
epoch  319 train 1.0873 val 1.1009 lr 1.00e-04 1.56h
  e320 s0 g31361 loss 1.0237 (c/l/t 0.531/0.370/0.006) 1.56h
epoch  320 train 1.0935 val 1.1210 lr 1.00e-04 1.56h
  e321 s0 g31459 loss 1.0658 (c/l/t 0.592/0.342/0.007) 1.56h
epoch  321 train 1.0823 val 1.1536 lr 1.00e-04 1.57h
  e322 s0 g31557 loss 1.1770 (c/l/t 0.519/0.521/0.007) 1.57h
epoch  322 train 1.0963 val 1.1396 lr 1.00e-04 1.57h
  e323 s0 g31655 loss 0.8756 (c/l/t 0.489/0.273/0.006) 1.57h
epoch  323 train 1.0712 val 1.1390 lr 1.00e-04 1.58h
  e324 s0 g31753 loss 1.0132 (c/l/t 0.544/0.348/0.006) 1.58h
epoch  324 train 1.0880 val 1.1189 lr 1.00e-04 1.58h
  e325 s0 g31851 loss 1.0061 (c/l/t 0.599/0.272/0.007) 1.58h
epoch  325 train 1.0832 val 1.1035 lr 1.00e-04 1.59h
  e326 s0 g31949 loss 1.0028 (c/l/t 0.475/0.409/0.006) 1.59h
epoch  326 train 1.0931 val 1.1548 lr 1.00e-04 1.59h
  e327 s0 g32047 loss 1.0480 (c/l/t 0.587/0.338/0.006) 1.59h
epoch  327 train 1.0789 val 1.1565 lr 1.00e-04 1.60h
  e328 s0 g32145 loss 1.0950 (c/l/t 0.523/0.446/0.006) 1.60h
epoch  328 train 1.0800 val 1.0300 lr 1.00e-04 1.60h
  e329 s0 g32243 loss 0.9797 (c/l/t 0.518/0.348/0.006) 1.60h
epoch  329 train 1.0874 val 1.1473 lr 1.00e-04 1.61h
  e330 s0 g32341 loss 1.0190 (c/l/t 0.606/0.283/0.006) 1.61h
epoch  330 train 1.0825 val 1.2110 lr 1.00e-04 1.61h
  e331 s0 g32439 loss 1.0391 (c/l/t 0.583/0.344/0.006) 1.61h
epoch  331 train 1.0751 val 1.1744 lr 1.00e-04 1.62h
  e332 s0 g32537 loss 1.0774 (c/l/t 0.587/0.365/0.006) 1.62h
epoch  332 train 1.0726 val 1.1396 lr 1.00e-04 1.62h
  e333 s0 g32635 loss 1.2208 (c/l/t 0.589/0.499/0.007) 1.62h
epoch  333 train 1.0797 val 1.0986 lr 1.00e-04 1.63h
  e334 s0 g32733 loss 1.0338 (c/l/t 0.530/0.382/0.006) 1.63h
epoch  334 train 1.0895 val 1.1766 lr 1.00e-04 1.63h
  e335 s0 g32831 loss 1.1698 (c/l/t 0.513/0.526/0.007) 1.63h
epoch  335 train 1.0877 val 1.1613 lr 1.00e-04 1.64h
  e336 s0 g32929 loss 1.1343 (c/l/t 0.545/0.465/0.006) 1.64h
epoch  336 train 1.0871 val 1.0750 lr 1.00e-04 1.64h
  e337 s0 g33027 loss 1.1106 (c/l/t 0.548/0.439/0.006) 1.64h
epoch  337 train 1.0798 val 1.1798 lr 1.00e-04 1.65h
  e338 s0 g33125 loss 0.9234 (c/l/t 0.475/0.326/0.006) 1.65h
epoch  338 train 1.0961 val 1.1831 lr 1.00e-04 1.65h
  e339 s0 g33223 loss 1.2472 (c/l/t 0.544/0.569/0.007) 1.65h
epoch  339 train 1.0969 val 1.1059 lr 1.00e-04 1.66h
  e340 s0 g33321 loss 0.9503 (c/l/t 0.477/0.354/0.006) 1.66h
epoch  340 train 1.0842 val 1.0563 lr 1.00e-04 1.66h
  e341 s0 g33419 loss 0.9318 (c/l/t 0.534/0.269/0.006) 1.66h
epoch  341 train 1.0733 val 1.0884 lr 1.00e-04 1.67h
  e342 s0 g33517 loss 1.0853 (c/l/t 0.521/0.431/0.007) 1.67h
epoch  342 train 1.0683 val 1.2353 lr 1.00e-04 1.67h
  e343 s0 g33615 loss 1.2179 (c/l/t 0.553/0.530/0.007) 1.67h
epoch  343 train 1.0848 val 1.1329 lr 1.00e-04 1.68h
  e344 s0 g33713 loss 1.0898 (c/l/t 0.528/0.437/0.006) 1.68h
epoch  344 train 1.0674 val 1.0546 lr 1.00e-04 1.68h
  e345 s0 g33811 loss 1.2352 (c/l/t 0.511/0.578/0.007) 1.68h
epoch  345 train 1.0742 val 1.1109 lr 1.00e-04 1.69h
  e346 s0 g33909 loss 1.0718 (c/l/t 0.550/0.396/0.006) 1.69h
epoch  346 train 1.0820 val 1.0940 lr 1.00e-04 1.69h
  e347 s0 g34007 loss 0.9242 (c/l/t 0.477/0.331/0.006) 1.69h
epoch  347 train 1.0908 val 1.1639 lr 1.00e-04 1.70h
  e348 s0 g34105 loss 0.8207 (c/l/t 0.524/0.185/0.006) 1.70h
epoch  348 train 1.0729 val 1.2098 lr 1.00e-04 1.70h
  e349 s0 g34203 loss 1.0243 (c/l/t 0.473/0.422/0.006) 1.70h
epoch  349 train 1.0647 val 1.2055 lr 1.00e-04 1.70h
  e350 s0 g34301 loss 1.0665 (c/l/t 0.504/0.429/0.007) 1.71h
epoch  350 train 1.0852 val 1.0751 lr 1.00e-04 1.71h
  e351 s0 g34399 loss 1.1798 (c/l/t 0.545/0.498/0.007) 1.71h
epoch  351 train 1.0717 val 1.1788 lr 1.00e-04 1.71h
  e352 s0 g34497 loss 1.0531 (c/l/t 0.514/0.396/0.007) 1.71h
epoch  352 train 1.0602 val 1.1712 lr 1.00e-04 1.72h
  e353 s0 g34595 loss 0.9682 (c/l/t 0.551/0.284/0.007) 1.72h
epoch  353 train 1.0674 val 1.2924 lr 1.00e-04 1.72h
  e354 s0 g34693 loss 1.2724 (c/l/t 0.490/0.653/0.006) 1.72h
epoch  354 train 1.0757 val 1.0821 lr 1.00e-04 1.73h
  e355 s0 g34791 loss 0.9473 (c/l/t 0.542/0.296/0.005) 1.73h
epoch  355 train 1.0802 val 1.0776 lr 1.00e-04 1.73h
  e356 s0 g34889 loss 1.1084 (c/l/t 0.551/0.433/0.006) 1.73h
epoch  356 train 1.0664 val 1.1743 lr 1.00e-04 1.74h
  e357 s0 g34987 loss 1.1959 (c/l/t 0.552/0.522/0.006) 1.74h
epoch  357 train 1.0789 val 1.1609 lr 1.00e-04 1.74h
  e358 s0 g35085 loss 0.9791 (c/l/t 0.510/0.337/0.007) 1.74h
epoch  358 train 1.0647 val 1.0616 lr 1.00e-04 1.75h
  e359 s0 g35183 loss 1.0561 (c/l/t 0.511/0.419/0.006) 1.75h
epoch  359 train 1.0767 val 1.0921 lr 1.00e-04 1.75h
  e360 s0 g35281 loss 1.1694 (c/l/t 0.526/0.514/0.006) 1.75h
epoch  360 train 1.0810 val 1.1458 lr 1.00e-04 1.76h
  e361 s0 g35379 loss 0.9735 (c/l/t 0.516/0.339/0.006) 1.76h
epoch  361 train 1.0885 val 1.1629 lr 1.00e-04 1.76h
  e362 s0 g35477 loss 0.9081 (c/l/t 0.530/0.266/0.006) 1.76h
epoch  362 train 1.0658 val 1.0990 lr 1.00e-04 1.77h
  e363 s0 g35575 loss 1.0273 (c/l/t 0.527/0.375/0.006) 1.77h
epoch  363 train 1.0812 val 1.2226 lr 1.00e-04 1.77h
  e364 s0 g35673 loss 0.8335 (c/l/t 0.528/0.197/0.005) 1.77h
epoch  364 train 1.0784 val 1.0882 lr 1.00e-04 1.78h
  e365 s0 g35771 loss 1.0466 (c/l/t 0.570/0.353/0.006) 1.78h
epoch  365 train 1.0699 val 1.1965 lr 1.00e-04 1.78h
  e366 s0 g35869 loss 1.2862 (c/l/t 0.539/0.633/0.006) 1.78h
epoch  366 train 1.0798 val 1.1900 lr 1.00e-04 1.79h
  e367 s0 g35967 loss 1.1701 (c/l/t 0.558/0.470/0.007) 1.79h
epoch  367 train 1.0790 val 1.1603 lr 1.00e-04 1.79h
  e368 s0 g36065 loss 1.1395 (c/l/t 0.502/0.510/0.006) 1.79h
epoch  368 train 1.0505 val 1.0840 lr 1.00e-04 1.80h
  e369 s0 g36163 loss 0.9531 (c/l/t 0.539/0.285/0.006) 1.80h
epoch  369 train 1.0690 val 1.0431 lr 1.00e-04 1.80h
  e370 s0 g36261 loss 1.0306 (c/l/t 0.510/0.396/0.006) 1.80h
epoch  370 train 1.0827 val 1.0614 lr 1.00e-04 1.81h
  e371 s0 g36359 loss 1.2236 (c/l/t 0.513/0.582/0.006) 1.81h
epoch  371 train 1.0740 val 1.1317 lr 1.00e-04 1.81h
  e372 s0 g36457 loss 1.0459 (c/l/t 0.541/0.377/0.006) 1.81h
epoch  372 train 1.0720 val 1.1073 lr 1.00e-04 1.82h
  e373 s0 g36555 loss 0.9920 (c/l/t 0.506/0.351/0.007) 1.82h
epoch  373 train 1.0619 val 1.1666 lr 1.00e-04 1.82h
  e374 s0 g36653 loss 1.1163 (c/l/t 0.522/0.469/0.006) 1.82h
epoch  374 train 1.0586 val 1.2012 lr 1.00e-04 1.83h
  e375 s0 g36751 loss 0.9665 (c/l/t 0.546/0.306/0.006) 1.83h
epoch  375 train 1.0688 val 1.1213 lr 1.00e-04 1.83h
  e376 s0 g36849 loss 1.0641 (c/l/t 0.580/0.352/0.007) 1.83h
epoch  376 train 1.0551 val 1.1041 lr 1.00e-04 1.84h
  e377 s0 g36947 loss 0.9606 (c/l/t 0.521/0.306/0.007) 1.84h
epoch  377 train 1.0528 val 1.2189 lr 1.00e-04 1.84h
  e378 s0 g37045 loss 1.0459 (c/l/t 0.533/0.384/0.006) 1.84h
epoch  378 train 1.0573 val 1.2629 lr 1.00e-04 1.85h
  e379 s0 g37143 loss 1.1494 (c/l/t 0.570/0.447/0.007) 1.85h
epoch  379 train 1.0641 val 1.1326 lr 1.00e-04 1.85h
  e380 s0 g37241 loss 0.9228 (c/l/t 0.526/0.273/0.006) 1.85h
epoch  380 train 1.0745 val 1.1458 lr 1.00e-04 1.86h
  e381 s0 g37339 loss 0.9318 (c/l/t 0.527/0.282/0.006) 1.86h
epoch  381 train 1.0708 val 1.1053 lr 1.00e-04 1.86h
  e382 s0 g37437 loss 1.1965 (c/l/t 0.542/0.519/0.007) 1.86h
epoch  382 train 1.0794 val 1.2000 lr 1.00e-04 1.87h
  e383 s0 g37535 loss 1.1336 (c/l/t 0.531/0.469/0.007) 1.87h
epoch  383 train 1.0573 val 1.0845 lr 1.00e-04 1.87h
  e384 s0 g37633 loss 1.2861 (c/l/t 0.504/0.657/0.006) 1.87h
epoch  384 train 1.0638 val 1.0635 lr 1.00e-04 1.88h
  e385 s0 g37731 loss 0.9377 (c/l/t 0.497/0.329/0.006) 1.88h
epoch  385 train 1.0485 val 1.1424 lr 1.00e-04 1.88h
  e386 s0 g37829 loss 1.0639 (c/l/t 0.515/0.411/0.007) 1.88h
epoch  386 train 1.0603 val 1.0916 lr 1.00e-04 1.88h
  e387 s0 g37927 loss 1.2085 (c/l/t 0.517/0.552/0.007) 1.89h
epoch  387 train 1.0628 val 1.1038 lr 1.00e-04 1.89h
  e388 s0 g38025 loss 1.2582 (c/l/t 0.522/0.598/0.007) 1.89h
epoch  388 train 1.0492 val 1.0385 lr 1.00e-04 1.89h
  e389 s0 g38123 loss 0.8760 (c/l/t 0.545/0.214/0.006) 1.89h
epoch  389 train 1.0575 val 0.9801 lr 1.00e-04 1.90h
  e390 s0 g38221 loss 1.0777 (c/l/t 0.549/0.408/0.006) 1.90h
epoch  390 train 1.0731 val 1.0795 lr 1.00e-04 1.90h
  e391 s0 g38319 loss 0.9110 (c/l/t 0.503/0.285/0.006) 1.90h
epoch  391 train 1.0633 val 1.1917 lr 1.00e-04 1.91h
  e392 s0 g38417 loss 0.9693 (c/l/t 0.502/0.341/0.006) 1.91h
epoch  392 train 1.0599 val 1.0845 lr 1.00e-04 1.91h
  e393 s0 g38515 loss 1.1321 (c/l/t 0.549/0.468/0.006) 1.91h
epoch  393 train 1.0681 val 1.0289 lr 1.00e-04 1.92h
  e394 s0 g38613 loss 0.9091 (c/l/t 0.532/0.252/0.006) 1.92h
epoch  394 train 1.0698 val 1.0764 lr 1.00e-04 1.92h
  e395 s0 g38711 loss 1.1602 (c/l/t 0.542/0.484/0.007) 1.92h
epoch  395 train 1.0599 val 1.0584 lr 1.00e-04 1.93h
  e396 s0 g38809 loss 1.0888 (c/l/t 0.549/0.408/0.007) 1.93h
epoch  396 train 1.0583 val 1.1276 lr 1.00e-04 1.93h
  e397 s0 g38907 loss 0.9538 (c/l/t 0.517/0.301/0.007) 1.93h
epoch  397 train 1.0531 val 1.0776 lr 1.00e-04 1.94h
  e398 s0 g39005 loss 1.0757 (c/l/t 0.489/0.463/0.006) 1.94h
epoch  398 train 1.0728 val 1.1473 lr 1.00e-04 1.94h
  e399 s0 g39103 loss 1.0987 (c/l/t 0.576/0.393/0.006) 1.94h
epoch  399 train 1.0840 val 1.0528 lr 1.00e-04 1.95h
  e400 s0 g39201 loss 1.0629 (c/l/t 0.564/0.380/0.006) 1.95h
epoch  400 train 1.0666 val 1.2180 lr 1.00e-04 1.95h
  e401 s0 g39299 loss 0.9451 (c/l/t 0.494/0.320/0.007) 1.95h
epoch  401 train 1.0700 val 1.0816 lr 1.00e-04 1.96h
  e402 s0 g39397 loss 1.0837 (c/l/t 0.514/0.447/0.006) 1.96h
epoch  402 train 1.0638 val 1.0724 lr 1.00e-04 1.96h
  e403 s0 g39495 loss 1.1025 (c/l/t 0.521/0.469/0.006) 1.96h
epoch  403 train 1.0508 val 1.0489 lr 1.00e-04 1.97h
  e404 s0 g39593 loss 0.9457 (c/l/t 0.516/0.299/0.007) 1.97h
epoch  404 train 1.0466 val 1.0607 lr 1.00e-04 1.97h
  e405 s0 g39691 loss 0.9380 (c/l/t 0.483/0.333/0.006) 1.97h
epoch  405 train 1.0436 val 1.0137 lr 1.00e-04 1.98h
  e406 s0 g39789 loss 1.0127 (c/l/t 0.579/0.304/0.006) 1.98h
epoch  406 train 1.0596 val 1.1481 lr 1.00e-04 1.98h
  e407 s0 g39887 loss 0.8710 (c/l/t 0.471/0.273/0.006) 1.98h
epoch  407 train 1.0573 val 1.0987 lr 1.00e-04 1.99h
  e408 s0 g39985 loss 0.9392 (c/l/t 0.489/0.355/0.005) 1.99h
epoch  408 train 1.0478 val 1.2251 lr 1.00e-04 1.99h
  e409 s0 g40083 loss 1.0240 (c/l/t 0.551/0.343/0.006) 1.99h
epoch  409 train 1.0525 val 1.2075 lr 1.00e-04 2.00h
  e410 s0 g40181 loss 1.1865 (c/l/t 0.606/0.441/0.007) 2.00h
epoch  410 train 1.0652 val 1.1355 lr 1.00e-04 2.00h
  e411 s0 g40279 loss 0.9892 (c/l/t 0.525/0.339/0.006) 2.00h
epoch  411 train 1.0593 val 1.2040 lr 1.00e-04 2.01h
  e412 s0 g40377 loss 1.1291 (c/l/t 0.473/0.538/0.006) 2.01h
epoch  412 train 1.0689 val 1.2134 lr 1.00e-04 2.01h
  e413 s0 g40475 loss 1.1947 (c/l/t 0.573/0.496/0.006) 2.01h
epoch  413 train 1.0601 val 1.0587 lr 1.00e-04 2.02h
  e414 s0 g40573 loss 0.9299 (c/l/t 0.479/0.345/0.005) 2.02h
epoch  414 train 1.0556 val 1.1188 lr 1.00e-04 2.02h
  e415 s0 g40671 loss 0.9612 (c/l/t 0.514/0.330/0.006) 2.02h
epoch  415 train 1.0494 val 1.0875 lr 1.00e-04 2.03h
  e416 s0 g40769 loss 1.1440 (c/l/t 0.562/0.452/0.007) 2.03h
epoch  416 train 1.0633 val 1.1300 lr 1.00e-04 2.03h
  e417 s0 g40867 loss 1.0717 (c/l/t 0.568/0.372/0.007) 2.03h
epoch  417 train 1.0447 val 1.1787 lr 1.00e-04 2.04h
  e418 s0 g40965 loss 1.1350 (c/l/t 0.575/0.431/0.006) 2.04h
epoch  418 train 1.0552 val 1.1961 lr 1.00e-04 2.04h
  e419 s0 g41063 loss 1.1019 (c/l/t 0.500/0.492/0.005) 2.04h
epoch  419 train 1.0784 val 1.0509 lr 1.00e-04 2.05h
  e420 s0 g41161 loss 0.8744 (c/l/t 0.503/0.249/0.006) 2.05h
epoch  420 train 1.0544 val 1.1905 lr 1.00e-04 2.05h
  e421 s0 g41259 loss 1.0540 (c/l/t 0.500/0.426/0.006) 2.05h
epoch  421 train 1.0520 val 1.0041 lr 1.00e-04 2.06h
  e422 s0 g41357 loss 0.9770 (c/l/t 0.507/0.344/0.006) 2.06h
epoch  422 train 1.0480 val 1.1093 lr 1.00e-04 2.06h
  e423 s0 g41455 loss 0.9550 (c/l/t 0.514/0.313/0.006) 2.06h
epoch  423 train 1.0491 val 1.1000 lr 1.00e-04 2.06h
  e424 s0 g41553 loss 1.0235 (c/l/t 0.562/0.328/0.007) 2.06h
epoch  424 train 1.0569 val 1.0367 lr 1.00e-04 2.07h
  e425 s0 g41651 loss 1.0323 (c/l/t 0.524/0.377/0.007) 2.07h
epoch  425 train 1.0599 val 1.1841 lr 1.00e-04 2.07h
  e426 s0 g41749 loss 0.8977 (c/l/t 0.508/0.267/0.006) 2.07h
epoch  426 train 1.0572 val 1.0579 lr 1.00e-04 2.08h
  e427 s0 g41847 loss 1.0226 (c/l/t 0.529/0.377/0.006) 2.08h
epoch  427 train 1.0509 val 1.0567 lr 1.00e-04 2.08h
  e428 s0 g41945 loss 1.2934 (c/l/t 0.550/0.598/0.007) 2.08h
epoch  428 train 1.0513 val 1.2135 lr 1.00e-04 2.09h
  e429 s0 g42043 loss 1.0330 (c/l/t 0.512/0.388/0.007) 2.09h
epoch  429 train 1.0491 val 1.0441 lr 1.00e-04 2.09h
  e430 s0 g42141 loss 0.9969 (c/l/t 0.527/0.357/0.006) 2.09h
epoch  430 train 1.0543 val 1.1152 lr 1.00e-04 2.10h
  e431 s0 g42239 loss 1.3116 (c/l/t 0.571/0.616/0.006) 2.10h
epoch  431 train 1.0412 val 1.1150 lr 1.00e-04 2.10h
  e432 s0 g42337 loss 1.0832 (c/l/t 0.456/0.489/0.007) 2.10h
epoch  432 train 1.0417 val 1.1625 lr 1.00e-04 2.11h
  e433 s0 g42435 loss 1.0655 (c/l/t 0.510/0.441/0.006) 2.11h
epoch  433 train 1.0687 val 1.0660 lr 1.00e-04 2.11h
  e434 s0 g42533 loss 0.8257 (c/l/t 0.491/0.218/0.006) 2.11h
epoch  434 train 1.0509 val 1.1153 lr 1.00e-04 2.12h
  e435 s0 g42631 loss 1.1201 (c/l/t 0.570/0.413/0.007) 2.12h
epoch  435 train 1.0648 val 1.1078 lr 1.00e-04 2.12h
  e436 s0 g42729 loss 1.1911 (c/l/t 0.572/0.491/0.006) 2.12h
epoch  436 train 1.0700 val 1.0878 lr 1.00e-04 2.13h
  e437 s0 g42827 loss 1.2642 (c/l/t 0.546/0.588/0.007) 2.13h
epoch  437 train 1.0406 val 1.1487 lr 1.00e-04 2.13h
  e438 s0 g42925 loss 0.9639 (c/l/t 0.480/0.354/0.007) 2.13h
epoch  438 train 1.0417 val 1.1916 lr 1.00e-04 2.14h
  e439 s0 g43023 loss 1.1496 (c/l/t 0.492/0.523/0.007) 2.14h
epoch  439 train 1.0546 val 1.1429 lr 1.00e-04 2.14h
  e440 s0 g43121 loss 1.0460 (c/l/t 0.552/0.380/0.006) 2.14h
epoch  440 train 1.0717 val 1.0684 lr 1.00e-04 2.15h
  e441 s0 g43219 loss 1.1068 (c/l/t 0.531/0.448/0.006) 2.15h
epoch  441 train 1.0525 val 1.1836 lr 1.00e-04 2.15h
  e442 s0 g43317 loss 1.1447 (c/l/t 0.492/0.525/0.006) 2.15h
epoch  442 train 1.0475 val 1.1466 lr 1.00e-04 2.16h
  e443 s0 g43415 loss 1.1044 (c/l/t 0.539/0.431/0.007) 2.16h
epoch  443 train 1.0374 val 1.0709 lr 1.00e-04 2.16h
  e444 s0 g43513 loss 0.9771 (c/l/t 0.475/0.394/0.005) 2.16h
epoch  444 train 1.0396 val 1.0120 lr 1.00e-04 2.17h
  e445 s0 g43611 loss 1.1890 (c/l/t 0.566/0.501/0.006) 2.17h
epoch  445 train 1.0480 val 1.1391 lr 1.00e-04 2.17h
  e446 s0 g43709 loss 1.0227 (c/l/t 0.535/0.371/0.006) 2.17h
epoch  446 train 1.0401 val 1.1637 lr 1.00e-04 2.18h
  e447 s0 g43807 loss 1.1658 (c/l/t 0.556/0.483/0.006) 2.18h
epoch  447 train 1.0418 val 1.2061 lr 1.00e-04 2.18h
  e448 s0 g43905 loss 0.9874 (c/l/t 0.568/0.293/0.006) 2.18h
epoch  448 train 1.0308 val 0.9906 lr 1.00e-04 2.19h
  e449 s0 g44003 loss 0.8874 (c/l/t 0.537/0.234/0.006) 2.19h
epoch  449 train 1.0398 val 1.0657 lr 1.00e-04 2.19h
  e450 s0 g44101 loss 1.1176 (c/l/t 0.472/0.527/0.006) 2.19h
epoch  450 train 1.0599 val 1.1021 lr 1.00e-04 2.20h
  e451 s0 g44199 loss 1.1119 (c/l/t 0.525/0.447/0.007) 2.20h
epoch  451 train 1.0466 val 1.0967 lr 1.00e-04 2.20h
  e452 s0 g44297 loss 1.1326 (c/l/t 0.593/0.404/0.007) 2.20h
epoch  452 train 1.0329 val 1.0803 lr 1.00e-04 2.21h
  e453 s0 g44395 loss 1.0418 (c/l/t 0.547/0.364/0.007) 2.21h
epoch  453 train 1.0414 val 1.1062 lr 1.00e-04 2.21h
  e454 s0 g44493 loss 1.0468 (c/l/t 0.484/0.446/0.006) 2.21h
epoch  454 train 1.0456 val 1.0020 lr 1.00e-04 2.22h
  e455 s0 g44591 loss 0.9550 (c/l/t 0.491/0.344/0.006) 2.22h
epoch  455 train 1.0459 val 1.1047 lr 1.00e-04 2.22h
  e456 s0 g44689 loss 1.0995 (c/l/t 0.460/0.495/0.007) 2.22h
epoch  456 train 1.0346 val 1.1399 lr 1.00e-04 2.22h
  e457 s0 g44787 loss 1.0727 (c/l/t 0.507/0.439/0.006) 2.22h
epoch  457 train 1.0545 val 1.2543 lr 1.00e-04 2.23h
  e458 s0 g44885 loss 1.0897 (c/l/t 0.531/0.433/0.006) 2.23h
epoch  458 train 1.0509 val 1.0376 lr 1.00e-04 2.23h
  e459 s0 g44983 loss 1.2062 (c/l/t 0.519/0.547/0.007) 2.23h
epoch  459 train 1.0476 val 1.1340 lr 1.00e-04 2.24h
  e460 s0 g45081 loss 0.9194 (c/l/t 0.563/0.240/0.006) 2.24h
epoch  460 train 1.0583 val 1.0459 lr 1.00e-04 2.24h
  e461 s0 g45179 loss 0.8865 (c/l/t 0.554/0.222/0.006) 2.24h
epoch  461 train 1.0416 val 1.0234 lr 1.00e-04 2.25h
  e462 s0 g45277 loss 0.9755 (c/l/t 0.521/0.337/0.006) 2.25h
epoch  462 train 1.0386 val 1.0966 lr 1.00e-04 2.25h
  e463 s0 g45375 loss 0.9767 (c/l/t 0.477/0.375/0.006) 2.25h
epoch  463 train 1.0352 val 1.1547 lr 1.00e-04 2.26h
  e464 s0 g45473 loss 1.0278 (c/l/t 0.567/0.326/0.007) 2.26h
epoch  464 train 1.0519 val 1.0684 lr 1.00e-04 2.26h
  e465 s0 g45571 loss 1.0243 (c/l/t 0.469/0.439/0.006) 2.26h
epoch  465 train 1.0437 val 1.0622 lr 1.00e-04 2.27h
  e466 s0 g45669 loss 1.0800 (c/l/t 0.488/0.473/0.006) 2.27h
epoch  466 train 1.0547 val 1.1069 lr 1.00e-04 2.27h
  e467 s0 g45767 loss 0.8897 (c/l/t 0.492/0.275/0.006) 2.27h
epoch  467 train 1.0361 val 1.0481 lr 1.00e-04 2.28h
  e468 s0 g45865 loss 0.9722 (c/l/t 0.462/0.388/0.006) 2.28h
epoch  468 train 1.0401 val 1.0884 lr 1.00e-04 2.28h
  e469 s0 g45963 loss 1.0806 (c/l/t 0.534/0.421/0.006) 2.28h
epoch  469 train 1.0400 val 1.0719 lr 1.00e-04 2.29h
  e470 s0 g46061 loss 1.0051 (c/l/t 0.463/0.417/0.006) 2.29h
epoch  470 train 1.0448 val 1.1074 lr 1.00e-04 2.29h
  e471 s0 g46159 loss 1.0848 (c/l/t 0.473/0.496/0.006) 2.29h
epoch  471 train 1.0368 val 1.0942 lr 1.00e-04 2.30h
  e472 s0 g46257 loss 1.0219 (c/l/t 0.544/0.342/0.007) 2.30h
epoch  472 train 1.0407 val 1.0489 lr 1.00e-04 2.30h
  e473 s0 g46355 loss 1.0177 (c/l/t 0.492/0.394/0.007) 2.30h
epoch  473 train 1.0471 val 1.1823 lr 1.00e-04 2.31h
  e474 s0 g46453 loss 1.0613 (c/l/t 0.483/0.453/0.006) 2.31h
epoch  474 train 1.0455 val 1.0716 lr 1.00e-04 2.31h
  e475 s0 g46551 loss 1.1190 (c/l/t 0.506/0.495/0.006) 2.31h
epoch  475 train 1.0597 val 1.1015 lr 1.00e-04 2.32h
  e476 s0 g46649 loss 1.1823 (c/l/t 0.500/0.556/0.006) 2.32h
epoch  476 train 1.0535 val 1.0937 lr 1.00e-04 2.32h
  e477 s0 g46747 loss 1.0690 (c/l/t 0.521/0.437/0.006) 2.32h
epoch  477 train 1.0472 val 1.0374 lr 1.00e-04 2.33h
  e478 s0 g46845 loss 1.1083 (c/l/t 0.459/0.515/0.007) 2.33h
epoch  478 train 1.0370 val 1.0614 lr 1.00e-04 2.33h
  e479 s0 g46943 loss 1.0999 (c/l/t 0.473/0.504/0.006) 2.33h
epoch  479 train 1.0443 val 1.1222 lr 1.00e-04 2.34h
  e480 s0 g47041 loss 0.9680 (c/l/t 0.544/0.294/0.006) 2.34h
epoch  480 train 1.0449 val 1.0012 lr 1.00e-04 2.34h
  e481 s0 g47139 loss 0.9621 (c/l/t 0.547/0.297/0.006) 2.34h
epoch  481 train 1.0507 val 1.0746 lr 1.00e-04 2.35h
  e482 s0 g47237 loss 0.9921 (c/l/t 0.552/0.333/0.005) 2.35h
epoch  482 train 1.0537 val 1.0171 lr 1.00e-04 2.35h
  e483 s0 g47335 loss 0.9521 (c/l/t 0.539/0.302/0.006) 2.35h
epoch  483 train 1.0371 val 1.0974 lr 1.00e-04 2.36h
  e484 s0 g47433 loss 1.0895 (c/l/t 0.452/0.507/0.007) 2.36h
epoch  484 train 1.0547 val 1.0328 lr 1.00e-04 2.36h
  e485 s0 g47531 loss 0.8946 (c/l/t 0.434/0.329/0.007) 2.36h
epoch  485 train 1.0368 val 1.1090 lr 1.00e-04 2.37h
  e486 s0 g47629 loss 1.0277 (c/l/t 0.522/0.384/0.006) 2.37h
epoch  486 train 1.0390 val 1.0728 lr 1.00e-04 2.37h
  e487 s0 g47727 loss 1.1340 (c/l/t 0.542/0.458/0.007) 2.37h
epoch  487 train 1.0454 val 1.0873 lr 1.00e-04 2.38h
  e488 s0 g47825 loss 1.2093 (c/l/t 0.581/0.488/0.007) 2.38h
epoch  488 train 1.0349 val 1.1629 lr 1.00e-04 2.38h
  e489 s0 g47923 loss 1.3076 (c/l/t 0.553/0.618/0.007) 2.38h
epoch  489 train 1.0355 val 1.1135 lr 1.00e-04 2.38h
  e490 s0 g48021 loss 1.2774 (c/l/t 0.516/0.632/0.006) 2.39h
epoch  490 train 1.0450 val 1.0664 lr 1.00e-04 2.39h
  e491 s0 g48119 loss 1.1628 (c/l/t 0.556/0.483/0.006) 2.39h
epoch  491 train 1.0469 val 1.1518 lr 1.00e-04 2.39h
  e492 s0 g48217 loss 1.0531 (c/l/t 0.461/0.469/0.006) 2.39h
epoch  492 train 1.0123 val 1.0832 lr 1.00e-04 2.40h
  e493 s0 g48315 loss 0.9159 (c/l/t 0.441/0.362/0.006) 2.40h
epoch  493 train 1.0338 val 1.1293 lr 1.00e-04 2.40h
  e494 s0 g48413 loss 0.9799 (c/l/t 0.464/0.401/0.006) 2.40h
epoch  494 train 1.0242 val 1.0797 lr 1.00e-04 2.41h
  e495 s0 g48511 loss 1.0764 (c/l/t 0.473/0.483/0.006) 2.41h
epoch  495 train 1.0452 val 1.0425 lr 1.00e-04 2.41h
  e496 s0 g48609 loss 1.0805 (c/l/t 0.556/0.393/0.007) 2.41h
epoch  496 train 1.0260 val 1.2133 lr 1.00e-04 2.42h
  e497 s0 g48707 loss 0.9156 (c/l/t 0.561/0.234/0.006) 2.42h
epoch  497 train 1.0406 val 1.1021 lr 1.00e-04 2.42h
  e498 s0 g48805 loss 1.2510 (c/l/t 0.485/0.640/0.006) 2.42h
epoch  498 train 1.0399 val 1.1771 lr 1.00e-04 2.43h
  e499 s0 g48903 loss 1.1461 (c/l/t 0.560/0.468/0.006) 2.43h
epoch  499 train 1.0440 val 1.1093 lr 1.00e-04 2.43h
  e500 s0 g49001 loss 1.0561 (c/l/t 0.526/0.398/0.007) 2.43h
epoch  500 train 1.0399 val 1.0881 lr 1.00e-04 2.44h
  e501 s0 g49099 loss 1.0751 (c/l/t 0.527/0.416/0.007) 2.44h
epoch  501 train 1.0272 val 1.2148 lr 1.00e-04 2.44h
  e502 s0 g49197 loss 1.2229 (c/l/t 0.495/0.604/0.006) 2.44h
epoch  502 train 1.0238 val 1.1486 lr 1.00e-04 2.45h
  e503 s0 g49295 loss 1.1410 (c/l/t 0.546/0.490/0.005) 2.45h
epoch  503 train 1.0483 val 1.0666 lr 1.00e-04 2.45h
  e504 s0 g49393 loss 1.0607 (c/l/t 0.500/0.426/0.007) 2.45h
epoch  504 train 1.0459 val 1.0236 lr 1.00e-04 2.46h
  e505 s0 g49491 loss 1.0157 (c/l/t 0.509/0.386/0.006) 2.46h
epoch  505 train 1.0289 val 1.1183 lr 1.00e-04 2.46h
  e506 s0 g49589 loss 1.0055 (c/l/t 0.508/0.365/0.007) 2.46h
epoch  506 train 1.0293 val 1.0941 lr 1.00e-04 2.47h
  e507 s0 g49687 loss 0.8945 (c/l/t 0.505/0.271/0.006) 2.47h
epoch  507 train 1.0357 val 1.1136 lr 1.00e-04 2.47h
  e508 s0 g49785 loss 0.9515 (c/l/t 0.504/0.337/0.006) 2.47h
epoch  508 train 1.0385 val 1.1183 lr 1.00e-04 2.48h
  e509 s0 g49883 loss 1.2546 (c/l/t 0.569/0.547/0.007) 2.48h
epoch  509 train 1.0325 val 1.1517 lr 1.00e-04 2.48h
  e510 s0 g49981 loss 1.2184 (c/l/t 0.557/0.532/0.006) 2.48h
epoch  510 train 1.0272 val 1.1107 lr 1.00e-04 2.49h
  e511 s0 g50079 loss 1.0480 (c/l/t 0.475/0.447/0.006) 2.49h
epoch  511 train 1.0346 val 1.0040 lr 1.00e-04 2.49h
  e512 s0 g50177 loss 0.9359 (c/l/t 0.452/0.364/0.006) 2.49h
epoch  512 train 1.0235 val 1.0913 lr 1.00e-04 2.50h
  e513 s0 g50275 loss 1.1098 (c/l/t 0.465/0.516/0.006) 2.50h
epoch  513 train 1.0277 val 1.0832 lr 1.00e-04 2.50h
  e514 s0 g50373 loss 1.0088 (c/l/t 0.520/0.369/0.006) 2.50h
epoch  514 train 1.0308 val 1.1405 lr 1.00e-04 2.51h
  e515 s0 g50471 loss 1.1127 (c/l/t 0.513/0.479/0.006) 2.51h
epoch  515 train 1.0456 val 1.0108 lr 1.00e-04 2.51h
  e516 s0 g50569 loss 0.8607 (c/l/t 0.420/0.321/0.006) 2.51h
epoch  516 train 1.0284 val 1.2022 lr 1.00e-04 2.52h
  e517 s0 g50667 loss 1.1960 (c/l/t 0.511/0.569/0.006) 2.52h
epoch  517 train 1.0315 val 1.1546 lr 1.00e-04 2.52h
  e518 s0 g50765 loss 1.0938 (c/l/t 0.497/0.474/0.006) 2.52h
epoch  518 train 1.0404 val 1.0913 lr 1.00e-04 2.53h
  e519 s0 g50863 loss 0.9680 (c/l/t 0.451/0.398/0.006) 2.53h
epoch  519 train 1.0300 val 1.0261 lr 1.00e-04 2.53h
  e520 s0 g50961 loss 0.9004 (c/l/t 0.519/0.260/0.006) 2.53h
epoch  520 train 1.0300 val 1.0470 lr 1.00e-04 2.54h
  e521 s0 g51059 loss 1.0017 (c/l/t 0.469/0.417/0.006) 2.54h
epoch  521 train 1.0444 val 1.1277 lr 1.00e-04 2.54h
  e522 s0 g51157 loss 1.0096 (c/l/t 0.495/0.386/0.006) 2.54h
epoch  522 train 1.0384 val 1.1169 lr 1.00e-04 2.55h
  e523 s0 g51255 loss 1.0144 (c/l/t 0.589/0.294/0.007) 2.55h
epoch  523 train 1.0211 val 1.1051 lr 1.00e-04 2.55h
  e524 s0 g51353 loss 1.0760 (c/l/t 0.465/0.488/0.006) 2.55h
epoch  524 train 1.0241 val 1.0483 lr 1.00e-04 2.55h
  e525 s0 g51451 loss 0.8665 (c/l/t 0.463/0.276/0.006) 2.55h
epoch  525 train 1.0230 val 1.1716 lr 1.00e-04 2.56h
  e526 s0 g51549 loss 0.9565 (c/l/t 0.465/0.381/0.006) 2.56h
epoch  526 train 1.0239 val 1.1324 lr 1.00e-04 2.56h
  e527 s0 g51647 loss 1.1248 (c/l/t 0.569/0.434/0.006) 2.56h
epoch  527 train 1.0356 val 1.1565 lr 1.00e-04 2.57h
  e528 s0 g51745 loss 1.1105 (c/l/t 0.515/0.466/0.006) 2.57h
epoch  528 train 1.0228 val 1.1951 lr 1.00e-04 2.57h
  e529 s0 g51843 loss 0.8764 (c/l/t 0.531/0.230/0.006) 2.57h
epoch  529 train 1.0289 val 1.0752 lr 1.00e-04 2.58h
  e530 s0 g51941 loss 0.9550 (c/l/t 0.531/0.310/0.006) 2.58h
epoch  530 train 1.0188 val 1.0939 lr 1.00e-04 2.58h
  e531 s0 g52039 loss 1.1566 (c/l/t 0.501/0.528/0.006) 2.58h
epoch  531 train 1.0339 val 1.0912 lr 1.00e-04 2.59h
  e532 s0 g52137 loss 1.0014 (c/l/t 0.491/0.397/0.006) 2.59h
epoch  532 train 1.0136 val 1.1712 lr 1.00e-04 2.59h
  e533 s0 g52235 loss 1.0540 (c/l/t 0.511/0.417/0.006) 2.59h
epoch  533 train 1.0130 val 1.1430 lr 1.00e-04 2.60h
  e534 s0 g52333 loss 1.1408 (c/l/t 0.458/0.559/0.006) 2.60h
epoch  534 train 1.0197 val 1.1183 lr 1.00e-04 2.60h
  e535 s0 g52431 loss 0.9090 (c/l/t 0.469/0.322/0.006) 2.60h
epoch  535 train 1.0326 val 1.2190 lr 1.00e-04 2.61h
  e536 s0 g52529 loss 0.9933 (c/l/t 0.519/0.354/0.006) 2.61h
epoch  536 train 1.0223 val 1.1737 lr 1.00e-04 2.61h
  e537 s0 g52627 loss 1.0364 (c/l/t 0.491/0.420/0.006) 2.61h
epoch  537 train 1.0363 val 1.1500 lr 1.00e-04 2.62h
  e538 s0 g52725 loss 0.9278 (c/l/t 0.473/0.337/0.006) 2.62h
epoch  538 train 1.0484 val 1.0543 lr 1.00e-04 2.62h
  e539 s0 g52823 loss 1.0771 (c/l/t 0.500/0.460/0.006) 2.62h
epoch  539 train 1.0257 val 1.1757 lr 1.00e-04 2.63h
  e540 s0 g52921 loss 1.0588 (c/l/t 0.516/0.406/0.007) 2.63h
epoch  540 train 1.0250 val 1.0260 lr 1.00e-04 2.63h
  e541 s0 g53019 loss 0.9208 (c/l/t 0.530/0.261/0.007) 2.63h
epoch  541 train 1.0358 val 1.0817 lr 1.00e-04 2.64h
  e542 s0 g53117 loss 1.0453 (c/l/t 0.556/0.365/0.006) 2.64h
epoch  542 train 1.0371 val 1.0810 lr 1.00e-04 2.64h
  e543 s0 g53215 loss 1.0810 (c/l/t 0.539/0.408/0.007) 2.64h
epoch  543 train 1.0268 val 1.1097 lr 1.00e-04 2.65h
  e544 s0 g53313 loss 0.9615 (c/l/t 0.508/0.334/0.006) 2.65h
epoch  544 train 1.0343 val 1.0583 lr 1.00e-04 2.65h
  e545 s0 g53411 loss 0.8911 (c/l/t 0.484/0.298/0.005) 2.65h
epoch  545 train 1.0165 val 1.2401 lr 1.00e-04 2.66h
  e546 s0 g53509 loss 1.1081 (c/l/t 0.439/0.547/0.006) 2.66h
epoch  546 train 1.0058 val 1.1300 lr 1.00e-04 2.66h
  e547 s0 g53607 loss 0.9464 (c/l/t 0.508/0.315/0.006) 2.66h
epoch  547 train 1.0104 val 1.0080 lr 1.00e-04 2.67h
  e548 s0 g53705 loss 1.1268 (c/l/t 0.468/0.540/0.006) 2.67h
epoch  548 train 1.0311 val 1.1775 lr 1.00e-04 2.67h
  e549 s0 g53803 loss 1.0054 (c/l/t 0.571/0.297/0.007) 2.67h
epoch  549 train 1.0198 val 1.1618 lr 1.00e-04 2.68h
  e550 s0 g53901 loss 0.9780 (c/l/t 0.517/0.346/0.006) 2.68h
epoch  550 train 1.0216 val 1.1634 lr 1.00e-04 2.68h
  e551 s0 g53999 loss 0.8949 (c/l/t 0.451/0.324/0.006) 2.68h
epoch  551 train 1.0263 val 1.1157 lr 1.00e-04 2.69h
  e552 s0 g54097 loss 0.9590 (c/l/t 0.470/0.348/0.007) 2.69h
epoch  552 train 1.0313 val 1.0992 lr 1.00e-04 2.69h
  e553 s0 g54195 loss 0.9517 (c/l/t 0.534/0.310/0.005) 2.69h
epoch  553 train 1.0240 val 1.0981 lr 1.00e-04 2.70h
  e554 s0 g54293 loss 0.9297 (c/l/t 0.484/0.331/0.006) 2.70h
epoch  554 train 1.0178 val 0.9875 lr 1.00e-04 2.70h
  e555 s0 g54391 loss 0.9631 (c/l/t 0.480/0.367/0.006) 2.70h
epoch  555 train 1.0095 val 1.0118 lr 1.00e-04 2.71h
  e556 s0 g54489 loss 0.8471 (c/l/t 0.464/0.286/0.005) 2.71h
epoch  556 train 1.0395 val 1.1985 lr 1.00e-04 2.71h
  e557 s0 g54587 loss 0.8027 (c/l/t 0.480/0.207/0.006) 2.71h
epoch  557 train 1.0201 val 1.0265 lr 1.00e-04 2.71h
  e558 s0 g54685 loss 0.9180 (c/l/t 0.451/0.338/0.006) 2.71h
epoch  558 train 1.0286 val 1.0418 lr 1.00e-04 2.72h
  e559 s0 g54783 loss 1.2318 (c/l/t 0.557/0.550/0.006) 2.72h
epoch  559 train 1.0167 val 1.1321 lr 1.00e-04 2.72h
  e560 s0 g54881 loss 1.0173 (c/l/t 0.500/0.401/0.006) 2.72h
epoch  560 train 1.0263 val 1.1159 lr 1.00e-04 2.73h
  e561 s0 g54979 loss 0.9484 (c/l/t 0.517/0.319/0.006) 2.73h
epoch  561 train 1.0364 val 1.1458 lr 1.00e-04 2.73h
  e562 s0 g55077 loss 0.9614 (c/l/t 0.497/0.352/0.006) 2.73h
epoch  562 train 1.0221 val 1.1846 lr 1.00e-04 2.74h
  e563 s0 g55175 loss 1.1097 (c/l/t 0.564/0.425/0.006) 2.74h
epoch  563 train 1.0164 val 1.0332 lr 1.00e-04 2.74h
  e564 s0 g55273 loss 0.9751 (c/l/t 0.508/0.358/0.005) 2.74h
epoch  564 train 1.0302 val 1.1097 lr 1.00e-04 2.75h
  e565 s0 g55371 loss 1.1984 (c/l/t 0.504/0.565/0.006) 2.75h
epoch  565 train 1.0131 val 1.1296 lr 1.00e-04 2.75h
  e566 s0 g55469 loss 1.3659 (c/l/t 0.601/0.628/0.007) 2.75h
epoch  566 train 1.0404 val 1.2445 lr 1.00e-04 2.76h
  e567 s0 g55567 loss 1.1379 (c/l/t 0.519/0.497/0.006) 2.76h
epoch  567 train 1.0237 val 1.1286 lr 1.00e-04 2.76h
  e568 s0 g55665 loss 1.0656 (c/l/t 0.533/0.412/0.006) 2.76h
epoch  568 train 1.0213 val 1.1648 lr 1.00e-04 2.77h
  e569 s0 g55763 loss 1.0600 (c/l/t 0.474/0.479/0.005) 2.77h
epoch  569 train 1.0273 val 1.2250 lr 1.00e-04 2.77h
  e570 s0 g55861 loss 1.0207 (c/l/t 0.489/0.411/0.006) 2.77h
epoch  570 train 1.0113 val 1.0863 lr 1.00e-04 2.78h
  e571 s0 g55959 loss 0.9684 (c/l/t 0.507/0.334/0.006) 2.78h
epoch  571 train 1.0155 val 1.0511 lr 1.00e-04 2.78h
  e572 s0 g56057 loss 1.2269 (c/l/t 0.541/0.558/0.006) 2.78h
epoch  572 train 1.0139 val 1.1894 lr 1.00e-04 2.79h
  e573 s0 g56155 loss 0.8493 (c/l/t 0.461/0.279/0.005) 2.79h
epoch  573 train 1.0138 val 1.1301 lr 1.00e-04 2.79h
  e574 s0 g56253 loss 0.9600 (c/l/t 0.492/0.347/0.006) 2.79h
epoch  574 train 1.0092 val 1.0771 lr 1.00e-04 2.80h
  e575 s0 g56351 loss 1.1734 (c/l/t 0.629/0.416/0.006) 2.80h
epoch  575 train 1.0208 val 1.1466 lr 1.00e-04 2.80h
  e576 s0 g56449 loss 0.9399 (c/l/t 0.539/0.279/0.006) 2.80h
epoch  576 train 1.0088 val 1.1318 lr 1.00e-04 2.81h
  e577 s0 g56547 loss 1.1120 (c/l/t 0.474/0.526/0.006) 2.81h
epoch  577 train 1.0165 val 1.0916 lr 1.00e-04 2.81h
  e578 s0 g56645 loss 0.9577 (c/l/t 0.442/0.394/0.006) 2.81h
epoch  578 train 1.0328 val 1.0561 lr 1.00e-04 2.82h
  e579 s0 g56743 loss 0.9721 (c/l/t 0.561/0.284/0.006) 2.82h
epoch  579 train 1.0223 val 1.2034 lr 1.00e-04 2.82h
  e580 s0 g56841 loss 0.9584 (c/l/t 0.500/0.337/0.006) 2.82h
epoch  580 train 1.0282 val 1.0336 lr 1.00e-04 2.83h
  e581 s0 g56939 loss 0.9551 (c/l/t 0.482/0.352/0.006) 2.83h
epoch  581 train 1.0113 val 1.1030 lr 1.00e-04 2.83h
  e582 s0 g57037 loss 0.9281 (c/l/t 0.491/0.333/0.005) 2.83h
epoch  582 train 1.0212 val 1.0603 lr 1.00e-04 2.84h
  e583 s0 g57135 loss 0.9670 (c/l/t 0.449/0.424/0.005) 2.84h
epoch  583 train 1.0279 val 1.0938 lr 1.00e-04 2.84h
  e584 s0 g57233 loss 1.0789 (c/l/t 0.488/0.467/0.006) 2.84h
epoch  584 train 1.0477 val 0.9988 lr 1.00e-04 2.85h
  e585 s0 g57331 loss 0.9201 (c/l/t 0.445/0.361/0.006) 2.85h
epoch  585 train 1.0151 val 0.9621 lr 1.00e-04 2.85h
  e586 s0 g57429 loss 1.1546 (c/l/t 0.496/0.526/0.007) 2.85h
epoch  586 train 1.0277 val 1.0665 lr 1.00e-04 2.86h
  e587 s0 g57527 loss 1.1329 (c/l/t 0.511/0.496/0.006) 2.86h
epoch  587 train 1.0184 val 1.0993 lr 1.00e-04 2.86h
  e588 s0 g57625 loss 1.1480 (c/l/t 0.511/0.507/0.007) 2.86h
epoch  588 train 1.0011 val 1.1549 lr 1.00e-04 2.87h
  e589 s0 g57723 loss 1.0953 (c/l/t 0.508/0.453/0.007) 2.87h
epoch  589 train 1.0053 val 1.0810 lr 1.00e-04 2.87h
  e590 s0 g57821 loss 1.2359 (c/l/t 0.469/0.653/0.006) 2.87h
epoch  590 train 1.0049 val 0.9985 lr 1.00e-04 2.87h
  e591 s0 g57919 loss 1.1214 (c/l/t 0.555/0.439/0.006) 2.88h
epoch  591 train 1.0296 val 1.0335 lr 1.00e-04 2.88h
  e592 s0 g58017 loss 1.0952 (c/l/t 0.496/0.485/0.006) 2.88h
epoch  592 train 0.9970 val 1.0762 lr 1.00e-04 2.88h
  e593 s0 g58115 loss 0.9190 (c/l/t 0.463/0.350/0.005) 2.88h
epoch  593 train 1.0111 val 1.1483 lr 1.00e-04 2.89h
  e594 s0 g58213 loss 1.0024 (c/l/t 0.500/0.393/0.005) 2.89h
epoch  594 train 1.0222 val 1.2148 lr 1.00e-04 2.89h
  e595 s0 g58311 loss 0.9895 (c/l/t 0.452/0.414/0.006) 2.89h
epoch  595 train 1.0199 val 1.2239 lr 1.00e-04 2.90h
  e596 s0 g58409 loss 1.1585 (c/l/t 0.550/0.486/0.006) 2.90h
epoch  596 train 1.0198 val 1.0233 lr 1.00e-04 2.90h
  e597 s0 g58507 loss 0.9836 (c/l/t 0.541/0.326/0.006) 2.90h
epoch  597 train 1.0154 val 1.1754 lr 1.00e-04 2.91h
  e598 s0 g58605 loss 0.9383 (c/l/t 0.496/0.314/0.006) 2.91h
epoch  598 train 1.0104 val 1.0199 lr 1.00e-04 2.91h
  e599 s0 g58703 loss 1.0983 (c/l/t 0.541/0.439/0.006) 2.91h
epoch  599 train 1.0074 val 1.0842 lr 1.00e-04 2.92h
  e600 s0 g58801 loss 0.9679 (c/l/t 0.485/0.356/0.006) 2.92h
epoch  600 train 1.0347 val 1.1457 lr 1.00e-04 2.92h
  e601 s0 g58899 loss 0.9808 (c/l/t 0.492/0.351/0.007) 2.92h
epoch  601 train 1.0039 val 1.2019 lr 1.00e-04 2.93h
  e602 s0 g58997 loss 1.1393 (c/l/t 0.563/0.440/0.007) 2.93h
epoch  602 train 1.0077 val 1.0909 lr 1.00e-04 2.93h
  e603 s0 g59095 loss 1.0454 (c/l/t 0.493/0.434/0.006) 2.93h
epoch  603 train 1.0140 val 1.1288 lr 1.00e-04 2.94h
  e604 s0 g59193 loss 1.1532 (c/l/t 0.571/0.453/0.006) 2.94h
epoch  604 train 1.0156 val 1.1248 lr 1.00e-04 2.94h
  e605 s0 g59291 loss 1.1209 (c/l/t 0.542/0.454/0.006) 2.94h
epoch  605 train 1.0133 val 1.0637 lr 1.00e-04 2.95h
  e606 s0 g59389 loss 0.8685 (c/l/t 0.444/0.316/0.005) 2.95h
epoch  606 train 1.0226 val 1.1702 lr 1.00e-04 2.95h
  e607 s0 g59487 loss 1.1161 (c/l/t 0.489/0.503/0.006) 2.95h
epoch  607 train 1.0215 val 1.1442 lr 1.00e-04 2.96h
  e608 s0 g59585 loss 0.9860 (c/l/t 0.486/0.399/0.005) 2.96h
epoch  608 train 1.0165 val 1.1453 lr 1.00e-04 2.96h
  e609 s0 g59683 loss 1.0239 (c/l/t 0.469/0.439/0.006) 2.96h
epoch  609 train 1.0057 val 1.0385 lr 1.00e-04 2.97h
  e610 s0 g59781 loss 0.8271 (c/l/t 0.454/0.270/0.005) 2.97h
epoch  610 train 1.0300 val 1.0848 lr 1.00e-04 2.97h
  e611 s0 g59879 loss 1.0393 (c/l/t 0.546/0.375/0.006) 2.97h
epoch  611 train 1.0187 val 1.1525 lr 1.00e-04 2.98h
  e612 s0 g59977 loss 0.9195 (c/l/t 0.495/0.317/0.005) 2.98h
epoch  612 train 1.0297 val 1.1312 lr 1.00e-04 2.98h
  e613 s0 g60075 loss 0.9147 (c/l/t 0.521/0.275/0.006) 2.98h
epoch  613 train 1.0072 val 1.1467 lr 1.00e-04 2.99h
  e614 s0 g60173 loss 0.7898 (c/l/t 0.484/0.192/0.006) 2.99h
epoch  614 train 0.9977 val 1.0748 lr 1.00e-04 2.99h
  e615 s0 g60271 loss 0.9906 (c/l/t 0.532/0.327/0.007) 2.99h
epoch  615 train 1.0117 val 1.0887 lr 1.00e-04 3.00h
  e616 s0 g60369 loss 1.0392 (c/l/t 0.461/0.469/0.005) 3.00h
epoch  616 train 0.9936 val 1.0185 lr 1.00e-04 3.00h
wallclock budget reached at epoch 616
done. best val 0.9621 -> gen_10k_ax0.ckpt (latest -> gen_10k_ax0_latest.ckpt)
