=== GATE 8 vr 22 mei 2026  8:45:16 CEST ===
target crystal: N=4  Z=[32, 32, 32, 32]

step     0  c/l/t = 1.5874/0.5184/0.9890
step   250  c/l/t = 1.6410/0.0097/0.7093
step   500  c/l/t = 0.7287/0.0069/0.3497
step   750  c/l/t = 1.0127/0.0011/0.6179
step  1000  c/l/t = 0.5518/0.0034/0.1371
step  1250  c/l/t = 0.1270/0.0037/0.0853
step  1499  c/l/t = 0.7969/0.0006/0.7623

denoiser probe (Gate 4):
      t   corr_A   corr_L   corr_F   A0 acc  L0 relerr   F0 err
     50    0.648    0.999   -0.025     1.00      0.031    0.004
    250    0.941    0.999    0.691     1.00      0.057    0.011
    500    0.972    0.999    0.200     1.00      0.051    0.034
    900    0.978    0.997    0.194     0.00      0.061    0.245

GATE 4 FAIL:
  - eps_F weakly correlated with coord target (mean r=0.27)

full sampling (Gate 8): 32x
  distinct formulas: 32   top: [('32-32-46-46', 1), ('23-24-27-79', 1), ('32-32-67-85', 1)]
  lattice |det| min/med/max: 9.92e+01 / 1.06e+02 / 1.23e+02
  volume/atom min/med/max: 24.8 / 26.6 / 30.7
GATE 8 PASS - sane sampled crystal
RESULT_JSON {"gate": 8, "pass": true, "distinct_formulas": 32, "vpa_min": 24.793, "vpa_median": 26.568, "vpa_max": 30.657}
=== GATE 9 vr 22 mei 2026  8:45:46 CEST ===
32 crystals  | 26 distinct formulas | 15 elements | N range 4-20

step     0  c/l/t = 0.8558/0.8422/1.0231
step   416  c/l/t = 0.9200/0.5106/0.0857
step   832  c/l/t = 0.7243/0.5400/0.0836
step  1248  c/l/t = 0.7004/0.4596/0.0362
step  1664  c/l/t = 0.7381/0.3450/0.0575
step  2080  c/l/t = 0.6939/0.5269/0.0326
step  2496  c/l/t = 0.6321/0.4939/0.0359
step  2499  c/l/t = 0.7230/0.4284/0.0483

sampling 256 crystals ...

distinct formulas : 227/256  (unique rate 0.887)
top formulas      : [('3:2-12:1', 6), ('3:5-12:1', 5), ('3:4-12:1-65:1', 5), ('3:1', 5)]
distinct elements : 14  | fraction within training support: 1.00
lattice |det|     : min/med/max = 0.4/154.9/6900.0
volume/atom (A^3) : min/med/max = 0.1/16.1/345.0
nan/inf lattices  : 0

GATE 9 PASS - tiny-dataset sampling stays diverse and sane
RESULT_JSON {"gate": 9, "pass": true, "unique_rate": 0.8867, "distinct_formulas": 227, "vpa_min": 0.104, "vpa_median": 16.092, "vpa_max": 344.998, "nan": 0, "in_support": 1.0}
=== GATES DONE vr 22 mei 2026  8:51:21 CEST ===
